Yosys 0.68+ (git sha1 a5af9d690, Release, GNU /usr/bin/c++ 15.2.0) [github.com/The-OpenROAD-Project/yosys at HEAD]
Using ABC speed script.
Extracting clock period from SDC file: /home/matheus-grossi/Projects/CNN/CNN/synth_org/arithmetic/results/ics55/WTM/base/clock_period.txt
Setting clock period to 10.0
1. Executing Liberty frontend: /home/matheus-grossi/OpenROAD/OpenROAD-flow-scripts/flow/platforms/ics55/lib/ics55_LLSC_H7CR_tt.lib
2. Executing Liberty frontend: /home/matheus-grossi/OpenROAD/OpenROAD-flow-scripts/flow/platforms/ics55/lib/ics55_LLSC_H7CR_tt.lib
3. Executing SLANG frontend.
3.1. Executing PROC_CLEAN pass (remove empty switches from decision trees).
3.2. Executing TRIBUF pass.
3.3. Executing PROC_RMDEAD pass (remove dead branches from decision trees).
3.4. Executing PROC_PRUNE pass (remove redundant assignments in processes).
3.5. Executing PROC_INIT pass (extract init attributes).
3.6. Executing PROC_ROM pass (convert switches to ROMs).
3.7. Executing PROC_MUX pass (convert decision trees to multiplexers).
3.8. Executing PROC_CLEAN pass (remove empty switches from decision trees).
3.9. Executing OPT_EXPR pass (perform const folding).
4. Executing HIERARCHY pass (managing design hierarchy).
4.1. Analyzing design hierarchy..
4.2. Analyzing design hierarchy..
5. Executing OPT_CLEAN pass (remove unused cells and wires).
6. Executing RTLIL backend.
End of script. Logfile hash: e7071945b1, time: 0.59s, user: 0.44s, system: 0.13s, MEM: 225.47 MB peak
Yosys 0.68+ (git sha1 a5af9d690, Release, GNU /usr/bin/c++ 15.2.0) [github.com/The-OpenROAD-Project/yosys at HEAD]
Time spent: 89% 4x read_liberty (0 sec), 2% 1x opt_clean (0 sec), ...
Elapsed time: 0:00.61[h:]min:sec. CPU time: user 0.45 sys 0.16 (99%). Peak memory: 233860KB.
Log                       Ext     Elapsed/s Peak Memory/MB sha1sum result [0:20)
1_1_yosys_canonicalize    .rtlil          0            228 5cc3cf1446d6fd830e19
