OpenROAD 26Q3-2056-g41a28926b9 
Features included (+) or not (-): +GPU +GUI +Python
This program is licensed under the BSD-3 license. See the LICENSE file for details.
Components of this program may be licensed under more restrictive licenses which must be honored.
[INFO ORD-0030] Using 12 thread(s).
read_liberty /home/matheus-grossi/OpenROAD/OpenROAD-flow-scripts/flow/platforms/ics55/lib/ics55_LLSC_H7CR_tt.lib
[INFO ODB-0227] LEF file: /home/matheus-grossi/OpenROAD/OpenROAD-flow-scripts/flow/platforms/ics55/lef/ics55_tech.lef, created 20 layers, 38 vias
[INFO ODB-0227] LEF file: /home/matheus-grossi/OpenROAD/OpenROAD-flow-scripts/flow/platforms/ics55/lef/ics55_LLSC_H7CR.lef, created 785 library cells
link_design Multiplier_WTM
read_sdc /home/matheus-grossi/Projects/CNN/CNN/synth_org/arithmetic/results/ics55/WTM/base/1_2_yosys.sdc
source /home/matheus-grossi/OpenROAD/OpenROAD-flow-scripts/flow/platforms/ics55/setRC.tcl
eliminate_dead_logic
Removed 0 unused instances and 0 unused nets.
Design area 1491 um^2 100% utilization.
write_db /home/matheus-grossi/Projects/CNN/CNN/synth_org/arithmetic/results/ics55/WTM/base/1_synth.odb
write_sdc -no_timestamp /home/matheus-grossi/Projects/CNN/CNN/synth_org/arithmetic/results/ics55/WTM/base/1_synth.sdc
Warning: master ANT2H7R has signal pins but no liberty cell
Warning: master ANT4H7R has signal pins but no liberty cell
Warning: master DFFNSRQX1H7R has signal pins but no liberty cell
Warning: master DFFNSRQX2H7R has signal pins but no liberty cell
Warning: master EDFFQX0P5H7R has signal pins but no liberty cell
Warning: master EDFFQX1H7R has signal pins but no liberty cell
Warning: master EDFFQX2H7R has signal pins but no liberty cell
Warning: master MDFFQX0P5H7R has signal pins but no liberty cell
Warning: master MDFFQX1H7R has signal pins but no liberty cell
Warning: master MDFFQX2H7R has signal pins but no liberty cell
Warning: master MSDFFQX0P5H7R has signal pins but no liberty cell
Warning: master MSDFFQX1H7R has signal pins but no liberty cell
Warning: master MSDFFQX2H7R has signal pins but no liberty cell
Warning: master MSDFFQX3H7R has signal pins but no liberty cell
Warning: master SDFFNQX1H7R has signal pins but no liberty cell
Warning: master SDFFNQX2H7R has signal pins but no liberty cell
Warning: master SDFFNQX3H7R has signal pins but no liberty cell
Warning: master SDFFNSRX0P5H7R has signal pins but no liberty cell
Warning: master SDFFNSRX1H7R has signal pins but no liberty cell
Warning: master SDFFNX1H7R has signal pins but no liberty cell
Warning: master SDFFNX2H7R has signal pins but no liberty cell
Warning: master SDFFNX3H7R has signal pins but no liberty cell
Warning: master SDFFRX0P5H7R has signal pins but no liberty cell
Warning: master SDFFRX1H7R has signal pins but no liberty cell
Warning: master SDFFRX2H7R has signal pins but no liberty cell
Warning: master SDFFRX3H7R has signal pins but no liberty cell
Warning: master SDFFSQX1H7R has signal pins but no liberty cell
Warning: master SDFFSQX2H7R has signal pins but no liberty cell
Warning: master SDFFSQX3H7R has signal pins but no liberty cell
Warning: master SDFFSRQX3H7R has signal pins but no liberty cell
Elapsed time: 0:01.76[h:]min:sec. CPU time: user 1.64 sys 0.11 (99%). Peak memory: 231680KB.
Log                       Ext     Elapsed/s Peak Memory/MB sha1sum result [0:20)
1_synth                   .odb            1            226 b0c1d80079a4c856b0f9
1_synth                   .sdc                             ef230bbea1108ad0217b
