OpenROAD 26Q3-2056-g41a28926b9 
Features included (+) or not (-): +GPU +GUI +Python
This program is licensed under the BSD-3 license. See the LICENSE file for details.
Components of this program may be licensed under more restrictive licenses which must be honored.
[INFO ORD-0030] Using 12 thread(s).
source /home/matheus-grossi/OpenROAD/OpenROAD-flow-scripts/flow/platforms/asap7/liberty_suppressions.tcl
read_liberty /home/matheus-grossi/OpenROAD/OpenROAD-flow-scripts/flow/platforms/asap7/lib/NLDM/asap7sc7p5t_AO_RVT_FF_nldm_211120.lib.gz
read_liberty /home/matheus-grossi/OpenROAD/OpenROAD-flow-scripts/flow/platforms/asap7/lib/NLDM/asap7sc7p5t_INVBUF_RVT_FF_nldm_220122.lib.gz
read_liberty /home/matheus-grossi/OpenROAD/OpenROAD-flow-scripts/flow/platforms/asap7/lib/NLDM/asap7sc7p5t_OA_RVT_FF_nldm_211120.lib.gz
read_liberty /home/matheus-grossi/OpenROAD/OpenROAD-flow-scripts/flow/platforms/asap7/lib/NLDM/asap7sc7p5t_SIMPLE_RVT_FF_nldm_211120.lib.gz
read_liberty /home/matheus-grossi/OpenROAD/OpenROAD-flow-scripts/flow/platforms/asap7/lib/NLDM/asap7sc7p5t_SEQ_RVT_FF_nldm_220123.lib
read_db /home/matheus-grossi/Projects/CNN/CNN/synth_org/convolution/results/asap7/convolution/base/3_3_place_gp.odb
read_sdc /home/matheus-grossi/Projects/CNN/CNN/synth_org/convolution/results/asap7/convolution/base/2_floorplan.sdc
source /home/matheus-grossi/OpenROAD/OpenROAD-flow-scripts/flow/platforms/asap7/setRC.tcl
estimate_parasitics -placement
Took 11 seconds: estimate_parasitics -placement
Perform buffer insertion and gate resizing...
repair_design -verbose
Iteration |   Area    | Resized | Buffers | Nets repaired | Remaining
---------------------------------------------------------------------
        0 |     +0.0% |       0 |       0 |             0 |    298318
     1000 |     +0.0% |       0 |       0 |             0 |    297318
     2000 |     +0.0% |       0 |       0 |             0 |    296318
     3000 |     +0.0% |       0 |       0 |             0 |    295318
     4000 |     +0.0% |       0 |       0 |             0 |    294318
     5000 |     +0.0% |       0 |       0 |             0 |    293318
     6000 |     +0.0% |       0 |       0 |             0 |    292318
     7000 |     +0.0% |       0 |       0 |             0 |    291318
     8000 |     +0.0% |       0 |       0 |             0 |    290318
     9000 |     +0.0% |       0 |       0 |             0 |    289318
    10000 |     +0.0% |       0 |       0 |             0 |    288318
    11000 |     +0.0% |       0 |       0 |             0 |    287318
    12000 |     +0.0% |       0 |       0 |             0 |    286318
    13000 |     +0.0% |       0 |       0 |             0 |    285318
    14000 |     +0.0% |       0 |       0 |             0 |    284318
    15000 |     +0.0% |       0 |       0 |             0 |    283318
    16000 |     +0.0% |       0 |       0 |             0 |    282318
    17000 |     +0.0% |       0 |       0 |             0 |    281318
    18000 |     +0.0% |       0 |       0 |             0 |    280318
    19000 |     +0.0% |       0 |       0 |             0 |    279318
    20000 |     +0.0% |       0 |       0 |             0 |    278318
    21000 |     +0.0% |       0 |       0 |             0 |    277318
    22000 |     +0.0% |       0 |       0 |             0 |    276318
    23000 |     +0.0% |       0 |       0 |             0 |    275318
    24000 |     +0.0% |       0 |       0 |             0 |    274318
    25000 |     +0.0% |       0 |       0 |             0 |    273318
    26000 |     +0.0% |       0 |       0 |             0 |    272318
    27000 |     +0.0% |       0 |       0 |             0 |    271318
    28000 |     +0.0% |       0 |       0 |             0 |    270318
    29000 |     +0.0% |       0 |       0 |             0 |    269318
    30000 |     +0.0% |       0 |       0 |             0 |    268318
    31000 |     +0.0% |       0 |       0 |             0 |    267318
    32000 |     +0.0% |       0 |       0 |             0 |    266318
    33000 |     +0.0% |       0 |       0 |             0 |    265318
    34000 |     +0.0% |       0 |       0 |             0 |    264318
    35000 |     +0.0% |       0 |       0 |             0 |    263318
    36000 |     +0.0% |       0 |       0 |             0 |    262318
    37000 |     +0.0% |       0 |       0 |             0 |    261318
    38000 |     +0.0% |       0 |       0 |             0 |    260318
    39000 |     +0.0% |       0 |       0 |             0 |    259318
    40000 |     +0.0% |       0 |       0 |             0 |    258318
    41000 |     +0.0% |       0 |       0 |             0 |    257318
    42000 |     +0.0% |       0 |       0 |             0 |    256318
    43000 |     +0.0% |       0 |       0 |             0 |    255318
    44000 |     +0.0% |       0 |       0 |             0 |    254318
    45000 |     +0.0% |       0 |       0 |             0 |    253318
    46000 |     +0.0% |       0 |       0 |             0 |    252318
    47000 |     +0.0% |       0 |       0 |             0 |    251318
    48000 |     +0.0% |       0 |       0 |             0 |    250318
    49000 |     +0.0% |       0 |       0 |             0 |    249318
    50000 |     +0.0% |       0 |       0 |             0 |    248318
    51000 |     +0.0% |       0 |       0 |             0 |    247318
    52000 |     +0.0% |       0 |       0 |             0 |    246318
    53000 |     +0.0% |       0 |       0 |             0 |    245318
    54000 |     +0.0% |       0 |       0 |             0 |    244318
    55000 |     +0.0% |       0 |       0 |             0 |    243318
    56000 |     +0.0% |       0 |       0 |             0 |    242318
    57000 |     +0.0% |       0 |       0 |             0 |    241318
    58000 |     +0.0% |       0 |       0 |             0 |    240318
    59000 |     +0.0% |       0 |       0 |             0 |    239318
    60000 |     +0.0% |       0 |       0 |             0 |    238318
    61000 |     +0.0% |       0 |       0 |             0 |    237318
    62000 |     +0.0% |       0 |       0 |             0 |    236318
    63000 |     +0.0% |       0 |       0 |             0 |    235318
    64000 |     +0.0% |       0 |       0 |             0 |    234318
    65000 |     +0.0% |       0 |       0 |             0 |    233318
    66000 |     +0.0% |       0 |       0 |             0 |    232318
    67000 |     +0.0% |       0 |       0 |             0 |    231318
    68000 |     +0.0% |       0 |       0 |             0 |    230318
    69000 |     +0.0% |       0 |       0 |             0 |    229318
    70000 |     +0.0% |       0 |       0 |             0 |    228318
    71000 |     +0.0% |       0 |       0 |             0 |    227318
    72000 |     +0.0% |       0 |       0 |             0 |    226318
    73000 |     +0.0% |       0 |       0 |             0 |    225318
    74000 |     +0.0% |       0 |       0 |             0 |    224318
    75000 |     +0.0% |       0 |       0 |             0 |    223318
    76000 |     +0.0% |       0 |       0 |             0 |    222318
    77000 |     +0.0% |       0 |       0 |             0 |    221318
    78000 |     +0.0% |       0 |       0 |             0 |    220318
    79000 |     +0.0% |       0 |       0 |             0 |    219318
    80000 |     +0.0% |       0 |       0 |             0 |    218318
    81000 |     +0.0% |       0 |       0 |             0 |    217318
    82000 |     +0.0% |       0 |       0 |             0 |    216318
    83000 |     +0.0% |       0 |       0 |             0 |    215318
    84000 |     +0.0% |       0 |       0 |             0 |    214318
    85000 |     +0.0% |       0 |       0 |             0 |    213318
    86000 |     +0.0% |       0 |       0 |             0 |    212318
    87000 |     +0.0% |       0 |       0 |             0 |    211318
    88000 |     +0.0% |       0 |       0 |             0 |    210318
    89000 |     +0.0% |       0 |       0 |             0 |    209318
    90000 |     +0.0% |       0 |       0 |             0 |    208318
    91000 |     +0.0% |       0 |       0 |             0 |    207318
    92000 |     +0.0% |       0 |       0 |             0 |    206318
    93000 |     +0.0% |       0 |       0 |             0 |    205318
    94000 |     +0.0% |       0 |       0 |             0 |    204318
    95000 |     +0.0% |       0 |       0 |             0 |    203318
    96000 |     +0.0% |       0 |       0 |             0 |    202318
    97000 |     +0.0% |       0 |       0 |             0 |    201318
    98000 |     +0.0% |       0 |       0 |             0 |    200318
    99000 |     +0.0% |       0 |       0 |             0 |    199318
   100000 |     +0.0% |       0 |       0 |             0 |    198318
   101000 |     +0.0% |       0 |       0 |             0 |    197318
   102000 |     +0.0% |       0 |       0 |             0 |    196318
   103000 |     +0.0% |       0 |       0 |             0 |    195318
   104000 |     +0.0% |       0 |       0 |             0 |    194318
   105000 |     +0.0% |       0 |       0 |             0 |    193318
   106000 |     +0.0% |       0 |       0 |             0 |    192318
   107000 |     +0.0% |       0 |       0 |             0 |    191318
   108000 |     +0.0% |       0 |       0 |             0 |    190318
   109000 |     +0.0% |       0 |       0 |             0 |    189318
   110000 |     +0.0% |       0 |       0 |             0 |    188318
   111000 |     +0.0% |       0 |       0 |             0 |    187318
   112000 |     +0.0% |       0 |       0 |             0 |    186318
   113000 |     +0.0% |       0 |       0 |             0 |    185318
   114000 |     +0.0% |       0 |       0 |             0 |    184318
   115000 |     +0.0% |       0 |       0 |             0 |    183318
   116000 |     +0.0% |       0 |       0 |             0 |    182318
   117000 |     +0.0% |       0 |       0 |             0 |    181318
   118000 |     +0.0% |       0 |       0 |             0 |    180318
   119000 |     +0.0% |       0 |       0 |             0 |    179318
   120000 |     +0.0% |       0 |       0 |             0 |    178318
   121000 |     +0.0% |       0 |       0 |             0 |    177318
   122000 |     +0.0% |       0 |       0 |             0 |    176318
   123000 |     +0.0% |       0 |       0 |             0 |    175318
   124000 |     +0.0% |       0 |       0 |             0 |    174318
   125000 |     +0.0% |       0 |       0 |             0 |    173318
   126000 |     +0.0% |       0 |       5 |             5 |    172318
   127000 |     +0.0% |       0 |       5 |             5 |    171318
   128000 |     +0.0% |       0 |       5 |             5 |    170318
   129000 |     +0.0% |       0 |       5 |             5 |    169318
   130000 |     +0.0% |       0 |       5 |             5 |    168318
   131000 |     +0.0% |       0 |       5 |             5 |    167318
   132000 |     +0.0% |       0 |       5 |             5 |    166318
   133000 |     +0.0% |       0 |       5 |             5 |    165318
   134000 |     +0.0% |       0 |       5 |             5 |    164318
   135000 |     +0.0% |       0 |       5 |             5 |    163318
   136000 |     +0.0% |       0 |       5 |             5 |    162318
   137000 |     +0.0% |       0 |       5 |             5 |    161318
   138000 |     +0.0% |       0 |       5 |             5 |    160318
   139000 |     +0.0% |       0 |       5 |             5 |    159318
   140000 |     +0.0% |       0 |       5 |             5 |    158318
   141000 |     +0.0% |       0 |       5 |             5 |    157318
   142000 |     +0.0% |       0 |       5 |             5 |    156318
   143000 |     +0.0% |       0 |       5 |             5 |    155318
   144000 |     +0.0% |       0 |       5 |             5 |    154318
   145000 |     +0.0% |       0 |       5 |             5 |    153318
   146000 |     +0.0% |       0 |       5 |             5 |    152318
   147000 |     +0.0% |       0 |       5 |             5 |    151318
   148000 |     +0.0% |       0 |       5 |             5 |    150318
   149000 |     +0.0% |       0 |       5 |             5 |    149318
   150000 |     +0.0% |       0 |       5 |             5 |    148318
   151000 |     +0.0% |       0 |       5 |             5 |    147318
   152000 |     +0.0% |       0 |       5 |             5 |    146318
   153000 |     +0.0% |       0 |       5 |             5 |    145318
   154000 |     +0.0% |       0 |       5 |             5 |    144318
   155000 |     +0.0% |       0 |       5 |             5 |    143318
   156000 |     +0.0% |       0 |       5 |             5 |    142318
   157000 |     +0.0% |       0 |       5 |             5 |    141318
   158000 |     +0.0% |       0 |       5 |             5 |    140318
   159000 |     +0.0% |       0 |       5 |             5 |    139318
   160000 |     +0.0% |       0 |       5 |             5 |    138318
   161000 |     +0.0% |       0 |       5 |             5 |    137318
   162000 |     +0.0% |       0 |       5 |             5 |    136318
   163000 |     +0.0% |       0 |       5 |             5 |    135318
   164000 |     +0.0% |       0 |       5 |             5 |    134318
   165000 |     +0.0% |       0 |       5 |             5 |    133318
   166000 |     +0.0% |       0 |       5 |             5 |    132318
   167000 |     +0.0% |       0 |       5 |             5 |    131318
   168000 |     +0.0% |       0 |       5 |             5 |    130318
   169000 |     +0.0% |       0 |       5 |             5 |    129318
   170000 |     +0.0% |       0 |       5 |             5 |    128318
   171000 |     +0.0% |       0 |       5 |             5 |    127318
   172000 |     +0.0% |       0 |       5 |             5 |    126318
   173000 |     +0.0% |       0 |       5 |             5 |    125318
   174000 |     +0.0% |       0 |       5 |             5 |    124318
   175000 |     +0.0% |       0 |       5 |             5 |    123318
   176000 |     +0.0% |       0 |       5 |             5 |    122318
   177000 |     +0.0% |       0 |       5 |             5 |    121318
   178000 |     +0.0% |       0 |       5 |             5 |    120318
   179000 |     +0.0% |       0 |       5 |             5 |    119318
   180000 |     +0.0% |       0 |       5 |             5 |    118318
   181000 |     +0.0% |       0 |       5 |             5 |    117318
   182000 |     +0.0% |       0 |       5 |             5 |    116318
   183000 |     +0.0% |       0 |       5 |             5 |    115318
   184000 |     +0.0% |       0 |       5 |             5 |    114318
   185000 |     +0.0% |       0 |       5 |             5 |    113318
   186000 |     +0.0% |       0 |       5 |             5 |    112318
   187000 |     +0.0% |       0 |       5 |             5 |    111318
   188000 |     +0.0% |       0 |       5 |             5 |    110318
   189000 |     +0.0% |       0 |       5 |             5 |    109318
   190000 |     +0.0% |       0 |       5 |             5 |    108318
   191000 |     +0.0% |       0 |       5 |             5 |    107318
   192000 |     +0.0% |       0 |       5 |             5 |    106318
   193000 |     +0.0% |       0 |       5 |             5 |    105318
   194000 |     +0.0% |       0 |       5 |             5 |    104318
   195000 |     +0.0% |       0 |       5 |             5 |    103318
   196000 |     +0.0% |       0 |       5 |             5 |    102318
   197000 |     +0.0% |       0 |       5 |             5 |    101318
   198000 |     +0.0% |       0 |       5 |             5 |    100318
   199000 |     +0.0% |       0 |       5 |             5 |     99318
   200000 |     +0.0% |       0 |       5 |             5 |     98318
   201000 |     +0.0% |       0 |       5 |             5 |     97318
   202000 |     +0.0% |       0 |       5 |             5 |     96318
   203000 |     +0.0% |       0 |       5 |             5 |     95318
   204000 |     +0.0% |       0 |       5 |             5 |     94318
   205000 |     +0.0% |       0 |       5 |             5 |     93318
   206000 |     +0.0% |       0 |       5 |             5 |     92318
   207000 |     +0.0% |       0 |       5 |             5 |     91318
   208000 |     +0.0% |       0 |       5 |             5 |     90318
   209000 |     +0.0% |       0 |       5 |             5 |     89318
   210000 |     +0.0% |       0 |       5 |             5 |     88318
   211000 |     +0.0% |       0 |       5 |             5 |     87318
   212000 |     +0.0% |       0 |       5 |             5 |     86318
   213000 |     +0.0% |       0 |       5 |             5 |     85318
   214000 |     +0.0% |       0 |       5 |             5 |     84318
   215000 |     +0.0% |       0 |       5 |             5 |     83318
   216000 |     +0.0% |       0 |       5 |             5 |     82318
   217000 |     +0.0% |       0 |       5 |             5 |     81318
   218000 |     +0.0% |       0 |       5 |             5 |     80318
   219000 |     +0.0% |       0 |       5 |             5 |     79318
   220000 |     +0.0% |       0 |       5 |             5 |     78318
   221000 |     +0.0% |       0 |       5 |             5 |     77318
   222000 |     +0.0% |       0 |       5 |             5 |     76318
   223000 |     +0.0% |       0 |       5 |             5 |     75318
   224000 |     +0.0% |       0 |       5 |             5 |     74318
   225000 |     +0.0% |       0 |       5 |             5 |     73318
   226000 |     +0.0% |       0 |       5 |             5 |     72318
   227000 |     +0.0% |       0 |       5 |             5 |     71318
   228000 |     +0.0% |       0 |       5 |             5 |     70318
   229000 |     +0.0% |       0 |       5 |             5 |     69318
   230000 |     +0.0% |       0 |       5 |             5 |     68318
   231000 |     +0.0% |       0 |       5 |             5 |     67318
   232000 |     +0.0% |       0 |       5 |             5 |     66318
   233000 |     +0.0% |       0 |       5 |             5 |     65318
   234000 |     +0.0% |       0 |       5 |             5 |     64318
   235000 |     +0.0% |       0 |       5 |             5 |     63318
   236000 |     +0.0% |       0 |       5 |             5 |     62318
   237000 |     +0.0% |       0 |       5 |             5 |     61318
   238000 |     +0.0% |       0 |       5 |             5 |     60318
   239000 |     +0.0% |       0 |       5 |             5 |     59318
   240000 |     +0.0% |       0 |       5 |             5 |     58318
   241000 |     +0.0% |       0 |       5 |             5 |     57318
   242000 |     +0.0% |       0 |       6 |             6 |     56318
   243000 |     +0.0% |       0 |       6 |             6 |     55318
   244000 |     +0.0% |       0 |       6 |             6 |     54318
   245000 |     +0.0% |       0 |       6 |             6 |     53318
   246000 |     +0.0% |       0 |       6 |             6 |     52318
   247000 |     +0.0% |       0 |       8 |             7 |     51318
   248000 |     +0.0% |       0 |       8 |             7 |     50318
   249000 |     +0.0% |       0 |       8 |             7 |     49318
   250000 |     +0.0% |       0 |       8 |             7 |     48318
   251000 |     +0.0% |       0 |       8 |             7 |     47318
   252000 |     +0.0% |       0 |      10 |             9 |     46318
   253000 |     +0.0% |       0 |      10 |             9 |     45318
   254000 |     +0.0% |       0 |      10 |             9 |     44318
   255000 |     +0.0% |       0 |      10 |             9 |     43318
   256000 |     +0.0% |       0 |      10 |             9 |     42318
   257000 |     +0.0% |       0 |      10 |             9 |     41318
   258000 |     +0.0% |       0 |      15 |            12 |     40318
   259000 |     +0.0% |       0 |      15 |            12 |     39318
   260000 |     +0.0% |       0 |      16 |            13 |     38318
   261000 |     +0.0% |       0 |      16 |            13 |     37318
   262000 |     +0.0% |       0 |      16 |            13 |     36318
   263000 |     +0.0% |       0 |      16 |            13 |     35318
   264000 |     +0.0% |       0 |      16 |            13 |     34318
   265000 |     +0.0% |       0 |      16 |            13 |     33318
   266000 |     +0.0% |       0 |      16 |            13 |     32318
   267000 |     +0.0% |       0 |      16 |            13 |     31318
   268000 |     +0.0% |       0 |      16 |            13 |     30318
   269000 |     +0.0% |       0 |      16 |            13 |     29318
   270000 |     +0.0% |       0 |      16 |            13 |     28318
   271000 |     +0.0% |       0 |      16 |            13 |     27318
   272000 |     +0.0% |       0 |      16 |            13 |     26318
   273000 |     +0.0% |       0 |      16 |            13 |     25318
   274000 |     +0.0% |       0 |      16 |            13 |     24318
   275000 |     +0.0% |       0 |      16 |            13 |     23318
   276000 |     +0.0% |       0 |      16 |            13 |     22318
   277000 |     +0.0% |       0 |      16 |            13 |     21318
   278000 |     +0.0% |       0 |      16 |            13 |     20318
   279000 |     +0.0% |       0 |      16 |            13 |     19318
   280000 |     +0.0% |       0 |      16 |            13 |     18318
   281000 |     +0.0% |       0 |      16 |            13 |     17318
   282000 |     +0.0% |       0 |      16 |            13 |     16318
   283000 |     +0.0% |       0 |      16 |            13 |     15318
   284000 |     +0.0% |       0 |      16 |            13 |     14318
   285000 |     +0.0% |       0 |      16 |            13 |     13318
   286000 |     +0.0% |       0 |      16 |            13 |     12318
   287000 |     +0.0% |       0 |      16 |            13 |     11318
   288000 |     +0.0% |       0 |      16 |            13 |     10318
   289000 |     +0.0% |       0 |      16 |            13 |      9318
   290000 |     +0.0% |       0 |      16 |            13 |      8318
   291000 |     +0.0% |       0 |      16 |            13 |      7318
   292000 |     +0.0% |       0 |      16 |            13 |      6318
   293000 |     +0.0% |       0 |      16 |            13 |      5318
   294000 |     +0.0% |       0 |      16 |            13 |      4318
   295000 |     +0.0% |       0 |      16 |            13 |      3318
   296000 |     +0.0% |       0 |      16 |            13 |      2318
   297000 |     +0.0% |       0 |      16 |            13 |      1318
   298000 |     +0.0% |       0 |      16 |            13 |       318
    final |     +0.0% |       0 |      16 |            13 |         0
---------------------------------------------------------------------
[INFO RSZ-0034] Found 7 slew violations.
[INFO RSZ-0036] Found 6 capacitance violations.
[INFO RSZ-0038] Inserted 16 buffers in 13 nets.
[INFO RSZ-0504] Runtime: 27.69s
Took 28 seconds: repair_design -verbose
Floating nets: 
Report metrics stage 3, resizer...

==========================================================================
resizer report_design_area
--------------------------------------------------------------------------
Design area 28494 um^2 40% utilization.
Instance count before 268374, after 268390
Pin count before 871629, after 871661
write_db /home/matheus-grossi/Projects/CNN/CNN/synth_org/convolution/results/asap7/convolution/base/3_4_place_resized.odb
Elapsed time: 1:44.43[h:]min:sec. CPU time: user 175.74 sys 17.06 (184%). Peak memory: 1670676KB.
Log                       Ext     Elapsed/s Peak Memory/MB sha1sum result [0:20)
3_4_place_resized         .odb          104           1631 b4e750beccdc0745bf33
