OpenROAD 26Q3-2056-g41a28926b9 
Features included (+) or not (-): +GPU +GUI +Python
This program is licensed under the BSD-3 license. See the LICENSE file for details.
Components of this program may be licensed under more restrictive licenses which must be honored.
[INFO ORD-0030] Using 12 thread(s).
source /home/matheus-grossi/OpenROAD/OpenROAD-flow-scripts/flow/platforms/asap7/liberty_suppressions.tcl
read_liberty /home/matheus-grossi/OpenROAD/OpenROAD-flow-scripts/flow/platforms/asap7/lib/NLDM/asap7sc7p5t_AO_RVT_FF_nldm_211120.lib.gz
read_liberty /home/matheus-grossi/OpenROAD/OpenROAD-flow-scripts/flow/platforms/asap7/lib/NLDM/asap7sc7p5t_INVBUF_RVT_FF_nldm_220122.lib.gz
read_liberty /home/matheus-grossi/OpenROAD/OpenROAD-flow-scripts/flow/platforms/asap7/lib/NLDM/asap7sc7p5t_OA_RVT_FF_nldm_211120.lib.gz
read_liberty /home/matheus-grossi/OpenROAD/OpenROAD-flow-scripts/flow/platforms/asap7/lib/NLDM/asap7sc7p5t_SIMPLE_RVT_FF_nldm_211120.lib.gz
read_liberty /home/matheus-grossi/OpenROAD/OpenROAD-flow-scripts/flow/platforms/asap7/lib/NLDM/asap7sc7p5t_SEQ_RVT_FF_nldm_220123.lib
read_db /home/matheus-grossi/Projects/CNN/CNN/synth_org/convolution/results/asap7/convolution/base/3_place.odb
read_sdc /home/matheus-grossi/Projects/CNN/CNN/synth_org/convolution/results/asap7/convolution/base/3_place.sdc
source /home/matheus-grossi/OpenROAD/OpenROAD-flow-scripts/flow/platforms/asap7/setRC.tcl
clock_tree_synthesis -sink_clustering_enable -repair_clock_nets
[INFO CTS-0050] Root buffer is BUFx24_ASAP7_75t_R.
[INFO CTS-0051] Sink buffer is BUFx24_ASAP7_75t_R.
[INFO CTS-0052] The following clock buffers will be used for CTS:
                    BUFx24_ASAP7_75t_R
[INFO CTS-0049] Characterization buffer is BUFx24_ASAP7_75t_R.
[INFO CTS-0007] Net "clk" found for clock "core_clk".
[INFO CTS-0010]  Clock net "clk" has 16410 sinks.
[INFO CTS-0008] TritonCTS found 1 clock nets.
[INFO CTS-0097] Characterization used 1 buffer(s) types.
[INFO CTS-0201] 0 blockages from hard placement blockages and placed macros will be used.
[INFO CTS-0027] Generating H-Tree topology for net clk.
[INFO CTS-0028]  Total number of sinks: 16410.
[INFO CTS-0090]  Sinks will be clustered based on buffer max cap.
[INFO CTS-0030]  Number of static layers: 0.
[INFO CTS-0020]  Wire segment unit: 1350  dbu (1 um).
[INFO CTS-0206] Best clustering solution was found from max clustering size of 27 and max clustering diameter of 54.
[INFO CTS-0019]  Total number of sinks after clustering: 870.
[INFO CTS-0024]  Normalized sink region: [(4.51396, 6.01), (195.428, 196.54)].
[INFO CTS-0025]     Width:  190.9144.
[INFO CTS-0026]     Height: 190.5300.
 Level 1
    Direction: Horizontal
    Sinks per sub-region: 435
    Sub-region size: 95.4572 X 190.5300
[INFO CTS-0034]     Segment length (rounded): 48.
 Level 2
    Direction: Vertical
    Sinks per sub-region: 218
    Sub-region size: 95.4572 X 95.2650
[INFO CTS-0034]     Segment length (rounded): 48.
 Level 3
    Direction: Horizontal
    Sinks per sub-region: 109
    Sub-region size: 47.7286 X 95.2650
[INFO CTS-0034]     Segment length (rounded): 24.
 Level 4
    Direction: Vertical
    Sinks per sub-region: 55
    Sub-region size: 47.7286 X 47.6325
[INFO CTS-0034]     Segment length (rounded): 24.
 Level 5
    Direction: Horizontal
    Sinks per sub-region: 28
    Sub-region size: 23.8643 X 47.6325
[INFO CTS-0034]     Segment length (rounded): 12.
 Level 6
    Direction: Vertical
    Sinks per sub-region: 14
    Sub-region size: 23.8643 X 23.8162
[INFO CTS-0034]     Segment length (rounded): 12.
[INFO CTS-0038]  Stop criterion found. Sink region hpwl is smaller than max wirelength (137.460 um) and max number of sinks is 15.
[INFO CTS-0035]  Number of sinks covered: 870.
[INFO CTS-0018]     Created 993 clock buffers.
[INFO CTS-0012]     Minimum number of buffers in the clock path: 8.
[INFO CTS-0013]     Maximum number of buffers in the clock path: 8.
[INFO CTS-0015]     Created 993 clock nets.
[INFO CTS-0016]     Fanout distribution for the current clock = 3:1, 4:1, 5:1, 6:8, 7:10, 8:15, 9:8, 10:18, 11:19, 12:20, 13:29, 14:42, 15:42, 16:54, 17:57, 18:81, 19:71, 20:87, 21:104, 22:93, 23:86, 24:45, 25:29, 26:10, 27:3..
[INFO CTS-0017]     Max level of the clock tree: 6.
[INFO CTS-0098] Clock net "clk"
[INFO CTS-0099]  Sinks 17223
[INFO CTS-0100]  Leaf buffers 870
[INFO CTS-0101]  Average sink wire length 486.12 um
[INFO CTS-0102]  Path depth 7 - 8
[INFO CTS-0207]  Dummy loads inserted 813
[INFO RSZ-0047] Found 1 long wires.
[INFO RSZ-0048] Inserted 1 buffers in 1 nets.
[INFO CTS-0500] Runtime: 13.82s
Took 14 seconds: clock_tree_synthesis -sink_clustering_enable -repair_clock_nets
estimate_parasitics -placement
Took 6 seconds: estimate_parasitics -placement
detailed_placement
[INFO DPL-0006] Core area: 71781.66 um^2
[INFO DPL-0007] Movable instances area: 28907.02 um^2
[INFO DPL-0008] Fixed instances area within core: 202.78 um^2
[INFO DPL-0009] Utilization: 40.6%
[INFO DPL-0005] Diamond search max displacement: +/- 500 sites horizontally, +/- 100 rows vertically.
[INFO DPL-1102] Legalizing using negotiation legalizer.
[INFO DPL-1103] Negotiation base search window: +/-20 sites horizontally, +/-5 rows vertically 
	Automatic search window extension enabled.
	Search window extendable up to the max displacement cap of +/-500 sites, +/-100 rows near walls.
[INFO DPL-1104] NegotiationLegalizer DRC penalty: 5.
[INFO DPL-0392] Negotiation cell height distribution (1 unique row-count(s)):
[INFO DPL-0393]   height 1 row(s): 270197 cells
          |      Total |  Illegal |  Illegal
Iteration | Violations |    Cells |    Sites
---------------------------------------------
        0 |       5588 |       934 |      4654
        1 |        720 |        90 |       630
        2 |         70 |         6 |        64
        3 |          0 |         0 |         0
Negotiation phase 1 converged at iteration 3.
[INFO DPL-0500] Runtime: 2.96s
Placement Analysis
---------------------------------
total displacement      27527.5 u
average displacement        0.1 u
max displacement            2.2 u
original HPWL         1112643.3 u
legalized HPWL        1124585.9 u
delta HPWL                    1 %

estimate_parasitics -placement
Took 7 seconds: estimate_parasitics -placement
repair_timing -setup_margin 0 -hold_margin 0 -repair_tns 100 -verbose
[INFO RSZ-0100] Repair move sequence: UnbufferMove SizeUpMove SwapPinsMove BufferMove CloneMove SplitLoadMove 
[INFO RSZ-0098] No setup violations found
[INFO RSZ-0505] Runtime: 7.42s
[INFO RSZ-0046] Found 8 endpoints with hold violations.
Iteration | Resized | Buffers | Cloned Gates |   Area   |   WNS   |   TNS   | Endpoint
--------------------------------------------------------------------------------------
        0 |       0 |       0 |            0 |    +0.0% | -26.281 | -207.639 | gen_feature_maps[2].filter.gen_channels[2].filters.convolve.soma[0][4]$_DFF_P_/D
       10 |       0 |      17 |            0 |    +0.0% |  -3.287 | -21.217 | gen_feature_maps[2].filter.gen_channels[2].filters.convolve.soma[0][273]$_DFF_P_/D
    final |       0 |      24 |            0 |    +0.0% |   6.646 |   0.000 | gen_feature_maps[2].filter.gen_channels[1].filters.convolve.soma[0][145]$_DFF_P_/D
--------------------------------------------------------------------------------------
[INFO RSZ-0032] Inserted 24 hold buffers.
[INFO RSZ-0506] Runtime: 2.43s
Took 10 seconds: repair_timing -setup_margin 0 -hold_margin 0 -repair_tns 100 -verbose
Repair timing output passed lec test
detailed_placement
[INFO DPL-0006] Core area: 71781.66 um^2
[INFO DPL-0007] Movable instances area: 28908.77 um^2
[INFO DPL-0008] Fixed instances area within core: 202.78 um^2
[INFO DPL-0009] Utilization: 40.6%
[INFO DPL-0005] Diamond search max displacement: +/- 500 sites horizontally, +/- 100 rows vertically.
[INFO DPL-1102] Legalizing using negotiation legalizer.
[INFO DPL-1103] Negotiation base search window: +/-20 sites horizontally, +/-5 rows vertically 
	Automatic search window extension enabled.
	Search window extendable up to the max displacement cap of +/-500 sites, +/-100 rows near walls.
[INFO DPL-1104] NegotiationLegalizer DRC penalty: 5.
[INFO DPL-0392] Negotiation cell height distribution (1 unique row-count(s)):
[INFO DPL-0393]   height 1 row(s): 270221 cells
          |      Total |  Illegal |  Illegal
Iteration | Violations |    Cells |    Sites
---------------------------------------------
        0 |         60 |        12 |        48
        1 |         12 |         2 |        10
        2 |          0 |         0 |         0
Negotiation phase 1 converged at iteration 2.
[INFO DPL-0500] Runtime: 2.15s
Placement Analysis
---------------------------------
total displacement         10.9 u
average displacement        0.0 u
max displacement            1.3 u
original HPWL         1124591.4 u
legalized HPWL        1124601.3 u
delta HPWL                    0 %

estimate_parasitics -placement
Took 7 seconds: estimate_parasitics -placement
Report metrics stage 4, cts final...

==========================================================================
cts final report_design_area
--------------------------------------------------------------------------
Design area 29112 um^2 41% utilization.
write_db /home/matheus-grossi/Projects/CNN/CNN/synth_org/convolution/results/asap7/convolution/base/4_1_cts.odb
write_sdc -no_timestamp /home/matheus-grossi/Projects/CNN/CNN/synth_org/convolution/results/asap7/convolution/base/4_cts.sdc
Elapsed time: 2:12.46[h:]min:sec. CPU time: user 284.65 sys 34.24 (240%). Peak memory: 2315776KB.
Log                       Ext     Elapsed/s Peak Memory/MB sha1sum result [0:20)
4_1_cts                   .odb          132           2261 73d3e5305ece5978471a
