OpenROAD 26Q3-2056-g41a28926b9 
Features included (+) or not (-): +GPU +GUI +Python
This program is licensed under the BSD-3 license. See the LICENSE file for details.
Components of this program may be licensed under more restrictive licenses which must be honored.
[INFO ORD-0030] Using 12 thread(s).
source /home/matheus-grossi/OpenROAD/OpenROAD-flow-scripts/flow/platforms/asap7/liberty_suppressions.tcl
read_liberty /home/matheus-grossi/OpenROAD/OpenROAD-flow-scripts/flow/platforms/asap7/lib/NLDM/asap7sc7p5t_AO_RVT_FF_nldm_211120.lib.gz
read_liberty /home/matheus-grossi/OpenROAD/OpenROAD-flow-scripts/flow/platforms/asap7/lib/NLDM/asap7sc7p5t_INVBUF_RVT_FF_nldm_220122.lib.gz
read_liberty /home/matheus-grossi/OpenROAD/OpenROAD-flow-scripts/flow/platforms/asap7/lib/NLDM/asap7sc7p5t_OA_RVT_FF_nldm_211120.lib.gz
read_liberty /home/matheus-grossi/OpenROAD/OpenROAD-flow-scripts/flow/platforms/asap7/lib/NLDM/asap7sc7p5t_SIMPLE_RVT_FF_nldm_211120.lib.gz
read_liberty /home/matheus-grossi/OpenROAD/OpenROAD-flow-scripts/flow/platforms/asap7/lib/NLDM/asap7sc7p5t_SEQ_RVT_FF_nldm_220123.lib
read_db /home/matheus-grossi/Projects/CNN/CNN/synth_org/convolution/results/asap7/convolution/base/5_1_grt.odb
read_sdc /home/matheus-grossi/Projects/CNN/CNN/synth_org/convolution/results/asap7/convolution/base/5_1_grt.sdc
source /home/matheus-grossi/OpenROAD/OpenROAD-flow-scripts/flow/platforms/asap7/setRC.tcl
detailed_route -output_drc /home/matheus-grossi/Projects/CNN/CNN/synth_org/convolution/reports/asap7/convolution/base/5_route_drc.rpt -output_maze /home/matheus-grossi/Projects/CNN/CNN/synth_org/convolution/results/asap7/convolution/base/maze.log -droute_end_iter 64 -verbose 1 -drc_report_iter_step 5
[INFO DRT-0149] Reading tech and libs.

Units:                1000
Number of layers:     21
Number of macros:     212
Number of vias:       14
Number of viarulegen: 11

[INFO DRT-0150] Reading design.

Design:                   ConvLayer
Die area:                 ( 0 0 ) ( 272093 272093 )
Number of track patterns: 32
Number of DEF vias:       0
Number of components:     270237
Number of terminals:      4736
Number of snets:          2
Number of nets:           299368

[INFO DRT-0167] List of default vias:
  Layer V2
    default via: VIA23
  Layer V3
    default via: VIA34
  Layer V4
    default via: VIA45
  Layer V5
    default via: VIA56
  Layer V6
    default via: VIA67
  Layer V7
    default via: VIA78
  Layer V8
    default via: VIA89
  Layer V9
    default via: VIA9Pad
[INFO DRT-0162] Library cell analysis.
[INFO DRT-0163] Instance analysis.
  Complete 100000 instances.
  Complete 200000 instances.
[INFO DRT-0164] Number of unique instances = 271.
[INFO DRT-0168] Init region query.
[INFO DRT-0018]   Complete 100000 insts.
[INFO DRT-0018]   Complete 200000 insts.
[INFO DRT-0024]   Complete Active.
[INFO DRT-0024]   Complete V0.
[INFO DRT-0024]   Complete M1.
[INFO DRT-0024]   Complete V1.
[INFO DRT-0024]   Complete M2.
[INFO DRT-0024]   Complete V2.
[INFO DRT-0024]   Complete M3.
[INFO DRT-0024]   Complete V3.
[INFO DRT-0024]   Complete M4.
[INFO DRT-0024]   Complete V4.
[INFO DRT-0024]   Complete M5.
[INFO DRT-0024]   Complete V5.
[INFO DRT-0024]   Complete M6.
[INFO DRT-0024]   Complete V6.
[INFO DRT-0024]   Complete M7.
[INFO DRT-0024]   Complete V7.
[INFO DRT-0024]   Complete M8.
[INFO DRT-0024]   Complete V8.
[INFO DRT-0024]   Complete M9.
[INFO DRT-0024]   Complete V9.
[INFO DRT-0024]   Complete Pad.
[INFO DRT-0033] Active shape region query size = 0.
[INFO DRT-0033] V0 shape region query size = 0.
[INFO DRT-0033] M1 shape region query size = 4412425.
[INFO DRT-0033] V1 shape region query size = 7752936.
[INFO DRT-0033] M2 shape region query size = 178452.
[INFO DRT-0033] V2 shape region query size = 148950.
[INFO DRT-0033] M3 shape region query size = 148950.
[INFO DRT-0033] V3 shape region query size = 99300.
[INFO DRT-0033] M4 shape region query size = 101805.
[INFO DRT-0033] V4 shape region query size = 99300.
[INFO DRT-0033] M5 shape region query size = 56979.
[INFO DRT-0033] V5 shape region query size = 10000.
[INFO DRT-0033] M6 shape region query size = 5200.
[INFO DRT-0033] V6 shape region query size = 0.
[INFO DRT-0033] M7 shape region query size = 0.
[INFO DRT-0033] V7 shape region query size = 0.
[INFO DRT-0033] M8 shape region query size = 0.
[INFO DRT-0033] V8 shape region query size = 0.
[INFO DRT-0033] M9 shape region query size = 0.
[INFO DRT-0033] V9 shape region query size = 0.
[INFO DRT-0033] Pad shape region query size = 0.
[INFO DRT-0165] Start pin access.
[INFO DRT-0076]   Complete 1000 pins.
[INFO DRT-0078]   Complete 1524 pins.
[INFO DRT-0079]   Complete 100 unique inst patterns.
[INFO DRT-0079]   Complete 200 unique inst patterns.
[INFO DRT-0081]   Complete 271 unique inst patterns.
[INFO DRT-0082]   Complete 10000 groups.
[INFO DRT-0082]   Complete 20000 groups.
[INFO DRT-0082]   Complete 30000 groups.
[INFO DRT-0082]   Complete 40000 groups.
[INFO DRT-0082]   Complete 50000 groups.
[INFO DRT-0082]   Complete 60000 groups.
[INFO DRT-0082]   Complete 70000 groups.
[INFO DRT-0082]   Complete 80000 groups.
[INFO DRT-0082]   Complete 90000 groups.
[INFO DRT-0082]   Complete 100000 groups.
[INFO DRT-0084]   Complete 172818 groups.
#scanned instances     = 270237
#unique  instances     = 271
#stdCellGenAp          = 7977
#stdCellValidPlanarAp  = 67
#stdCellValidViaAp     = 6429
#stdCellPinNoAp        = 0
#stdCellPinCnt         = 874542
#instTermValidViaApCnt = 0
#macroGenAp            = 0
#macroValidPlanarAp    = 0
#macroValidViaAp       = 0
#macroNoAp             = 0
[INFO DRT-0166] Complete pin access.
[INFO DRT-0267] cpu time = 00:58:58, elapsed time = 00:05:03, memory = 2527.09 (MB), peak = 2766.17 (MB)
[INFO DRT-0156] guideIn read 100000 guides.
[INFO DRT-0156] guideIn read 200000 guides.
[INFO DRT-0156] guideIn read 300000 guides.
[INFO DRT-0156] guideIn read 400000 guides.
[INFO DRT-0156] guideIn read 500000 guides.
[INFO DRT-0156] guideIn read 600000 guides.
[INFO DRT-0156] guideIn read 700000 guides.
[INFO DRT-0156] guideIn read 800000 guides.
[INFO DRT-0156] guideIn read 900000 guides.
[INFO DRT-0156] guideIn read 1000000 guides.
[INFO DRT-0156] guideIn read 2000000 guides.

[INFO DRT-0157] Number of guides:     2169408

[INFO DRT-0169] Post process guides.
[INFO DRT-0176] GCELLGRID X 0 DO 477 STEP 570 ;
[INFO DRT-0177] GCELLGRID Y 0 DO 477 STEP 570 ;
[INFO DRT-0026]   Complete 100000 origin guides.
[INFO DRT-0026]   Complete 200000 origin guides.
[INFO DRT-0026]   Complete 300000 origin guides.
[INFO DRT-0026]   Complete 400000 origin guides.
[INFO DRT-0026]   Complete 500000 origin guides.
[INFO DRT-0026]   Complete 600000 origin guides.
[INFO DRT-0026]   Complete 700000 origin guides.
[INFO DRT-0026]   Complete 800000 origin guides.
[INFO DRT-0026]   Complete 900000 origin guides.
[INFO DRT-0027]   Complete 1000000 origin guides.
[INFO DRT-0027]   Complete 2000000 origin guides.
[INFO DRT-0028]   Complete Active.
[INFO DRT-0028]   Complete V0.
[INFO DRT-0028]   Complete M1.
[INFO DRT-0028]   Complete V1.
[INFO DRT-0028]   Complete M2.
[INFO DRT-0028]   Complete V2.
[INFO DRT-0028]   Complete M3.
[INFO DRT-0028]   Complete V3.
[INFO DRT-0028]   Complete M4.
[INFO DRT-0028]   Complete V4.
[INFO DRT-0028]   Complete M5.
[INFO DRT-0028]   Complete V5.
[INFO DRT-0028]   Complete M6.
[INFO DRT-0028]   Complete V6.
[INFO DRT-0028]   Complete M7.
[INFO DRT-0028]   Complete V7.
[INFO DRT-0028]   Complete M8.
[INFO DRT-0028]   Complete V8.
[INFO DRT-0028]   Complete M9.
[INFO DRT-0028]   Complete V9.
[INFO DRT-0028]   Complete Pad.
  complete 100000 nets.
  complete 200000 nets.
[INFO DRT-0178] Init guide query.
[INFO DRT-0029]   Complete 100000 nets (guide).
[INFO DRT-0029]   Complete 200000 nets (guide).
[INFO DRT-0035]   Complete Active (guide).
[INFO DRT-0035]   Complete V0 (guide).
[INFO DRT-0035]   Complete M1 (guide).
[INFO DRT-0035]   Complete V1 (guide).
[INFO DRT-0035]   Complete M2 (guide).
[INFO DRT-0035]   Complete V2 (guide).
[INFO DRT-0035]   Complete M3 (guide).
[INFO DRT-0035]   Complete V3 (guide).
[INFO DRT-0035]   Complete M4 (guide).
[INFO DRT-0035]   Complete V4 (guide).
[INFO DRT-0035]   Complete M5 (guide).
[INFO DRT-0035]   Complete V5 (guide).
[INFO DRT-0035]   Complete M6 (guide).
[INFO DRT-0035]   Complete V6 (guide).
[INFO DRT-0035]   Complete M7 (guide).
[INFO DRT-0035]   Complete V7 (guide).
[INFO DRT-0035]   Complete M8 (guide).
[INFO DRT-0035]   Complete V8 (guide).
[INFO DRT-0035]   Complete M9 (guide).
[INFO DRT-0035]   Complete V9 (guide).
[INFO DRT-0035]   Complete Pad (guide).
[INFO DRT-0036] Active guide region query size = 0.
[INFO DRT-0036] V0 guide region query size = 0.
[INFO DRT-0036] M1 guide region query size = 671908.
[INFO DRT-0036] V1 guide region query size = 0.
[INFO DRT-0036] M2 guide region query size = 613992.
[INFO DRT-0036] V2 guide region query size = 0.
[INFO DRT-0036] M3 guide region query size = 317114.
[INFO DRT-0036] V3 guide region query size = 0.
[INFO DRT-0036] M4 guide region query size = 43397.
[INFO DRT-0036] V4 guide region query size = 0.
[INFO DRT-0036] M5 guide region query size = 19970.
[INFO DRT-0036] V5 guide region query size = 0.
[INFO DRT-0036] M6 guide region query size = 5922.
[INFO DRT-0036] V6 guide region query size = 0.
[INFO DRT-0036] M7 guide region query size = 2817.
[INFO DRT-0036] V7 guide region query size = 0.
[INFO DRT-0036] M8 guide region query size = 0.
[INFO DRT-0036] V8 guide region query size = 0.
[INFO DRT-0036] M9 guide region query size = 0.
[INFO DRT-0036] V9 guide region query size = 0.
[INFO DRT-0036] Pad guide region query size = 0.
[INFO DRT-0179] Init gr pin query.
[INFO DRT-0267] cpu time = 00:00:06, elapsed time = 00:00:02, memory = 3314.62 (MB), peak = 3313.53 (MB)
[INFO DRT-0245] skipped writing guide updates to database.
[INFO DRT-0181] Start track assignment.
[INFO DRT-0184] Done with 1011809 vertical wires in 10 frboxes and 663311 horizontal wires in 10 frboxes.
[INFO DRT-0186] Done with 114389 vertical wires in 10 frboxes and 178365 horizontal wires in 10 frboxes.
[INFO DRT-0182] Complete track assignment.
[INFO DRT-0267] cpu time = 00:01:48, elapsed time = 00:00:24, memory = 5569.54 (MB), peak = 6012.99 (MB)
[INFO DRT-0187] Start routing data preparation.
[INFO DRT-0267] cpu time = 00:00:01, elapsed time = 00:00:01, memory = 5804.31 (MB), peak = 6012.99 (MB)
[INFO DRT-0194] Start detail routing.
[INFO DRT-0195] Start 0th optimization iteration.
    Completing 10% with 0 violations.
    elapsed time = 00:01:09, memory = 9727.04 (MB).
    Completing 20% with 0 violations.
    elapsed time = 00:02:16, memory = 10726.77 (MB).
    Completing 30% with 17847 violations.
    elapsed time = 00:06:17, memory = 10891.11 (MB).
    Completing 40% with 17847 violations.
    elapsed time = 00:07:44, memory = 10875.15 (MB).
    Completing 50% with 34427 violations.
    elapsed time = 00:12:51, memory = 11115.94 (MB).
    Completing 60% with 36094 violations.
    elapsed time = 00:14:23, memory = 10816.70 (MB).
    Completing 70% with 36094 violations.
    elapsed time = 00:15:51, memory = 10819.27 (MB).
    Completing 80% with 51550 violations.
    elapsed time = 00:21:36, memory = 10839.59 (MB).
    Completing 90% with 51550 violations.
    elapsed time = 00:23:22, memory = 11285.49 (MB).
    Completing 100% with 67556 violations.
    elapsed time = 00:30:01, memory = 11142.09 (MB).
[INFO DRT-0199]   Number of violations = 83781.
Viol/Layer          M1     M2     V2     M3     V3     M4     V4     M5     V5     M6     V6     M7
Corner Spacing       0      0      0      0      0      1      0      0      0      0      0      0
CutSpcTbl            0      0      0      0    706      0    365      0     42      0     35      0
EOL                  0   4889      0   1132      0    648      0     22      0      1      0      0
Metal Spacing    10457   1932      0   3913      0    416      0     32      0     36      0      0
Recheck             15   8325      0   5446      0   1628      0    559      0    214      0     38
Short             2808   6889    167   1432     72    577     59    256     31    139      2      0
eolKeepOut           0  23997      0   3741      0   2636      0    120      0      3      0      0
[INFO DRT-0267] cpu time = 02:28:41, elapsed time = 00:30:17, memory = 10725.59 (MB), peak = 11639.80 (MB)
Total wire length = 1433645 um.
Total wire length on LAYER M1 = 0 um.
Total wire length on LAYER M2 = 384264 um.
Total wire length on LAYER M3 = 577240 um.
Total wire length on LAYER M4 = 308906 um.
Total wire length on LAYER M5 = 134950 um.
Total wire length on LAYER M6 = 19843 um.
Total wire length on LAYER M7 = 8438 um.
Total wire length on LAYER M8 = 0 um.
Total wire length on LAYER M9 = 0 um.
Total wire length on LAYER Pad = 0 um.
Total number of vias = 2701820.
Up-via summary (total 2701820):

------------------
 Active          0
     M1     796933
     M2    1489295
     M3     321869
     M4      75672
     M5      13136
     M6       4915
     M7          0
     M8          0
     M9          0
------------------
       2701820


[INFO DRT-0195] Start 1st optimization iteration.
    Completing 10% with 83781 violations.
    elapsed time = 00:01:34, memory = 11297.80 (MB).
    Completing 20% with 83781 violations.
    elapsed time = 00:02:53, memory = 11351.31 (MB).
    Completing 30% with 64305 violations.
    elapsed time = 00:09:20, memory = 11670.14 (MB).
    Completing 40% with 64305 violations.
    elapsed time = 00:10:50, memory = 11684.10 (MB).
    Completing 50% with 48992 violations.
    elapsed time = 00:17:37, memory = 11493.26 (MB).
    Completing 60% with 47675 violations.
    elapsed time = 00:19:03, memory = 11600.96 (MB).
    Completing 70% with 47675 violations.
    elapsed time = 00:20:25, memory = 11414.64 (MB).
    Completing 80% with 29173 violations.
    elapsed time = 00:27:17, memory = 11639.30 (MB).
    Completing 90% with 29173 violations.
    elapsed time = 00:28:48, memory = 11479.32 (MB).
    Completing 100% with 12577 violations.
    elapsed time = 00:34:42, memory = 11704.70 (MB).
[INFO DRT-0199]   Number of violations = 12771.
Viol/Layer          M1     M2     V2     M3     V3     M4     V4     M5     V5     V6
Corner Spacing       0      1      0      0      0      0      0      0      0      0
CutSpcTbl            0      0      0      0    186      0    156      0      5     18
EOL                  0   1032      0    203      0    132      0      6      0      0
Metal Spacing     1840    196      0   1536      0    121      0      5      0      0
Recheck              3    101      0     81      0      9      0      0      0      0
Short              498    464      9    373      0    176      0      6      0      0
eolKeepOut           0   4356      0    641      0    584      0     33      0      0
[INFO DRT-0267] cpu time = 02:14:47, elapsed time = 00:34:58, memory = 11496.23 (MB), peak = 12040.01 (MB)
Total wire length = 1424854 um.
Total wire length on LAYER M1 = 0 um.
Total wire length on LAYER M2 = 373785 um.
Total wire length on LAYER M3 = 573038 um.
Total wire length on LAYER M4 = 311962 um.
Total wire length on LAYER M5 = 134517 um.
Total wire length on LAYER M6 = 23373 um.
Total wire length on LAYER M7 = 8176 um.
Total wire length on LAYER M8 = 0 um.
Total wire length on LAYER M9 = 0 um.
Total wire length on LAYER Pad = 0 um.
Total number of vias = 2573228.
Up-via summary (total 2573228):

------------------
 Active          0
     M1     796673
     M2    1392588
     M3     292686
     M4      71480
     M5      15432
     M6       4369
     M7          0
     M8          0
     M9          0
------------------
       2573228


[INFO DRT-0195] Start 2nd optimization iteration.
    Completing 10% with 12771 violations.
    elapsed time = 00:01:02, memory = 11612.23 (MB).
    Completing 20% with 12771 violations.
    elapsed time = 00:01:59, memory = 11671.79 (MB).
    Completing 30% with 11836 violations.
    elapsed time = 00:05:14, memory = 11016.42 (MB).
    Completing 40% with 11836 violations.
    elapsed time = 00:06:17, memory = 11298.24 (MB).
    Completing 50% with 11295 violations.
    elapsed time = 00:10:03, memory = 11645.14 (MB).
    Completing 60% with 11235 violations.
    elapsed time = 00:11:07, memory = 11723.00 (MB).
    Completing 70% with 11235 violations.
    elapsed time = 00:12:10, memory = 11416.95 (MB).
    Completing 80% with 10313 violations.
    elapsed time = 00:15:38, memory = 11760.03 (MB).
    Completing 90% with 10313 violations.
    elapsed time = 00:16:42, memory = 11682.18 (MB).
    Completing 100% with 9364 violations.
    elapsed time = 00:20:29, memory = 11841.25 (MB).
[INFO DRT-0199]   Number of violations = 9447.
Viol/Layer          M1     M2     V2     M3     V3     M4     V4     M5     V5     M6     V6
CutSpcTbl            0      0      0      0    151      0    116      0     11      0     13
EOL                  0    837      0    134      0     92      0      9      0      2      0
Metal Spacing     1153    137      0   1162      0    107      0      3      0      2      0
Recheck              1     54      0     51      0      6      0      0      0      0      0
Short              308    340      7    277      0    107      0      3      0      0      0
eolKeepOut           0   3501      0    439      0    385      0     33      0      6      0
[INFO DRT-0267] cpu time = 01:26:30, elapsed time = 00:20:46, memory = 11256.32 (MB), peak = 12040.01 (MB)
Total wire length = 1422739 um.
Total wire length on LAYER M1 = 0 um.
Total wire length on LAYER M2 = 373338 um.
Total wire length on LAYER M3 = 572644 um.
Total wire length on LAYER M4 = 309271 um.
Total wire length on LAYER M5 = 133925 um.
Total wire length on LAYER M6 = 25439 um.
Total wire length on LAYER M7 = 8119 um.
Total wire length on LAYER M8 = 0 um.
Total wire length on LAYER M9 = 0 um.
Total wire length on LAYER Pad = 0 um.
Total number of vias = 2547932.
Up-via summary (total 2547932):

------------------
 Active          0
     M1     796676
     M2    1375855
     M3     285501
     M4      69969
     M5      15679
     M6       4252
     M7          0
     M8          0
     M9          0
------------------
       2547932


[INFO DRT-0195] Start 3rd optimization iteration.
    Completing 10% with 9447 violations.
    elapsed time = 00:00:29, memory = 11611.70 (MB).
    Completing 20% with 9447 violations.
    elapsed time = 00:00:59, memory = 11556.00 (MB).
    Completing 30% with 7134 violations.
    elapsed time = 00:03:11, memory = 11720.46 (MB).
    Completing 40% with 7134 violations.
    elapsed time = 00:03:42, memory = 11604.36 (MB).
    Completing 50% with 4861 violations.
    elapsed time = 00:05:55, memory = 11948.19 (MB).
    Completing 60% with 4735 violations.
    elapsed time = 00:06:21, memory = 11676.24 (MB).
    Completing 70% with 4735 violations.
    elapsed time = 00:06:53, memory = 11754.50 (MB).
    Completing 80% with 2490 violations.
    elapsed time = 00:08:48, memory = 11760.14 (MB).
    Completing 90% with 2490 violations.
    elapsed time = 00:09:17, memory = 11503.92 (MB).
    Completing 100% with 107 violations.
    elapsed time = 00:11:13, memory = 12067.98 (MB).
[INFO DRT-0199]   Number of violations = 107.
Viol/Layer          M1     M2     M3     V3     M4
CutSpcTbl            0      0      0      1      0
EOL                  0      9      1      0      1
Metal Spacing        5      2     23      0      2
Short                0      5      7      0      8
eolKeepOut           0     36      4      0      3
[INFO DRT-0267] cpu time = 00:27:04, elapsed time = 00:11:24, memory = 11673.36 (MB), peak = 12112.32 (MB)
Total wire length = 1423207 um.
Total wire length on LAYER M1 = 0 um.
Total wire length on LAYER M2 = 368534 um.
Total wire length on LAYER M3 = 570891 um.
Total wire length on LAYER M4 = 313034 um.
Total wire length on LAYER M5 = 135749 um.
Total wire length on LAYER M6 = 26784 um.
Total wire length on LAYER M7 = 8213 um.
Total wire length on LAYER M8 = 0 um.
Total wire length on LAYER M9 = 0 um.
Total wire length on LAYER Pad = 0 um.
Total number of vias = 2552578.
Up-via summary (total 2552578):

------------------
 Active          0
     M1     796675
     M2    1367746
     M3     293788
     M4      73014
     M5      17034
     M6       4321
     M7          0
     M8          0
     M9          0
------------------
       2552578


[INFO DRT-0195] Start 4th optimization iteration.
    Completing 10% with 107 violations.
    elapsed time = 00:00:00, memory = 11644.57 (MB).
    Completing 20% with 107 violations.
    elapsed time = 00:00:03, memory = 11599.10 (MB).
    Completing 30% with 79 violations.
    elapsed time = 00:00:04, memory = 10966.96 (MB).
    Completing 40% with 79 violations.
    elapsed time = 00:00:04, memory = 10967.16 (MB).
    Completing 50% with 55 violations.
    elapsed time = 00:00:07, memory = 10936.70 (MB).
    Completing 60% with 55 violations.
    elapsed time = 00:00:07, memory = 10936.77 (MB).
    Completing 70% with 55 violations.
    elapsed time = 00:00:08, memory = 11391.39 (MB).
    Completing 80% with 26 violations.
    elapsed time = 00:00:10, memory = 11111.24 (MB).
    Completing 90% with 26 violations.
    elapsed time = 00:00:10, memory = 11111.24 (MB).
    Completing 100% with 2 violations.
    elapsed time = 00:00:12, memory = 11034.89 (MB).
[INFO DRT-0199]   Number of violations = 2.
Viol/Layer          M3
Metal Spacing        2
[INFO DRT-0267] cpu time = 00:01:07, elapsed time = 00:00:12, memory = 10963.07 (MB), peak = 12112.32 (MB)
Total wire length = 1423214 um.
Total wire length on LAYER M1 = 0 um.
Total wire length on LAYER M2 = 368473 um.
Total wire length on LAYER M3 = 570863 um.
Total wire length on LAYER M4 = 313064 um.
Total wire length on LAYER M5 = 135783 um.
Total wire length on LAYER M6 = 26815 um.
Total wire length on LAYER M7 = 8213 um.
Total wire length on LAYER M8 = 0 um.
Total wire length on LAYER M9 = 0 um.
Total wire length on LAYER Pad = 0 um.
Total number of vias = 2552663.
Up-via summary (total 2552663):

------------------
 Active          0
     M1     796675
     M2    1367618
     M3     293893
     M4      73079
     M5      17073
     M6       4325
     M7          0
     M8          0
     M9          0
------------------
       2552663


[INFO DRT-0195] Start 5th guides tiles iteration.
    Completing 30% with 2 violations.
    elapsed time = 00:00:00, memory = 11078.26 (MB).
    Completing 60% with 2 violations.
    elapsed time = 00:00:00, memory = 10979.77 (MB).
    Completing 100% with 2 violations.
    elapsed time = 00:00:01, memory = 11008.79 (MB).
[INFO DRT-0199]   Number of violations = 2.
Viol/Layer          M3
Metal Spacing        2
[INFO DRT-0267] cpu time = 00:00:01, elapsed time = 00:00:01, memory = 11011.84 (MB), peak = 12112.32 (MB)
Total wire length = 1423214 um.
Total wire length on LAYER M1 = 0 um.
Total wire length on LAYER M2 = 368473 um.
Total wire length on LAYER M3 = 570863 um.
Total wire length on LAYER M4 = 313064 um.
Total wire length on LAYER M5 = 135783 um.
Total wire length on LAYER M6 = 26815 um.
Total wire length on LAYER M7 = 8213 um.
Total wire length on LAYER M8 = 0 um.
Total wire length on LAYER M9 = 0 um.
Total wire length on LAYER Pad = 0 um.
Total number of vias = 2552662.
Up-via summary (total 2552662):

------------------
 Active          0
     M1     796675
     M2    1367616
     M3     293894
     M4      73079
     M5      17073
     M6       4325
     M7          0
     M8          0
     M9          0
------------------
       2552662


[INFO DRT-0195] Start 6th stubborn tiles iteration.
    Completing 10% with 2 violations.
    elapsed time = 00:00:01, memory = 11466.12 (MB).
    Completing 20% with 2 violations.
    elapsed time = 00:00:02, memory = 11431.79 (MB).
    Completing 30% with 2 violations.
    elapsed time = 00:00:03, memory = 11475.33 (MB).
    Completing 40% with 2 violations.
    elapsed time = 00:00:04, memory = 11339.78 (MB).
    Completing 50% with 2 violations.
    elapsed time = 00:00:05, memory = 11386.89 (MB).
    Completing 60% with 2 violations.
    elapsed time = 00:00:06, memory = 11476.97 (MB).
    Completing 70% with 2 violations.
    elapsed time = 00:00:07, memory = 11419.09 (MB).
    Completing 80% with 2 violations.
    elapsed time = 00:00:09, memory = 11485.58 (MB).
    Completing 90% with 2 violations.
    elapsed time = 00:00:10, memory = 11370.06 (MB).
    Completing 100% with 0 violations.
    elapsed time = 00:00:12, memory = 10825.36 (MB).
[INFO DRT-0199]   Number of violations = 0.
[INFO DRT-0267] cpu time = 00:01:49, elapsed time = 00:00:13, memory = 10780.29 (MB), peak = 12112.32 (MB)
Total wire length = 1423214 um.
Total wire length on LAYER M1 = 0 um.
Total wire length on LAYER M2 = 368468 um.
Total wire length on LAYER M3 = 570863 um.
Total wire length on LAYER M4 = 313068 um.
Total wire length on LAYER M5 = 135783 um.
Total wire length on LAYER M6 = 26817 um.
Total wire length on LAYER M7 = 8213 um.
Total wire length on LAYER M8 = 0 um.
Total wire length on LAYER M9 = 0 um.
Total wire length on LAYER Pad = 0 um.
Total number of vias = 2552664.
Up-via summary (total 2552664):

------------------
 Active          0
     M1     796675
     M2    1367619
     M3     293893
     M4      73079
     M5      17073
     M6       4325
     M7          0
     M8          0
     M9          0
------------------
       2552664


[INFO DRT-0198] Complete detail routing.
Total wire length = 1423214 um.
Total wire length on LAYER M1 = 0 um.
Total wire length on LAYER M2 = 368468 um.
Total wire length on LAYER M3 = 570863 um.
Total wire length on LAYER M4 = 313068 um.
Total wire length on LAYER M5 = 135783 um.
Total wire length on LAYER M6 = 26817 um.
Total wire length on LAYER M7 = 8213 um.
Total wire length on LAYER M8 = 0 um.
Total wire length on LAYER M9 = 0 um.
Total wire length on LAYER Pad = 0 um.
Total number of vias = 2552664.
Up-via summary (total 2552664):

------------------
 Active          0
     M1     796675
     M2    1367619
     M3     293893
     M4      73079
     M5      17073
     M6       4325
     M7          0
     M8          0
     M9          0
------------------
       2552664


[INFO DRT-0267] cpu time = 06:40:05, elapsed time = 01:38:00, memory = 10758.62 (MB), peak = 12112.32 (MB)

[INFO DRT-0180] Post processing.
[INFO DRT-0501] Runtime: 6222.98s
Took 6223 seconds: detailed_route -output_drc /home/matheus-grossi/Projects/CNN/CNN/synth_org/convolution/reports/asap7/convolution/base/5_route_drc.rpt -output_maze /home/matheus-grossi/Projects/CNN/CNN/synth_org/convolution/results/asap7/convolution/base/maze.log -droute_end_iter 64 -verbose 1 -drc_report_iter_step 5
[WARNING GRT-0246] No diode with LEF class CORE ANTENNACELL found.
[INFO ANT-0002] Found 0 net violations.
[INFO ANT-0001] Found 0 pin violations.
[INFO ANT-0002] Found 0 net violations.
[INFO ANT-0001] Found 0 pin violations.
Design area 29116 um^2 41% utilization.
write_db /home/matheus-grossi/Projects/CNN/CNN/synth_org/convolution/results/asap7/convolution/base/5_2_route.odb
Elapsed time: 1:45:10.21[h:]min:sec. CPU time: user 27279.75 sys 1089.57 (449%). Peak memory: 12403016KB.
Log                       Ext     Elapsed/s Peak Memory/MB sha1sum result [0:20)
5_2_route                 .odb         6310          12112 729112473a5806737a6a
