OpenROAD 26Q3-2056-g41a28926b9 
Features included (+) or not (-): +GPU +GUI +Python
This program is licensed under the BSD-3 license. See the LICENSE file for details.
Components of this program may be licensed under more restrictive licenses which must be honored.
[INFO ORD-0030] Using 12 thread(s).
source /home/matheus-grossi/OpenROAD/OpenROAD-flow-scripts/flow/platforms/asap7/liberty_suppressions.tcl
read_liberty /home/matheus-grossi/OpenROAD/OpenROAD-flow-scripts/flow/platforms/asap7/lib/NLDM/asap7sc7p5t_AO_RVT_FF_nldm_211120.lib.gz
read_liberty /home/matheus-grossi/OpenROAD/OpenROAD-flow-scripts/flow/platforms/asap7/lib/NLDM/asap7sc7p5t_INVBUF_RVT_FF_nldm_220122.lib.gz
read_liberty /home/matheus-grossi/OpenROAD/OpenROAD-flow-scripts/flow/platforms/asap7/lib/NLDM/asap7sc7p5t_OA_RVT_FF_nldm_211120.lib.gz
read_liberty /home/matheus-grossi/OpenROAD/OpenROAD-flow-scripts/flow/platforms/asap7/lib/NLDM/asap7sc7p5t_SIMPLE_RVT_FF_nldm_211120.lib.gz
read_liberty /home/matheus-grossi/OpenROAD/OpenROAD-flow-scripts/flow/platforms/asap7/lib/NLDM/asap7sc7p5t_SEQ_RVT_FF_nldm_220123.lib
read_db /home/matheus-grossi/Projects/CNN/CNN/synth_org/convolution/results/asap7/convolution/base/6_1_fill.odb
read_sdc /home/matheus-grossi/Projects/CNN/CNN/synth_org/convolution/results/asap7/convolution/base/6_1_fill.sdc
source /home/matheus-grossi/OpenROAD/OpenROAD-flow-scripts/flow/platforms/asap7/setRC.tcl
write_db /home/matheus-grossi/Projects/CNN/CNN/synth_org/convolution/results/asap7/convolution/base/6_final.odb
write_sdc -no_timestamp /home/matheus-grossi/Projects/CNN/CNN/synth_org/convolution/results/asap7/convolution/base/6_final.sdc
Deleted 0 routing obstructions
Global output passed lec test
[INFO RCX-0431] Defined process_corner X with ext_model_index 0
[INFO RCX-0029] Defined extraction corner X
[INFO RCX-0435] Reading extraction model file /home/matheus-grossi/OpenROAD/OpenROAD-flow-scripts/flow/platforms/asap7/rcx_patterns.rules ...
[INFO RCX-0436] RC segment generation ConvLayer (max_merge_res 50.0) ...
[INFO RCX-0040] Final 2002813 rc segments
[INFO RCX-0439] Coupling Cap extraction ConvLayer ...
[INFO RCX-0440] Coupling threshhold is 0.1000 fF, coupling capacitance less than 0.1000 fF will be grounded.
[INFO RCX-0442] 12% of 2083697 wires extracted
[INFO RCX-0442] 21% of 2083697 wires extracted
[INFO RCX-0442] 26% of 2083697 wires extracted
[INFO RCX-0442] 36% of 2083697 wires extracted
[INFO RCX-0442] 47% of 2083697 wires extracted
[INFO RCX-0442] 54% of 2083697 wires extracted
[INFO RCX-0442] 59% of 2083697 wires extracted
[INFO RCX-0442] 67% of 2083697 wires extracted
[INFO RCX-0442] 73% of 2083697 wires extracted
[INFO RCX-0442] 85% of 2083697 wires extracted
[INFO RCX-0442] 92% of 2083697 wires extracted
[INFO RCX-0442] 100% of 2083697 wires extracted
[INFO RCX-0045] Extract 299368 nets, 2301168 rsegs, 2301168 caps, 3229098 ccs
[INFO RCX-0042] 100000 nets finished
[INFO RCX-0042] 200000 nets finished
[INFO RCX-0443] 299368 nets finished
[INFO PSM-0040] All shapes on net VDD are connected.
########## IR report #################
Net              : VDD
Corner           : default
Total power      : 4.05e-02 W
Supply voltage   : 7.70e-01 V
Worstcase voltage: 7.69e-01 V
Average voltage  : 7.70e-01 V
Average IR drop  : 1.07e-04 V
Worstcase IR drop: 9.72e-04 V
Percentage drop  : 0.13 %
######################################
[INFO PSM-0040] All shapes on net VSS are connected.
########## IR report #################
Net              : VSS
Corner           : default
Total power      : 4.05e-02 W
Supply voltage   : 0.00e+00 V
Worstcase voltage: 9.12e-04 V
Average voltage  : 1.07e-04 V
Average IR drop  : 1.07e-04 V
Worstcase IR drop: 9.12e-04 V
Percentage drop  : 0.12 %
######################################
Cell type report:                        Count       Area
  Fill cell                             367858   42665.61
  Tap cell                                6954     202.78
  Clock buffer                            1359     516.80
  Timing Repair Buffer                    9027     758.35
  Inverter                               64839    2837.91
  Clock inverter                           448      98.81
  Sequential cell                        16410    4785.17
  Multi-Input combinational cell        171200   19916.22
  Total                                 638095   71781.66
Report metrics stage 6, finish...

==========================================================================
finish report_design_area
--------------------------------------------------------------------------
Design area 29116 um^2 41% utilization.
[WARNING GUI-0076] Could not find the Qt platform plugin "wayland" in ""
Elapsed time: 5:39.30[h:]min:sec. CPU time: user 429.58 sys 33.07 (136%). Peak memory: 6725076KB.
Log                       Ext     Elapsed/s Peak Memory/MB sha1sum result [0:20)
6_report                                339           6567                  N/A
