============================================================
 5 - Routing
============================================================
Design:  reshape
Projeto: /home/matheus-grossi/Projects/CNN/CNN/synth_org/reshape
Config:  /home/matheus-grossi/Projects/CNN/CNN/synth_org/reshape/config.mk
/home/matheus-grossi/OpenROAD/OpenROAD-flow-scripts/flow/scripts/flow.sh 5_1_grt global_route
Running global_route.tcl, stage 5_1_grt
source /home/matheus-grossi/OpenROAD/OpenROAD-flow-scripts/flow/platforms/asap7/liberty_suppressions.tcl
read_liberty /home/matheus-grossi/OpenROAD/OpenROAD-flow-scripts/flow/platforms/asap7/lib/NLDM/asap7sc7p5t_AO_RVT_FF_nldm_211120.lib.gz
read_liberty /home/matheus-grossi/OpenROAD/OpenROAD-flow-scripts/flow/platforms/asap7/lib/NLDM/asap7sc7p5t_INVBUF_RVT_FF_nldm_220122.lib.gz
read_liberty /home/matheus-grossi/OpenROAD/OpenROAD-flow-scripts/flow/platforms/asap7/lib/NLDM/asap7sc7p5t_OA_RVT_FF_nldm_211120.lib.gz
read_liberty /home/matheus-grossi/OpenROAD/OpenROAD-flow-scripts/flow/platforms/asap7/lib/NLDM/asap7sc7p5t_SIMPLE_RVT_FF_nldm_211120.lib.gz
read_liberty /home/matheus-grossi/OpenROAD/OpenROAD-flow-scripts/flow/platforms/asap7/lib/NLDM/asap7sc7p5t_SEQ_RVT_FF_nldm_220123.lib
read_db /home/matheus-grossi/Projects/CNN/CNN/synth_org/reshape/results/asap7/reshape/base/4_cts.odb
read_sdc /home/matheus-grossi/Projects/CNN/CNN/synth_org/reshape/results/asap7/reshape/base/4_cts.sdc
source /home/matheus-grossi/OpenROAD/OpenROAD-flow-scripts/flow/platforms/asap7/setRC.tcl
pin_access
[INFO DRT-0149] Reading tech and libs.

Units:                1000
Number of layers:     21
Number of macros:     212
Number of vias:       14
Number of viarulegen: 11

[INFO DRT-0150] Reading design.

Design:                   Flatten
Die area:                 ( 0 0 ) ( 7818 7818 )
Number of track patterns: 32
Number of DEF vias:       0
Number of components:     26
Number of terminals:      162
Number of snets:          2
Number of nets:           80

[INFO DRT-0167] List of default vias:
  Layer V2
    default via: VIA23
  Layer V3
    default via: VIA34
  Layer V4
    default via: VIA45
  Layer V5
    default via: VIA56
  Layer V6
    default via: VIA67
  Layer V7
    default via: VIA78
  Layer V8
    default via: VIA89
  Layer V9
    default via: VIA9Pad
[INFO DRT-0162] Library cell analysis.
[INFO DRT-0163] Instance analysis.
[INFO DRT-0164] Number of unique instances = 4.
[INFO DRT-0168] Init region query.
[INFO DRT-0024]   Complete Active.
[INFO DRT-0024]   Complete V0.
[INFO DRT-0024]   Complete M1.
[INFO DRT-0024]   Complete V1.
[INFO DRT-0024]   Complete M2.
[INFO DRT-0024]   Complete V2.
[INFO DRT-0024]   Complete M3.
[INFO DRT-0024]   Complete V3.
[INFO DRT-0024]   Complete M4.
[INFO DRT-0024]   Complete V4.
[INFO DRT-0024]   Complete M5.
[INFO DRT-0024]   Complete V5.
[INFO DRT-0024]   Complete M6.
[INFO DRT-0024]   Complete V6.
[INFO DRT-0024]   Complete M7.
[INFO DRT-0024]   Complete V7.
[INFO DRT-0024]   Complete M8.
[INFO DRT-0024]   Complete V8.
[INFO DRT-0024]   Complete M9.
[INFO DRT-0024]   Complete V9.
[INFO DRT-0024]   Complete Pad.
[INFO DRT-0033] Active shape region query size = 0.
[INFO DRT-0033] V0 shape region query size = 0.
[INFO DRT-0033] M1 shape region query size = 80.
[INFO DRT-0033] V1 shape region query size = 1442.
[INFO DRT-0033] M2 shape region query size = 42.
[INFO DRT-0033] V2 shape region query size = 42.
[INFO DRT-0033] M3 shape region query size = 42.
[INFO DRT-0033] V3 shape region query size = 28.
[INFO DRT-0033] M4 shape region query size = 108.
[INFO DRT-0033] V4 shape region query size = 28.
[INFO DRT-0033] M5 shape region query size = 98.
[INFO DRT-0033] V5 shape region query size = 4.
[INFO DRT-0033] M6 shape region query size = 6.
[INFO DRT-0033] V6 shape region query size = 0.
[INFO DRT-0033] M7 shape region query size = 0.
[INFO DRT-0033] V7 shape region query size = 0.
[INFO DRT-0033] M8 shape region query size = 0.
[INFO DRT-0033] V8 shape region query size = 0.
[INFO DRT-0033] M9 shape region query size = 0.
[INFO DRT-0033] V9 shape region query size = 0.
[INFO DRT-0033] Pad shape region query size = 0.
[INFO DRT-0165] Start pin access.
[INFO DRT-0078]   Complete 8 pins.
[INFO DRT-0081]   Complete 4 unique inst patterns.
[INFO DRT-0084]   Complete 0 groups.
#scanned instances     = 26
#unique  instances     = 4
#stdCellGenAp          = 0
#stdCellValidPlanarAp  = 0
#stdCellValidViaAp     = 0
#stdCellPinNoAp        = 0
#stdCellPinCnt         = 0
#instTermValidViaApCnt = 0
#macroGenAp            = 0
#macroValidPlanarAp    = 0
#macroValidViaAp       = 0
#macroNoAp             = 0
[INFO DRT-0166] Complete pin access.
[INFO DRT-0267] cpu time = 00:00:00, elapsed time = 00:00:00, memory = 193.35 (MB), peak = 192.33 (MB)
global_route -congestion_report_file /home/matheus-grossi/Projects/CNN/CNN/synth_org/reshape/reports/asap7/reshape/base/congestion.rpt -congestion_iterations 30 -congestion_report_iter_step 5 -verbose -resistance_aware
[INFO GRT-0020] Min routing layer: M2
[INFO GRT-0021] Max routing layer: M7
[INFO GRT-0022] Global adjustment: 0%
[INFO GRT-0023] Grid origin: (0, 0)
[INFO GRT-0088] Layer M1      Track-Pitch = 0.0360  line-2-Via Pitch: 0.0360
[INFO GRT-0088] Layer M2      Track-Pitch = 0.0390  line-2-Via Pitch: 0.0360
[INFO GRT-0088] Layer M3      Track-Pitch = 0.0360  line-2-Via Pitch: 0.0360
[INFO GRT-0088] Layer M4      Track-Pitch = 0.0480  line-2-Via Pitch: 0.0480
[INFO GRT-0088] Layer M5      Track-Pitch = 0.0480  line-2-Via Pitch: 0.0480
[INFO GRT-0088] Layer M6      Track-Pitch = 0.0640  line-2-Via Pitch: 0.0640
[INFO GRT-0088] Layer M7      Track-Pitch = 0.0640  line-2-Via Pitch: 0.0640
[INFO GRT-0003] Macros: 0
[INFO GRT-0004] Blockages: 0
[INFO GRT-0019] Found 0 clock nets.
[INFO GRT-0001] Minimum degree: 2
[INFO GRT-0002] Maximum degree: 2

[INFO GRT-0053] Routing resources analysis:
          Routing      Original      Derated      Resource
Layer     Direction    Resources     Resources    Reduction (%)
---------------------------------------------------------------
M1         Vertical            0             0          0.00%
M2         Horizontal       2337          1684          27.94%
M3         Vertical         2571          1918          25.40%
M4         Horizontal       1947          1455          25.27%
M5         Vertical         1923          1437          25.27%
M6         Horizontal       1394           954          31.56%
M7         Vertical         1464           996          31.97%
---------------------------------------------------------------

[INFO GRT-0197] Via related to pin nodes: 147
[INFO GRT-0198] Via related Steiner nodes: 0
[INFO GRT-0199] Via filling finished.
[INFO GRT-0111] Final number of vias: 160
[INFO GRT-0112] Final usage 3D: 615

[INFO GRT-0096] Final congestion report:
Layer         Resource        Demand        Usage (%)    Max H / Max V / Total Congestion
---------------------------------------------------------------------------------------
M1                   0             0            0.00%             0 /  0 /  0
M2                1684             0            0.00%             0 /  0 /  0
M3                1918             0            0.00%             0 /  0 /  0
M4                1455            29            1.99%             0 /  0 /  0
M5                1437            62            4.31%             0 /  0 /  0
M6                 954            44            4.61%             0 /  0 /  0
M7                 996             0            0.00%             0 /  0 /  0
---------------------------------------------------------------------------------------
Total             8444           135            1.60%             0 /  0 /  0

[INFO GRT-0018] Total wirelength: 111 um
[INFO GRT-0014] Routed nets: 80
[INFO GRT-0303] Global routing runtime = 00:00:00
[WARNING STA-0450] virtual clock virtual_clk can not be propagated.
estimate_parasitics -global_routing
Perform buffer insertion and gate resizing...
repair_design -verbose
Iteration |   Area    | Resized | Buffers | Nets repaired | Remaining
---------------------------------------------------------------------
        0 |     +0.0% |       0 |       0 |             0 |        80
       10 |     +0.0% |       0 |       0 |             0 |        70
       20 |     +0.0% |       0 |       0 |             0 |        60
       30 |     +0.0% |       0 |       0 |             0 |        50
       40 |     +0.0% |       0 |       0 |             0 |        40
       50 |     +0.0% |       0 |       0 |             0 |        30
       60 |     +0.0% |       0 |       0 |             0 |        20
       70 |     +0.0% |       0 |       0 |             0 |        10
       80 |     +0.0% |       0 |       0 |             0 |         0
    final |     +0.0% |       0 |       0 |             0 |         0
---------------------------------------------------------------------
[INFO RSZ-0504] Runtime: 0.03s
global_route -start_incremental
detailed_placement
[INFO DPL-0006] Core area: 13.08 um^2
[INFO DPL-0007] Movable instances area: 0.00 um^2
[INFO DPL-0008] Fixed instances area within core: 0.76 um^2
[INFO DPL-0009] Utilization: 5.8%
[INFO DPL-0005] Diamond search max displacement: +/- 500 sites horizontally, +/- 100 rows vertically.
[INFO DPL-1102] Legalizing using negotiation legalizer.
[INFO DPL-1103] Negotiation base search window: +/-20 sites horizontally, +/-5 rows vertically 
	Automatic search window extension enabled.
	Search window extendable up to the max displacement cap of +/-500 sites, +/-100 rows near walls.
[INFO DPL-1104] NegotiationLegalizer DRC penalty: 5.
[INFO DPL-0392] Negotiation cell height distribution (1 unique row-count(s)):
[INFO DPL-0393]   height 1 row(s): 26 cells
[INFO DPL-0500] Runtime: 0.00s
Placement Analysis
---------------------------------
total displacement          0.0 u
average displacement        0.0 u
max displacement            0.0 u
original HPWL              84.1 u
legalized HPWL             84.1 u
delta HPWL                    0 %

global_route -end_incremental -resistance_aware -congestion_report_file /home/matheus-grossi/Projects/CNN/CNN/synth_org/reshape/reports/asap7/reshape/base/congestion_post_repair_design.rpt
Repair setup and hold violations...
estimate_parasitics -global_routing
repair_timing -setup_margin 0 -hold_margin 0 -repair_tns 100 -verbose
[INFO RSZ-0100] Repair move sequence: UnbufferMove SizeUpMove SwapPinsMove BufferMove CloneMove SplitLoadMove 
[INFO RSZ-0098] No setup violations found
[INFO RSZ-0505] Runtime: 0.10s
[INFO RSZ-0033] No hold violations found.
[INFO RSZ-0506] Runtime: 0.01s
global_route -start_incremental
detailed_placement
[INFO DPL-0006] Core area: 13.08 um^2
[INFO DPL-0007] Movable instances area: 0.00 um^2
[INFO DPL-0008] Fixed instances area within core: 0.76 um^2
[INFO DPL-0009] Utilization: 5.8%
[INFO DPL-0005] Diamond search max displacement: +/- 500 sites horizontally, +/- 100 rows vertically.
[INFO DPL-1102] Legalizing using negotiation legalizer.
[INFO DPL-1103] Negotiation base search window: +/-20 sites horizontally, +/-5 rows vertically 
	Automatic search window extension enabled.
	Search window extendable up to the max displacement cap of +/-500 sites, +/-100 rows near walls.
[INFO DPL-1104] NegotiationLegalizer DRC penalty: 5.
[INFO DPL-0392] Negotiation cell height distribution (1 unique row-count(s)):
[INFO DPL-0393]   height 1 row(s): 26 cells
[INFO DPL-0500] Runtime: 0.00s
Placement Analysis
---------------------------------
total displacement          0.0 u
average displacement        0.0 u
max displacement            0.0 u
original HPWL              84.1 u
legalized HPWL             84.1 u
delta HPWL                    0 %

check_placement -verbose
global_route -end_incremental -resistance_aware -congestion_report_file /home/matheus-grossi/Projects/CNN/CNN/synth_org/reshape/reports/asap7/reshape/base/congestion_post_repair_timing.rpt
estimate_parasitics -global_routing
repair_timing -setup -sequence "vt_swap reroute" -skip_last_gasp -repair_tns 0 -verbose
[INFO RSZ-0100] Repair move sequence: RerouteMove 
[INFO RSZ-0098] No setup violations found
[INFO RSZ-0505] Runtime: 0.09s
Repair antennas...
[WARNING GRT-0246] No diode with LEF class CORE ANTENNACELL found.
[INFO ANT-0002] Found 0 net violations.
[INFO ANT-0001] Found 0 pin violations.
Estimate parasitics...
estimate_parasitics -global_routing
Report metrics stage 5, global route...
No registers in design

==========================================================================
global route report_design_area
--------------------------------------------------------------------------
Design area 1 um^2 6% utilization.
[INFO FLW-0007] clock virtual_clk period 10.000000
[INFO FLW-0008] Clock virtual_clk period 0.052
[INFO FLW-0009] Clock virtual_clk slack 9.945
write_sdc -no_timestamp /home/matheus-grossi/Projects/CNN/CNN/synth_org/reshape/results/asap7/reshape/base/updated_clks.sdc
[WARNING STA-0450] virtual clock virtual_clk can not be propagated.
[INFO FLW-0011] Path endpoint path count 80
write_db /home/matheus-grossi/Projects/CNN/CNN/synth_org/reshape/results/asap7/reshape/base/5_1_grt.odb
write_sdc -no_timestamp /home/matheus-grossi/Projects/CNN/CNN/synth_org/reshape/results/asap7/reshape/base/5_1_grt.sdc
Elapsed time: 0:01.67[h:]min:sec. CPU time: user 2.49 sys 0.37 (171%). Peak memory: 333492KB.
Log                       Ext     Elapsed/s Peak Memory/MB sha1sum result [0:20)
5_1_grt                   .odb            1            325 081f27271569e4975261
5_1_grt                   .sdc                             47826fcce7e9dd2db460
/home/matheus-grossi/OpenROAD/OpenROAD-flow-scripts/flow/scripts/flow.sh 5_2_route detail_route
Running detail_route.tcl, stage 5_2_route
source /home/matheus-grossi/OpenROAD/OpenROAD-flow-scripts/flow/platforms/asap7/liberty_suppressions.tcl
read_liberty /home/matheus-grossi/OpenROAD/OpenROAD-flow-scripts/flow/platforms/asap7/lib/NLDM/asap7sc7p5t_AO_RVT_FF_nldm_211120.lib.gz
read_liberty /home/matheus-grossi/OpenROAD/OpenROAD-flow-scripts/flow/platforms/asap7/lib/NLDM/asap7sc7p5t_INVBUF_RVT_FF_nldm_220122.lib.gz
read_liberty /home/matheus-grossi/OpenROAD/OpenROAD-flow-scripts/flow/platforms/asap7/lib/NLDM/asap7sc7p5t_OA_RVT_FF_nldm_211120.lib.gz
read_liberty /home/matheus-grossi/OpenROAD/OpenROAD-flow-scripts/flow/platforms/asap7/lib/NLDM/asap7sc7p5t_SIMPLE_RVT_FF_nldm_211120.lib.gz
read_liberty /home/matheus-grossi/OpenROAD/OpenROAD-flow-scripts/flow/platforms/asap7/lib/NLDM/asap7sc7p5t_SEQ_RVT_FF_nldm_220123.lib
read_db /home/matheus-grossi/Projects/CNN/CNN/synth_org/reshape/results/asap7/reshape/base/5_1_grt.odb
read_sdc /home/matheus-grossi/Projects/CNN/CNN/synth_org/reshape/results/asap7/reshape/base/5_1_grt.sdc
source /home/matheus-grossi/OpenROAD/OpenROAD-flow-scripts/flow/platforms/asap7/setRC.tcl
[WARNING STA-0450] virtual clock virtual_clk can not be propagated.
detailed_route -output_drc /home/matheus-grossi/Projects/CNN/CNN/synth_org/reshape/reports/asap7/reshape/base/5_route_drc.rpt -output_maze /home/matheus-grossi/Projects/CNN/CNN/synth_org/reshape/results/asap7/reshape/base/maze.log -droute_end_iter 64 -verbose 1 -drc_report_iter_step 5
[INFO DRT-0149] Reading tech and libs.

Units:                1000
Number of layers:     21
Number of macros:     212
Number of vias:       14
Number of viarulegen: 11

[INFO DRT-0150] Reading design.

Design:                   Flatten
Die area:                 ( 0 0 ) ( 7818 7818 )
Number of track patterns: 32
Number of DEF vias:       0
Number of components:     26
Number of terminals:      162
Number of snets:          2
Number of nets:           80

[INFO DRT-0167] List of default vias:
  Layer V2
    default via: VIA23
  Layer V3
    default via: VIA34
  Layer V4
    default via: VIA45
  Layer V5
    default via: VIA56
  Layer V6
    default via: VIA67
  Layer V7
    default via: VIA78
  Layer V8
    default via: VIA89
  Layer V9
    default via: VIA9Pad
[INFO DRT-0162] Library cell analysis.
[INFO DRT-0163] Instance analysis.
[INFO DRT-0164] Number of unique instances = 4.
[INFO DRT-0168] Init region query.
[INFO DRT-0024]   Complete Active.
[INFO DRT-0024]   Complete V0.
[INFO DRT-0024]   Complete M1.
[INFO DRT-0024]   Complete V1.
[INFO DRT-0024]   Complete M2.
[INFO DRT-0024]   Complete V2.
[INFO DRT-0024]   Complete M3.
[INFO DRT-0024]   Complete V3.
[INFO DRT-0024]   Complete M4.
[INFO DRT-0024]   Complete V4.
[INFO DRT-0024]   Complete M5.
[INFO DRT-0024]   Complete V5.
[INFO DRT-0024]   Complete M6.
[INFO DRT-0024]   Complete V6.
[INFO DRT-0024]   Complete M7.
[INFO DRT-0024]   Complete V7.
[INFO DRT-0024]   Complete M8.
[INFO DRT-0024]   Complete V8.
[INFO DRT-0024]   Complete M9.
[INFO DRT-0024]   Complete V9.
[INFO DRT-0024]   Complete Pad.
[INFO DRT-0033] Active shape region query size = 0.
[INFO DRT-0033] V0 shape region query size = 0.
[INFO DRT-0033] M1 shape region query size = 80.
[INFO DRT-0033] V1 shape region query size = 1442.
[INFO DRT-0033] M2 shape region query size = 42.
[INFO DRT-0033] V2 shape region query size = 42.
[INFO DRT-0033] M3 shape region query size = 42.
[INFO DRT-0033] V3 shape region query size = 28.
[INFO DRT-0033] M4 shape region query size = 108.
[INFO DRT-0033] V4 shape region query size = 28.
[INFO DRT-0033] M5 shape region query size = 98.
[INFO DRT-0033] V5 shape region query size = 4.
[INFO DRT-0033] M6 shape region query size = 6.
[INFO DRT-0033] V6 shape region query size = 0.
[INFO DRT-0033] M7 shape region query size = 0.
[INFO DRT-0033] V7 shape region query size = 0.
[INFO DRT-0033] M8 shape region query size = 0.
[INFO DRT-0033] V8 shape region query size = 0.
[INFO DRT-0033] M9 shape region query size = 0.
[INFO DRT-0033] V9 shape region query size = 0.
[INFO DRT-0033] Pad shape region query size = 0.
[INFO DRT-0165] Start pin access.
[INFO DRT-0078]   Complete 8 pins.
[INFO DRT-0081]   Complete 4 unique inst patterns.
[INFO DRT-0084]   Complete 0 groups.
#scanned instances     = 26
#unique  instances     = 4
#stdCellGenAp          = 0
#stdCellValidPlanarAp  = 0
#stdCellValidViaAp     = 0
#stdCellPinNoAp        = 0
#stdCellPinCnt         = 0
#instTermValidViaApCnt = 0
#macroGenAp            = 0
#macroValidPlanarAp    = 0
#macroValidViaAp       = 0
#macroNoAp             = 0
[INFO DRT-0166] Complete pin access.
[INFO DRT-0267] cpu time = 00:00:00, elapsed time = 00:00:00, memory = 298.92 (MB), peak = 297.75 (MB)

[INFO DRT-0157] Number of guides:     355

[INFO DRT-0169] Post process guides.
[INFO DRT-0176] GCELLGRID X 0 DO 13 STEP 570 ;
[INFO DRT-0177] GCELLGRID Y 0 DO 13 STEP 570 ;
[INFO DRT-0028]   Complete Active.
[INFO DRT-0028]   Complete V0.
[INFO DRT-0028]   Complete M1.
[INFO DRT-0028]   Complete V1.
[INFO DRT-0028]   Complete M2.
[INFO DRT-0028]   Complete V2.
[INFO DRT-0028]   Complete M3.
[INFO DRT-0028]   Complete V3.
[INFO DRT-0028]   Complete M4.
[INFO DRT-0028]   Complete V4.
[INFO DRT-0028]   Complete M5.
[INFO DRT-0028]   Complete V5.
[INFO DRT-0028]   Complete M6.
[INFO DRT-0028]   Complete V6.
[INFO DRT-0028]   Complete M7.
[INFO DRT-0028]   Complete V7.
[INFO DRT-0028]   Complete M8.
[INFO DRT-0028]   Complete V8.
[INFO DRT-0028]   Complete M9.
[INFO DRT-0028]   Complete V9.
[INFO DRT-0028]   Complete Pad.
[INFO DRT-0178] Init guide query.
[INFO DRT-0035]   Complete Active (guide).
[INFO DRT-0035]   Complete V0 (guide).
[INFO DRT-0035]   Complete M1 (guide).
[INFO DRT-0035]   Complete V1 (guide).
[INFO DRT-0035]   Complete M2 (guide).
[INFO DRT-0035]   Complete V2 (guide).
[INFO DRT-0035]   Complete M3 (guide).
[INFO DRT-0035]   Complete V3 (guide).
[INFO DRT-0035]   Complete M4 (guide).
[INFO DRT-0035]   Complete V4 (guide).
[INFO DRT-0035]   Complete M5 (guide).
[INFO DRT-0035]   Complete V5 (guide).
[INFO DRT-0035]   Complete M6 (guide).
[INFO DRT-0035]   Complete V6 (guide).
[INFO DRT-0035]   Complete M7 (guide).
[INFO DRT-0035]   Complete V7 (guide).
[INFO DRT-0035]   Complete M8 (guide).
[INFO DRT-0035]   Complete V8 (guide).
[INFO DRT-0035]   Complete M9 (guide).
[INFO DRT-0035]   Complete V9 (guide).
[INFO DRT-0035]   Complete Pad (guide).
[INFO DRT-0036] Active guide region query size = 0.
[INFO DRT-0036] V0 guide region query size = 0.
[INFO DRT-0036] M1 guide region query size = 0.
[INFO DRT-0036] V1 guide region query size = 0.
[INFO DRT-0036] M2 guide region query size = 0.
[INFO DRT-0036] V2 guide region query size = 0.
[INFO DRT-0036] M3 guide region query size = 0.
[INFO DRT-0036] V3 guide region query size = 0.
[INFO DRT-0036] M4 guide region query size = 65.
[INFO DRT-0036] V4 guide region query size = 0.
[INFO DRT-0036] M5 guide region query size = 93.
[INFO DRT-0036] V5 guide region query size = 0.
[INFO DRT-0036] M6 guide region query size = 28.
[INFO DRT-0036] V6 guide region query size = 0.
[INFO DRT-0036] M7 guide region query size = 0.
[INFO DRT-0036] V7 guide region query size = 0.
[INFO DRT-0036] M8 guide region query size = 0.
[INFO DRT-0036] V8 guide region query size = 0.
[INFO DRT-0036] M9 guide region query size = 0.
[INFO DRT-0036] V9 guide region query size = 0.
[INFO DRT-0036] Pad guide region query size = 0.
[INFO DRT-0179] Init gr pin query.
[INFO DRT-0267] cpu time = 00:00:00, elapsed time = 00:00:00, memory = 299.11 (MB), peak = 298.00 (MB)
[INFO DRT-0245] skipped writing guide updates to database.
[INFO DRT-0181] Start track assignment.
[INFO DRT-0184] Done with 93 vertical wires in 1 frboxes and 93 horizontal wires in 1 frboxes.
[INFO DRT-0186] Done with 11 vertical wires in 1 frboxes and 16 horizontal wires in 1 frboxes.
[INFO DRT-0182] Complete track assignment.
[INFO DRT-0267] cpu time = 00:00:00, elapsed time = 00:00:00, memory = 300.11 (MB), peak = 299.06 (MB)
[INFO DRT-0187] Start routing data preparation.
[INFO DRT-0267] cpu time = 00:00:00, elapsed time = 00:00:00, memory = 300.13 (MB), peak = 299.06 (MB)
[INFO DRT-0194] Start detail routing.
[INFO DRT-0195] Start 0th optimization iteration.
    Completing 20% with 0 violations.
    elapsed time = 00:00:00, memory = 304.12 (MB).
    Completing 50% with 0 violations.
    elapsed time = 00:00:00, memory = 323.48 (MB).
    Completing 70% with 0 violations.
    elapsed time = 00:00:00, memory = 346.72 (MB).
    Completing 100% with 0 violations.
    elapsed time = 00:00:00, memory = 369.44 (MB).
[INFO DRT-0199]   Number of violations = 0.
[INFO DRT-0267] cpu time = 00:00:00, elapsed time = 00:00:00, memory = 923.70 (MB), peak = 922.35 (MB)
Total wire length = 107 um.
Total wire length on LAYER M1 = 0 um.
Total wire length on LAYER M2 = 0 um.
Total wire length on LAYER M3 = 2 um.
Total wire length on LAYER M4 = 29 um.
Total wire length on LAYER M5 = 51 um.
Total wire length on LAYER M6 = 22 um.
Total wire length on LAYER M7 = 1 um.
Total wire length on LAYER M8 = 0 um.
Total wire length on LAYER M9 = 0 um.
Total wire length on LAYER Pad = 0 um.
Total number of vias = 182.
Up-via summary (total 182):

--------------
 Active      0
     M1      0
     M2      0
     M3     34
     M4     80
     M5     56
     M6     12
     M7      0
     M8      0
     M9      0
--------------
       182


[INFO DRT-0198] Complete detail routing.
Total wire length = 107 um.
Total wire length on LAYER M1 = 0 um.
Total wire length on LAYER M2 = 0 um.
Total wire length on LAYER M3 = 2 um.
Total wire length on LAYER M4 = 29 um.
Total wire length on LAYER M5 = 51 um.
Total wire length on LAYER M6 = 22 um.
Total wire length on LAYER M7 = 1 um.
Total wire length on LAYER M8 = 0 um.
Total wire length on LAYER M9 = 0 um.
Total wire length on LAYER Pad = 0 um.
Total number of vias = 182.
Up-via summary (total 182):

--------------
 Active      0
     M1      0
     M2      0
     M3     34
     M4     80
     M5     56
     M6     12
     M7      0
     M8      0
     M9      0
--------------
       182


[INFO DRT-0267] cpu time = 00:00:00, elapsed time = 00:00:00, memory = 923.76 (MB), peak = 922.47 (MB)

[INFO DRT-0180] Post processing.
[INFO DRT-0501] Runtime: 0.55s
[WARNING GRT-0246] No diode with LEF class CORE ANTENNACELL found.
[INFO ANT-0002] Found 0 net violations.
[INFO ANT-0001] Found 0 pin violations.
[INFO ANT-0002] Found 0 net violations.
[INFO ANT-0001] Found 0 pin violations.
Design area 1 um^2 6% utilization.
write_db /home/matheus-grossi/Projects/CNN/CNN/synth_org/reshape/results/asap7/reshape/base/5_2_route.odb
Elapsed time: 0:01.84[h:]min:sec. CPU time: user 2.19 sys 0.45 (143%). Peak memory: 944612KB.
Log                       Ext     Elapsed/s Peak Memory/MB sha1sum result [0:20)
5_2_route                 .odb            1            922 edf2f2d3c95def4119f6
/home/matheus-grossi/OpenROAD/OpenROAD-flow-scripts/flow/scripts/flow.sh 5_3_fillcell fillcell
Running fillcell.tcl, stage 5_3_fillcell
source /home/matheus-grossi/OpenROAD/OpenROAD-flow-scripts/flow/platforms/asap7/liberty_suppressions.tcl
read_liberty /home/matheus-grossi/OpenROAD/OpenROAD-flow-scripts/flow/platforms/asap7/lib/NLDM/asap7sc7p5t_AO_RVT_FF_nldm_211120.lib.gz
read_liberty /home/matheus-grossi/OpenROAD/OpenROAD-flow-scripts/flow/platforms/asap7/lib/NLDM/asap7sc7p5t_INVBUF_RVT_FF_nldm_220122.lib.gz
read_liberty /home/matheus-grossi/OpenROAD/OpenROAD-flow-scripts/flow/platforms/asap7/lib/NLDM/asap7sc7p5t_OA_RVT_FF_nldm_211120.lib.gz
read_liberty /home/matheus-grossi/OpenROAD/OpenROAD-flow-scripts/flow/platforms/asap7/lib/NLDM/asap7sc7p5t_SIMPLE_RVT_FF_nldm_211120.lib.gz
read_liberty /home/matheus-grossi/OpenROAD/OpenROAD-flow-scripts/flow/platforms/asap7/lib/NLDM/asap7sc7p5t_SEQ_RVT_FF_nldm_220123.lib
read_db /home/matheus-grossi/Projects/CNN/CNN/synth_org/reshape/results/asap7/reshape/base/5_2_route.odb
read_sdc /home/matheus-grossi/Projects/CNN/CNN/synth_org/reshape/results/asap7/reshape/base/5_1_grt.sdc
source /home/matheus-grossi/OpenROAD/OpenROAD-flow-scripts/flow/platforms/asap7/setRC.tcl
[WARNING STA-0450] virtual clock virtual_clk can not be propagated.
filler_placement "FILLERxp5_ASAP7_75t_R FILLER_ASAP7_75t_R DECAPx1_ASAP7_75t_R DECAPx2_ASAP7_75t_R DECAPx4_ASAP7_75t_R DECAPx6_ASAP7_75t_R DECAPx10_ASAP7_75t_R"
[INFO DPL-0001] Placed 65 filler instances.
Design area 1 um^2 6% utilization.
write_db /home/matheus-grossi/Projects/CNN/CNN/synth_org/reshape/results/asap7/reshape/base/5_3_fillcell.odb
Elapsed time: 0:01.17[h:]min:sec. CPU time: user 1.09 sys 0.08 (99%). Peak memory: 198164KB.
Log                       Ext     Elapsed/s Peak Memory/MB sha1sum result [0:20)
5_3_fillcell              .odb            1            193 96a4421418469a858aa6
cp /home/matheus-grossi/Projects/CNN/CNN/synth_org/reshape/results/asap7/reshape/base/5_3_fillcell.odb /home/matheus-grossi/Projects/CNN/CNN/synth_org/reshape/results/asap7/reshape/base/5_route.odb
cp /home/matheus-grossi/Projects/CNN/CNN/synth_org/reshape/results/asap7/reshape/base/5_1_grt.sdc /home/matheus-grossi/Projects/CNN/CNN/synth_org/reshape/results/asap7/reshape/base/5_route.sdc
