
==========================================================================
cts final report_tns
--------------------------------------------------------------------------
tns max 0.00

==========================================================================
cts final report_wns
--------------------------------------------------------------------------
wns max 0.00

==========================================================================
cts final report_worst_slack
--------------------------------------------------------------------------
worst slack max 5441.47

==========================================================================
cts final report_clock_min_period
--------------------------------------------------------------------------
core_clk period_min = 4558.53 fmax = 219.37

==========================================================================
cts final report_clock_skew
--------------------------------------------------------------------------
Clock core_clk
  86.00 source latency gen_neurons[5].neuron.neuronMAC.mult[0][10]$_DFF_P_/CLK ^
 -74.55 target latency gen_neurons[5].neuron.neuronMAC.soma[0][10]$_DFF_P_/CLK ^
  -1.21 CRPR
--------------
  10.24 setup skew


==========================================================================
cts final report_checks -path_delay min
--------------------------------------------------------------------------
Startpoint: gen_neurons[0].neuron.neuronMAC.valid_pipe[0]$_SDFF_PP0_
            (rising edge-triggered flip-flop clocked by core_clk)
Endpoint: gen_neurons[0].neuron.neuronMAC.valid_pipe[1]$_SDFF_PP0_
          (rising edge-triggered flip-flop clocked by core_clk)
Path Group: core_clk
Path Type: min

Fanout     Cap    Slew   Delay    Time   Description
-----------------------------------------------------------------------------
                          0.00    0.00   clock core_clk (rise edge)
                          0.00    0.00   clock source latency
     1    9.28    0.00    0.00    0.00 ^ clk (in)
                                         clk (net)
                 13.64    4.30    4.30 ^ clkbuf_0_clk/A (BUFx16f_ASAP7_75t_R)
     2    7.09    7.79   16.22   20.52 ^ clkbuf_0_clk/Y (BUFx16f_ASAP7_75t_R)
                                         clknet_0_clk (net)
                  8.17    0.85   21.37 ^ clkbuf_1_0__f_clk/A (BUFx16f_ASAP7_75t_R)
    15   48.38   29.58   20.55   41.92 ^ clkbuf_1_0__f_clk/Y (BUFx16f_ASAP7_75t_R)
                                         clknet_1_0__leaf_clk (net)
                 34.76    6.35   48.28 ^ clkbuf_leaf_19_clk/A (BUFx24_ASAP7_75t_R)
    18   14.17   12.28   26.17   74.44 ^ clkbuf_leaf_19_clk/Y (BUFx24_ASAP7_75t_R)
                                         clknet_leaf_19_clk (net)
                 12.58    0.96   75.40 ^ gen_neurons[0].neuron.neuronMAC.valid_pipe[0]$_SDFF_PP0_/CLK (DFFHQNx1_ASAP7_75t_R)
     1    0.88   13.38   36.72  112.12 ^ gen_neurons[0].neuron.neuronMAC.valid_pipe[0]$_SDFF_PP0_/QN (DFFHQNx1_ASAP7_75t_R)
                                         _00151_ (net)
                 13.38    0.03  112.15 ^ _19505_/A (NOR2x1_ASAP7_75t_R)
     1    0.60    5.66    8.92  121.07 v _19505_/Y (NOR2x1_ASAP7_75t_R)
                                         _09083_ (net)
                  5.66    0.02  121.09 v gen_neurons[0].neuron.neuronMAC.valid_pipe[1]$_SDFF_PP0_/D (DFFHQNx1_ASAP7_75t_R)
                                121.09   data arrival time

                          0.00    0.00   clock core_clk (rise edge)
                          0.00    0.00   clock source latency
     1    9.94    0.00    0.00    0.00 ^ clk (in)
                                         clk (net)
                 15.24    4.81    4.81 ^ clkbuf_0_clk/A (BUFx16f_ASAP7_75t_R)
     2    8.41    8.55   16.92   21.73 ^ clkbuf_0_clk/Y (BUFx16f_ASAP7_75t_R)
                                         clknet_0_clk (net)
                  9.04    1.04   22.78 ^ clkbuf_1_0__f_clk/A (BUFx16f_ASAP7_75t_R)
    15   57.39   34.43   21.87   44.65 ^ clkbuf_1_0__f_clk/Y (BUFx16f_ASAP7_75t_R)
                                         clknet_1_0__leaf_clk (net)
                 40.74    7.53   52.18 ^ clkbuf_leaf_19_clk/A (BUFx24_ASAP7_75t_R)
    18   16.92   13.67   28.05   80.23 ^ clkbuf_leaf_19_clk/Y (BUFx24_ASAP7_75t_R)
                                         clknet_leaf_19_clk (net)
                 14.03    1.12   81.35 ^ gen_neurons[0].neuron.neuronMAC.valid_pipe[1]$_SDFF_PP0_/CLK (DFFHQNx1_ASAP7_75t_R)
                         -5.79   75.57   clock reconvergence pessimism
                         12.14   87.70   library hold time
                                 87.70   data required time
-----------------------------------------------------------------------------
                                 87.70   data required time
                               -121.09   data arrival time
-----------------------------------------------------------------------------
                                 33.39   slack (MET)



==========================================================================
cts final report_checks -path_delay max
--------------------------------------------------------------------------
Startpoint: b[15] (input port clocked by core_clk)
Endpoint: z[9] (output port clocked by core_clk)
Path Group: core_clk
Path Type: max

Fanout     Cap    Slew   Delay    Time   Description
-----------------------------------------------------------------------------
                          0.00    0.00   clock core_clk (rise edge)
                          0.00    0.00   clock network delay (propagated)
                       2000.00 2000.00 ^ input external delay
     1    1.24    0.00    0.00 2000.00 ^ b[15] (in)
                                         b[15] (net)
                  0.26    0.08 2000.08 ^ input17/A (BUFx2_ASAP7_75t_R)
    10   12.98   43.48   26.80 2026.88 ^ input17/Y (BUFx2_ASAP7_75t_R)
                                         net16 (net)
                 43.56    1.07 2027.95 ^ _21276_/A (HAxp5_ASAP7_75t_R)
    10    9.78  167.26  127.59 2155.55 v _21276_/SN (HAxp5_ASAP7_75t_R)
                                         _08088_ (net)
                167.26    0.31 2155.86 v _14928_/A (OR3x1_ASAP7_75t_R)
     4    2.97   22.21   51.65 2207.51 v _14928_/Y (OR3x1_ASAP7_75t_R)
                                         _10053_ (net)
                 22.21    0.12 2207.62 v _14929_/C (OR3x1_ASAP7_75t_R)
     2    1.87   17.30   26.42 2234.05 v _14929_/Y (OR3x1_ASAP7_75t_R)
                                         _10054_ (net)
                 17.30    0.08 2234.13 v _14937_/A2 (OAI21x1_ASAP7_75t_R)
     1    1.17   14.93   11.43 2245.56 ^ _14937_/Y (OAI21x1_ASAP7_75t_R)
                                         _10062_ (net)
                 14.93    0.06 2245.62 ^ _14945_/A1 (AO211x2_ASAP7_75t_R)
    11    9.05   33.66   34.48 2280.10 ^ _14945_/Y (AO211x2_ASAP7_75t_R)
                                         _10070_ (net)
                 34.01    1.92 2282.01 ^ _14957_/B (AND2x2_ASAP7_75t_R)
     1    1.20    8.24   20.71 2302.72 ^ _14957_/Y (AND2x2_ASAP7_75t_R)
                                         gen_neurons[8].neuron.activationFunction.out[0] (net)
                  8.24    0.05 2302.77 ^ _21182_/A (HAxp5_ASAP7_75t_R)
     3    3.07   35.94   19.03 2321.81 v _21182_/CON (HAxp5_ASAP7_75t_R)
                                         _07855_ (net)
                 35.95    0.09 2321.90 v _19148_/A (NOR2x1_ASAP7_75t_R)
     3    3.09   25.20   19.56 2341.46 ^ _19148_/Y (NOR2x1_ASAP7_75t_R)
                                         _11630_ (net)
                 25.20    0.11 2341.57 ^ _19149_/B (NAND2x1_ASAP7_75t_R)
     1    0.69    9.89    7.81 2349.38 v _19149_/Y (NAND2x1_ASAP7_75t_R)
                                         _11631_ (net)
                  9.89    0.02 2349.41 v _19150_/D (OR4x1_ASAP7_75t_R)
     4    4.19   28.34   37.23 2386.64 v _19150_/Y (OR4x1_ASAP7_75t_R)
                                         _11632_ (net)
                 28.36    0.37 2387.01 v _19164_/C (OR5x1_ASAP7_75t_R)
     3    2.56   21.66   40.98 2427.99 v _19164_/Y (OR5x1_ASAP7_75t_R)
                                         _11646_ (net)
                 21.66    0.12 2428.11 v _19187_/B (OR3x1_ASAP7_75t_R)
     1    0.57    7.80   22.24 2450.35 v _19187_/Y (OR3x1_ASAP7_75t_R)
                                         _11669_ (net)
                  7.80    0.02 2450.38 v _19189_/B (OA211x2_ASAP7_75t_R)
     1    0.86    9.59   25.29 2475.66 v _19189_/Y (OA211x2_ASAP7_75t_R)
                                         _11671_ (net)
                  9.59    0.04 2475.71 v _19221_/A (OR4x1_ASAP7_75t_R)
     7    5.35   34.14   36.72 2512.43 v _19221_/Y (OR4x1_ASAP7_75t_R)
                                         _11703_ (net)
                 34.17    0.62 2513.05 v _19243_/B (AO21x1_ASAP7_75t_R)
     1    0.82    8.09   20.77 2533.82 v _19243_/Y (AO21x1_ASAP7_75t_R)
                                         _11720_ (net)
                  8.09    0.04 2533.86 v _19244_/B (OA21x2_ASAP7_75t_R)
     1    0.62    6.56   12.32 2546.19 v _19244_/Y (OA21x2_ASAP7_75t_R)
                                         net338 (net)
                  6.56    0.02 2546.21 v output339/A (BUFx2_ASAP7_75t_R)
     1    0.40    4.47   12.30 2558.51 v output339/Y (BUFx2_ASAP7_75t_R)
                                         z[9] (net)
                  4.47    0.02 2558.53 v z[9] (out)
                               2558.53   data arrival time

                       10000.00 10000.00   clock core_clk (rise edge)
                          0.00 10000.00   clock network delay (propagated)
                          0.00 10000.00   clock reconvergence pessimism
                       -2000.00 8000.00   output external delay
                               8000.00   data required time
-----------------------------------------------------------------------------
                               8000.00   data required time
                               -2558.53   data arrival time
-----------------------------------------------------------------------------
                               5441.47   slack (MET)



==========================================================================
cts final report_checks -unconstrained
--------------------------------------------------------------------------
Startpoint: b[15] (input port clocked by core_clk)
Endpoint: z[9] (output port clocked by core_clk)
Path Group: core_clk
Path Type: max

Fanout     Cap    Slew   Delay    Time   Description
-----------------------------------------------------------------------------
                          0.00    0.00   clock core_clk (rise edge)
                          0.00    0.00   clock network delay (propagated)
                       2000.00 2000.00 ^ input external delay
     1    1.24    0.00    0.00 2000.00 ^ b[15] (in)
                                         b[15] (net)
                  0.26    0.08 2000.08 ^ input17/A (BUFx2_ASAP7_75t_R)
    10   12.98   43.48   26.80 2026.88 ^ input17/Y (BUFx2_ASAP7_75t_R)
                                         net16 (net)
                 43.56    1.07 2027.95 ^ _21276_/A (HAxp5_ASAP7_75t_R)
    10    9.78  167.26  127.59 2155.55 v _21276_/SN (HAxp5_ASAP7_75t_R)
                                         _08088_ (net)
                167.26    0.31 2155.86 v _14928_/A (OR3x1_ASAP7_75t_R)
     4    2.97   22.21   51.65 2207.51 v _14928_/Y (OR3x1_ASAP7_75t_R)
                                         _10053_ (net)
                 22.21    0.12 2207.62 v _14929_/C (OR3x1_ASAP7_75t_R)
     2    1.87   17.30   26.42 2234.05 v _14929_/Y (OR3x1_ASAP7_75t_R)
                                         _10054_ (net)
                 17.30    0.08 2234.13 v _14937_/A2 (OAI21x1_ASAP7_75t_R)
     1    1.17   14.93   11.43 2245.56 ^ _14937_/Y (OAI21x1_ASAP7_75t_R)
                                         _10062_ (net)
                 14.93    0.06 2245.62 ^ _14945_/A1 (AO211x2_ASAP7_75t_R)
    11    9.05   33.66   34.48 2280.10 ^ _14945_/Y (AO211x2_ASAP7_75t_R)
                                         _10070_ (net)
                 34.01    1.92 2282.01 ^ _14957_/B (AND2x2_ASAP7_75t_R)
     1    1.20    8.24   20.71 2302.72 ^ _14957_/Y (AND2x2_ASAP7_75t_R)
                                         gen_neurons[8].neuron.activationFunction.out[0] (net)
                  8.24    0.05 2302.77 ^ _21182_/A (HAxp5_ASAP7_75t_R)
     3    3.07   35.94   19.03 2321.81 v _21182_/CON (HAxp5_ASAP7_75t_R)
                                         _07855_ (net)
                 35.95    0.09 2321.90 v _19148_/A (NOR2x1_ASAP7_75t_R)
     3    3.09   25.20   19.56 2341.46 ^ _19148_/Y (NOR2x1_ASAP7_75t_R)
                                         _11630_ (net)
                 25.20    0.11 2341.57 ^ _19149_/B (NAND2x1_ASAP7_75t_R)
     1    0.69    9.89    7.81 2349.38 v _19149_/Y (NAND2x1_ASAP7_75t_R)
                                         _11631_ (net)
                  9.89    0.02 2349.41 v _19150_/D (OR4x1_ASAP7_75t_R)
     4    4.19   28.34   37.23 2386.64 v _19150_/Y (OR4x1_ASAP7_75t_R)
                                         _11632_ (net)
                 28.36    0.37 2387.01 v _19164_/C (OR5x1_ASAP7_75t_R)
     3    2.56   21.66   40.98 2427.99 v _19164_/Y (OR5x1_ASAP7_75t_R)
                                         _11646_ (net)
                 21.66    0.12 2428.11 v _19187_/B (OR3x1_ASAP7_75t_R)
     1    0.57    7.80   22.24 2450.35 v _19187_/Y (OR3x1_ASAP7_75t_R)
                                         _11669_ (net)
                  7.80    0.02 2450.38 v _19189_/B (OA211x2_ASAP7_75t_R)
     1    0.86    9.59   25.29 2475.66 v _19189_/Y (OA211x2_ASAP7_75t_R)
                                         _11671_ (net)
                  9.59    0.04 2475.71 v _19221_/A (OR4x1_ASAP7_75t_R)
     7    5.35   34.14   36.72 2512.43 v _19221_/Y (OR4x1_ASAP7_75t_R)
                                         _11703_ (net)
                 34.17    0.62 2513.05 v _19243_/B (AO21x1_ASAP7_75t_R)
     1    0.82    8.09   20.77 2533.82 v _19243_/Y (AO21x1_ASAP7_75t_R)
                                         _11720_ (net)
                  8.09    0.04 2533.86 v _19244_/B (OA21x2_ASAP7_75t_R)
     1    0.62    6.56   12.32 2546.19 v _19244_/Y (OA21x2_ASAP7_75t_R)
                                         net338 (net)
                  6.56    0.02 2546.21 v output339/A (BUFx2_ASAP7_75t_R)
     1    0.40    4.47   12.30 2558.51 v output339/Y (BUFx2_ASAP7_75t_R)
                                         z[9] (net)
                  4.47    0.02 2558.53 v z[9] (out)
                               2558.53   data arrival time

                       10000.00 10000.00   clock core_clk (rise edge)
                          0.00 10000.00   clock network delay (propagated)
                          0.00 10000.00   clock reconvergence pessimism
                       -2000.00 8000.00   output external delay
                               8000.00   data required time
-----------------------------------------------------------------------------
                               8000.00   data required time
                               -2558.53   data arrival time
-----------------------------------------------------------------------------
                               5441.47   slack (MET)



==========================================================================
cts final report_check_types -max_slew -max_cap -max_fanout -violators
--------------------------------------------------------------------------

==========================================================================
cts final max_slew_check_slack
--------------------------------------------------------------------------
138.2445068359375

==========================================================================
cts final max_slew_check_limit
--------------------------------------------------------------------------
320.0

==========================================================================
cts final max_slew_check_slack_limit
--------------------------------------------------------------------------
0.4320

==========================================================================
cts final max_fanout_check_slack
--------------------------------------------------------------------------
1.0000000150474662e+30

==========================================================================
cts final max_fanout_check_limit
--------------------------------------------------------------------------
1.0000000150474662e+30

==========================================================================
cts final max_capacitance_check_slack
--------------------------------------------------------------------------
12.958977699279785

==========================================================================
cts final max_capacitance_check_limit
--------------------------------------------------------------------------
23.040000915527344

==========================================================================
cts final max_capacitance_check_slack_limit
--------------------------------------------------------------------------
0.5625

==========================================================================
cts final max_slew_violation_count
--------------------------------------------------------------------------
max slew violation count 0

==========================================================================
cts final max_fanout_violation_count
--------------------------------------------------------------------------
max fanout violation count 0

==========================================================================
cts final max_cap_violation_count
--------------------------------------------------------------------------
max cap violation count 0

==========================================================================
cts final setup_violation_count
--------------------------------------------------------------------------
setup violation count 0

==========================================================================
cts final hold_violation_count
--------------------------------------------------------------------------
hold violation count 0

==========================================================================
cts final report_checks -path_delay max reg to reg
--------------------------------------------------------------------------
Startpoint: gen_neurons[4].neuron.neuronMAC.mult[0][17]$_DFF_P_
            (rising edge-triggered flip-flop clocked by core_clk)
Endpoint: gen_neurons[4].neuron.neuronMAC.soma[0][14]$_DFF_P_
          (rising edge-triggered flip-flop clocked by core_clk)
Path Group: core_clk
Path Type: max

  Delay    Time   Description
---------------------------------------------------------
   0.00    0.00   clock core_clk (rise edge)
   0.00    0.00   clock source latency
   0.00    0.00 ^ clk (in)
  21.73   21.73 ^ clkbuf_0_clk/Y (BUFx16f_ASAP7_75t_R)
  22.91   44.65 ^ clkbuf_1_0__f_clk/Y (BUFx16f_ASAP7_75t_R)
  31.26   75.91 ^ clkbuf_leaf_1_clk/Y (BUFx24_ASAP7_75t_R)
   1.67   77.58 ^ gen_neurons[4].neuron.neuronMAC.mult[0][17]$_DFF_P_/CLK (DFFHQNx1_ASAP7_75t_R)
  35.52  113.10 v gen_neurons[4].neuron.neuronMAC.mult[0][17]$_DFF_P_/QN (DFFHQNx1_ASAP7_75t_R)
   8.33  121.44 ^ _18731_/Y (INVx1_ASAP7_75t_R)
  13.40  134.83 v _21031_/CON (HAxp5_ASAP7_75t_R)
  13.13  147.97 ^ _12060_/Y (INVx1_ASAP7_75t_R)
  19.30  167.27 v _20104_/CON (FAx1_ASAP7_75t_R)
  22.21  189.48 v _13396_/Y (OA21x2_ASAP7_75t_R)
  18.68  208.16 v _13397_/Y (OA21x2_ASAP7_75t_R)
  17.33  225.48 v _13398_/Y (OA21x2_ASAP7_75t_R)
  18.67  244.16 v _13399_/Y (OA21x2_ASAP7_75t_R)
  18.70  262.86 v _13400_/Y (OA21x2_ASAP7_75t_R)
  22.94  285.80 v _13403_/Y (OA222x2_ASAP7_75t_R)
  17.55  303.35 v _13404_/Y (AND4x1_ASAP7_75t_R)
  25.82  329.17 v _13407_/Y (OR4x1_ASAP7_75t_R)
  29.78  358.95 v _13408_/Y (OA211x2_ASAP7_75t_R)
  25.46  384.40 ^ _13431_/Y (XOR2x2_ASAP7_75t_R)
   0.06  384.46 ^ gen_neurons[4].neuron.neuronMAC.soma[0][14]$_DFF_P_/D (DFFHQNx1_ASAP7_75t_R)
         384.46   data arrival time

10000.00 10000.00   clock core_clk (rise edge)
   0.00 10000.00   clock source latency
   0.00 10000.00 ^ clk (in)
  20.52 10020.52 ^ clkbuf_0_clk/Y (BUFx16f_ASAP7_75t_R)
  21.48 10042.00 ^ clkbuf_1_1__f_clk/Y (BUFx16f_ASAP7_75t_R)
  29.41 10071.41 ^ clkbuf_leaf_2_clk/Y (BUFx24_ASAP7_75t_R)
   0.49 10071.90 ^ gen_neurons[4].neuron.neuronMAC.soma[0][14]$_DFF_P_/CLK (DFFHQNx1_ASAP7_75t_R)
   1.21 10073.11   clock reconvergence pessimism
  -5.76 10067.35   library setup time
        10067.35   data required time
---------------------------------------------------------
        10067.35   data required time
        -384.46   data arrival time
---------------------------------------------------------
        9682.88   slack (MET)



==========================================================================
cts final report_checks -path_delay min reg to reg
--------------------------------------------------------------------------
Startpoint: gen_neurons[0].neuron.neuronMAC.valid_pipe[0]$_SDFF_PP0_
            (rising edge-triggered flip-flop clocked by core_clk)
Endpoint: gen_neurons[0].neuron.neuronMAC.valid_pipe[1]$_SDFF_PP0_
          (rising edge-triggered flip-flop clocked by core_clk)
Path Group: core_clk
Path Type: min

  Delay    Time   Description
---------------------------------------------------------
   0.00    0.00   clock core_clk (rise edge)
   0.00    0.00   clock source latency
   0.00    0.00 ^ clk (in)
  20.52   20.52 ^ clkbuf_0_clk/Y (BUFx16f_ASAP7_75t_R)
  21.40   41.92 ^ clkbuf_1_0__f_clk/Y (BUFx16f_ASAP7_75t_R)
  32.52   74.44 ^ clkbuf_leaf_19_clk/Y (BUFx24_ASAP7_75t_R)
   0.96   75.40 ^ gen_neurons[0].neuron.neuronMAC.valid_pipe[0]$_SDFF_PP0_/CLK (DFFHQNx1_ASAP7_75t_R)
  36.72  112.12 ^ gen_neurons[0].neuron.neuronMAC.valid_pipe[0]$_SDFF_PP0_/QN (DFFHQNx1_ASAP7_75t_R)
   8.95  121.07 v _19505_/Y (NOR2x1_ASAP7_75t_R)
   0.02  121.09 v gen_neurons[0].neuron.neuronMAC.valid_pipe[1]$_SDFF_PP0_/D (DFFHQNx1_ASAP7_75t_R)
         121.09   data arrival time

   0.00    0.00   clock core_clk (rise edge)
   0.00    0.00   clock source latency
   0.00    0.00 ^ clk (in)
  21.73   21.73 ^ clkbuf_0_clk/Y (BUFx16f_ASAP7_75t_R)
  22.91   44.65 ^ clkbuf_1_0__f_clk/Y (BUFx16f_ASAP7_75t_R)
  35.58   80.23 ^ clkbuf_leaf_19_clk/Y (BUFx24_ASAP7_75t_R)
   1.12   81.35 ^ gen_neurons[0].neuron.neuronMAC.valid_pipe[1]$_SDFF_PP0_/CLK (DFFHQNx1_ASAP7_75t_R)
  -5.79   75.57   clock reconvergence pessimism
  12.14   87.70   library hold time
          87.70   data required time
---------------------------------------------------------
          87.70   data required time
        -121.09   data arrival time
---------------------------------------------------------
          33.39   slack (MET)



==========================================================================
cts final critical path target clock latency max path
--------------------------------------------------------------------------
70.0458

==========================================================================
cts final critical path target clock latency min path
--------------------------------------------------------------------------
81.3539

==========================================================================
cts final critical path source clock latency min path
--------------------------------------------------------------------------
0.0000

==========================================================================
cts final critical path delay
--------------------------------------------------------------------------
2558.5283

==========================================================================
cts final critical path slack
--------------------------------------------------------------------------
5441.4712

==========================================================================
cts final slack div critical path delay
--------------------------------------------------------------------------
212.679735

==========================================================================
cts final report_power
--------------------------------------------------------------------------
Group                  Internal  Switching    Leakage      Total
                          Power      Power      Power      Power (Watts)
----------------------------------------------------------------
Sequential             1.64e-04   1.12e-05   7.46e-08   1.75e-04  13.8%
Combinational          5.45e-04   4.67e-04   7.24e-07   1.01e-03  79.8%
Clock                  5.01e-05   3.17e-05   1.79e-08   8.18e-05   6.4%
Macro                  0.00e+00   0.00e+00   0.00e+00   0.00e+00   0.0%
Pad                    0.00e+00   0.00e+00   0.00e+00   0.00e+00   0.0%
----------------------------------------------------------------
Total                  7.59e-04   5.09e-04   8.17e-07   1.27e-03 100.0%
                          59.8%      40.1%       0.1%
