OpenROAD 26Q3-2056-g41a28926b9 
Features included (+) or not (-): +GPU +GUI +Python
This program is licensed under the BSD-3 license. See the LICENSE file for details.
Components of this program may be licensed under more restrictive licenses which must be honored.
[INFO ORD-0030] Using 12 thread(s).
source /home/matheus-grossi/OpenROAD/OpenROAD-flow-scripts/flow/platforms/asap7/liberty_suppressions.tcl
read_liberty /home/matheus-grossi/OpenROAD/OpenROAD-flow-scripts/flow/platforms/asap7/lib/NLDM/asap7sc7p5t_AO_RVT_FF_nldm_211120.lib.gz
read_liberty /home/matheus-grossi/OpenROAD/OpenROAD-flow-scripts/flow/platforms/asap7/lib/NLDM/asap7sc7p5t_INVBUF_RVT_FF_nldm_220122.lib.gz
read_liberty /home/matheus-grossi/OpenROAD/OpenROAD-flow-scripts/flow/platforms/asap7/lib/NLDM/asap7sc7p5t_OA_RVT_FF_nldm_211120.lib.gz
read_liberty /home/matheus-grossi/OpenROAD/OpenROAD-flow-scripts/flow/platforms/asap7/lib/NLDM/asap7sc7p5t_SIMPLE_RVT_FF_nldm_211120.lib.gz
read_liberty /home/matheus-grossi/OpenROAD/OpenROAD-flow-scripts/flow/platforms/asap7/lib/NLDM/asap7sc7p5t_SEQ_RVT_FF_nldm_220123.lib
read_db /home/matheus-grossi/Projects/CNN/CNN/synth_org/fully_connected/results/asap7/fully_connected/base/4_cts.odb
read_sdc /home/matheus-grossi/Projects/CNN/CNN/synth_org/fully_connected/results/asap7/fully_connected/base/4_cts.sdc
source /home/matheus-grossi/OpenROAD/OpenROAD-flow-scripts/flow/platforms/asap7/setRC.tcl
pin_access
[INFO DRT-0149] Reading tech and libs.

Units:                1000
Number of layers:     21
Number of macros:     212
Number of vias:       14
Number of viarulegen: 11

[INFO DRT-0150] Reading design.

Design:                   FCLayer
Die area:                 ( 0 0 ) ( 56540 56540 )
Number of track patterns: 32
Number of DEF vias:       0
Number of components:     11122
Number of terminals:      342
Number of snets:          2
Number of nets:           12801

[INFO DRT-0167] List of default vias:
  Layer V2
    default via: VIA23
  Layer V3
    default via: VIA34
  Layer V4
    default via: VIA45
  Layer V5
    default via: VIA56
  Layer V6
    default via: VIA67
  Layer V7
    default via: VIA78
  Layer V8
    default via: VIA89
  Layer V9
    default via: VIA9Pad
[INFO DRT-0162] Library cell analysis.
[INFO DRT-0163] Instance analysis.
[INFO DRT-0164] Number of unique instances = 171.
[INFO DRT-0168] Init region query.
[INFO DRT-0024]   Complete Active.
[INFO DRT-0024]   Complete V0.
[INFO DRT-0024]   Complete M1.
[INFO DRT-0024]   Complete V1.
[INFO DRT-0024]   Complete M2.
[INFO DRT-0024]   Complete V2.
[INFO DRT-0024]   Complete M3.
[INFO DRT-0024]   Complete V3.
[INFO DRT-0024]   Complete M4.
[INFO DRT-0024]   Complete V4.
[INFO DRT-0024]   Complete M5.
[INFO DRT-0024]   Complete V5.
[INFO DRT-0024]   Complete M6.
[INFO DRT-0024]   Complete V6.
[INFO DRT-0024]   Complete M7.
[INFO DRT-0024]   Complete V7.
[INFO DRT-0024]   Complete M8.
[INFO DRT-0024]   Complete V8.
[INFO DRT-0024]   Complete M9.
[INFO DRT-0024]   Complete V9.
[INFO DRT-0024]   Complete Pad.
[INFO DRT-0033] Active shape region query size = 0.
[INFO DRT-0033] V0 shape region query size = 0.
[INFO DRT-0033] M1 shape region query size = 181817.
[INFO DRT-0033] V1 shape region query size = 301288.
[INFO DRT-0033] M2 shape region query size = 8381.
[INFO DRT-0033] V2 shape region query size = 5850.
[INFO DRT-0033] M3 shape region query size = 5850.
[INFO DRT-0033] V3 shape region query size = 3900.
[INFO DRT-0033] M4 shape region query size = 4064.
[INFO DRT-0033] V4 shape region query size = 3900.
[INFO DRT-0033] M5 shape region query size = 2346.
[INFO DRT-0033] V5 shape region query size = 400.
[INFO DRT-0033] M6 shape region query size = 240.
[INFO DRT-0033] V6 shape region query size = 0.
[INFO DRT-0033] M7 shape region query size = 0.
[INFO DRT-0033] V7 shape region query size = 0.
[INFO DRT-0033] M8 shape region query size = 0.
[INFO DRT-0033] V8 shape region query size = 0.
[INFO DRT-0033] M9 shape region query size = 0.
[INFO DRT-0033] V9 shape region query size = 0.
[INFO DRT-0033] Pad shape region query size = 0.
[INFO DRT-0165] Start pin access.
[INFO DRT-0078]   Complete 995 pins.
[INFO DRT-0079]   Complete 100 unique inst patterns.
[INFO DRT-0081]   Complete 171 unique inst patterns.
[INFO DRT-0084]   Complete 6245 groups.
#scanned instances     = 11122
#unique  instances     = 171
#stdCellGenAp          = 4866
#stdCellValidPlanarAp  = 62
#stdCellValidViaAp     = 3979
#stdCellPinNoAp        = 0
#stdCellPinCnt         = 33001
#instTermValidViaApCnt = 0
#macroGenAp            = 0
#macroValidPlanarAp    = 0
#macroValidViaAp       = 0
#macroNoAp             = 0
[INFO DRT-0166] Complete pin access.
[INFO DRT-0267] cpu time = 00:02:56, elapsed time = 00:00:16, memory = 250.43 (MB), peak = 248.94 (MB)
Took 17 seconds: pin_access
global_route -congestion_report_file /home/matheus-grossi/Projects/CNN/CNN/synth_org/fully_connected/reports/asap7/fully_connected/base/congestion.rpt -congestion_iterations 30 -congestion_report_iter_step 5 -verbose -resistance_aware
[INFO GRT-0020] Min routing layer: M2
[INFO GRT-0021] Max routing layer: M7
[INFO GRT-0022] Global adjustment: 0%
[INFO GRT-0023] Grid origin: (0, 0)
[INFO GRT-0088] Layer M1      Track-Pitch = 0.0360  line-2-Via Pitch: 0.0360
[INFO GRT-0088] Layer M2      Track-Pitch = 0.0390  line-2-Via Pitch: 0.0360
[INFO GRT-0088] Layer M3      Track-Pitch = 0.0360  line-2-Via Pitch: 0.0360
[INFO GRT-0088] Layer M4      Track-Pitch = 0.0480  line-2-Via Pitch: 0.0480
[INFO GRT-0088] Layer M5      Track-Pitch = 0.0480  line-2-Via Pitch: 0.0480
[INFO GRT-0088] Layer M6      Track-Pitch = 0.0640  line-2-Via Pitch: 0.0640
[INFO GRT-0088] Layer M7      Track-Pitch = 0.0640  line-2-Via Pitch: 0.0640
[INFO GRT-0003] Macros: 0
[INFO GRT-0004] Blockages: 1476
[INFO GRT-0019] Found 32 clock nets.
[INFO GRT-0001] Minimum degree: 2
[INFO GRT-0002] Maximum degree: 49

[INFO GRT-0053] Routing resources analysis:
          Routing      Original      Derated      Resource
Layer     Direction    Resources     Resources    Reduction (%)
---------------------------------------------------------------
M1         Vertical            0             0          0.00%
M2         Horizontal     128303         91517          28.67%
M3         Vertical       148867        110791          25.58%
M4         Horizontal     114026         84822          25.61%
M5         Vertical       110444         82069          25.69%
M6         Horizontal      77242         52514          32.01%
M7         Vertical        86534         58310          32.62%
---------------------------------------------------------------

[INFO GRT-0197] Via related to pin nodes: 56909
[INFO GRT-0198] Via related Steiner nodes: 676
[INFO GRT-0199] Via filling finished.
[INFO GRT-0111] Final number of vias: 71956
[INFO GRT-0112] Final usage 3D: 254719

[INFO GRT-0096] Final congestion report:
Layer         Resource        Demand        Usage (%)    Max H / Max V / Total Congestion
---------------------------------------------------------------------------------------
M1                   0             0            0.00%             0 /  0 /  0
M2               91517         16794           18.35%             0 /  0 /  0
M3              110791         17506           15.80%             0 /  0 /  0
M4               84822          2249            2.65%             0 /  0 /  0
M5               82069          1126            1.37%             0 /  0 /  0
M6               52514           600            1.14%             0 /  0 /  0
M7               58310           576            0.99%             0 /  0 /  0
---------------------------------------------------------------------------------------
Total           480023         38851            8.09%             0 /  0 /  0

[INFO GRT-0018] Total wirelength: 34214 um
[INFO GRT-0014] Routed nets: 12801
[INFO GRT-0303] Global routing runtime = 00:00:02
estimate_parasitics -global_routing
Perform buffer insertion and gate resizing...
repair_design -verbose
Iteration |   Area    | Resized | Buffers | Nets repaired | Remaining
---------------------------------------------------------------------
        0 |     +0.0% |       0 |       0 |             0 |     12827
     1000 |     +0.0% |       0 |       0 |             0 |     11827
     2000 |     +0.0% |       0 |       0 |             0 |     10827
     3000 |     +0.0% |       0 |       0 |             0 |      9827
     4000 |     +0.0% |       0 |       0 |             0 |      8827
     5000 |     +0.0% |       0 |       0 |             0 |      7827
     6000 |     +0.0% |       0 |       0 |             0 |      6827
     7000 |     +0.0% |       0 |       0 |             0 |      5827
     8000 |     +0.0% |       0 |       0 |             0 |      4827
     9000 |     +0.0% |       0 |       0 |             0 |      3827
    10000 |     +0.0% |       0 |       0 |             0 |      2827
    11000 |     +0.0% |       0 |       0 |             0 |      1827
    12000 |     +0.0% |       0 |       0 |             0 |       827
    final |     +0.0% |       0 |       0 |             0 |         0
---------------------------------------------------------------------
[INFO RSZ-0504] Runtime: 1.05s
global_route -start_incremental
detailed_placement
[INFO DPL-0006] Core area: 2749.32 um^2
[INFO DPL-0007] Movable instances area: 1134.24 um^2
[INFO DPL-0008] Fixed instances area within core: 17.03 um^2
[INFO DPL-0009] Utilization: 41.9%
[INFO DPL-0005] Diamond search max displacement: +/- 500 sites horizontally, +/- 100 rows vertically.
[INFO DPL-1102] Legalizing using negotiation legalizer.
[INFO DPL-1103] Negotiation base search window: +/-20 sites horizontally, +/-5 rows vertically 
	Automatic search window extension enabled.
	Search window extendable up to the max displacement cap of +/-500 sites, +/-100 rows near walls.
[INFO DPL-1104] NegotiationLegalizer DRC penalty: 5.
[INFO DPL-0392] Negotiation cell height distribution (1 unique row-count(s)):
[INFO DPL-0393]   height 1 row(s): 11122 cells
[INFO DPL-0500] Runtime: 0.06s
Placement Analysis
---------------------------------
total displacement          0.0 u
average displacement        0.0 u
max displacement            0.0 u
original HPWL           18969.1 u
legalized HPWL          18969.1 u
delta HPWL                    0 %

global_route -end_incremental -resistance_aware -congestion_report_file /home/matheus-grossi/Projects/CNN/CNN/synth_org/fully_connected/reports/asap7/fully_connected/base/congestion_post_repair_design.rpt
Repair setup and hold violations...
estimate_parasitics -global_routing
repair_timing -setup_margin 0 -hold_margin 0 -repair_tns 100 -verbose
[INFO RSZ-0100] Repair move sequence: UnbufferMove SizeUpMove SwapPinsMove BufferMove CloneMove SplitLoadMove 
[INFO RSZ-0098] No setup violations found
[INFO RSZ-0505] Runtime: 0.31s
[INFO RSZ-0033] No hold violations found.
[INFO RSZ-0506] Runtime: 0.08s
global_route -start_incremental
detailed_placement
[INFO DPL-0006] Core area: 2749.32 um^2
[INFO DPL-0007] Movable instances area: 1134.24 um^2
[INFO DPL-0008] Fixed instances area within core: 17.03 um^2
[INFO DPL-0009] Utilization: 41.9%
[INFO DPL-0005] Diamond search max displacement: +/- 500 sites horizontally, +/- 100 rows vertically.
[INFO DPL-1102] Legalizing using negotiation legalizer.
[INFO DPL-1103] Negotiation base search window: +/-20 sites horizontally, +/-5 rows vertically 
	Automatic search window extension enabled.
	Search window extendable up to the max displacement cap of +/-500 sites, +/-100 rows near walls.
[INFO DPL-1104] NegotiationLegalizer DRC penalty: 5.
[INFO DPL-0392] Negotiation cell height distribution (1 unique row-count(s)):
[INFO DPL-0393]   height 1 row(s): 11122 cells
[INFO DPL-0500] Runtime: 0.07s
Placement Analysis
---------------------------------
total displacement          0.0 u
average displacement        0.0 u
max displacement            0.0 u
original HPWL           18969.1 u
legalized HPWL          18969.1 u
delta HPWL                    0 %

check_placement -verbose
global_route -end_incremental -resistance_aware -congestion_report_file /home/matheus-grossi/Projects/CNN/CNN/synth_org/fully_connected/reports/asap7/fully_connected/base/congestion_post_repair_timing.rpt
estimate_parasitics -global_routing
repair_timing -setup -sequence "vt_swap reroute" -skip_last_gasp -repair_tns 0 -verbose
[INFO RSZ-0100] Repair move sequence: RerouteMove 
[INFO RSZ-0098] No setup violations found
[INFO RSZ-0505] Runtime: 0.35s
Repair antennas...
[WARNING GRT-0246] No diode with LEF class CORE ANTENNACELL found.
[INFO ANT-0002] Found 0 net violations.
[INFO ANT-0001] Found 0 pin violations.
Estimate parasitics...
estimate_parasitics -global_routing
Report metrics stage 5, global route...

==========================================================================
global route report_design_area
--------------------------------------------------------------------------
Design area 1151 um^2 42% utilization.
[INFO FLW-0007] clock core_clk period 10000.000000
[INFO FLW-0008] Clock core_clk period 4347.988
[INFO FLW-0009] Clock core_clk slack 5423.171
write_sdc -no_timestamp /home/matheus-grossi/Projects/CNN/CNN/synth_org/fully_connected/results/asap7/fully_connected/base/updated_clks.sdc
[INFO FLW-0011] Path endpoint path count 589
write_db /home/matheus-grossi/Projects/CNN/CNN/synth_org/fully_connected/results/asap7/fully_connected/base/5_1_grt.odb
write_sdc -no_timestamp /home/matheus-grossi/Projects/CNN/CNN/synth_org/fully_connected/results/asap7/fully_connected/base/5_1_grt.sdc
Elapsed time: 0:25.93[h:]min:sec. CPU time: user 201.08 sys 2.24 (784%). Peak memory: 493836KB.
Log                       Ext     Elapsed/s Peak Memory/MB sha1sum result [0:20)
5_1_grt                   .odb           25            482 da510b2bf7056da70c98
5_1_grt                   .sdc                             d40b3d89c2f03ba4df89
