OpenROAD 26Q3-2056-g41a28926b9 
Features included (+) or not (-): +GPU +GUI +Python
This program is licensed under the BSD-3 license. See the LICENSE file for details.
Components of this program may be licensed under more restrictive licenses which must be honored.
[INFO ORD-0030] Using 12 thread(s).
source /home/matheus-grossi/OpenROAD/OpenROAD-flow-scripts/flow/platforms/asap7/liberty_suppressions.tcl
read_liberty /home/matheus-grossi/OpenROAD/OpenROAD-flow-scripts/flow/platforms/asap7/lib/NLDM/asap7sc7p5t_AO_RVT_FF_nldm_211120.lib.gz
read_liberty /home/matheus-grossi/OpenROAD/OpenROAD-flow-scripts/flow/platforms/asap7/lib/NLDM/asap7sc7p5t_INVBUF_RVT_FF_nldm_220122.lib.gz
read_liberty /home/matheus-grossi/OpenROAD/OpenROAD-flow-scripts/flow/platforms/asap7/lib/NLDM/asap7sc7p5t_OA_RVT_FF_nldm_211120.lib.gz
read_liberty /home/matheus-grossi/OpenROAD/OpenROAD-flow-scripts/flow/platforms/asap7/lib/NLDM/asap7sc7p5t_SIMPLE_RVT_FF_nldm_211120.lib.gz
read_liberty /home/matheus-grossi/OpenROAD/OpenROAD-flow-scripts/flow/platforms/asap7/lib/NLDM/asap7sc7p5t_SEQ_RVT_FF_nldm_220123.lib
read_db /home/matheus-grossi/Projects/CNN/CNN/synth_org/fully_connected/results/asap7/fully_connected/base/5_1_grt.odb
read_sdc /home/matheus-grossi/Projects/CNN/CNN/synth_org/fully_connected/results/asap7/fully_connected/base/5_1_grt.sdc
source /home/matheus-grossi/OpenROAD/OpenROAD-flow-scripts/flow/platforms/asap7/setRC.tcl
detailed_route -output_drc /home/matheus-grossi/Projects/CNN/CNN/synth_org/fully_connected/reports/asap7/fully_connected/base/5_route_drc.rpt -output_maze /home/matheus-grossi/Projects/CNN/CNN/synth_org/fully_connected/results/asap7/fully_connected/base/maze.log -droute_end_iter 64 -verbose 1 -drc_report_iter_step 5
[INFO DRT-0149] Reading tech and libs.

Units:                1000
Number of layers:     21
Number of macros:     212
Number of vias:       14
Number of viarulegen: 11

[INFO DRT-0150] Reading design.

Design:                   FCLayer
Die area:                 ( 0 0 ) ( 56540 56540 )
Number of track patterns: 32
Number of DEF vias:       0
Number of components:     11122
Number of terminals:      342
Number of snets:          2
Number of nets:           12801

[INFO DRT-0167] List of default vias:
  Layer V2
    default via: VIA23
  Layer V3
    default via: VIA34
  Layer V4
    default via: VIA45
  Layer V5
    default via: VIA56
  Layer V6
    default via: VIA67
  Layer V7
    default via: VIA78
  Layer V8
    default via: VIA89
  Layer V9
    default via: VIA9Pad
[INFO DRT-0162] Library cell analysis.
[INFO DRT-0163] Instance analysis.
[INFO DRT-0164] Number of unique instances = 171.
[INFO DRT-0168] Init region query.
[INFO DRT-0024]   Complete Active.
[INFO DRT-0024]   Complete V0.
[INFO DRT-0024]   Complete M1.
[INFO DRT-0024]   Complete V1.
[INFO DRT-0024]   Complete M2.
[INFO DRT-0024]   Complete V2.
[INFO DRT-0024]   Complete M3.
[INFO DRT-0024]   Complete V3.
[INFO DRT-0024]   Complete M4.
[INFO DRT-0024]   Complete V4.
[INFO DRT-0024]   Complete M5.
[INFO DRT-0024]   Complete V5.
[INFO DRT-0024]   Complete M6.
[INFO DRT-0024]   Complete V6.
[INFO DRT-0024]   Complete M7.
[INFO DRT-0024]   Complete V7.
[INFO DRT-0024]   Complete M8.
[INFO DRT-0024]   Complete V8.
[INFO DRT-0024]   Complete M9.
[INFO DRT-0024]   Complete V9.
[INFO DRT-0024]   Complete Pad.
[INFO DRT-0033] Active shape region query size = 0.
[INFO DRT-0033] V0 shape region query size = 0.
[INFO DRT-0033] M1 shape region query size = 181817.
[INFO DRT-0033] V1 shape region query size = 301288.
[INFO DRT-0033] M2 shape region query size = 8381.
[INFO DRT-0033] V2 shape region query size = 5850.
[INFO DRT-0033] M3 shape region query size = 5850.
[INFO DRT-0033] V3 shape region query size = 3900.
[INFO DRT-0033] M4 shape region query size = 4064.
[INFO DRT-0033] V4 shape region query size = 3900.
[INFO DRT-0033] M5 shape region query size = 2346.
[INFO DRT-0033] V5 shape region query size = 400.
[INFO DRT-0033] M6 shape region query size = 240.
[INFO DRT-0033] V6 shape region query size = 0.
[INFO DRT-0033] M7 shape region query size = 0.
[INFO DRT-0033] V7 shape region query size = 0.
[INFO DRT-0033] M8 shape region query size = 0.
[INFO DRT-0033] V8 shape region query size = 0.
[INFO DRT-0033] M9 shape region query size = 0.
[INFO DRT-0033] V9 shape region query size = 0.
[INFO DRT-0033] Pad shape region query size = 0.
[INFO DRT-0165] Start pin access.
[INFO DRT-0078]   Complete 995 pins.
[INFO DRT-0079]   Complete 100 unique inst patterns.
[INFO DRT-0081]   Complete 171 unique inst patterns.
[INFO DRT-0084]   Complete 6245 groups.
#scanned instances     = 11122
#unique  instances     = 171
#stdCellGenAp          = 4866
#stdCellValidPlanarAp  = 62
#stdCellValidViaAp     = 3979
#stdCellPinNoAp        = 0
#stdCellPinCnt         = 33001
#instTermValidViaApCnt = 0
#macroGenAp            = 0
#macroValidPlanarAp    = 0
#macroValidViaAp       = 0
#macroNoAp             = 0
[INFO DRT-0166] Complete pin access.
[INFO DRT-0267] cpu time = 00:02:57, elapsed time = 00:00:16, memory = 396.52 (MB), peak = 395.46 (MB)

[INFO DRT-0157] Number of guides:     74230

[INFO DRT-0169] Post process guides.
[INFO DRT-0176] GCELLGRID X 0 DO 99 STEP 570 ;
[INFO DRT-0177] GCELLGRID Y 0 DO 99 STEP 570 ;
[INFO DRT-0028]   Complete Active.
[INFO DRT-0028]   Complete V0.
[INFO DRT-0028]   Complete M1.
[INFO DRT-0028]   Complete V1.
[INFO DRT-0028]   Complete M2.
[INFO DRT-0028]   Complete V2.
[INFO DRT-0028]   Complete M3.
[INFO DRT-0028]   Complete V3.
[INFO DRT-0028]   Complete M4.
[INFO DRT-0028]   Complete V4.
[INFO DRT-0028]   Complete M5.
[INFO DRT-0028]   Complete V5.
[INFO DRT-0028]   Complete M6.
[INFO DRT-0028]   Complete V6.
[INFO DRT-0028]   Complete M7.
[INFO DRT-0028]   Complete V7.
[INFO DRT-0028]   Complete M8.
[INFO DRT-0028]   Complete V8.
[INFO DRT-0028]   Complete M9.
[INFO DRT-0028]   Complete V9.
[INFO DRT-0028]   Complete Pad.
[INFO DRT-0178] Init guide query.
[INFO DRT-0035]   Complete Active (guide).
[INFO DRT-0035]   Complete V0 (guide).
[INFO DRT-0035]   Complete M1 (guide).
[INFO DRT-0035]   Complete V1 (guide).
[INFO DRT-0035]   Complete M2 (guide).
[INFO DRT-0035]   Complete V2 (guide).
[INFO DRT-0035]   Complete M3 (guide).
[INFO DRT-0035]   Complete V3 (guide).
[INFO DRT-0035]   Complete M4 (guide).
[INFO DRT-0035]   Complete V4 (guide).
[INFO DRT-0035]   Complete M5 (guide).
[INFO DRT-0035]   Complete V5 (guide).
[INFO DRT-0035]   Complete M6 (guide).
[INFO DRT-0035]   Complete V6 (guide).
[INFO DRT-0035]   Complete M7 (guide).
[INFO DRT-0035]   Complete V7 (guide).
[INFO DRT-0035]   Complete M8 (guide).
[INFO DRT-0035]   Complete V8 (guide).
[INFO DRT-0035]   Complete M9 (guide).
[INFO DRT-0035]   Complete V9 (guide).
[INFO DRT-0035]   Complete Pad (guide).
[INFO DRT-0036] Active guide region query size = 0.
[INFO DRT-0036] V0 guide region query size = 0.
[INFO DRT-0036] M1 guide region query size = 24068.
[INFO DRT-0036] V1 guide region query size = 0.
[INFO DRT-0036] M2 guide region query size = 21602.
[INFO DRT-0036] V2 guide region query size = 0.
[INFO DRT-0036] M3 guide region query size = 9784.
[INFO DRT-0036] V3 guide region query size = 0.
[INFO DRT-0036] M4 guide region query size = 769.
[INFO DRT-0036] V4 guide region query size = 0.
[INFO DRT-0036] M5 guide region query size = 455.
[INFO DRT-0036] V5 guide region query size = 0.
[INFO DRT-0036] M6 guide region query size = 162.
[INFO DRT-0036] V6 guide region query size = 0.
[INFO DRT-0036] M7 guide region query size = 74.
[INFO DRT-0036] V7 guide region query size = 0.
[INFO DRT-0036] M8 guide region query size = 0.
[INFO DRT-0036] V8 guide region query size = 0.
[INFO DRT-0036] M9 guide region query size = 0.
[INFO DRT-0036] V9 guide region query size = 0.
[INFO DRT-0036] Pad guide region query size = 0.
[INFO DRT-0179] Init gr pin query.
[INFO DRT-0267] cpu time = 00:00:00, elapsed time = 00:00:00, memory = 417.76 (MB), peak = 416.46 (MB)
[INFO DRT-0245] skipped writing guide updates to database.
[INFO DRT-0181] Start track assignment.
[INFO DRT-0184] Done with 34381 vertical wires in 2 frboxes and 22533 horizontal wires in 2 frboxes.
[INFO DRT-0186] Done with 3036 vertical wires in 2 frboxes and 4882 horizontal wires in 2 frboxes.
[INFO DRT-0182] Complete track assignment.
[INFO DRT-0267] cpu time = 00:00:02, elapsed time = 00:00:01, memory = 610.45 (MB), peak = 609.36 (MB)
[INFO DRT-0187] Start routing data preparation.
[INFO DRT-0267] cpu time = 00:00:00, elapsed time = 00:00:00, memory = 610.46 (MB), peak = 609.36 (MB)
[INFO DRT-0194] Start detail routing.
[INFO DRT-0195] Start 0th optimization iteration.
    Completing 10% with 0 violations.
    elapsed time = 00:00:01, memory = 1285.81 (MB).
    Completing 20% with 0 violations.
    elapsed time = 00:00:02, memory = 1585.92 (MB).
    Completing 30% with 243 violations.
    elapsed time = 00:00:03, memory = 1215.12 (MB).
    Completing 40% with 243 violations.
    elapsed time = 00:00:04, memory = 1653.12 (MB).
    Completing 50% with 243 violations.
    elapsed time = 00:00:05, memory = 1650.25 (MB).
    Completing 60% with 491 violations.
    elapsed time = 00:00:07, memory = 1964.23 (MB).
    Completing 70% with 491 violations.
    elapsed time = 00:00:08, memory = 2056.16 (MB).
    Completing 80% with 654 violations.
    elapsed time = 00:00:10, memory = 2082.47 (MB).
    Completing 90% with 654 violations.
    elapsed time = 00:00:12, memory = 2045.53 (MB).
    Completing 100% with 977 violations.
    elapsed time = 00:00:14, memory = 1696.41 (MB).
[INFO DRT-0199]   Number of violations = 1286.
Viol/Layer          M1     M2     M3     V3     M4     V4     M5     V5     M6     V6     M7
CutSpcTbl            0      0      0      6      0      2      0      2      0      2      0
EOL                  0     33      5      0      3      0      0      0      0      0      0
Metal Spacing      402     15     70      0      0      0      1      0      0      0      0
Recheck              3    170     80      0     24      0     18      0     12      0      2
Short              115     37     11      0      0      1      4      1      6      0      0
eolKeepOut           0    228     24      0      9      0      0      0      0      0      0
[INFO DRT-0267] cpu time = 00:02:11, elapsed time = 00:00:14, memory = 2108.76 (MB), peak = 2131.24 (MB)
Total wire length = 21363 um.
Total wire length on LAYER M1 = 0 um.
Total wire length on LAYER M2 = 8010 um.
Total wire length on LAYER M3 = 9907 um.
Total wire length on LAYER M4 = 2342 um.
Total wire length on LAYER M5 = 627 um.
Total wire length on LAYER M6 = 269 um.
Total wire length on LAYER M7 = 206 um.
Total wire length on LAYER M8 = 0 um.
Total wire length on LAYER M9 = 0 um.
Total wire length on LAYER Pad = 0 um.
Total number of vias = 74315.
Up-via summary (total 74315):

----------------
 Active        0
     M1    28477
     M2    41317
     M3     3680
     M4      541
     M5      175
     M6      125
     M7        0
     M8        0
     M9        0
----------------
       74315


[INFO DRT-0195] Start 1st optimization iteration.
    Completing 10% with 1286 violations.
    elapsed time = 00:00:01, memory = 2615.55 (MB).
    Completing 20% with 1286 violations.
    elapsed time = 00:00:02, memory = 2695.70 (MB).
    Completing 30% with 1038 violations.
    elapsed time = 00:00:03, memory = 2205.52 (MB).
    Completing 40% with 1038 violations.
    elapsed time = 00:00:05, memory = 2654.12 (MB).
    Completing 50% with 1038 violations.
    elapsed time = 00:00:06, memory = 2478.32 (MB).
    Completing 60% with 704 violations.
    elapsed time = 00:00:07, memory = 2627.56 (MB).
    Completing 70% with 704 violations.
    elapsed time = 00:00:09, memory = 2619.95 (MB).
    Completing 80% with 394 violations.
    elapsed time = 00:00:10, memory = 2288.23 (MB).
    Completing 90% with 394 violations.
    elapsed time = 00:00:12, memory = 2293.23 (MB).
    Completing 100% with 61 violations.
    elapsed time = 00:00:14, memory = 1801.64 (MB).
[INFO DRT-0199]   Number of violations = 80.
Viol/Layer          M1     M2     M3     V3     M4     V4
CutSpcTbl            0      0      0      6      0      2
EOL                  0      3      0      0      0      0
Metal Spacing       14      2     12      0      0      0
Recheck              1     10      7      0      1      0
Short                3      2      4      0      0      0
eolKeepOut           0     12      1      0      0      0
[INFO DRT-0267] cpu time = 00:02:14, elapsed time = 00:00:14, memory = 2219.07 (MB), peak = 2717.06 (MB)
Total wire length = 21131 um.
Total wire length on LAYER M1 = 0 um.
Total wire length on LAYER M2 = 7915 um.
Total wire length on LAYER M3 = 9780 um.
Total wire length on LAYER M4 = 2376 um.
Total wire length on LAYER M5 = 609 um.
Total wire length on LAYER M6 = 260 um.
Total wire length on LAYER M7 = 189 um.
Total wire length on LAYER M8 = 0 um.
Total wire length on LAYER M9 = 0 um.
Total wire length on LAYER Pad = 0 um.
Total number of vias = 71666.
Up-via summary (total 71666):

----------------
 Active        0
     M1    28469
     M2    39157
     M3     3314
     M4      490
     M5      138
     M6       98
     M7        0
     M8        0
     M9        0
----------------
       71666


[INFO DRT-0195] Start 2nd optimization iteration.
    Completing 10% with 80 violations.
    elapsed time = 00:00:00, memory = 2219.07 (MB).
    Completing 20% with 80 violations.
    elapsed time = 00:00:00, memory = 2219.07 (MB).
    Completing 30% with 61 violations.
    elapsed time = 00:00:01, memory = 2226.26 (MB).
    Completing 40% with 61 violations.
    elapsed time = 00:00:01, memory = 2226.26 (MB).
    Completing 50% with 61 violations.
    elapsed time = 00:00:01, memory = 2537.36 (MB).
    Completing 60% with 33 violations.
    elapsed time = 00:00:02, memory = 2227.33 (MB).
    Completing 70% with 33 violations.
    elapsed time = 00:00:02, memory = 2227.33 (MB).
    Completing 80% with 24 violations.
    elapsed time = 00:00:03, memory = 2142.33 (MB).
    Completing 90% with 24 violations.
    elapsed time = 00:00:03, memory = 2142.33 (MB).
    Completing 100% with 15 violations.
    elapsed time = 00:00:03, memory = 2142.33 (MB).
[INFO DRT-0199]   Number of violations = 23.
Viol/Layer          M1     M2     M3     V3     M4     V4
CutSpcTbl            0      0      0      4      0      1
EOL                  0      1      0      0      0      0
Metal Spacing        1      0      3      0      0      0
Recheck              0      1      6      0      1      0
Short                0      1      1      0      0      0
eolKeepOut           0      3      0      0      0      0
[INFO DRT-0267] cpu time = 00:00:21, elapsed time = 00:00:04, memory = 2227.18 (MB), peak = 2717.06 (MB)
Total wire length = 21124 um.
Total wire length on LAYER M1 = 0 um.
Total wire length on LAYER M2 = 7916 um.
Total wire length on LAYER M3 = 9784 um.
Total wire length on LAYER M4 = 2365 um.
Total wire length on LAYER M5 = 609 um.
Total wire length on LAYER M6 = 259 um.
Total wire length on LAYER M7 = 189 um.
Total wire length on LAYER M8 = 0 um.
Total wire length on LAYER M9 = 0 um.
Total wire length on LAYER Pad = 0 um.
Total number of vias = 71661.
Up-via summary (total 71661):

----------------
 Active        0
     M1    28467
     M2    39128
     M3     3352
     M4      478
     M5      139
     M6       97
     M7        0
     M8        0
     M9        0
----------------
       71661


[INFO DRT-0195] Start 3rd guides tiles iteration.
    Completing 10% with 23 violations.
    elapsed time = 00:00:00, memory = 2273.54 (MB).
    Completing 20% with 23 violations.
    elapsed time = 00:00:00, memory = 2273.54 (MB).
    Completing 30% with 23 violations.
    elapsed time = 00:00:00, memory = 2273.54 (MB).
    Completing 40% with 23 violations.
    elapsed time = 00:00:00, memory = 2273.54 (MB).
    Completing 50% with 11 violations.
    elapsed time = 00:00:00, memory = 2236.77 (MB).
    Completing 60% with 11 violations.
    elapsed time = 00:00:00, memory = 2236.77 (MB).
    Completing 70% with 11 violations.
    elapsed time = 00:00:00, memory = 2236.77 (MB).
    Completing 80% with 11 violations.
    elapsed time = 00:00:00, memory = 2236.77 (MB).
    Completing 90% with 1 violations.
    elapsed time = 00:00:00, memory = 2236.77 (MB).
    Completing 100% with 0 violations.
    elapsed time = 00:00:00, memory = 1813.31 (MB).
[INFO DRT-0199]   Number of violations = 0.
[INFO DRT-0267] cpu time = 00:00:03, elapsed time = 00:00:01, memory = 2236.76 (MB), peak = 2717.06 (MB)
Total wire length = 21124 um.
Total wire length on LAYER M1 = 0 um.
Total wire length on LAYER M2 = 7922 um.
Total wire length on LAYER M3 = 9785 um.
Total wire length on LAYER M4 = 2359 um.
Total wire length on LAYER M5 = 608 um.
Total wire length on LAYER M6 = 259 um.
Total wire length on LAYER M7 = 189 um.
Total wire length on LAYER M8 = 0 um.
Total wire length on LAYER M9 = 0 um.
Total wire length on LAYER Pad = 0 um.
Total number of vias = 71679.
Up-via summary (total 71679):

----------------
 Active        0
     M1    28467
     M2    39130
     M3     3368
     M4      478
     M5      139
     M6       97
     M7        0
     M8        0
     M9        0
----------------
       71679


[INFO DRT-0198] Complete detail routing.
Total wire length = 21124 um.
Total wire length on LAYER M1 = 0 um.
Total wire length on LAYER M2 = 7922 um.
Total wire length on LAYER M3 = 9785 um.
Total wire length on LAYER M4 = 2359 um.
Total wire length on LAYER M5 = 608 um.
Total wire length on LAYER M6 = 259 um.
Total wire length on LAYER M7 = 189 um.
Total wire length on LAYER M8 = 0 um.
Total wire length on LAYER M9 = 0 um.
Total wire length on LAYER Pad = 0 um.
Total number of vias = 71679.
Up-via summary (total 71679):

----------------
 Active        0
     M1    28467
     M2    39130
     M3     3368
     M4      478
     M5      139
     M6       97
     M7        0
     M8        0
     M9        0
----------------
       71679


[INFO DRT-0267] cpu time = 00:04:50, elapsed time = 00:00:34, memory = 2236.85 (MB), peak = 2717.06 (MB)

[INFO DRT-0180] Post processing.
[INFO DRT-0501] Runtime: 52.97s
Took 53 seconds: detailed_route -output_drc /home/matheus-grossi/Projects/CNN/CNN/synth_org/fully_connected/reports/asap7/fully_connected/base/5_route_drc.rpt -output_maze /home/matheus-grossi/Projects/CNN/CNN/synth_org/fully_connected/results/asap7/fully_connected/base/maze.log -droute_end_iter 64 -verbose 1 -drc_report_iter_step 5
[WARNING GRT-0246] No diode with LEF class CORE ANTENNACELL found.
[INFO ANT-0002] Found 0 net violations.
[INFO ANT-0001] Found 0 pin violations.
[INFO ANT-0002] Found 0 net violations.
[INFO ANT-0001] Found 0 pin violations.
Design area 1151 um^2 42% utilization.
write_db /home/matheus-grossi/Projects/CNN/CNN/synth_org/fully_connected/results/asap7/fully_connected/base/5_2_route.odb
Elapsed time: 0:56.00[h:]min:sec. CPU time: user 474.00 sys 10.98 (866%). Peak memory: 2782268KB.
Log                       Ext     Elapsed/s Peak Memory/MB sha1sum result [0:20)
5_2_route                 .odb           56           2717 12ca95a62c77937db251
