OpenROAD 26Q3-2056-g41a28926b9 
Features included (+) or not (-): +GPU +GUI +Python
This program is licensed under the BSD-3 license. See the LICENSE file for details.
Components of this program may be licensed under more restrictive licenses which must be honored.
[INFO ORD-0030] Using 12 thread(s).
source /home/matheus-grossi/OpenROAD/OpenROAD-flow-scripts/flow/platforms/asap7/liberty_suppressions.tcl
read_liberty /home/matheus-grossi/OpenROAD/OpenROAD-flow-scripts/flow/platforms/asap7/lib/NLDM/asap7sc7p5t_AO_RVT_FF_nldm_211120.lib.gz
read_liberty /home/matheus-grossi/OpenROAD/OpenROAD-flow-scripts/flow/platforms/asap7/lib/NLDM/asap7sc7p5t_INVBUF_RVT_FF_nldm_220122.lib.gz
read_liberty /home/matheus-grossi/OpenROAD/OpenROAD-flow-scripts/flow/platforms/asap7/lib/NLDM/asap7sc7p5t_OA_RVT_FF_nldm_211120.lib.gz
read_liberty /home/matheus-grossi/OpenROAD/OpenROAD-flow-scripts/flow/platforms/asap7/lib/NLDM/asap7sc7p5t_SIMPLE_RVT_FF_nldm_211120.lib.gz
read_liberty /home/matheus-grossi/OpenROAD/OpenROAD-flow-scripts/flow/platforms/asap7/lib/NLDM/asap7sc7p5t_SEQ_RVT_FF_nldm_220123.lib
read_db /home/matheus-grossi/Projects/CNN/CNN/synth_org/top/results/asap7/top/base/2_floorplan.odb
read_sdc /home/matheus-grossi/Projects/CNN/CNN/synth_org/top/results/asap7/top/base/2_floorplan.sdc
source /home/matheus-grossi/OpenROAD/OpenROAD-flow-scripts/flow/platforms/asap7/setRC.tcl
global_placement -skip_io -density 0.6 -pad_left 0 -pad_right 0
[INFO GPL-0190] Using 6 of 12 threads for placement: one per core, SMT siblings idle.
[INFO GPL-0001] ---- Initialize GPL Main Data Structures
[INFO GPL-0002] DBU: 1000
[INFO GPL-0003] SiteSize: (  0.054  0.270 ) um
[INFO GPL-0004] CoreBBox: (  2.052  2.160 ) ( 116.640 116.640 ) um
[INFO GPL-0016] Core area:                   13118.034 um^2
[INFO GPL-0036] Movable instances area:       5261.499 um^2
[INFO GPL-0037] Total instances area:         5311.071 um^2
[INFO GPL-0035] Pin density area adjust:       332.186 um^2
[INFO GPL-0032] ---- Initialize Region: Top-level
[INFO GPL-0006] Number of instances:             49227
[INFO GPL-0007] Movable instances:               47527
[INFO GPL-0008] Fixed instances:                  1700
[INFO GPL-0009] Dummy instances:                     0
[INFO GPL-0010] Number of nets:                  55378
[INFO GPL-0011] Number of pins:                 155311
[INFO GPL-0012] Die BBox:       (  0.000  0.000 ) ( 118.662 118.662 ) um
[INFO GPL-0013] Placement BBox: (  2.052  2.160 ) ( 116.640 116.640 ) um
[INFO GPL-0014] Region name: top-level.
[INFO GPL-0015] Region area:                 13118.034 um^2
[INFO GPL-0017] Fixed instances area:           49.572 um^2
[INFO GPL-0018] Movable instances area:       5593.685 um^2
[INFO GPL-0019] Utilization:                    42.803 %
[INFO GPL-0020] Standard cells area:          5593.685 um^2
[INFO GPL-0021] Large instances area:            0.000 um^2
[INFO GPL-0005] ---- Execute Conjugate Gradient Initial Placement.
[INFO GPL-0051] Source of initial instance position counters:
	Odb location = 0	Core center = 47527	Region center = 0
[INFO GPL-0033] ---- Initialize Nesterov Region: Top-level
[INFO GPL-0023] Placement target density:       0.6000
[INFO GPL-0024] Movable insts average area:      0.118 um^2
[INFO GPL-0025] Ideal bin area:                  0.196 um^2
[INFO GPL-0026] Ideal bin count:                 66875
[INFO GPL-0027] Total bin area:              13118.034 um^2
[INFO GPL-0028] Bin count (X, Y):         256 ,    256
[INFO GPL-0029] Bin size (W * H):       0.448 *  0.447 um
[INFO GPL-0030] Number of bins:                  65536
[INFO GPL-0084] ---- Execute Nesterov Global Placement.
[INFO GPL-0031] HPWL: Half-Perimeter Wirelength
Iteration | Overflow |     HPWL (um) |  HPWL(%) |   Penalty | Group
---------------------------------------------------------------
        0 |   0.9979 |  1.189327e+04 |   +0.00% |  1.16e-14 |      
       10 |   0.9979 |  8.716136e+03 |  -26.71% |  1.89e-14 |      
       20 |   0.9979 |  8.305941e+03 |   -4.71% |  3.08e-14 |      
       30 |   0.9978 |  7.891044e+03 |   -5.00% |  5.02e-14 |      
       40 |   0.9977 |  7.520613e+03 |   -4.69% |  8.17e-14 |      
       50 |   0.9977 |  7.234972e+03 |   -3.80% |  1.33e-13 |      
       60 |   0.9977 |  7.047474e+03 |   -2.59% |  2.17e-13 |      
       70 |   0.9976 |  6.948614e+03 |   -1.40% |  3.53e-13 |      
       80 |   0.9976 |  6.899975e+03 |   -0.70% |  5.75e-13 |      
       90 |   0.9976 |  6.873065e+03 |   -0.39% |  9.37e-13 |      
      100 |   0.9975 |  6.862832e+03 |   -0.15% |  1.53e-12 |      
      110 |   0.9975 |  6.897290e+03 |   +0.50% |  2.49e-12 |      
      120 |   0.9973 |  7.051521e+03 |   +2.24% |  4.05e-12 |      
      130 |   0.9968 |  7.455792e+03 |   +5.73% |  6.60e-12 |      
      140 |   0.9964 |  8.321796e+03 |  +11.62% |  1.07e-11 |      
      150 |   0.9949 |  9.998385e+03 |  +20.15% |  1.75e-11 |      
      160 |   0.9921 |  1.235582e+04 |  +23.58% |  2.85e-11 |      
      170 |   0.9870 |  1.523059e+04 |  +23.27% |  4.64e-11 |      
      180 |   0.9789 |  1.860857e+04 |  +22.18% |  7.56e-11 |      
      190 |   0.9683 |  2.275323e+04 |  +22.27% |  1.23e-10 |      
      200 |   0.9545 |  2.793369e+04 |  +22.77% |  2.00e-10 |      
      210 |   0.9366 |  3.428968e+04 |  +22.75% |  3.26e-10 |      
      220 |   0.9134 |  4.163985e+04 |  +21.44% |  5.31e-10 |      
      230 |   0.8841 |  4.946683e+04 |  +18.80% |  8.64e-10 |      
      240 |   0.8533 |  5.684512e+04 |  +14.92% |  1.41e-09 |      
      250 |   0.8231 |  6.294541e+04 |  +10.73% |  2.29e-09 |      
      260 |   0.7925 |  6.552731e+04 |   +4.10% |  3.72e-09 |      
      270 |   0.7584 |  7.032396e+04 |   +7.32% |  6.06e-09 |      
      280 |   0.7255 |  7.662717e+04 |   +8.96% |  9.87e-09 |      
      290 |   0.6917 |  8.317206e+04 |   +8.54% |  1.61e-08 |      
      300 |   0.6562 |  8.568653e+04 |   +3.02% |  2.61e-08 |      
      310 |   0.6216 |  8.819568e+04 |   +2.93% |  4.26e-08 |      
      320 |   0.5876 |  9.207565e+04 |   +4.40% |  6.93e-08 |      
      330 |   0.5542 |  9.135842e+04 |   -0.78% |  1.13e-07 |      
      340 |   0.5225 |  9.362330e+04 |   +2.48% |  1.84e-07 |      
      350 |   0.4825 |  9.207400e+04 |   -1.65% |  2.99e-07 |      
      360 |   0.4423 |  9.225103e+04 |   +0.19% |  4.88e-07 |      
      370 |   0.4039 |  9.211728e+04 |   -0.14% |  7.94e-07 |      
      380 |   0.3611 |  9.225692e+04 |   +0.15% |  1.29e-06 |      
      390 |   0.3251 |  9.194564e+04 |   -0.34% |  2.00e-06 |      
      400 |   0.2976 |  9.169915e+04 |   -0.27% |  2.95e-06 |      
      410 |   0.2695 |  9.179538e+04 |   +0.10% |  4.35e-06 |      
      420 |   0.2416 |  9.197629e+04 |   +0.20% |  6.40e-06 |      
      430 |   0.2154 |  9.214304e+04 |   +0.18% |  9.43e-06 |      
      440 |   0.1912 |  9.240010e+04 |   +0.28% |  1.39e-05 |      
      450 |   0.1696 |  9.266437e+04 |   +0.29% |  2.05e-05 |      
      460 |   0.1506 |  9.290444e+04 |   +0.26% |  3.02e-05 |      
      470 |   0.1329 |  9.317376e+04 |   +0.29% |  4.44e-05 |      
      480 |   0.1170 |  9.346306e+04 |   +0.31% |  6.54e-05 |      
      490 |   0.1024 |  9.383532e+04 |   +0.40% |  9.64e-05 |      
      492 |   0.0996 |  9.392001e+04 |          |  1.08e-04 |      
---------------------------------------------------------------
[INFO GPL-1001] Global placement finished at iteration 492
[INFO GPL-1002] Placed Cell Area             5593.6850
[INFO GPL-1003] Available Free Area         13068.4622
[INFO GPL-1004] Minimum Feasible Density        0.4300 (cell_area / free_area)
[INFO GPL-1006]   Suggested Target Densities:
[INFO GPL-1007]     - For 90% usage of free space: 0.4756
[INFO GPL-1008]     - For 80% usage of free space: 0.5350
[INFO GPL-1009]     - For 50% usage of free space: 0.8561
[INFO GPL-1014] Final placement area: 5593.69 (+0.00%)
[INFO GPL-1018] Final HPWL (um): 93757.05
Took 7 seconds: global_placement -skip_io -density 0.6 -pad_left 0 -pad_right 0
Design area 5311 um^2 40% utilization.
write_db /home/matheus-grossi/Projects/CNN/CNN/synth_org/top/results/asap7/top/base/3_1_place_gp_skip_io.odb
Elapsed time: 0:08.37[h:]min:sec. CPU time: user 42.87 sys 0.17 (514%). Peak memory: 347380KB.
Log                       Ext     Elapsed/s Peak Memory/MB sha1sum result [0:20)
3_1_place_gp_skip_io      .odb            8            339 ecf11cd02d3ce3bcbe8d
