OpenROAD 26Q3-2056-g41a28926b9 
Features included (+) or not (-): +GPU +GUI +Python
This program is licensed under the BSD-3 license. See the LICENSE file for details.
Components of this program may be licensed under more restrictive licenses which must be honored.
[INFO ORD-0030] Using 12 thread(s).
source /home/matheus-grossi/OpenROAD/OpenROAD-flow-scripts/flow/platforms/asap7/liberty_suppressions.tcl
read_liberty /home/matheus-grossi/OpenROAD/OpenROAD-flow-scripts/flow/platforms/asap7/lib/NLDM/asap7sc7p5t_AO_RVT_FF_nldm_211120.lib.gz
read_liberty /home/matheus-grossi/OpenROAD/OpenROAD-flow-scripts/flow/platforms/asap7/lib/NLDM/asap7sc7p5t_INVBUF_RVT_FF_nldm_220122.lib.gz
read_liberty /home/matheus-grossi/OpenROAD/OpenROAD-flow-scripts/flow/platforms/asap7/lib/NLDM/asap7sc7p5t_OA_RVT_FF_nldm_211120.lib.gz
read_liberty /home/matheus-grossi/OpenROAD/OpenROAD-flow-scripts/flow/platforms/asap7/lib/NLDM/asap7sc7p5t_SIMPLE_RVT_FF_nldm_211120.lib.gz
read_liberty /home/matheus-grossi/OpenROAD/OpenROAD-flow-scripts/flow/platforms/asap7/lib/NLDM/asap7sc7p5t_SEQ_RVT_FF_nldm_220123.lib
read_db /home/matheus-grossi/Projects/CNN/CNN/synth_org/top/results/asap7/top/base/3_4_place_resized.odb
read_sdc /home/matheus-grossi/Projects/CNN/CNN/synth_org/top/results/asap7/top/base/2_floorplan.sdc
source /home/matheus-grossi/OpenROAD/OpenROAD-flow-scripts/flow/platforms/asap7/setRC.tcl
detailed_placement
[INFO DPL-0006] Core area: 13118.03 um^2
[INFO DPL-0007] Movable instances area: 5229.10 um^2
[INFO DPL-0008] Fixed instances area within core: 49.57 um^2
[INFO DPL-0009] Utilization: 40.2%
[INFO DPL-0005] Diamond search max displacement: +/- 500 sites horizontally, +/- 100 rows vertically.
[INFO DPL-1102] Legalizing using negotiation legalizer.
[INFO DPL-1103] Negotiation base search window: +/-20 sites horizontally, +/-5 rows vertically 
	Automatic search window extension enabled.
	Search window extendable up to the max displacement cap of +/-500 sites, +/-100 rows near walls.
[INFO DPL-1104] NegotiationLegalizer DRC penalty: 5.
[INFO DPL-0392] Negotiation cell height distribution (1 unique row-count(s)):
[INFO DPL-0393]   height 1 row(s): 48766 cells
          |      Total |  Illegal |  Illegal
Iteration | Violations |    Cells |    Sites
---------------------------------------------
        0 |       1580 |       488 |      1092
        1 |          0 |         0 |         0
Negotiation phase 1 converged at iteration 1.
[INFO DPL-0500] Runtime: 0.54s
Placement Analysis
---------------------------------
total displacement      11313.9 u
average displacement        0.2 u
max displacement            1.2 u
original HPWL           97521.4 u
legalized HPWL         103464.7 u
delta HPWL                    6 %

improve_placement -max_displacement "5 1"
Detailed placement improvement.
[INFO DPL-0401] Setting random seed to 1.
[INFO DPL-0402] Setting maximum displacement 5 1 to 1350 270 units.
[INFO DPL-0320] Collected 2408 fixed cells.
[INFO DPL-0318] Collected 47066 single height cells.
[INFO DPL-0321] Collected 0 wide cells.
[INFO DPL-0322] Image (2052, 2160) - (116640, 116640)
[INFO DPL-0310] Assigned 47066 cells into segments.  Movement in X-direction is 0.000000, movement in Y-direction is 0.000000.
[INFO DPL-0313] Found 0 cells in wrong regions.
[INFO DPL-0315] Found 0 row alignment problems.
[INFO DPL-0314] Found 0 site alignment problems.
[INFO DPL-0311] Found 0 overlaps between adjacent cells.
[INFO DPL-0312] Found 0 edge spacing violations and 0 padding violations.
[INFO DPL-0303] Running algorithm for independent set matching.
[INFO DPL-0300] Set matching objective is wirelength.
[INFO DPL-0301] Pass   1 of matching; objective is 1.036463e+08.
[INFO DPL-0302] End of matching; objective is 1.035441e+08, improvement is 0.10 percent.
[INFO DPL-0303] Running algorithm for global swaps.
[INFO DPL-0306] Pass   1 of global swaps; hpwl is 1.024881e+08.
[INFO DPL-0306] Pass   2 of global swaps; hpwl is 1.023160e+08.
[INFO DPL-0307] End of global swaps; objective is 1.023160e+08, improvement is 1.19 percent.
[INFO DPL-0303] Running algorithm for vertical swaps.
[INFO DPL-0308] Pass   1 of vertical swaps; hpwl is 1.019696e+08.
[INFO DPL-0309] End of vertical swaps; objective is 1.019696e+08, improvement is 0.34 percent.
[INFO DPL-0303] Running algorithm for reordering.
[INFO DPL-0304] Pass   1 of reordering; objective is 1.018395e+08.
[INFO DPL-0305] End of reordering; objective is 1.018395e+08, improvement is 0.13 percent.
[INFO DPL-0303] Running algorithm for random improvement.
[INFO DPL-0324] Random improver is using random generator.
[INFO DPL-0325] Random improver is using hpwl objective.
[INFO DPL-0326] Random improver cost string is (a).
[INFO DPL-0332] End of pass, Generator random called 941320 times.
[INFO DPL-0335] Generator random, Cumulative attempts 941320, swaps 126594, moves 290156 since last reset.
[INFO DPL-0333] End of pass, Objective hpwl, Initial cost 1.016118e+08, Scratch cost 1.007759e+08, Incremental cost 1.007759e+08, Mismatch? N
[INFO DPL-0338] End of pass, Total cost is 1.007759e+08.
[INFO DPL-0327] Pass   1 of random improver; improvement in cost is 0.82 percent.
[INFO DPL-0328] End of random improver; improvement is 0.822629 percent.
[INFO DPL-0380] Cell flipping.
[INFO DPL-0382] Changed 0 cell orientations for row compatibility.
[INFO DPL-0383] Performed 10455 cell flips.
[INFO DPL-0384] End of flipping; objective is 9.922992e+07, improvement is 1.76 percent.
[INFO DPL-0313] Found 0 cells in wrong regions.
[INFO DPL-0315] Found 0 row alignment problems.
[INFO DPL-0314] Found 0 site alignment problems.
[INFO DPL-0311] Found 0 overlaps between adjacent cells.
[INFO DPL-0312] Found 0 edge spacing violations and 0 padding violations.
Detailed Improvement Results
------------------------------------------
Original HPWL           103464.7 u (   48162.1,    55302.6)
Final HPWL               98973.9 u (   45746.9,    53227.0)
Delta HPWL                  -4.3 % (      -5.0,       -3.8)

Took 6 seconds: improve_placement -max_displacement "5 1"
optimize_mirroring
[INFO DPL-0020] Mirrored 3907 instances
[INFO DPL-0021] HPWL before           98973.9 u
[INFO DPL-0022] HPWL after            98838.2 u
[INFO DPL-0023] HPWL delta               -0.1 %
[INFO FLW-0012] Placement violations .
estimate_parasitics -placement
Report metrics stage 3, detailed place...

==========================================================================
detailed place report_design_area
--------------------------------------------------------------------------
Design area 5279 um^2 40% utilization.
write_db /home/matheus-grossi/Projects/CNN/CNN/synth_org/top/results/asap7/top/base/3_5_place_dp.odb
write_sdc -no_timestamp /home/matheus-grossi/Projects/CNN/CNN/synth_org/top/results/asap7/top/base/3_place.sdc
Elapsed time: 0:20.70[h:]min:sec. CPU time: user 31.43 sys 2.49 (163%). Peak memory: 533980KB.
Log                       Ext     Elapsed/s Peak Memory/MB sha1sum result [0:20)
3_5_place_dp              .odb           20            521 8eb9cf20041201b70cc3
