OpenROAD 26Q3-2056-g41a28926b9 
Features included (+) or not (-): +GPU +GUI +Python
This program is licensed under the BSD-3 license. See the LICENSE file for details.
Components of this program may be licensed under more restrictive licenses which must be honored.
[INFO ORD-0030] Using 12 thread(s).
source /home/matheus-grossi/OpenROAD/OpenROAD-flow-scripts/flow/platforms/asap7/liberty_suppressions.tcl
read_liberty /home/matheus-grossi/OpenROAD/OpenROAD-flow-scripts/flow/platforms/asap7/lib/NLDM/asap7sc7p5t_AO_RVT_FF_nldm_211120.lib.gz
read_liberty /home/matheus-grossi/OpenROAD/OpenROAD-flow-scripts/flow/platforms/asap7/lib/NLDM/asap7sc7p5t_INVBUF_RVT_FF_nldm_220122.lib.gz
read_liberty /home/matheus-grossi/OpenROAD/OpenROAD-flow-scripts/flow/platforms/asap7/lib/NLDM/asap7sc7p5t_OA_RVT_FF_nldm_211120.lib.gz
read_liberty /home/matheus-grossi/OpenROAD/OpenROAD-flow-scripts/flow/platforms/asap7/lib/NLDM/asap7sc7p5t_SIMPLE_RVT_FF_nldm_211120.lib.gz
read_liberty /home/matheus-grossi/OpenROAD/OpenROAD-flow-scripts/flow/platforms/asap7/lib/NLDM/asap7sc7p5t_SEQ_RVT_FF_nldm_220123.lib
read_db /home/matheus-grossi/Projects/CNN/CNN/synth_org/top/results/asap7/top/base/4_cts.odb
read_sdc /home/matheus-grossi/Projects/CNN/CNN/synth_org/top/results/asap7/top/base/4_cts.sdc
source /home/matheus-grossi/OpenROAD/OpenROAD-flow-scripts/flow/platforms/asap7/setRC.tcl
pin_access
[INFO DRT-0149] Reading tech and libs.

Units:                1000
Number of layers:     21
Number of macros:     212
Number of vias:       14
Number of viarulegen: 11

[INFO DRT-0150] Reading design.

Design:                   CNN
Die area:                 ( 0 0 ) ( 118662 118662 )
Number of track patterns: 32
Number of DEF vias:       0
Number of components:     49145
Number of terminals:      710
Number of snets:          2
Number of nets:           55129

[INFO DRT-0167] List of default vias:
  Layer V2
    default via: VIA23
  Layer V3
    default via: VIA34
  Layer V4
    default via: VIA45
  Layer V5
    default via: VIA56
  Layer V6
    default via: VIA67
  Layer V7
    default via: VIA78
  Layer V8
    default via: VIA89
  Layer V9
    default via: VIA9Pad
[INFO DRT-0162] Library cell analysis.
[INFO DRT-0163] Instance analysis.
[INFO DRT-0164] Number of unique instances = 239.
[INFO DRT-0168] Init region query.
[INFO DRT-0024]   Complete Active.
[INFO DRT-0024]   Complete V0.
[INFO DRT-0024]   Complete M1.
[INFO DRT-0024]   Complete V1.
[INFO DRT-0024]   Complete M2.
[INFO DRT-0024]   Complete V2.
[INFO DRT-0024]   Complete M3.
[INFO DRT-0024]   Complete V3.
[INFO DRT-0024]   Complete M4.
[INFO DRT-0024]   Complete V4.
[INFO DRT-0024]   Complete M5.
[INFO DRT-0024]   Complete V5.
[INFO DRT-0024]   Complete M6.
[INFO DRT-0024]   Complete V6.
[INFO DRT-0024]   Complete M7.
[INFO DRT-0024]   Complete V7.
[INFO DRT-0024]   Complete M8.
[INFO DRT-0024]   Complete V8.
[INFO DRT-0024]   Complete M9.
[INFO DRT-0024]   Complete V9.
[INFO DRT-0024]   Complete Pad.
[INFO DRT-0033] Active shape region query size = 0.
[INFO DRT-0033] V0 shape region query size = 0.
[INFO DRT-0033] M1 shape region query size = 822256.
[INFO DRT-0033] V1 shape region query size = 1412953.
[INFO DRT-0033] M2 shape region query size = 31169.
[INFO DRT-0033] V2 shape region query size = 28050.
[INFO DRT-0033] M3 shape region query size = 28050.
[INFO DRT-0033] V3 shape region query size = 18700.
[INFO DRT-0033] M4 shape region query size = 19150.
[INFO DRT-0033] V4 shape region query size = 18700.
[INFO DRT-0033] M5 shape region query size = 10620.
[INFO DRT-0033] V5 shape region query size = 1936.
[INFO DRT-0033] M6 shape region query size = 1056.
[INFO DRT-0033] V6 shape region query size = 0.
[INFO DRT-0033] M7 shape region query size = 0.
[INFO DRT-0033] V7 shape region query size = 0.
[INFO DRT-0033] M8 shape region query size = 0.
[INFO DRT-0033] V8 shape region query size = 0.
[INFO DRT-0033] M9 shape region query size = 0.
[INFO DRT-0033] V9 shape region query size = 0.
[INFO DRT-0033] Pad shape region query size = 0.
[INFO DRT-0165] Start pin access.
[INFO DRT-0076]   Complete 1000 pins.
[INFO DRT-0078]   Complete 1395 pins.
[INFO DRT-0079]   Complete 100 unique inst patterns.
[INFO DRT-0079]   Complete 200 unique inst patterns.
[INFO DRT-0081]   Complete 239 unique inst patterns.
[INFO DRT-0082]   Complete 10000 groups.
[INFO DRT-0082]   Complete 20000 groups.
[INFO DRT-0082]   Complete 30000 groups.
[INFO DRT-0084]   Complete 32120 groups.
#scanned instances     = 49145
#unique  instances     = 239
#stdCellGenAp          = 6581
#stdCellValidPlanarAp  = 50
#stdCellValidViaAp     = 5374
#stdCellPinNoAp        = 0
#stdCellPinCnt         = 154922
#instTermValidViaApCnt = 0
#macroGenAp            = 0
#macroValidPlanarAp    = 0
#macroValidViaAp       = 0
#macroNoAp             = 0
[INFO DRT-0166] Complete pin access.
[INFO DRT-0267] cpu time = 00:10:32, elapsed time = 00:00:53, memory = 429.75 (MB), peak = 451.95 (MB)
Took 54 seconds: pin_access
global_route -congestion_report_file /home/matheus-grossi/Projects/CNN/CNN/synth_org/top/reports/asap7/top/base/congestion.rpt -congestion_iterations 30 -congestion_report_iter_step 5 -verbose -resistance_aware
[INFO GRT-0020] Min routing layer: M2
[INFO GRT-0021] Max routing layer: M7
[INFO GRT-0022] Global adjustment: 0%
[INFO GRT-0023] Grid origin: (0, 0)
[INFO GRT-0088] Layer M1      Track-Pitch = 0.0360  line-2-Via Pitch: 0.0360
[INFO GRT-0088] Layer M2      Track-Pitch = 0.0390  line-2-Via Pitch: 0.0360
[INFO GRT-0088] Layer M3      Track-Pitch = 0.0360  line-2-Via Pitch: 0.0360
[INFO GRT-0088] Layer M4      Track-Pitch = 0.0480  line-2-Via Pitch: 0.0480
[INFO GRT-0088] Layer M5      Track-Pitch = 0.0480  line-2-Via Pitch: 0.0480
[INFO GRT-0088] Layer M6      Track-Pitch = 0.0640  line-2-Via Pitch: 0.0640
[INFO GRT-0088] Layer M7      Track-Pitch = 0.0640  line-2-Via Pitch: 0.0640
[INFO GRT-0003] Macros: 0
[INFO GRT-0004] Blockages: 10056
[INFO GRT-0019] Found 213 clock nets.
[INFO GRT-0001] Minimum degree: 2
[INFO GRT-0002] Maximum degree: 51

[INFO GRT-0053] Routing resources analysis:
          Routing      Original      Derated      Resource
Layer     Direction    Resources     Resources    Reduction (%)
---------------------------------------------------------------
M1         Vertical            0             0          0.00%
M2         Horizontal     568109        404234          28.85%
M3         Vertical       657682        489275          25.61%
M4         Horizontal     505036        375661          25.62%
M5         Vertical       487314        361761          25.76%
M6         Horizontal     339156        230202          32.13%
M7         Vertical       383778        258543          32.63%
---------------------------------------------------------------

[INFO GRT-0197] Via related to pin nodes: 266225
[INFO GRT-0198] Via related Steiner nodes: 3745
[INFO GRT-0199] Via filling finished.
[INFO GRT-0111] Final number of vias: 336111
[INFO GRT-0112] Final usage 3D: 1218686

[INFO GRT-0096] Final congestion report:
Layer         Resource        Demand        Usage (%)    Max H / Max V / Total Congestion
---------------------------------------------------------------------------------------
M1                   0             0            0.00%             0 /  0 /  0
M2              404234         85565           21.17%             0 /  0 /  0
M3              489275        100331           20.51%             0 /  0 /  0
M4              375661         11811            3.14%             0 /  0 /  0
M5              361761          5982            1.65%             0 /  0 /  0
M6              230202          3336            1.45%             0 /  0 /  0
M7              258543          3328            1.29%             0 /  0 /  0
---------------------------------------------------------------------------------------
Total          2119676        210353            9.92%             0 /  0 /  0

[INFO GRT-0018] Total wirelength: 176092 um
[INFO GRT-0014] Routed nets: 55046
[INFO GRT-0303] Global routing runtime = 00:00:11
Took 11 seconds: global_route -congestion_report_file /home/matheus-grossi/Projects/CNN/CNN/synth_org/top/reports/asap7/top/base/congestion.rpt -congestion_iterations 30 -congestion_report_iter_step 5 -verbose -resistance_aware
estimate_parasitics -global_routing
Perform buffer insertion and gate resizing...
repair_design -verbose
Iteration |   Area    | Resized | Buffers | Nets repaired | Remaining
---------------------------------------------------------------------
        0 |     +0.0% |       0 |       0 |             0 |     55296
     1000 |     +0.0% |       0 |       0 |             0 |     54296
     2000 |     +0.0% |       0 |       0 |             0 |     53296
     3000 |     +0.0% |       0 |       0 |             0 |     52296
     4000 |     +0.0% |       0 |       0 |             0 |     51296
     5000 |     +0.0% |       0 |       0 |             0 |     50296
     6000 |     +0.0% |       0 |       0 |             0 |     49296
     7000 |     +0.0% |       0 |       0 |             0 |     48296
     8000 |     +0.0% |       0 |       0 |             0 |     47296
     9000 |     +0.0% |       0 |       0 |             0 |     46296
    10000 |     +0.0% |       0 |       0 |             0 |     45296
    11000 |     +0.0% |       0 |       0 |             0 |     44296
    12000 |     +0.0% |       0 |       0 |             0 |     43296
    13000 |     +0.0% |       0 |       0 |             0 |     42296
    14000 |     +0.0% |       0 |       0 |             0 |     41296
    15000 |     +0.0% |       0 |       2 |             2 |     40296
    16000 |     +0.0% |       0 |       2 |             2 |     39296
    17000 |     +0.0% |       0 |       2 |             2 |     38296
    18000 |     +0.0% |       0 |       2 |             2 |     37296
    19000 |     +0.0% |       0 |       2 |             2 |     36296
    20000 |     +0.0% |       0 |       2 |             2 |     35296
    21000 |     +0.0% |       0 |       2 |             2 |     34296
    22000 |     +0.0% |       0 |       2 |             2 |     33296
    23000 |     +0.0% |       0 |       2 |             2 |     32296
    24000 |     +0.0% |       0 |       2 |             2 |     31296
    25000 |     +0.0% |       0 |       2 |             2 |     30296
    26000 |     +0.0% |       0 |       2 |             2 |     29296
    27000 |     +0.0% |       0 |       2 |             2 |     28296
    28000 |     +0.0% |       0 |       2 |             2 |     27296
    29000 |     +0.0% |       0 |       2 |             2 |     26296
    30000 |     +0.0% |       0 |       2 |             2 |     25296
    31000 |     +0.0% |       0 |       2 |             2 |     24296
    32000 |     +0.0% |       0 |       2 |             2 |     23296
    33000 |     +0.0% |       0 |       2 |             2 |     22296
[WARNING RSZ-0104] Net _51223_ only has one pin. Check if it is intended to be dangling.
[WARNING RSZ-0104] Net _51181_ only has one pin. Check if it is intended to be dangling.
    34000 |     +0.0% |       0 |       2 |             2 |     21296
[WARNING RSZ-0104] Net _51222_ only has one pin. Check if it is intended to be dangling.
    35000 |     +0.0% |       0 |       2 |             2 |     20296
    36000 |     +0.0% |       0 |       2 |             2 |     19296
[WARNING RSZ-0104] Net _51185_ only has one pin. Check if it is intended to be dangling.
[WARNING RSZ-0104] Net _51180_ only has one pin. Check if it is intended to be dangling.
[WARNING RSZ-0104] Net _51256_ only has one pin. Check if it is intended to be dangling.
[WARNING RSZ-0104] Net _51148_ only has one pin. Check if it is intended to be dangling.
    37000 |     +0.0% |       0 |       2 |             2 |     18296
    38000 |     +0.0% |       0 |       2 |             2 |     17296
[WARNING RSZ-0104] Net _51270_ only has one pin. Check if it is intended to be dangling.
[WARNING RSZ-0104] Net _51213_ only has one pin. Check if it is intended to be dangling.
[WARNING RSZ-0104] Net _51208_ only has one pin. Check if it is intended to be dangling.
[WARNING RSZ-0104] Net _51105_ only has one pin. Check if it is intended to be dangling.
[WARNING RSZ-0104] Net _51204_ only has one pin. Check if it is intended to be dangling.
[WARNING RSZ-0104] Net _51174_ only has one pin. Check if it is intended to be dangling.
[WARNING RSZ-0104] Net _51173_ only has one pin. Check if it is intended to be dangling.
[WARNING RSZ-0104] Net _51172_ only has one pin. Check if it is intended to be dangling.
[WARNING RSZ-0104] Net _51110_ only has one pin. Check if it is intended to be dangling.
[WARNING RSZ-0104] Net _51111_ only has one pin. Check if it is intended to be dangling.
[WARNING RSZ-0104] Net _51141_ only has one pin. Check if it is intended to be dangling.
[WARNING RSZ-0104] Net _51106_ only has one pin. Check if it is intended to be dangling.
    39000 |     +0.0% |       0 |       2 |             2 |     16296
    40000 |     +0.0% |       0 |       2 |             2 |     15296
[WARNING RSZ-0104] Net _51103_ only has one pin. Check if it is intended to be dangling.
[WARNING RSZ-0104] Net _51104_ only has one pin. Check if it is intended to be dangling.
[WARNING RSZ-0104] Net _51205_ only has one pin. Check if it is intended to be dangling.
[WARNING RSZ-0104] Net _51266_ only has one pin. Check if it is intended to be dangling.
[WARNING RSZ-0104] Net _51260_ only has one pin. Check if it is intended to be dangling.
[WARNING RSZ-0104] Net _51259_ only has one pin. Check if it is intended to be dangling.
[WARNING RSZ-0104] Net _51258_ only has one pin. Check if it is intended to be dangling.
[WARNING RSZ-0104] Net _51234_ only has one pin. Check if it is intended to be dangling.
[WARNING RSZ-0104] Net _51233_ only has one pin. Check if it is intended to be dangling.
[WARNING RSZ-0104] Net _51232_ only has one pin. Check if it is intended to be dangling.
[WARNING RSZ-0104] Net _51220_ only has one pin. Check if it is intended to be dangling.
[WARNING RSZ-0104] Net _51203_ only has one pin. Check if it is intended to be dangling.
[WARNING RSZ-0104] Net _51202_ only has one pin. Check if it is intended to be dangling.
[WARNING RSZ-0104] Net _51169_ only has one pin. Check if it is intended to be dangling.
[WARNING RSZ-0104] Net _51108_ only has one pin. Check if it is intended to be dangling.
[WARNING RSZ-0104] Net _51112_ only has one pin. Check if it is intended to be dangling.
[WARNING RSZ-0104] Net _51113_ only has one pin. Check if it is intended to be dangling.
    41000 |     +0.0% |       0 |       2 |             2 |     14296
    42000 |     +0.0% |       0 |       2 |             2 |     13296
[WARNING RSZ-0104] Net _51219_ only has one pin. Check if it is intended to be dangling.
[WARNING RSZ-0104] Net _51217_ only has one pin. Check if it is intended to be dangling.
[WARNING RSZ-0104] Net _51168_ only has one pin. Check if it is intended to be dangling.
[WARNING RSZ-0104] Net _51155_ only has one pin. Check if it is intended to be dangling.
[WARNING RSZ-0104] Net _51119_ only has one pin. Check if it is intended to be dangling.
[WARNING RSZ-0104] Net _51271_ only has one pin. Check if it is intended to be dangling.
[WARNING RSZ-0104] Net _51269_ only has one pin. Check if it is intended to be dangling.
[WARNING RSZ-0104] Net _51268_ only has one pin. Check if it is intended to be dangling.
[WARNING RSZ-0104] Net _51265_ only has one pin. Check if it is intended to be dangling.
[WARNING RSZ-0104] Net _51263_ only has one pin. Check if it is intended to be dangling.
[WARNING RSZ-0104] Net _51262_ only has one pin. Check if it is intended to be dangling.
[WARNING RSZ-0104] Net _51261_ only has one pin. Check if it is intended to be dangling.
    43000 |     +0.0% |       0 |       2 |             2 |     12296
[WARNING RSZ-0104] Net _51228_ only has one pin. Check if it is intended to be dangling.
[WARNING RSZ-0104] Net _51227_ only has one pin. Check if it is intended to be dangling.
[WARNING RSZ-0104] Net _51216_ only has one pin. Check if it is intended to be dangling.
[WARNING RSZ-0104] Net _51215_ only has one pin. Check if it is intended to be dangling.
[WARNING RSZ-0104] Net _51214_ only has one pin. Check if it is intended to be dangling.
[WARNING RSZ-0104] Net _51211_ only has one pin. Check if it is intended to be dangling.
[WARNING RSZ-0104] Net _51210_ only has one pin. Check if it is intended to be dangling.
[WARNING RSZ-0104] Net _51209_ only has one pin. Check if it is intended to be dangling.
[WARNING RSZ-0104] Net _26780_ only has one pin. Check if it is intended to be dangling.
[WARNING RSZ-0104] Net _51107_ only has one pin. Check if it is intended to be dangling.
    44000 |     +0.0% |       0 |       2 |             2 |     11296
[WARNING RSZ-0104] Net _51109_ only has one pin. Check if it is intended to be dangling.
[WARNING RSZ-0104] Net _51161_ only has one pin. Check if it is intended to be dangling.
[WARNING RSZ-0104] Net _51151_ only has one pin. Check if it is intended to be dangling.
[WARNING RSZ-0104] Net _51150_ only has one pin. Check if it is intended to be dangling.
[WARNING RSZ-0104] Net _51149_ only has one pin. Check if it is intended to be dangling.
[WARNING RSZ-0104] Net _51144_ only has one pin. Check if it is intended to be dangling.
[WARNING RSZ-0104] Net _51143_ only has one pin. Check if it is intended to be dangling.
[WARNING RSZ-0104] Net _51142_ only has one pin. Check if it is intended to be dangling.
[WARNING RSZ-0104] Net _51128_ only has one pin. Check if it is intended to be dangling.
[WARNING RSZ-0104] Net _51127_ only has one pin. Check if it is intended to be dangling.
[WARNING RSZ-0104] Net _51126_ only has one pin. Check if it is intended to be dangling.
[WARNING RSZ-0104] Net _19152_ only has one pin. Check if it is intended to be dangling.
[WARNING RSZ-0104] Net _51246_ only has one pin. Check if it is intended to be dangling.
[WARNING RSZ-0104] Net _51245_ only has one pin. Check if it is intended to be dangling.
[WARNING RSZ-0104] Net _51243_ only has one pin. Check if it is intended to be dangling.
[WARNING RSZ-0104] Net _51240_ only has one pin. Check if it is intended to be dangling.
    45000 |     +0.0% |       0 |       2 |             2 |     10296
[WARNING RSZ-0104] Net _51212_ only has one pin. Check if it is intended to be dangling.
[WARNING RSZ-0104] Net _51178_ only has one pin. Check if it is intended to be dangling.
    46000 |     +0.0% |       0 |       2 |             2 |      9296
[WARNING RSZ-0104] Net _51132_ only has one pin. Check if it is intended to be dangling.
[WARNING RSZ-0104] Net _51267_ only has one pin. Check if it is intended to be dangling.
[WARNING RSZ-0104] Net _51264_ only has one pin. Check if it is intended to be dangling.
[WARNING RSZ-0104] Net _51226_ only has one pin. Check if it is intended to be dangling.
[WARNING RSZ-0104] Net _51160_ only has one pin. Check if it is intended to be dangling.
[WARNING RSZ-0104] Net _51242_ only has one pin. Check if it is intended to be dangling.
[WARNING RSZ-0104] Net _51241_ only has one pin. Check if it is intended to be dangling.
    47000 |     +0.0% |       0 |       2 |             2 |      8296
    48000 |     +0.0% |       0 |       2 |             2 |      7296
    49000 |     +0.0% |       0 |       2 |             2 |      6296
    50000 |     +0.0% |       0 |       2 |             2 |      5296
    51000 |     +0.0% |       0 |       2 |             2 |      4296
    52000 |     +0.0% |       0 |       2 |             2 |      3296
    53000 |     +0.0% |       0 |       2 |             2 |      2296
    54000 |     +0.0% |       0 |       2 |             2 |      1296
    55000 |     +0.0% |       0 |       2 |             2 |       296
    final |     +0.0% |       0 |       2 |             2 |         0
---------------------------------------------------------------------
[INFO RSZ-0036] Found 2 capacitance violations.
[INFO RSZ-0038] Inserted 2 buffers in 2 nets.
[INFO RSZ-0504] Runtime: 4.69s
Took 5 seconds: repair_design -verbose
global_route -start_incremental
detailed_placement
[INFO DPL-0006] Core area: 13118.03 um^2
[INFO DPL-0007] Movable instances area: 5358.03 um^2
[INFO DPL-0008] Fixed instances area within core: 49.57 um^2
[INFO DPL-0009] Utilization: 41.2%
[INFO DPL-0005] Diamond search max displacement: +/- 500 sites horizontally, +/- 100 rows vertically.
[INFO DPL-1102] Legalizing using negotiation legalizer.
[INFO DPL-1103] Negotiation base search window: +/-20 sites horizontally, +/-5 rows vertically 
	Automatic search window extension enabled.
	Search window extendable up to the max displacement cap of +/-500 sites, +/-100 rows near walls.
[INFO DPL-1104] NegotiationLegalizer DRC penalty: 5.
[INFO DPL-0392] Negotiation cell height distribution (1 unique row-count(s)):
[INFO DPL-0393]   height 1 row(s): 49147 cells
          |      Total |  Illegal |  Illegal
Iteration | Violations |    Cells |    Sites
---------------------------------------------
        0 |          0 |         0 |         0
Negotiation phase 1 converged at iteration 0.
[INFO DPL-0500] Runtime: 0.28s
Placement Analysis
---------------------------------
total displacement          1.0 u
average displacement        0.0 u
max displacement            0.5 u
original HPWL          104561.5 u
legalized HPWL         104561.7 u
delta HPWL                    0 %

global_route -end_incremental -resistance_aware -congestion_report_file /home/matheus-grossi/Projects/CNN/CNN/synth_org/top/reports/asap7/top/base/congestion_post_repair_design.rpt
Repair setup and hold violations...
estimate_parasitics -global_routing
repair_timing -setup_margin 0 -hold_margin 0 -repair_tns 100 -verbose
[INFO RSZ-0100] Repair move sequence: UnbufferMove SizeUpMove SwapPinsMove BufferMove CloneMove SplitLoadMove 
[INFO RSZ-0098] No setup violations found
[INFO RSZ-0505] Runtime: 1.05s
[INFO RSZ-0033] No hold violations found.
[INFO RSZ-0506] Runtime: 0.35s
global_route -start_incremental
detailed_placement
[INFO DPL-0006] Core area: 13118.03 um^2
[INFO DPL-0007] Movable instances area: 5358.03 um^2
[INFO DPL-0008] Fixed instances area within core: 49.57 um^2
[INFO DPL-0009] Utilization: 41.2%
[INFO DPL-0005] Diamond search max displacement: +/- 500 sites horizontally, +/- 100 rows vertically.
[INFO DPL-1102] Legalizing using negotiation legalizer.
[INFO DPL-1103] Negotiation base search window: +/-20 sites horizontally, +/-5 rows vertically 
	Automatic search window extension enabled.
	Search window extendable up to the max displacement cap of +/-500 sites, +/-100 rows near walls.
[INFO DPL-1104] NegotiationLegalizer DRC penalty: 5.
[INFO DPL-0392] Negotiation cell height distribution (1 unique row-count(s)):
[INFO DPL-0393]   height 1 row(s): 49147 cells
[INFO DPL-0500] Runtime: 0.26s
Placement Analysis
---------------------------------
total displacement          0.0 u
average displacement        0.0 u
max displacement            0.0 u
original HPWL          104561.7 u
legalized HPWL         104561.7 u
delta HPWL                    0 %

check_placement -verbose
global_route -end_incremental -resistance_aware -congestion_report_file /home/matheus-grossi/Projects/CNN/CNN/synth_org/top/reports/asap7/top/base/congestion_post_repair_timing.rpt
estimate_parasitics -global_routing
repair_timing -setup -sequence "vt_swap reroute" -skip_last_gasp -repair_tns 0 -verbose
[INFO RSZ-0100] Repair move sequence: RerouteMove 
[INFO RSZ-0098] No setup violations found
[INFO RSZ-0505] Runtime: 1.06s
Repair antennas...
[WARNING GRT-0246] No diode with LEF class CORE ANTENNACELL found.
[INFO ANT-0002] Found 0 net violations.
[INFO ANT-0001] Found 0 pin violations.
Estimate parasitics...
estimate_parasitics -global_routing
Report metrics stage 5, global route...

==========================================================================
global route report_design_area
--------------------------------------------------------------------------
Design area 5408 um^2 41% utilization.
[INFO FLW-0007] clock core_clk period 10000.000000
[INFO FLW-0008] Clock core_clk period 4293.518
[INFO FLW-0009] Clock core_clk slack 5480.507
write_sdc -no_timestamp /home/matheus-grossi/Projects/CNN/CNN/synth_org/top/results/asap7/top/base/updated_clks.sdc
[INFO FLW-0011] Path endpoint path count 3598
write_db /home/matheus-grossi/Projects/CNN/CNN/synth_org/top/results/asap7/top/base/5_1_grt.odb
write_sdc -no_timestamp /home/matheus-grossi/Projects/CNN/CNN/synth_org/top/results/asap7/top/base/5_1_grt.sdc
Elapsed time: 1:33.57[h:]min:sec. CPU time: user 761.01 sys 10.11 (824%). Peak memory: 1106288KB.
Log                       Ext     Elapsed/s Peak Memory/MB sha1sum result [0:20)
5_1_grt                   .odb           93           1080 5943904c9dc127ee767c
5_1_grt                   .sdc                             92671cc5e77142235d49
