OpenROAD 26Q3-2056-g41a28926b9 
Features included (+) or not (-): +GPU +GUI +Python
This program is licensed under the BSD-3 license. See the LICENSE file for details.
Components of this program may be licensed under more restrictive licenses which must be honored.
[INFO ORD-0030] Using 12 thread(s).
source /home/matheus-grossi/OpenROAD/OpenROAD-flow-scripts/flow/platforms/asap7/liberty_suppressions.tcl
read_liberty /home/matheus-grossi/OpenROAD/OpenROAD-flow-scripts/flow/platforms/asap7/lib/NLDM/asap7sc7p5t_AO_RVT_FF_nldm_211120.lib.gz
read_liberty /home/matheus-grossi/OpenROAD/OpenROAD-flow-scripts/flow/platforms/asap7/lib/NLDM/asap7sc7p5t_INVBUF_RVT_FF_nldm_220122.lib.gz
read_liberty /home/matheus-grossi/OpenROAD/OpenROAD-flow-scripts/flow/platforms/asap7/lib/NLDM/asap7sc7p5t_OA_RVT_FF_nldm_211120.lib.gz
read_liberty /home/matheus-grossi/OpenROAD/OpenROAD-flow-scripts/flow/platforms/asap7/lib/NLDM/asap7sc7p5t_SIMPLE_RVT_FF_nldm_211120.lib.gz
read_liberty /home/matheus-grossi/OpenROAD/OpenROAD-flow-scripts/flow/platforms/asap7/lib/NLDM/asap7sc7p5t_SEQ_RVT_FF_nldm_220123.lib
read_db /home/matheus-grossi/Projects/CNN/CNN/synth_org/top/results/asap7/top/base/5_1_grt.odb
read_sdc /home/matheus-grossi/Projects/CNN/CNN/synth_org/top/results/asap7/top/base/5_1_grt.sdc
source /home/matheus-grossi/OpenROAD/OpenROAD-flow-scripts/flow/platforms/asap7/setRC.tcl
detailed_route -output_drc /home/matheus-grossi/Projects/CNN/CNN/synth_org/top/reports/asap7/top/base/5_route_drc.rpt -output_maze /home/matheus-grossi/Projects/CNN/CNN/synth_org/top/results/asap7/top/base/maze.log -droute_end_iter 64 -verbose 1 -drc_report_iter_step 5
[INFO DRT-0149] Reading tech and libs.

Units:                1000
Number of layers:     21
Number of macros:     212
Number of vias:       14
Number of viarulegen: 11

[INFO DRT-0150] Reading design.

Design:                   CNN
Die area:                 ( 0 0 ) ( 118662 118662 )
Number of track patterns: 32
Number of DEF vias:       0
Number of components:     49147
Number of terminals:      710
Number of snets:          2
Number of nets:           55131

[INFO DRT-0167] List of default vias:
  Layer V2
    default via: VIA23
  Layer V3
    default via: VIA34
  Layer V4
    default via: VIA45
  Layer V5
    default via: VIA56
  Layer V6
    default via: VIA67
  Layer V7
    default via: VIA78
  Layer V8
    default via: VIA89
  Layer V9
    default via: VIA9Pad
[INFO DRT-0162] Library cell analysis.
[INFO DRT-0163] Instance analysis.
[INFO DRT-0164] Number of unique instances = 240.
[INFO DRT-0168] Init region query.
[INFO DRT-0024]   Complete Active.
[INFO DRT-0024]   Complete V0.
[INFO DRT-0024]   Complete M1.
[INFO DRT-0024]   Complete V1.
[INFO DRT-0024]   Complete M2.
[INFO DRT-0024]   Complete V2.
[INFO DRT-0024]   Complete M3.
[INFO DRT-0024]   Complete V3.
[INFO DRT-0024]   Complete M4.
[INFO DRT-0024]   Complete V4.
[INFO DRT-0024]   Complete M5.
[INFO DRT-0024]   Complete V5.
[INFO DRT-0024]   Complete M6.
[INFO DRT-0024]   Complete V6.
[INFO DRT-0024]   Complete M7.
[INFO DRT-0024]   Complete V7.
[INFO DRT-0024]   Complete M8.
[INFO DRT-0024]   Complete V8.
[INFO DRT-0024]   Complete M9.
[INFO DRT-0024]   Complete V9.
[INFO DRT-0024]   Complete Pad.
[INFO DRT-0033] Active shape region query size = 0.
[INFO DRT-0033] V0 shape region query size = 0.
[INFO DRT-0033] M1 shape region query size = 822278.
[INFO DRT-0033] V1 shape region query size = 1412953.
[INFO DRT-0033] M2 shape region query size = 31169.
[INFO DRT-0033] V2 shape region query size = 28050.
[INFO DRT-0033] M3 shape region query size = 28050.
[INFO DRT-0033] V3 shape region query size = 18700.
[INFO DRT-0033] M4 shape region query size = 19150.
[INFO DRT-0033] V4 shape region query size = 18700.
[INFO DRT-0033] M5 shape region query size = 10620.
[INFO DRT-0033] V5 shape region query size = 1936.
[INFO DRT-0033] M6 shape region query size = 1056.
[INFO DRT-0033] V6 shape region query size = 0.
[INFO DRT-0033] M7 shape region query size = 0.
[INFO DRT-0033] V7 shape region query size = 0.
[INFO DRT-0033] M8 shape region query size = 0.
[INFO DRT-0033] V8 shape region query size = 0.
[INFO DRT-0033] M9 shape region query size = 0.
[INFO DRT-0033] V9 shape region query size = 0.
[INFO DRT-0033] Pad shape region query size = 0.
[INFO DRT-0165] Start pin access.
[INFO DRT-0076]   Complete 1000 pins.
[INFO DRT-0078]   Complete 1399 pins.
[INFO DRT-0079]   Complete 100 unique inst patterns.
[INFO DRT-0079]   Complete 200 unique inst patterns.
[INFO DRT-0081]   Complete 240 unique inst patterns.
[INFO DRT-0082]   Complete 10000 groups.
[INFO DRT-0082]   Complete 20000 groups.
[INFO DRT-0082]   Complete 30000 groups.
[INFO DRT-0084]   Complete 32121 groups.
#scanned instances     = 49147
#unique  instances     = 240
#stdCellGenAp          = 6627
#stdCellValidPlanarAp  = 50
#stdCellValidViaAp     = 5420
#stdCellPinNoAp        = 0
#stdCellPinCnt         = 154926
#instTermValidViaApCnt = 0
#macroGenAp            = 0
#macroValidPlanarAp    = 0
#macroValidViaAp       = 0
#macroNoAp             = 0
[INFO DRT-0166] Complete pin access.
[INFO DRT-0267] cpu time = 00:10:34, elapsed time = 00:00:53, memory = 713.81 (MB), peak = 735.97 (MB)
[INFO DRT-0156] guideIn read 100000 guides.
[INFO DRT-0156] guideIn read 200000 guides.
[INFO DRT-0156] guideIn read 300000 guides.

[INFO DRT-0157] Number of guides:     346418

[INFO DRT-0169] Post process guides.
[INFO DRT-0176] GCELLGRID X 0 DO 208 STEP 570 ;
[INFO DRT-0177] GCELLGRID Y 0 DO 208 STEP 570 ;
[INFO DRT-0026]   Complete 100000 origin guides.
[INFO DRT-0026]   Complete 200000 origin guides.
[INFO DRT-0026]   Complete 300000 origin guides.
[INFO DRT-0028]   Complete Active.
[INFO DRT-0028]   Complete V0.
[INFO DRT-0028]   Complete M1.
[INFO DRT-0028]   Complete V1.
[INFO DRT-0028]   Complete M2.
[INFO DRT-0028]   Complete V2.
[INFO DRT-0028]   Complete M3.
[INFO DRT-0028]   Complete V3.
[INFO DRT-0028]   Complete M4.
[INFO DRT-0028]   Complete V4.
[INFO DRT-0028]   Complete M5.
[INFO DRT-0028]   Complete V5.
[INFO DRT-0028]   Complete M6.
[INFO DRT-0028]   Complete V6.
[INFO DRT-0028]   Complete M7.
[INFO DRT-0028]   Complete V7.
[INFO DRT-0028]   Complete M8.
[INFO DRT-0028]   Complete V8.
[INFO DRT-0028]   Complete M9.
[INFO DRT-0028]   Complete V9.
[INFO DRT-0028]   Complete Pad.
[INFO DRT-0178] Init guide query.
[INFO DRT-0035]   Complete Active (guide).
[INFO DRT-0035]   Complete V0 (guide).
[INFO DRT-0035]   Complete M1 (guide).
[INFO DRT-0035]   Complete V1 (guide).
[INFO DRT-0035]   Complete M2 (guide).
[INFO DRT-0035]   Complete V2 (guide).
[INFO DRT-0035]   Complete M3 (guide).
[INFO DRT-0035]   Complete V3 (guide).
[INFO DRT-0035]   Complete M4 (guide).
[INFO DRT-0035]   Complete V4 (guide).
[INFO DRT-0035]   Complete M5 (guide).
[INFO DRT-0035]   Complete V5 (guide).
[INFO DRT-0035]   Complete M6 (guide).
[INFO DRT-0035]   Complete V6 (guide).
[INFO DRT-0035]   Complete M7 (guide).
[INFO DRT-0035]   Complete V7 (guide).
[INFO DRT-0035]   Complete M8 (guide).
[INFO DRT-0035]   Complete V8 (guide).
[INFO DRT-0035]   Complete M9 (guide).
[INFO DRT-0035]   Complete V9 (guide).
[INFO DRT-0035]   Complete Pad (guide).
[INFO DRT-0036] Active guide region query size = 0.
[INFO DRT-0036] V0 guide region query size = 0.
[INFO DRT-0036] M1 guide region query size = 117782.
[INFO DRT-0036] V1 guide region query size = 0.
[INFO DRT-0036] M2 guide region query size = 98718.
[INFO DRT-0036] V2 guide region query size = 0.
[INFO DRT-0036] M3 guide region query size = 46383.
[INFO DRT-0036] V3 guide region query size = 0.
[INFO DRT-0036] M4 guide region query size = 3744.
[INFO DRT-0036] V4 guide region query size = 0.
[INFO DRT-0036] M5 guide region query size = 2270.
[INFO DRT-0036] V5 guide region query size = 0.
[INFO DRT-0036] M6 guide region query size = 1168.
[INFO DRT-0036] V6 guide region query size = 0.
[INFO DRT-0036] M7 guide region query size = 572.
[INFO DRT-0036] V7 guide region query size = 0.
[INFO DRT-0036] M8 guide region query size = 0.
[INFO DRT-0036] V8 guide region query size = 0.
[INFO DRT-0036] M9 guide region query size = 0.
[INFO DRT-0036] V9 guide region query size = 0.
[INFO DRT-0036] Pad guide region query size = 0.
[INFO DRT-0179] Init gr pin query.
[INFO DRT-0267] cpu time = 00:00:01, elapsed time = 00:00:00, memory = 826.39 (MB), peak = 825.33 (MB)
[INFO DRT-0245] skipped writing guide updates to database.
[INFO DRT-0181] Start track assignment.
[INFO DRT-0184] Done with 167007 vertical wires in 5 frboxes and 103630 horizontal wires in 5 frboxes.
[INFO DRT-0186] Done with 13806 vertical wires in 5 frboxes and 21419 horizontal wires in 5 frboxes.
[INFO DRT-0182] Complete track assignment.
[INFO DRT-0267] cpu time = 00:00:12, elapsed time = 00:00:03, memory = 1563.11 (MB), peak = 1562.25 (MB)
[INFO DRT-0187] Start routing data preparation.
[INFO DRT-0267] cpu time = 00:00:00, elapsed time = 00:00:00, memory = 1563.11 (MB), peak = 1562.25 (MB)
[INFO DRT-0194] Start detail routing.
[INFO DRT-0195] Start 0th optimization iteration.
    Completing 10% with 0 violations.
    elapsed time = 00:00:06, memory = 2916.93 (MB).
    Completing 20% with 0 violations.
    elapsed time = 00:00:12, memory = 4433.55 (MB).
    Completing 30% with 1347 violations.
    elapsed time = 00:00:18, memory = 4902.29 (MB).
    Completing 40% with 1347 violations.
    elapsed time = 00:00:25, memory = 4939.02 (MB).
    Completing 50% with 1347 violations.
    elapsed time = 00:00:29, memory = 4910.13 (MB).
    Completing 60% with 2756 violations.
    elapsed time = 00:00:39, memory = 5516.69 (MB).
    Completing 70% with 2756 violations.
    elapsed time = 00:00:46, memory = 5631.60 (MB).
    Completing 80% with 3995 violations.
    elapsed time = 00:00:53, memory = 5916.80 (MB).
    Completing 90% with 3995 violations.
    elapsed time = 00:01:02, memory = 5953.15 (MB).
    Completing 100% with 5273 violations.
    elapsed time = 00:01:08, memory = 5722.62 (MB).
[INFO DRT-0199]   Number of violations = 7265.
Viol/Layer          M1     M2     V2     M3     V3     M4     V4     M5     V5     M6     V6     M7
CutSpcTbl            0      0      0      0     22      0     11      0      8      0     12      0
EOL                  0    272      0     32      0      9      0      0      0      0      0      0
Metal Spacing     1600    122      0    322      0      3      0      0      0     12      0      2
Recheck              3   1079      0    619      0    166      0     83      0     37      0      5
Short              385    348      2     65      1      2      3     11      3     27      1      0
eolKeepOut           0   1833      0    127      0     38      0      0      0      0      0      0
[INFO DRT-0267] cpu time = 00:12:24, elapsed time = 00:01:09, memory = 5819.36 (MB), peak = 6152.51 (MB)
Total wire length = 119628 um.
Total wire length on LAYER M1 = 0 um.
Total wire length on LAYER M2 = 43617 um.
Total wire length on LAYER M3 = 58297 um.
Total wire length on LAYER M4 = 11948 um.
Total wire length on LAYER M5 = 3026 um.
Total wire length on LAYER M6 = 1364 um.
Total wire length on LAYER M7 = 1373 um.
Total wire length on LAYER M8 = 0 um.
Total wire length on LAYER M9 = 0 um.
Total wire length on LAYER Pad = 0 um.
Total number of vias = 372402.
Up-via summary (total 372402):

-----------------
 Active         0
     M1    144126
     M2    206316
     M3     17521
     M4      2472
     M5      1073
     M6       894
     M7         0
     M8         0
     M9         0
-----------------
       372402


[INFO DRT-0195] Start 1st optimization iteration.
    Completing 10% with 7265 violations.
    elapsed time = 00:00:06, memory = 6221.31 (MB).
    Completing 20% with 7265 violations.
    elapsed time = 00:00:13, memory = 6284.02 (MB).
    Completing 30% with 5414 violations.
    elapsed time = 00:00:20, memory = 6349.97 (MB).
    Completing 40% with 5414 violations.
    elapsed time = 00:00:27, memory = 6351.01 (MB).
    Completing 50% with 5414 violations.
    elapsed time = 00:00:32, memory = 6031.36 (MB).
    Completing 60% with 3857 violations.
    elapsed time = 00:00:42, memory = 6493.30 (MB).
    Completing 70% with 3857 violations.
    elapsed time = 00:00:48, memory = 6510.32 (MB).
    Completing 80% with 2285 violations.
    elapsed time = 00:00:55, memory = 6518.46 (MB).
    Completing 90% with 2285 violations.
    elapsed time = 00:01:03, memory = 6540.45 (MB).
    Completing 100% with 701 violations.
    elapsed time = 00:01:08, memory = 6196.52 (MB).
[INFO DRT-0199]   Number of violations = 710.
Viol/Layer          M1     M2     M3     V3     M4     V4     M6     V6     M7
CutSpcTbl            0      0      0     11      0      5      0      4      0
EOL                  0     57      1      0      0      0      0      0      0
Metal Spacing      183      9     83      0      0      0      2      0      1
Recheck              0      2      6      0      1      0      0      0      0
Short               45     24     19      0      0      0      0      0      0
eolKeepOut           0    252      5      0      0      0      0      0      0
[INFO DRT-0267] cpu time = 00:12:22, elapsed time = 00:01:09, memory = 6132.23 (MB), peak = 6666.06 (MB)
Total wire length = 118499 um.
Total wire length on LAYER M1 = 0 um.
Total wire length on LAYER M2 = 43086 um.
Total wire length on LAYER M3 = 57810 um.
Total wire length on LAYER M4 = 12070 um.
Total wire length on LAYER M5 = 2932 um.
Total wire length on LAYER M6 = 1320 um.
Total wire length on LAYER M7 = 1279 um.
Total wire length on LAYER M8 = 0 um.
Total wire length on LAYER M9 = 0 um.
Total wire length on LAYER Pad = 0 um.
Total number of vias = 358185.
Up-via summary (total 358185):

-----------------
 Active         0
     M1    144037
     M2    194947
     M3     15534
     M4      2078
     M5       881
     M6       708
     M7         0
     M8         0
     M9         0
-----------------
       358185


[INFO DRT-0195] Start 2nd optimization iteration.
    Completing 10% with 710 violations.
    elapsed time = 00:00:01, memory = 6636.93 (MB).
    Completing 20% with 710 violations.
    elapsed time = 00:00:05, memory = 6625.19 (MB).
    Completing 30% with 643 violations.
    elapsed time = 00:00:07, memory = 6639.11 (MB).
    Completing 40% with 643 violations.
    elapsed time = 00:00:11, memory = 6528.00 (MB).
    Completing 50% with 643 violations.
    elapsed time = 00:00:13, memory = 6584.11 (MB).
    Completing 60% with 593 violations.
    elapsed time = 00:00:17, memory = 6597.58 (MB).
    Completing 70% with 593 violations.
    elapsed time = 00:00:19, memory = 6585.08 (MB).
    Completing 80% with 503 violations.
    elapsed time = 00:00:22, memory = 6638.67 (MB).
    Completing 90% with 503 violations.
    elapsed time = 00:00:25, memory = 6576.55 (MB).
    Completing 100% with 421 violations.
    elapsed time = 00:00:29, memory = 6091.32 (MB).
[INFO DRT-0199]   Number of violations = 421.
Viol/Layer          M1     M2     M3     V3     V4     M6     V6
CutSpcTbl            0      0      0     15      4      0      3
EOL                  0     35      2      0      0      0      0
Metal Spacing       96      5     53      0      0      1      0
Short               25     11     14      0      0      0      0
eolKeepOut           0    153      4      0      0      0      0
[INFO DRT-0267] cpu time = 00:05:02, elapsed time = 00:00:29, memory = 6091.32 (MB), peak = 6699.56 (MB)
Total wire length = 118411 um.
Total wire length on LAYER M1 = 0 um.
Total wire length on LAYER M2 = 43071 um.
Total wire length on LAYER M3 = 57818 um.
Total wire length on LAYER M4 = 12034 um.
Total wire length on LAYER M5 = 2911 um.
Total wire length on LAYER M6 = 1311 um.
Total wire length on LAYER M7 = 1264 um.
Total wire length on LAYER M8 = 0 um.
Total wire length on LAYER M9 = 0 um.
Total wire length on LAYER Pad = 0 um.
Total number of vias = 357084.
Up-via summary (total 357084):

-----------------
 Active         0
     M1    144036
     M2    194303
     M3     15200
     M4      1999
     M5       856
     M6       690
     M7         0
     M8         0
     M9         0
-----------------
       357084


[INFO DRT-0195] Start 3rd optimization iteration.
    Completing 10% with 421 violations.
    elapsed time = 00:00:01, memory = 6635.87 (MB).
    Completing 20% with 421 violations.
    elapsed time = 00:00:02, memory = 6570.70 (MB).
    Completing 30% with 287 violations.
    elapsed time = 00:00:03, memory = 6094.23 (MB).
    Completing 40% with 287 violations.
    elapsed time = 00:00:04, memory = 6638.36 (MB).
    Completing 50% with 287 violations.
    elapsed time = 00:00:06, memory = 6091.32 (MB).
    Completing 60% with 202 violations.
    elapsed time = 00:00:07, memory = 6561.47 (MB).
    Completing 70% with 202 violations.
    elapsed time = 00:00:08, memory = 6592.09 (MB).
    Completing 80% with 85 violations.
    elapsed time = 00:00:09, memory = 6091.32 (MB).
    Completing 90% with 85 violations.
    elapsed time = 00:00:09, memory = 6516.32 (MB).
    Completing 100% with 1 violations.
    elapsed time = 00:00:11, memory = 6091.32 (MB).
[INFO DRT-0199]   Number of violations = 1.
Viol/Layer          M2
Short                1
[INFO DRT-0267] cpu time = 00:01:36, elapsed time = 00:00:11, memory = 6091.32 (MB), peak = 6699.56 (MB)
Total wire length = 118396 um.
Total wire length on LAYER M1 = 0 um.
Total wire length on LAYER M2 = 42879 um.
Total wire length on LAYER M3 = 57775 um.
Total wire length on LAYER M4 = 12238 um.
Total wire length on LAYER M5 = 2930 um.
Total wire length on LAYER M6 = 1308 um.
Total wire length on LAYER M7 = 1262 um.
Total wire length on LAYER M8 = 0 um.
Total wire length on LAYER M9 = 0 um.
Total wire length on LAYER Pad = 0 um.
Total number of vias = 357212.
Up-via summary (total 357212):

-----------------
 Active         0
     M1    144036
     M2    193902
     M3     15675
     M4      2041
     M5       869
     M6       689
     M7         0
     M8         0
     M9         0
-----------------
       357212


[INFO DRT-0195] Start 4th guides tiles iteration.
    Completing 50% with 1 violations.
    elapsed time = 00:00:00, memory = 6091.38 (MB).
    Completing 100% with 0 violations.
    elapsed time = 00:00:00, memory = 6091.38 (MB).
[INFO DRT-0199]   Number of violations = 0.
[INFO DRT-0267] cpu time = 00:00:00, elapsed time = 00:00:00, memory = 6091.38 (MB), peak = 6699.56 (MB)
Total wire length = 118396 um.
Total wire length on LAYER M1 = 0 um.
Total wire length on LAYER M2 = 42878 um.
Total wire length on LAYER M3 = 57775 um.
Total wire length on LAYER M4 = 12238 um.
Total wire length on LAYER M5 = 2930 um.
Total wire length on LAYER M6 = 1308 um.
Total wire length on LAYER M7 = 1262 um.
Total wire length on LAYER M8 = 0 um.
Total wire length on LAYER M9 = 0 um.
Total wire length on LAYER Pad = 0 um.
Total number of vias = 357214.
Up-via summary (total 357214):

-----------------
 Active         0
     M1    144036
     M2    193904
     M3     15675
     M4      2041
     M5       869
     M6       689
     M7         0
     M8         0
     M9         0
-----------------
       357214


[INFO DRT-0198] Complete detail routing.
Total wire length = 118396 um.
Total wire length on LAYER M1 = 0 um.
Total wire length on LAYER M2 = 42878 um.
Total wire length on LAYER M3 = 57775 um.
Total wire length on LAYER M4 = 12238 um.
Total wire length on LAYER M5 = 2930 um.
Total wire length on LAYER M6 = 1308 um.
Total wire length on LAYER M7 = 1262 um.
Total wire length on LAYER M8 = 0 um.
Total wire length on LAYER M9 = 0 um.
Total wire length on LAYER Pad = 0 um.
Total number of vias = 357214.
Up-via summary (total 357214):

-----------------
 Active         0
     M1    144036
     M2    193904
     M3     15675
     M4      2041
     M5       869
     M6       689
     M7         0
     M8         0
     M9         0
-----------------
       357214


[INFO DRT-0267] cpu time = 00:31:26, elapsed time = 00:03:00, memory = 6091.50 (MB), peak = 6699.56 (MB)

[INFO DRT-0180] Post processing.
[INFO DRT-0501] Runtime: 239.82s
Took 240 seconds: detailed_route -output_drc /home/matheus-grossi/Projects/CNN/CNN/synth_org/top/reports/asap7/top/base/5_route_drc.rpt -output_maze /home/matheus-grossi/Projects/CNN/CNN/synth_org/top/results/asap7/top/base/maze.log -droute_end_iter 64 -verbose 1 -drc_report_iter_step 5
[WARNING GRT-0246] No diode with LEF class CORE ANTENNACELL found.
[INFO ANT-0002] Found 0 net violations.
[INFO ANT-0001] Found 0 pin violations.
[INFO ANT-0002] Found 0 net violations.
[INFO ANT-0001] Found 0 pin violations.
Design area 5408 um^2 41% utilization.
write_db /home/matheus-grossi/Projects/CNN/CNN/synth_org/top/results/asap7/top/base/5_2_route.odb
Elapsed time: 4:07.76[h:]min:sec. CPU time: user 2545.12 sys 45.54 (1045%). Peak memory: 6860348KB.
Log                       Ext     Elapsed/s Peak Memory/MB sha1sum result [0:20)
5_2_route                 .odb          247           6699 014e2c7fbc44ec51de8a
