OpenROAD 26Q3-2056-g41a28926b9 
Features included (+) or not (-): +GPU +GUI +Python
This program is licensed under the BSD-3 license. See the LICENSE file for details.
Components of this program may be licensed under more restrictive licenses which must be honored.
[INFO ORD-0030] Using 12 thread(s).
source /home/matheus-grossi/OpenROAD/OpenROAD-flow-scripts/flow/platforms/asap7/liberty_suppressions.tcl
read_liberty /home/matheus-grossi/OpenROAD/OpenROAD-flow-scripts/flow/platforms/asap7/lib/NLDM/asap7sc7p5t_AO_RVT_FF_nldm_211120.lib.gz
read_liberty /home/matheus-grossi/OpenROAD/OpenROAD-flow-scripts/flow/platforms/asap7/lib/NLDM/asap7sc7p5t_INVBUF_RVT_FF_nldm_220122.lib.gz
read_liberty /home/matheus-grossi/OpenROAD/OpenROAD-flow-scripts/flow/platforms/asap7/lib/NLDM/asap7sc7p5t_OA_RVT_FF_nldm_211120.lib.gz
read_liberty /home/matheus-grossi/OpenROAD/OpenROAD-flow-scripts/flow/platforms/asap7/lib/NLDM/asap7sc7p5t_SIMPLE_RVT_FF_nldm_211120.lib.gz
read_liberty /home/matheus-grossi/OpenROAD/OpenROAD-flow-scripts/flow/platforms/asap7/lib/NLDM/asap7sc7p5t_SEQ_RVT_FF_nldm_220123.lib
read_db /home/matheus-grossi/Projects/CNN/CNN/synth_org/top/results/asap7/top/base/6_1_fill.odb
read_sdc /home/matheus-grossi/Projects/CNN/CNN/synth_org/top/results/asap7/top/base/6_1_fill.sdc
source /home/matheus-grossi/OpenROAD/OpenROAD-flow-scripts/flow/platforms/asap7/setRC.tcl
write_db /home/matheus-grossi/Projects/CNN/CNN/synth_org/top/results/asap7/top/base/6_final.odb
write_sdc -no_timestamp /home/matheus-grossi/Projects/CNN/CNN/synth_org/top/results/asap7/top/base/6_final.sdc
Deleted 0 routing obstructions
Global output passed lec test
[INFO RCX-0431] Defined process_corner X with ext_model_index 0
[INFO RCX-0029] Defined extraction corner X
[INFO RCX-0435] Reading extraction model file /home/matheus-grossi/OpenROAD/OpenROAD-flow-scripts/flow/platforms/asap7/rcx_patterns.rules ...
[INFO RCX-0436] RC segment generation CNN (max_merge_res 50.0) ...
[INFO RCX-0040] Final 264247 rc segments
[INFO RCX-0439] Coupling Cap extraction CNN ...
[INFO RCX-0440] Coupling threshhold is 0.1000 fF, coupling capacitance less than 0.1000 fF will be grounded.
[INFO RCX-0442] 17% of 265127 wires extracted
[INFO RCX-0442] 37% of 265127 wires extracted
[INFO RCX-0442] 55% of 265127 wires extracted
[INFO RCX-0442] 70% of 265127 wires extracted
[INFO RCX-0442] 86% of 265127 wires extracted
[INFO RCX-0442] 100% of 265127 wires extracted
[INFO RCX-0045] Extract 55131 nets, 319291 rsegs, 319291 caps, 318299 ccs
[INFO RCX-0443] 55131 nets finished
[INFO PSM-0040] All shapes on net VDD are connected.
########## IR report #################
Net              : VDD
Corner           : default
Total power      : 1.05e-02 W
Supply voltage   : 7.70e-01 V
Worstcase voltage: 7.66e-01 V
Average voltage  : 7.70e-01 V
Average IR drop  : 1.50e-04 V
Worstcase IR drop: 4.47e-03 V
Percentage drop  : 0.58 %
######################################
[INFO PSM-0040] All shapes on net VSS are connected.
########## IR report #################
Net              : VSS
Corner           : default
Total power      : 1.05e-02 W
Supply voltage   : 0.00e+00 V
Worstcase voltage: 5.08e-03 V
Average voltage  : 1.50e-04 V
Average IR drop  : 1.50e-04 V
Worstcase IR drop: 5.08e-03 V
Percentage drop  : 0.66 %
######################################
Cell type report:                        Count       Area
  Fill cell                              67857    7710.43
  Tap cell                                1700      49.57
  Tie cell                                  58       2.54
  Clock buffer                             288     110.21
  Timing Repair Buffer                     857      65.51
  Inverter                               12883     563.52
  Clock inverter                            91      18.20
  Sequential cell                         3352     977.44
  Multi-Input combinational cell         29918    3620.62
  Total                                 117004   13118.03
Report metrics stage 6, finish...

==========================================================================
finish report_design_area
--------------------------------------------------------------------------
Design area 5408 um^2 41% utilization.
[WARNING GUI-0076] Could not find the Qt platform plugin "wayland" in ""
Elapsed time: 0:47.47[h:]min:sec. CPU time: user 70.55 sys 5.29 (159%). Peak memory: 1429896KB.
Log                       Ext     Elapsed/s Peak Memory/MB sha1sum result [0:20)
6_report                                 47           1396                  N/A
