
==========================================================================
cts final report_tns
--------------------------------------------------------------------------
tns max 0.00

==========================================================================
cts final report_wns
--------------------------------------------------------------------------
wns max 0.00

==========================================================================
cts final report_worst_slack
--------------------------------------------------------------------------
worst slack max 5498.20

==========================================================================
cts final report_clock_min_period
--------------------------------------------------------------------------
core_clk period_min = 4501.80 fmax = 222.13

==========================================================================
cts final report_clock_skew
--------------------------------------------------------------------------
Clock core_clk
 159.78 source latency ConvLayer2.gen_feature_maps[0].filter.gen_channels[1].filters.convolve.soma[0][282]$_DFF_P_/CLK ^
-143.76 target latency ConvLayer2.gen_feature_maps[0].filter.gen_channels[1].filters.convolve.soma[0][393]$_DFF_P_/CLK ^
  -1.82 CRPR
--------------
  14.20 setup skew


==========================================================================
cts final report_checks -path_delay min
--------------------------------------------------------------------------
Startpoint: ConvLayer2.gen_feature_maps[1].filter.gen_channels[0].filters.convolve.mult[4][1]$_DFF_P_
            (rising edge-triggered flip-flop clocked by core_clk)
Endpoint: ConvLayer2.gen_feature_maps[1].filter.gen_channels[0].filters.convolve.soma[0][1]$_DFF_P_
          (rising edge-triggered flip-flop clocked by core_clk)
Path Group: core_clk
Path Type: min

Fanout     Cap    Slew   Delay    Time   Description
-----------------------------------------------------------------------------
                          0.00    0.00   clock core_clk (rise edge)
                          0.00    0.00   clock source latency
     1   18.75    0.00    0.00    0.00 ^ clk (in)
                                         clk (net)
                 56.86   17.94   17.94 ^ clkbuf_0_clk/A (BUFx24_ASAP7_75t_R)
     4   16.80   14.00   30.21   48.14 ^ clkbuf_0_clk/Y (BUFx24_ASAP7_75t_R)
                                         clknet_0_clk (net)
                 17.25    3.33   51.47 ^ clkbuf_2_3_0_clk/A (BUFx24_ASAP7_75t_R)
     2   11.06    9.49   20.49   71.96 ^ clkbuf_2_3_0_clk/Y (BUFx24_ASAP7_75t_R)
                                         clknet_2_3_0_clk (net)
                 17.78    4.78   76.74 ^ clkbuf_3_6_0_clk/A (BUFx24_ASAP7_75t_R)
     2    7.77    9.04   20.64   97.38 ^ clkbuf_3_6_0_clk/Y (BUFx24_ASAP7_75t_R)
                                         clknet_3_6_0_clk (net)
                  9.81    1.35   98.73 ^ clkbuf_4_12__f_clk/A (BUFx24_ASAP7_75t_R)
    12   33.33   20.62   21.95  120.67 ^ clkbuf_4_12__f_clk/Y (BUFx24_ASAP7_75t_R)
                                         clknet_4_12__leaf_clk (net)
                 20.88    1.33  122.00 ^ clkbuf_leaf_71_clk/A (BUFx24_ASAP7_75t_R)
    24   12.98   11.24   22.57  144.58 ^ clkbuf_leaf_71_clk/Y (BUFx24_ASAP7_75t_R)
                                         clknet_leaf_71_clk (net)
                 11.27    0.25  144.82 ^ ConvLayer2.gen_feature_maps[1].filter.gen_channels[0].filters.convolve.mult[4][1]$_DFF_P_/CLK (DFFHQNx1_ASAP7_75t_R)
     1    0.56   11.29   34.93  179.76 ^ ConvLayer2.gen_feature_maps[1].filter.gen_channels[0].filters.convolve.mult[4][1]$_DFF_P_/QN (DFFHQNx1_ASAP7_75t_R)
                                         _03721_ (net)
                 11.29    0.02  179.78 ^ _87266_/A (INVx1_ASAP7_75t_R)
     1    0.73    6.76    6.13  185.91 v _87266_/Y (INVx1_ASAP7_75t_R)
                                         ConvLayer2.gen_feature_maps[1].filter.gen_channels[0].filters.convolve.mult[4][1] (net)
                  6.76    0.04  185.95 v ConvLayer2.gen_feature_maps[1].filter.gen_channels[0].filters.convolve.soma[0][1]$_DFF_P_/D (DFFHQNx1_ASAP7_75t_R)
                                185.95   data arrival time

                          0.00    0.00   clock core_clk (rise edge)
                          0.00    0.00   clock source latency
     1   19.36    0.00    0.00    0.00 ^ clk (in)
                                         clk (net)
                 60.15   18.98   18.98 ^ clkbuf_0_clk/A (BUFx24_ASAP7_75t_R)
     4   19.20   15.29   30.99   49.97 ^ clkbuf_0_clk/Y (BUFx24_ASAP7_75t_R)
                                         clknet_0_clk (net)
                 19.25    3.89   53.85 ^ clkbuf_2_3_0_clk/A (BUFx24_ASAP7_75t_R)
     2   12.26    9.81   21.14   74.99 ^ clkbuf_2_3_0_clk/Y (BUFx24_ASAP7_75t_R)
                                         clknet_2_3_0_clk (net)
                 17.76    4.61   79.61 ^ clkbuf_3_7_0_clk/A (BUFx24_ASAP7_75t_R)
     2    8.47    9.30   20.78  100.38 ^ clkbuf_3_7_0_clk/Y (BUFx24_ASAP7_75t_R)
                                         clknet_3_7_0_clk (net)
                  9.82    1.06  101.45 ^ clkbuf_4_14__f_clk/A (BUFx24_ASAP7_75t_R)
    13   45.17   26.72   23.05  124.49 ^ clkbuf_4_14__f_clk/Y (BUFx24_ASAP7_75t_R)
                                         clknet_4_14__leaf_clk (net)
                 33.72    7.08  131.57 ^ clkbuf_leaf_102_clk/A (BUFx24_ASAP7_75t_R)
    22   15.44   12.79   26.13  157.70 ^ clkbuf_leaf_102_clk/Y (BUFx24_ASAP7_75t_R)
                                         clknet_leaf_102_clk (net)
                 13.06    0.94  158.65 ^ ConvLayer2.gen_feature_maps[1].filter.gen_channels[0].filters.convolve.soma[0][1]$_DFF_P_/CLK (DFFHQNx1_ASAP7_75t_R)
                         -3.03  155.61   clock reconvergence pessimism
                         11.80  167.41   library hold time
                                167.41   data required time
-----------------------------------------------------------------------------
                                167.41   data required time
                               -185.95   data arrival time
-----------------------------------------------------------------------------
                                 18.53   slack (MET)



==========================================================================
cts final report_checks -path_delay max
--------------------------------------------------------------------------
Startpoint: FCBias2[8] (input port clocked by core_clk)
Endpoint: result_FC2[8] (output port clocked by core_clk)
Path Group: core_clk
Path Type: max

Fanout     Cap    Slew   Delay    Time   Description
-----------------------------------------------------------------------------
                          0.00    0.00   clock core_clk (rise edge)
                          0.00    0.00   clock network delay (propagated)
                       2000.00 2000.00 ^ input external delay
     1    1.00    0.00    0.00 2000.00 ^ FCBias2[8] (in)
                                         FCBias2[8] (net)
                  0.16    0.05 2000.05 ^ input121/A (BUFx2_ASAP7_75t_R)
     1    1.19    6.77   10.93 2010.98 ^ input121/Y (BUFx2_ASAP7_75t_R)
                                         net120 (net)
                  6.77    0.05 2011.03 ^ _92398_/A (HAxp5_ASAP7_75t_R)
     2    1.71   25.78   13.24 2024.27 v _92398_/CON (HAxp5_ASAP7_75t_R)
                                         _23106_ (net)
                 25.78    0.11 2024.38 v _53398_/A (INVx1_ASAP7_75t_R)
     1    2.53   21.28   16.34 2040.72 ^ _53398_/Y (INVx1_ASAP7_75t_R)
                                         _05089_ (net)
                 21.28    0.18 2040.90 ^ _88360_/B (FAx1_ASAP7_75t_R)
     2    1.86   28.65   21.61 2062.51 v _88360_/CON (FAx1_ASAP7_75t_R)
                                         _05090_ (net)
                 28.65    0.08 2062.59 v _67243_/A2 (OA21x2_ASAP7_75t_R)
     1    0.87    7.46   22.33 2084.92 v _67243_/Y (OA21x2_ASAP7_75t_R)
                                         _43094_ (net)
                  7.46    0.05 2084.97 v _67244_/A2 (OA21x2_ASAP7_75t_R)
     2    1.91   10.19   18.34 2103.31 v _67244_/Y (OA21x2_ASAP7_75t_R)
                                         _43095_ (net)
                 10.20    0.12 2103.43 v _67245_/A2 (OA21x2_ASAP7_75t_R)
     1    0.75    7.18   17.18 2120.61 v _67245_/Y (OA21x2_ASAP7_75t_R)
                                         _43096_ (net)
                  7.18    0.03 2120.64 v _67246_/A2 (OA21x2_ASAP7_75t_R)
     2    1.82    9.95   18.12 2138.76 v _67246_/Y (OA21x2_ASAP7_75t_R)
                                         _43097_ (net)
                  9.95    0.09 2138.84 v _67247_/A2 (OA21x2_ASAP7_75t_R)
     3    2.14   11.00   19.42 2158.26 v _67247_/Y (OA21x2_ASAP7_75t_R)
                                         _43098_ (net)
                 11.01    0.13 2158.39 v _67252_/A1 (OA211x2_ASAP7_75t_R)
     2    1.48   11.14   23.65 2182.04 v _67252_/Y (OA211x2_ASAP7_75t_R)
                                         _43103_ (net)
                 11.15    0.08 2182.12 v _67255_/C (OR4x1_ASAP7_75t_R)
     2    2.13   18.29   31.18 2213.29 v _67255_/Y (OR4x1_ASAP7_75t_R)
                                         _43106_ (net)
                 18.29    0.07 2213.36 v _67257_/A1 (AO21x1_ASAP7_75t_R)
     3    2.06   14.64   21.93 2235.29 v _67257_/Y (AO21x1_ASAP7_75t_R)
                                         _43108_ (net)
                 14.64    0.10 2235.38 v _67258_/A2 (AO21x1_ASAP7_75t_R)
     1    0.72    8.20   16.08 2251.46 v _67258_/Y (AO21x1_ASAP7_75t_R)
                                         _43109_ (net)
                  8.20    0.03 2251.50 v _67259_/B (AND2x2_ASAP7_75t_R)
     1    1.05    6.47   14.37 2265.86 v _67259_/Y (AND2x2_ASAP7_75t_R)
                                         _43110_ (net)
                  6.47    0.05 2265.91 v _67260_/B (XNOR2x2_ASAP7_75t_R)
     9    6.05   22.65   27.31 2293.22 ^ _67260_/Y (XNOR2x2_ASAP7_75t_R)
                                         _43111_ (net)
                 22.66    0.23 2293.46 ^ _67261_/B (AND2x2_ASAP7_75t_R)
     1    1.31    8.24   18.89 2312.35 ^ _67261_/Y (AND2x2_ASAP7_75t_R)
                                         FCLayer4.gen_neurons[0].neuron.activationFunction.out[0] (net)
                  8.25    0.07 2312.42 ^ _94180_/A (HAxp5_ASAP7_75t_R)
     3    2.99   35.20   18.66 2331.08 v _94180_/CON (HAxp5_ASAP7_75t_R)
                                         _27780_ (net)
                 35.21    0.19 2331.26 v _80749_/A (OR3x1_ASAP7_75t_R)
     2    1.88   15.08   29.39 2360.65 v _80749_/Y (OR3x1_ASAP7_75t_R)
                                         _49129_ (net)
                 15.08    0.06 2360.71 v _80750_/C (OR3x1_ASAP7_75t_R)
     3    2.59   18.06   27.37 2388.09 v _80750_/Y (OR3x1_ASAP7_75t_R)
                                         _49130_ (net)
                 18.06    0.14 2388.22 v _80751_/C (OR4x1_ASAP7_75t_R)
     1    0.72    9.72   27.33 2415.55 v _80751_/Y (OR4x1_ASAP7_75t_R)
                                         _49131_ (net)
                  9.72    0.03 2415.58 v _80752_/B (AO21x1_ASAP7_75t_R)
     1    0.63    6.65   15.77 2431.35 v _80752_/Y (AO21x1_ASAP7_75t_R)
                                         _49132_ (net)
                  6.65    0.02 2431.37 v _80762_/A1 (AO21x1_ASAP7_75t_R)
     1    1.02    8.53   15.63 2447.00 v _80762_/Y (AO21x1_ASAP7_75t_R)
                                         _49142_ (net)
                  8.53    0.03 2447.03 v _80769_/A2 (OA31x2_ASAP7_75t_R)
     7    4.95   19.39   23.02 2470.05 v _80769_/Y (OA31x2_ASAP7_75t_R)
                                         _49149_ (net)
                 19.41    0.31 2470.37 v _80787_/B (OR2x2_ASAP7_75t_R)
     1    0.67    6.15   19.25 2489.62 v _80787_/Y (OR2x2_ASAP7_75t_R)
                                         net760 (net)
                  6.15    0.03 2489.64 v output761/A (BUFx2_ASAP7_75t_R)
     1    0.38    4.43   12.14 2501.78 v output761/Y (BUFx2_ASAP7_75t_R)
                                         result_FC2[8] (net)
                  4.43    0.02 2501.80 v result_FC2[8] (out)
                               2501.80   data arrival time

                       10000.00 10000.00   clock core_clk (rise edge)
                          0.00 10000.00   clock network delay (propagated)
                          0.00 10000.00   clock reconvergence pessimism
                       -2000.00 8000.00   output external delay
                               8000.00   data required time
-----------------------------------------------------------------------------
                               8000.00   data required time
                               -2501.80   data arrival time
-----------------------------------------------------------------------------
                               5498.20   slack (MET)



==========================================================================
cts final report_checks -unconstrained
--------------------------------------------------------------------------
Startpoint: FCBias2[8] (input port clocked by core_clk)
Endpoint: result_FC2[8] (output port clocked by core_clk)
Path Group: core_clk
Path Type: max

Fanout     Cap    Slew   Delay    Time   Description
-----------------------------------------------------------------------------
                          0.00    0.00   clock core_clk (rise edge)
                          0.00    0.00   clock network delay (propagated)
                       2000.00 2000.00 ^ input external delay
     1    1.00    0.00    0.00 2000.00 ^ FCBias2[8] (in)
                                         FCBias2[8] (net)
                  0.16    0.05 2000.05 ^ input121/A (BUFx2_ASAP7_75t_R)
     1    1.19    6.77   10.93 2010.98 ^ input121/Y (BUFx2_ASAP7_75t_R)
                                         net120 (net)
                  6.77    0.05 2011.03 ^ _92398_/A (HAxp5_ASAP7_75t_R)
     2    1.71   25.78   13.24 2024.27 v _92398_/CON (HAxp5_ASAP7_75t_R)
                                         _23106_ (net)
                 25.78    0.11 2024.38 v _53398_/A (INVx1_ASAP7_75t_R)
     1    2.53   21.28   16.34 2040.72 ^ _53398_/Y (INVx1_ASAP7_75t_R)
                                         _05089_ (net)
                 21.28    0.18 2040.90 ^ _88360_/B (FAx1_ASAP7_75t_R)
     2    1.86   28.65   21.61 2062.51 v _88360_/CON (FAx1_ASAP7_75t_R)
                                         _05090_ (net)
                 28.65    0.08 2062.59 v _67243_/A2 (OA21x2_ASAP7_75t_R)
     1    0.87    7.46   22.33 2084.92 v _67243_/Y (OA21x2_ASAP7_75t_R)
                                         _43094_ (net)
                  7.46    0.05 2084.97 v _67244_/A2 (OA21x2_ASAP7_75t_R)
     2    1.91   10.19   18.34 2103.31 v _67244_/Y (OA21x2_ASAP7_75t_R)
                                         _43095_ (net)
                 10.20    0.12 2103.43 v _67245_/A2 (OA21x2_ASAP7_75t_R)
     1    0.75    7.18   17.18 2120.61 v _67245_/Y (OA21x2_ASAP7_75t_R)
                                         _43096_ (net)
                  7.18    0.03 2120.64 v _67246_/A2 (OA21x2_ASAP7_75t_R)
     2    1.82    9.95   18.12 2138.76 v _67246_/Y (OA21x2_ASAP7_75t_R)
                                         _43097_ (net)
                  9.95    0.09 2138.84 v _67247_/A2 (OA21x2_ASAP7_75t_R)
     3    2.14   11.00   19.42 2158.26 v _67247_/Y (OA21x2_ASAP7_75t_R)
                                         _43098_ (net)
                 11.01    0.13 2158.39 v _67252_/A1 (OA211x2_ASAP7_75t_R)
     2    1.48   11.14   23.65 2182.04 v _67252_/Y (OA211x2_ASAP7_75t_R)
                                         _43103_ (net)
                 11.15    0.08 2182.12 v _67255_/C (OR4x1_ASAP7_75t_R)
     2    2.13   18.29   31.18 2213.29 v _67255_/Y (OR4x1_ASAP7_75t_R)
                                         _43106_ (net)
                 18.29    0.07 2213.36 v _67257_/A1 (AO21x1_ASAP7_75t_R)
     3    2.06   14.64   21.93 2235.29 v _67257_/Y (AO21x1_ASAP7_75t_R)
                                         _43108_ (net)
                 14.64    0.10 2235.38 v _67258_/A2 (AO21x1_ASAP7_75t_R)
     1    0.72    8.20   16.08 2251.46 v _67258_/Y (AO21x1_ASAP7_75t_R)
                                         _43109_ (net)
                  8.20    0.03 2251.50 v _67259_/B (AND2x2_ASAP7_75t_R)
     1    1.05    6.47   14.37 2265.86 v _67259_/Y (AND2x2_ASAP7_75t_R)
                                         _43110_ (net)
                  6.47    0.05 2265.91 v _67260_/B (XNOR2x2_ASAP7_75t_R)
     9    6.05   22.65   27.31 2293.22 ^ _67260_/Y (XNOR2x2_ASAP7_75t_R)
                                         _43111_ (net)
                 22.66    0.23 2293.46 ^ _67261_/B (AND2x2_ASAP7_75t_R)
     1    1.31    8.24   18.89 2312.35 ^ _67261_/Y (AND2x2_ASAP7_75t_R)
                                         FCLayer4.gen_neurons[0].neuron.activationFunction.out[0] (net)
                  8.25    0.07 2312.42 ^ _94180_/A (HAxp5_ASAP7_75t_R)
     3    2.99   35.20   18.66 2331.08 v _94180_/CON (HAxp5_ASAP7_75t_R)
                                         _27780_ (net)
                 35.21    0.19 2331.26 v _80749_/A (OR3x1_ASAP7_75t_R)
     2    1.88   15.08   29.39 2360.65 v _80749_/Y (OR3x1_ASAP7_75t_R)
                                         _49129_ (net)
                 15.08    0.06 2360.71 v _80750_/C (OR3x1_ASAP7_75t_R)
     3    2.59   18.06   27.37 2388.09 v _80750_/Y (OR3x1_ASAP7_75t_R)
                                         _49130_ (net)
                 18.06    0.14 2388.22 v _80751_/C (OR4x1_ASAP7_75t_R)
     1    0.72    9.72   27.33 2415.55 v _80751_/Y (OR4x1_ASAP7_75t_R)
                                         _49131_ (net)
                  9.72    0.03 2415.58 v _80752_/B (AO21x1_ASAP7_75t_R)
     1    0.63    6.65   15.77 2431.35 v _80752_/Y (AO21x1_ASAP7_75t_R)
                                         _49132_ (net)
                  6.65    0.02 2431.37 v _80762_/A1 (AO21x1_ASAP7_75t_R)
     1    1.02    8.53   15.63 2447.00 v _80762_/Y (AO21x1_ASAP7_75t_R)
                                         _49142_ (net)
                  8.53    0.03 2447.03 v _80769_/A2 (OA31x2_ASAP7_75t_R)
     7    4.95   19.39   23.02 2470.05 v _80769_/Y (OA31x2_ASAP7_75t_R)
                                         _49149_ (net)
                 19.41    0.31 2470.37 v _80787_/B (OR2x2_ASAP7_75t_R)
     1    0.67    6.15   19.25 2489.62 v _80787_/Y (OR2x2_ASAP7_75t_R)
                                         net760 (net)
                  6.15    0.03 2489.64 v output761/A (BUFx2_ASAP7_75t_R)
     1    0.38    4.43   12.14 2501.78 v output761/Y (BUFx2_ASAP7_75t_R)
                                         result_FC2[8] (net)
                  4.43    0.02 2501.80 v result_FC2[8] (out)
                               2501.80   data arrival time

                       10000.00 10000.00   clock core_clk (rise edge)
                          0.00 10000.00   clock network delay (propagated)
                          0.00 10000.00   clock reconvergence pessimism
                       -2000.00 8000.00   output external delay
                               8000.00   data required time
-----------------------------------------------------------------------------
                               8000.00   data required time
                               -2501.80   data arrival time
-----------------------------------------------------------------------------
                               5498.20   slack (MET)



==========================================================================
cts final report_check_types -max_slew -max_cap -max_fanout -violators
--------------------------------------------------------------------------

==========================================================================
cts final max_slew_check_slack
--------------------------------------------------------------------------
20.012075424194336

==========================================================================
cts final max_slew_check_limit
--------------------------------------------------------------------------
320.0

==========================================================================
cts final max_slew_check_slack_limit
--------------------------------------------------------------------------
0.0625

==========================================================================
cts final max_fanout_check_slack
--------------------------------------------------------------------------
1.0000000150474662e+30

==========================================================================
cts final max_fanout_check_limit
--------------------------------------------------------------------------
1.0000000150474662e+30

==========================================================================
cts final max_capacitance_check_slack
--------------------------------------------------------------------------
0.029202308505773544

==========================================================================
cts final max_capacitance_check_limit
--------------------------------------------------------------------------
23.040000915527344

==========================================================================
cts final max_capacitance_check_slack_limit
--------------------------------------------------------------------------
0.0013

==========================================================================
cts final max_slew_violation_count
--------------------------------------------------------------------------
max slew violation count 0

==========================================================================
cts final max_fanout_violation_count
--------------------------------------------------------------------------
max fanout violation count 0

==========================================================================
cts final max_cap_violation_count
--------------------------------------------------------------------------
max cap violation count 0

==========================================================================
cts final setup_violation_count
--------------------------------------------------------------------------
setup violation count 0

==========================================================================
cts final hold_violation_count
--------------------------------------------------------------------------
hold violation count 0

==========================================================================
cts final report_checks -path_delay max reg to reg
--------------------------------------------------------------------------
Startpoint: ConvLayer1.gen_feature_maps[1].filter.gen_channels[0].filters.result[67]$_DFFE_PP_
            (rising edge-triggered flip-flop clocked by core_clk)
Endpoint: ConvLayer2.gen_feature_maps[1].filter.gen_channels[1].filters.convolve.mult[0][38]$_DFF_P_
          (rising edge-triggered flip-flop clocked by core_clk)
Path Group: core_clk
Path Type: max

  Delay    Time   Description
---------------------------------------------------------
   0.00    0.00   clock core_clk (rise edge)
   0.00    0.00   clock source latency
   0.00    0.00 ^ clk (in)
  49.97   49.97 ^ clkbuf_0_clk/Y (BUFx24_ASAP7_75t_R)
  25.03   74.99 ^ clkbuf_2_3_0_clk/Y (BUFx24_ASAP7_75t_R)
  26.71  101.70 ^ clkbuf_3_6_0_clk/Y (BUFx24_ASAP7_75t_R)
  24.75  126.45 ^ clkbuf_4_12__f_clk/Y (BUFx24_ASAP7_75t_R)
  33.00  159.45 ^ clkbuf_leaf_162_clk/Y (BUFx24_ASAP7_75t_R)
   0.86  160.31 ^ ConvLayer1.gen_feature_maps[1].filter.gen_channels[0].filters.result[67]$_DFFE_PP_/CLK (DFFHQNx1_ASAP7_75t_R)
  36.12  196.44 ^ ConvLayer1.gen_feature_maps[1].filter.gen_channels[0].filters.result[67]$_DFFE_PP_/QN (DFFHQNx1_ASAP7_75t_R)
   9.52  205.96 v _51795_/Y (INVx1_ASAP7_75t_R)
  99.68  305.64 v _93554_/SN (HAxp5_ASAP7_75t_R)
  43.90  349.54 v _60612_/Y (OR2x2_ASAP7_75t_R)
  48.88  398.42 v _60615_/Y (OR5x2_ASAP7_75t_R)
  23.30  421.72 v _60750_/Y (AND5x1_ASAP7_75t_R)
  35.48  457.19 v _60757_/Y (OR5x1_ASAP7_75t_R)
  44.17  501.36 v _60758_/Y (OA211x2_ASAP7_75t_R)
  22.45  523.81 ^ _60826_/Y (NAND3x1_ASAP7_75t_R)
  29.83  553.64 ^ _60872_/Y (XOR2x2_ASAP7_75t_R)
  22.12  575.75 ^ _60878_/Y (OA211x2_ASAP7_75t_R)
   6.84  582.60 v _60879_/Y (NAND2x1_ASAP7_75t_R)
  25.73  608.33 v _60880_/Y (OR4x1_ASAP7_75t_R)
  21.28  629.62 v _60881_/Y (AND2x2_ASAP7_75t_R)
  23.41  653.02 v _81689_/Y (AO21x1_ASAP7_75t_R)
  31.09  684.11 v _94740_/SN (HAxp5_ASAP7_75t_R)
  27.86  711.98 v _60883_/Y (OR3x1_ASAP7_75t_R)
  37.59  749.57 v _60891_/Y (OR5x1_ASAP7_75t_R)
  46.10  795.67 ^ _60892_/Y (NAND2x1_ASAP7_75t_R)
  20.07  815.74 v _81873_/Y (NOR2x1_ASAP7_75t_R)
  20.94  836.67 v _81874_/Y (AO21x1_ASAP7_75t_R)
  27.81  864.49 v _93377_/SN (HAxp5_ASAP7_75t_R)
  22.52  887.01 v _72678_/Y (OR2x2_ASAP7_75t_R)
  31.96  918.97 v _72679_/Y (OR5x1_ASAP7_75t_R)
  33.91  952.88 v _72687_/Y (OA211x2_ASAP7_75t_R)
  19.41  972.29 ^ _72689_/Y (NOR2x1_ASAP7_75t_R)
  24.22  996.51 ^ _72937_/Y (OA31x2_ASAP7_75t_R)
  29.71 1026.21 ^ _72938_/Y (AND5x1_ASAP7_75t_R)
  41.88 1068.10 ^ _72939_/Y (AO221x1_ASAP7_75t_R)
  71.17 1139.27 ^ _73076_/Y (OR3x2_ASAP7_75t_R)
  72.48 1211.75 ^ _77084_/Y (AO22x1_ASAP7_75t_R)
  53.42 1265.18 v _77221_/Y (OAI22x1_ASAP7_75t_R)
  30.81 1295.99 ^ _77322_/Y (NOR2x1_ASAP7_75t_R)
  34.33 1330.32 v _90026_/SN (FAx1_ASAP7_75t_R)
  15.08 1345.40 ^ _65469_/Y (INVx1_ASAP7_75t_R)
  30.52 1375.93 v _89096_/SN (FAx1_ASAP7_75t_R)
  14.59 1390.52 ^ _68503_/Y (INVx1_ASAP7_75t_R)
  30.55 1421.06 v _89097_/SN (FAx1_ASAP7_75t_R)
  14.41 1435.48 ^ _61880_/Y (INVx1_ASAP7_75t_R)
  30.80 1466.27 v _90053_/SN (FAx1_ASAP7_75t_R)
  10.59 1476.86 ^ _61872_/Y (INVx1_ASAP7_75t_R)
  40.49 1517.35 v _95105_/SN (HAxp5_ASAP7_75t_R)
  23.22 1540.58 v _63113_/Y (OA21x2_ASAP7_75t_R)
  18.67 1559.24 v _63114_/Y (OA21x2_ASAP7_75t_R)
  17.47 1576.71 v _69622_/Y (OA21x2_ASAP7_75t_R)
  18.55 1595.26 v _69623_/Y (OA21x2_ASAP7_75t_R)
  17.43 1612.69 v _69624_/Y (OA21x2_ASAP7_75t_R)
  18.40 1631.10 v _69625_/Y (OA21x2_ASAP7_75t_R)
  17.45 1648.55 v _69626_/Y (OA21x2_ASAP7_75t_R)
  17.10 1665.65 v _69627_/Y (OA21x2_ASAP7_75t_R)
  20.21 1685.86 ^ _69629_/Y (XNOR2x2_ASAP7_75t_R)
   0.02 1685.88 ^ ConvLayer2.gen_feature_maps[1].filter.gen_channels[1].filters.convolve.mult[0][38]$_DFF_P_/D (DFFHQNx1_ASAP7_75t_R)
        1685.88   data arrival time

10000.00 10000.00   clock core_clk (rise edge)
   0.00 10000.00   clock source latency
   0.00 10000.00 ^ clk (in)
  48.14 10048.14 ^ clkbuf_0_clk/Y (BUFx24_ASAP7_75t_R)
  24.16 10072.31 ^ clkbuf_2_2_0_clk/Y (BUFx24_ASAP7_75t_R)
  24.60 10096.91 ^ clkbuf_3_4_0_clk/Y (BUFx24_ASAP7_75t_R)
  24.84 10121.74 ^ clkbuf_4_8__f_clk/Y (BUFx24_ASAP7_75t_R)
  29.61 10151.35 ^ clkbuf_leaf_171_clk/Y (BUFx24_ASAP7_75t_R)
   0.34 10151.69 ^ ConvLayer2.gen_feature_maps[1].filter.gen_channels[1].filters.convolve.mult[0][38]$_DFF_P_/CLK (DFFHQNx1_ASAP7_75t_R)
   1.82 10153.51   clock reconvergence pessimism
  -5.62 10147.89   library setup time
        10147.89   data required time
---------------------------------------------------------
        10147.89   data required time
        -1685.88   data arrival time
---------------------------------------------------------
        8462.01   slack (MET)



==========================================================================
cts final report_checks -path_delay min reg to reg
--------------------------------------------------------------------------
Startpoint: ConvLayer2.gen_feature_maps[1].filter.gen_channels[0].filters.convolve.mult[4][1]$_DFF_P_
            (rising edge-triggered flip-flop clocked by core_clk)
Endpoint: ConvLayer2.gen_feature_maps[1].filter.gen_channels[0].filters.convolve.soma[0][1]$_DFF_P_
          (rising edge-triggered flip-flop clocked by core_clk)
Path Group: core_clk
Path Type: min

  Delay    Time   Description
---------------------------------------------------------
   0.00    0.00   clock core_clk (rise edge)
   0.00    0.00   clock source latency
   0.00    0.00 ^ clk (in)
  48.14   48.14 ^ clkbuf_0_clk/Y (BUFx24_ASAP7_75t_R)
  23.82   71.96 ^ clkbuf_2_3_0_clk/Y (BUFx24_ASAP7_75t_R)
  25.42   97.38 ^ clkbuf_3_6_0_clk/Y (BUFx24_ASAP7_75t_R)
  23.30  120.67 ^ clkbuf_4_12__f_clk/Y (BUFx24_ASAP7_75t_R)
  23.90  144.58 ^ clkbuf_leaf_71_clk/Y (BUFx24_ASAP7_75t_R)
   0.25  144.82 ^ ConvLayer2.gen_feature_maps[1].filter.gen_channels[0].filters.convolve.mult[4][1]$_DFF_P_/CLK (DFFHQNx1_ASAP7_75t_R)
  34.93  179.76 ^ ConvLayer2.gen_feature_maps[1].filter.gen_channels[0].filters.convolve.mult[4][1]$_DFF_P_/QN (DFFHQNx1_ASAP7_75t_R)
   6.15  185.91 v _87266_/Y (INVx1_ASAP7_75t_R)
   0.04  185.95 v ConvLayer2.gen_feature_maps[1].filter.gen_channels[0].filters.convolve.soma[0][1]$_DFF_P_/D (DFFHQNx1_ASAP7_75t_R)
         185.95   data arrival time

   0.00    0.00   clock core_clk (rise edge)
   0.00    0.00   clock source latency
   0.00    0.00 ^ clk (in)
  49.97   49.97 ^ clkbuf_0_clk/Y (BUFx24_ASAP7_75t_R)
  25.03   74.99 ^ clkbuf_2_3_0_clk/Y (BUFx24_ASAP7_75t_R)
  25.39  100.38 ^ clkbuf_3_7_0_clk/Y (BUFx24_ASAP7_75t_R)
  24.11  124.49 ^ clkbuf_4_14__f_clk/Y (BUFx24_ASAP7_75t_R)
  33.21  157.70 ^ clkbuf_leaf_102_clk/Y (BUFx24_ASAP7_75t_R)
   0.94  158.65 ^ ConvLayer2.gen_feature_maps[1].filter.gen_channels[0].filters.convolve.soma[0][1]$_DFF_P_/CLK (DFFHQNx1_ASAP7_75t_R)
  -3.03  155.61   clock reconvergence pessimism
  11.80  167.41   library hold time
         167.41   data required time
---------------------------------------------------------
         167.41   data required time
        -185.95   data arrival time
---------------------------------------------------------
          18.53   slack (MET)



==========================================================================
cts final critical path target clock latency max path
--------------------------------------------------------------------------
147.7005

==========================================================================
cts final critical path target clock latency min path
--------------------------------------------------------------------------
158.7624

==========================================================================
cts final critical path source clock latency min path
--------------------------------------------------------------------------
0.0000

==========================================================================
cts final critical path delay
--------------------------------------------------------------------------
2501.7964

==========================================================================
cts final critical path slack
--------------------------------------------------------------------------
5498.2036

==========================================================================
cts final slack div critical path delay
--------------------------------------------------------------------------
219.770226

==========================================================================
cts final report_power
--------------------------------------------------------------------------
Group                  Internal  Switching    Leakage      Total
                          Power      Power      Power      Power (Watts)
----------------------------------------------------------------
Sequential             1.13e-03   7.51e-05   5.11e-07   1.21e-03  11.3%
Combinational          4.51e-03   4.39e-03   3.07e-06   8.90e-03  83.4%
Clock                  3.41e-04   2.18e-04   1.23e-07   5.60e-04   5.2%
Macro                  0.00e+00   0.00e+00   0.00e+00   0.00e+00   0.0%
Pad                    0.00e+00   0.00e+00   0.00e+00   0.00e+00   0.0%
----------------------------------------------------------------
Total                  5.98e-03   4.69e-03   3.70e-06   1.07e-02 100.0%
                          56.1%      43.9%       0.0%
