
==========================================================================
global route report_tns
--------------------------------------------------------------------------
tns max 0.00

==========================================================================
global route report_wns
--------------------------------------------------------------------------
wns max 0.00

==========================================================================
global route report_worst_slack
--------------------------------------------------------------------------
worst slack max 5480.51

==========================================================================
global route report_clock_min_period
--------------------------------------------------------------------------
core_clk period_min = 4519.49 fmax = 221.26

==========================================================================
global route report_clock_skew
--------------------------------------------------------------------------
Clock core_clk
 160.51 source latency ConvLayer2.gen_feature_maps[0].filter.gen_channels[1].filters.convolve.soma[0][282]$_DFF_P_/CLK ^
-143.94 target latency ConvLayer2.gen_feature_maps[0].filter.gen_channels[1].filters.convolve.soma[0][393]$_DFF_P_/CLK ^
  -1.17 CRPR
--------------
  15.41 setup skew


==========================================================================
global route report_checks -path_delay min
--------------------------------------------------------------------------
Startpoint: ConvLayer2.gen_feature_maps[1].filter.gen_channels[0].filters.convolve.soma[0][145]$_DFF_P_
            (rising edge-triggered flip-flop clocked by core_clk)
Endpoint: ConvLayer2.gen_feature_maps[1].filter.gen_channels[0].filters.convolve.soma[0][265]$_DFF_P_
          (rising edge-triggered flip-flop clocked by core_clk)
Path Group: core_clk
Path Type: min

Fanout     Cap    Slew   Delay    Time   Description
-----------------------------------------------------------------------------
                          0.00    0.00   clock core_clk (rise edge)
                          0.00    0.00   clock source latency
     1   22.23    0.00    0.00    0.00 ^ clk (in)
                                         clk (net)
                 41.19   12.99   12.99 ^ clkbuf_0_clk/A (BUFx24_ASAP7_75t_R)
     4   19.73   15.32   27.72   40.71 ^ clkbuf_0_clk/Y (BUFx24_ASAP7_75t_R)
                                         clknet_0_clk (net)
                 19.67    4.18   44.89 ^ clkbuf_2_3_0_clk/A (BUFx24_ASAP7_75t_R)
     2   12.74   10.71   21.41   66.30 ^ clkbuf_2_3_0_clk/Y (BUFx24_ASAP7_75t_R)
                                         clknet_2_3_0_clk (net)
                 17.91    4.62   70.92 ^ clkbuf_3_6_0_clk/A (BUFx24_ASAP7_75t_R)
     2    8.32    9.21   20.73   91.65 ^ clkbuf_3_6_0_clk/Y (BUFx24_ASAP7_75t_R)
                                         clknet_3_6_0_clk (net)
                 10.28    1.56   93.21 ^ clkbuf_4_12__f_clk/A (BUFx24_ASAP7_75t_R)
    12   35.86   22.58   21.22  114.43 ^ clkbuf_4_12__f_clk/Y (BUFx24_ASAP7_75t_R)
                                         clknet_4_12__leaf_clk (net)
                 26.24    4.63  119.06 ^ clkbuf_leaf_72_clk/A (BUFx24_ASAP7_75t_R)
    17   13.99   12.03   23.86  142.93 ^ clkbuf_leaf_72_clk/Y (BUFx24_ASAP7_75t_R)
                                         clknet_leaf_72_clk (net)
                 12.38    1.00  143.93 ^ ConvLayer2.gen_feature_maps[1].filter.gen_channels[0].filters.convolve.soma[0][145]$_DFF_P_/CLK (DFFHQNx1_ASAP7_75t_R)
     1    0.68   12.07   35.75  179.67 ^ ConvLayer2.gen_feature_maps[1].filter.gen_channels[0].filters.convolve.soma[0][145]$_DFF_P_/QN (DFFHQNx1_ASAP7_75t_R)
                                         _02536_ (net)
                 12.07    0.06  179.73 ^ _86139_/A (INVx1_ASAP7_75t_R)
     1    0.66    6.57    6.03  185.76 v _86139_/Y (INVx1_ASAP7_75t_R)
                                         ConvLayer2.gen_feature_maps[1].filter.gen_channels[0].filters.convolve.soma[0][145] (net)
                  6.57    0.03  185.79 v ConvLayer2.gen_feature_maps[1].filter.gen_channels[0].filters.convolve.soma[0][265]$_DFF_P_/D (DFFHQNx1_ASAP7_75t_R)
                                185.79   data arrival time

                          0.00    0.00   clock core_clk (rise edge)
                          0.00    0.00   clock source latency
     1   22.84    0.00    0.00    0.00 ^ clk (in)
                                         clk (net)
                 43.21   13.63   13.63 ^ clkbuf_0_clk/A (BUFx24_ASAP7_75t_R)
     4   22.13   16.58   28.25   41.88 ^ clkbuf_0_clk/Y (BUFx24_ASAP7_75t_R)
                                         clknet_0_clk (net)
                 21.75    4.74   46.62 ^ clkbuf_2_3_0_clk/A (BUFx24_ASAP7_75t_R)
     2   13.94   11.31   22.00   68.62 ^ clkbuf_2_3_0_clk/Y (BUFx24_ASAP7_75t_R)
                                         clknet_2_3_0_clk (net)
                 18.28    4.59   73.21 ^ clkbuf_3_7_0_clk/A (BUFx24_ASAP7_75t_R)
     2    9.25    9.61   20.96   94.17 ^ clkbuf_3_7_0_clk/Y (BUFx24_ASAP7_75t_R)
                                         clknet_3_7_0_clk (net)
                 10.82    1.66   95.84 ^ clkbuf_4_14__f_clk/A (BUFx24_ASAP7_75t_R)
    13   48.61   27.53   22.35  118.19 ^ clkbuf_4_14__f_clk/Y (BUFx24_ASAP7_75t_R)
                                         clknet_4_14__leaf_clk (net)
                 39.73    9.56  127.75 ^ clkbuf_leaf_102_clk/A (BUFx24_ASAP7_75t_R)
    22   16.55   13.73   27.47  155.22 ^ clkbuf_leaf_102_clk/Y (BUFx24_ASAP7_75t_R)
                                         clknet_leaf_102_clk (net)
                 15.41    2.45  157.66 ^ ConvLayer2.gen_feature_maps[1].filter.gen_channels[0].filters.convolve.soma[0][265]$_DFF_P_/CLK (DFFHQNx1_ASAP7_75t_R)
                         -2.32  155.34   clock reconvergence pessimism
                         12.39  167.72   library hold time
                                167.72   data required time
-----------------------------------------------------------------------------
                                167.72   data required time
                               -185.79   data arrival time
-----------------------------------------------------------------------------
                                 18.07   slack (MET)



==========================================================================
global route report_checks -path_delay max
--------------------------------------------------------------------------
Startpoint: FCBias2[8] (input port clocked by core_clk)
Endpoint: result_FC2[14] (output port clocked by core_clk)
Path Group: core_clk
Path Type: max

Fanout     Cap    Slew   Delay    Time   Description
-----------------------------------------------------------------------------
                          0.00    0.00   clock core_clk (rise edge)
                          0.00    0.00   clock network delay (propagated)
                       2000.00 2000.00 ^ input external delay
     1    1.12    0.00    0.00 2000.00 ^ FCBias2[8] (in)
                                         FCBias2[8] (net)
                  0.26    0.08 2000.08 ^ input121/A (BUFx2_ASAP7_75t_R)
     1    1.50    7.76   11.41 2011.50 ^ input121/Y (BUFx2_ASAP7_75t_R)
                                         net120 (net)
                  7.78    0.19 2011.68 ^ _92398_/A (HAxp5_ASAP7_75t_R)
     2    1.80   26.63   13.77 2025.46 v _92398_/CON (HAxp5_ASAP7_75t_R)
                                         _23106_ (net)
                 26.64    0.20 2025.66 v _53398_/A (INVx1_ASAP7_75t_R)
     1    2.64   22.18   16.84 2042.50 ^ _53398_/Y (INVx1_ASAP7_75t_R)
                                         _05089_ (net)
                 22.20    0.36 2042.86 ^ _88360_/B (FAx1_ASAP7_75t_R)
     2    2.06   30.56   22.65 2065.51 v _88360_/CON (FAx1_ASAP7_75t_R)
                                         _05090_ (net)
                 30.57    0.23 2065.73 v _67243_/A2 (OA21x2_ASAP7_75t_R)
     1    0.96    7.71   22.91 2088.64 v _67243_/Y (OA21x2_ASAP7_75t_R)
                                         _43094_ (net)
                  7.72    0.10 2088.74 v _67244_/A2 (OA21x2_ASAP7_75t_R)
     2    2.09   10.83   18.66 2107.40 v _67244_/Y (OA21x2_ASAP7_75t_R)
                                         _43095_ (net)
                 10.86    0.27 2107.67 v _67245_/A2 (OA21x2_ASAP7_75t_R)
     1    1.02    7.86   17.81 2125.48 v _67245_/Y (OA21x2_ASAP7_75t_R)
                                         _43096_ (net)
                  7.87    0.08 2125.56 v _67246_/A2 (OA21x2_ASAP7_75t_R)
     2    2.03   10.57   18.63 2144.19 v _67246_/Y (OA21x2_ASAP7_75t_R)
                                         _43097_ (net)
                 10.58    0.15 2144.34 v _67247_/A2 (OA21x2_ASAP7_75t_R)
     3    2.39   11.84   19.93 2164.27 v _67247_/Y (OA21x2_ASAP7_75t_R)
                                         _43098_ (net)
                 11.88    0.34 2164.61 v _67252_/A1 (OA211x2_ASAP7_75t_R)
     2    1.53   11.34   23.92 2188.54 v _67252_/Y (OA211x2_ASAP7_75t_R)
                                         _43103_ (net)
                 11.35    0.15 2188.69 v _67255_/C (OR4x1_ASAP7_75t_R)
     2    2.29   19.28   31.68 2220.36 v _67255_/Y (OR4x1_ASAP7_75t_R)
                                         _43106_ (net)
                 19.28    0.20 2220.57 v _67257_/A1 (AO21x1_ASAP7_75t_R)
     3    2.12   14.96   22.33 2242.90 v _67257_/Y (AO21x1_ASAP7_75t_R)
                                         _43108_ (net)
                 14.97    0.16 2243.06 v _67258_/A2 (AO21x1_ASAP7_75t_R)
     1    0.88    9.10   16.63 2259.69 v _67258_/Y (AO21x1_ASAP7_75t_R)
                                         _43109_ (net)
                  9.10    0.09 2259.78 v _67259_/B (AND2x2_ASAP7_75t_R)
     1    1.14    6.79   14.78 2274.56 v _67259_/Y (AND2x2_ASAP7_75t_R)
                                         _43110_ (net)
                  6.80    0.11 2274.67 v _67260_/B (XNOR2x2_ASAP7_75t_R)
     9    6.71   25.01   28.06 2302.73 ^ _67260_/Y (XNOR2x2_ASAP7_75t_R)
                                         _43111_ (net)
                 25.05    0.65 2303.38 ^ _67261_/B (AND2x2_ASAP7_75t_R)
     1    1.43    8.73   19.50 2322.88 ^ _67261_/Y (AND2x2_ASAP7_75t_R)
                                         FCLayer4.gen_neurons[0].neuron.activationFunction.out[0] (net)
                  8.75    0.17 2323.05 ^ _94180_/A (HAxp5_ASAP7_75t_R)
     3    3.34   38.53   20.09 2343.13 v _94180_/CON (HAxp5_ASAP7_75t_R)
                                         _27780_ (net)
                 38.54    0.40 2343.54 v _80749_/A (OR3x1_ASAP7_75t_R)
     2    2.03   15.98   30.59 2374.13 v _80749_/Y (OR3x1_ASAP7_75t_R)
                                         _49129_ (net)
                 15.98    0.09 2374.22 v _80750_/C (OR3x1_ASAP7_75t_R)
     3    2.91   19.68   28.35 2402.58 v _80750_/Y (OR3x1_ASAP7_75t_R)
                                         _49130_ (net)
                 19.71    0.40 2402.98 v _80751_/C (OR4x1_ASAP7_75t_R)
     1    0.74    9.80   27.67 2430.65 v _80751_/Y (OR4x1_ASAP7_75t_R)
                                         _49131_ (net)
                  9.80    0.04 2430.68 v _80752_/B (AO21x1_ASAP7_75t_R)
     1    0.76    7.29   16.17 2446.85 v _80752_/Y (AO21x1_ASAP7_75t_R)
                                         _49132_ (net)
                  7.30    0.04 2446.89 v _80762_/A1 (AO21x1_ASAP7_75t_R)
     1    1.07    8.81   15.97 2462.86 v _80762_/Y (AO21x1_ASAP7_75t_R)
                                         _49142_ (net)
                  8.81    0.05 2462.91 v _80769_/A2 (OA31x2_ASAP7_75t_R)
     7    5.32   20.37   23.47 2486.38 v _80769_/Y (OA31x2_ASAP7_75t_R)
                                         _49149_ (net)
                 20.45    0.73 2487.11 v _80770_/B (AO21x1_ASAP7_75t_R)
     1    0.98    8.65   19.01 2506.12 v _80770_/Y (AO21x1_ASAP7_75t_R)
                                         net753 (net)
                  8.66    0.11 2506.22 v output754/A (BUFx2_ASAP7_75t_R)
     1    0.56    4.82   13.23 2519.45 v output754/Y (BUFx2_ASAP7_75t_R)
                                         result_FC2[14] (net)
                  4.82    0.04 2519.49 v result_FC2[14] (out)
                               2519.49   data arrival time

                       10000.00 10000.00   clock core_clk (rise edge)
                          0.00 10000.00   clock network delay (propagated)
                          0.00 10000.00   clock reconvergence pessimism
                       -2000.00 8000.00   output external delay
                               8000.00   data required time
-----------------------------------------------------------------------------
                               8000.00   data required time
                               -2519.49   data arrival time
-----------------------------------------------------------------------------
                               5480.51   slack (MET)



==========================================================================
global route report_checks -unconstrained
--------------------------------------------------------------------------
Startpoint: FCBias2[8] (input port clocked by core_clk)
Endpoint: result_FC2[14] (output port clocked by core_clk)
Path Group: core_clk
Path Type: max

Fanout     Cap    Slew   Delay    Time   Description
-----------------------------------------------------------------------------
                          0.00    0.00   clock core_clk (rise edge)
                          0.00    0.00   clock network delay (propagated)
                       2000.00 2000.00 ^ input external delay
     1    1.12    0.00    0.00 2000.00 ^ FCBias2[8] (in)
                                         FCBias2[8] (net)
                  0.26    0.08 2000.08 ^ input121/A (BUFx2_ASAP7_75t_R)
     1    1.50    7.76   11.41 2011.50 ^ input121/Y (BUFx2_ASAP7_75t_R)
                                         net120 (net)
                  7.78    0.19 2011.68 ^ _92398_/A (HAxp5_ASAP7_75t_R)
     2    1.80   26.63   13.77 2025.46 v _92398_/CON (HAxp5_ASAP7_75t_R)
                                         _23106_ (net)
                 26.64    0.20 2025.66 v _53398_/A (INVx1_ASAP7_75t_R)
     1    2.64   22.18   16.84 2042.50 ^ _53398_/Y (INVx1_ASAP7_75t_R)
                                         _05089_ (net)
                 22.20    0.36 2042.86 ^ _88360_/B (FAx1_ASAP7_75t_R)
     2    2.06   30.56   22.65 2065.51 v _88360_/CON (FAx1_ASAP7_75t_R)
                                         _05090_ (net)
                 30.57    0.23 2065.73 v _67243_/A2 (OA21x2_ASAP7_75t_R)
     1    0.96    7.71   22.91 2088.64 v _67243_/Y (OA21x2_ASAP7_75t_R)
                                         _43094_ (net)
                  7.72    0.10 2088.74 v _67244_/A2 (OA21x2_ASAP7_75t_R)
     2    2.09   10.83   18.66 2107.40 v _67244_/Y (OA21x2_ASAP7_75t_R)
                                         _43095_ (net)
                 10.86    0.27 2107.67 v _67245_/A2 (OA21x2_ASAP7_75t_R)
     1    1.02    7.86   17.81 2125.48 v _67245_/Y (OA21x2_ASAP7_75t_R)
                                         _43096_ (net)
                  7.87    0.08 2125.56 v _67246_/A2 (OA21x2_ASAP7_75t_R)
     2    2.03   10.57   18.63 2144.19 v _67246_/Y (OA21x2_ASAP7_75t_R)
                                         _43097_ (net)
                 10.58    0.15 2144.34 v _67247_/A2 (OA21x2_ASAP7_75t_R)
     3    2.39   11.84   19.93 2164.27 v _67247_/Y (OA21x2_ASAP7_75t_R)
                                         _43098_ (net)
                 11.88    0.34 2164.61 v _67252_/A1 (OA211x2_ASAP7_75t_R)
     2    1.53   11.34   23.92 2188.54 v _67252_/Y (OA211x2_ASAP7_75t_R)
                                         _43103_ (net)
                 11.35    0.15 2188.69 v _67255_/C (OR4x1_ASAP7_75t_R)
     2    2.29   19.28   31.68 2220.36 v _67255_/Y (OR4x1_ASAP7_75t_R)
                                         _43106_ (net)
                 19.28    0.20 2220.57 v _67257_/A1 (AO21x1_ASAP7_75t_R)
     3    2.12   14.96   22.33 2242.90 v _67257_/Y (AO21x1_ASAP7_75t_R)
                                         _43108_ (net)
                 14.97    0.16 2243.06 v _67258_/A2 (AO21x1_ASAP7_75t_R)
     1    0.88    9.10   16.63 2259.69 v _67258_/Y (AO21x1_ASAP7_75t_R)
                                         _43109_ (net)
                  9.10    0.09 2259.78 v _67259_/B (AND2x2_ASAP7_75t_R)
     1    1.14    6.79   14.78 2274.56 v _67259_/Y (AND2x2_ASAP7_75t_R)
                                         _43110_ (net)
                  6.80    0.11 2274.67 v _67260_/B (XNOR2x2_ASAP7_75t_R)
     9    6.71   25.01   28.06 2302.73 ^ _67260_/Y (XNOR2x2_ASAP7_75t_R)
                                         _43111_ (net)
                 25.05    0.65 2303.38 ^ _67261_/B (AND2x2_ASAP7_75t_R)
     1    1.43    8.73   19.50 2322.88 ^ _67261_/Y (AND2x2_ASAP7_75t_R)
                                         FCLayer4.gen_neurons[0].neuron.activationFunction.out[0] (net)
                  8.75    0.17 2323.05 ^ _94180_/A (HAxp5_ASAP7_75t_R)
     3    3.34   38.53   20.09 2343.13 v _94180_/CON (HAxp5_ASAP7_75t_R)
                                         _27780_ (net)
                 38.54    0.40 2343.54 v _80749_/A (OR3x1_ASAP7_75t_R)
     2    2.03   15.98   30.59 2374.13 v _80749_/Y (OR3x1_ASAP7_75t_R)
                                         _49129_ (net)
                 15.98    0.09 2374.22 v _80750_/C (OR3x1_ASAP7_75t_R)
     3    2.91   19.68   28.35 2402.58 v _80750_/Y (OR3x1_ASAP7_75t_R)
                                         _49130_ (net)
                 19.71    0.40 2402.98 v _80751_/C (OR4x1_ASAP7_75t_R)
     1    0.74    9.80   27.67 2430.65 v _80751_/Y (OR4x1_ASAP7_75t_R)
                                         _49131_ (net)
                  9.80    0.04 2430.68 v _80752_/B (AO21x1_ASAP7_75t_R)
     1    0.76    7.29   16.17 2446.85 v _80752_/Y (AO21x1_ASAP7_75t_R)
                                         _49132_ (net)
                  7.30    0.04 2446.89 v _80762_/A1 (AO21x1_ASAP7_75t_R)
     1    1.07    8.81   15.97 2462.86 v _80762_/Y (AO21x1_ASAP7_75t_R)
                                         _49142_ (net)
                  8.81    0.05 2462.91 v _80769_/A2 (OA31x2_ASAP7_75t_R)
     7    5.32   20.37   23.47 2486.38 v _80769_/Y (OA31x2_ASAP7_75t_R)
                                         _49149_ (net)
                 20.45    0.73 2487.11 v _80770_/B (AO21x1_ASAP7_75t_R)
     1    0.98    8.65   19.01 2506.12 v _80770_/Y (AO21x1_ASAP7_75t_R)
                                         net753 (net)
                  8.66    0.11 2506.22 v output754/A (BUFx2_ASAP7_75t_R)
     1    0.56    4.82   13.23 2519.45 v output754/Y (BUFx2_ASAP7_75t_R)
                                         result_FC2[14] (net)
                  4.82    0.04 2519.49 v result_FC2[14] (out)
                               2519.49   data arrival time

                       10000.00 10000.00   clock core_clk (rise edge)
                          0.00 10000.00   clock network delay (propagated)
                          0.00 10000.00   clock reconvergence pessimism
                       -2000.00 8000.00   output external delay
                               8000.00   data required time
-----------------------------------------------------------------------------
                               8000.00   data required time
                               -2519.49   data arrival time
-----------------------------------------------------------------------------
                               5480.51   slack (MET)



==========================================================================
global route report_check_types -max_slew -max_cap -max_fanout -violators
--------------------------------------------------------------------------

==========================================================================
global route max_slew_check_slack
--------------------------------------------------------------------------
5.288658618927002

==========================================================================
global route max_slew_check_limit
--------------------------------------------------------------------------
320.0

==========================================================================
global route max_slew_check_slack_limit
--------------------------------------------------------------------------
0.0165

==========================================================================
global route max_fanout_check_slack
--------------------------------------------------------------------------
1.0000000150474662e+30

==========================================================================
global route max_fanout_check_limit
--------------------------------------------------------------------------
1.0000000150474662e+30

==========================================================================
global route max_capacitance_check_slack
--------------------------------------------------------------------------
0.5921048521995544

==========================================================================
global route max_capacitance_check_limit
--------------------------------------------------------------------------
23.040000915527344

==========================================================================
global route max_capacitance_check_slack_limit
--------------------------------------------------------------------------
0.0257

==========================================================================
global route max_slew_violation_count
--------------------------------------------------------------------------
max slew violation count 0

==========================================================================
global route max_fanout_violation_count
--------------------------------------------------------------------------
max fanout violation count 0

==========================================================================
global route max_cap_violation_count
--------------------------------------------------------------------------
max cap violation count 0

==========================================================================
global route setup_violation_count
--------------------------------------------------------------------------
setup violation count 0

==========================================================================
global route hold_violation_count
--------------------------------------------------------------------------
hold violation count 0

==========================================================================
global route report_checks -path_delay max reg to reg
--------------------------------------------------------------------------
Startpoint: ConvLayer1.gen_feature_maps[1].filter.gen_channels[0].filters.result[67]$_DFFE_PP_
            (rising edge-triggered flip-flop clocked by core_clk)
Endpoint: ConvLayer2.gen_feature_maps[1].filter.gen_channels[1].filters.convolve.mult[0][38]$_DFF_P_
          (rising edge-triggered flip-flop clocked by core_clk)
Path Group: core_clk
Path Type: max

  Delay    Time   Description
---------------------------------------------------------
   0.00    0.00   clock core_clk (rise edge)
   0.00    0.00   clock source latency
   0.00    0.00 ^ clk (in)
  41.88   41.88 ^ clkbuf_0_clk/Y (BUFx24_ASAP7_75t_R)
  26.75   68.62 ^ clkbuf_2_3_0_clk/Y (BUFx24_ASAP7_75t_R)
  26.47   95.09 ^ clkbuf_3_6_0_clk/Y (BUFx24_ASAP7_75t_R)
  23.88  118.98 ^ clkbuf_4_12__f_clk/Y (BUFx24_ASAP7_75t_R)
  37.00  155.98 ^ clkbuf_leaf_162_clk/Y (BUFx24_ASAP7_75t_R)
   1.30  157.28 ^ ConvLayer1.gen_feature_maps[1].filter.gen_channels[0].filters.result[67]$_DFFE_PP_/CLK (DFFHQNx1_ASAP7_75t_R)
  35.42  192.70 v ConvLayer1.gen_feature_maps[1].filter.gen_channels[0].filters.result[67]$_DFFE_PP_/QN (DFFHQNx1_ASAP7_75t_R)
  11.01  203.71 ^ _51795_/Y (INVx1_ASAP7_75t_R)
 104.12  307.83 v _93554_/SN (HAxp5_ASAP7_75t_R)
  45.30  353.14 v _60612_/Y (OR2x2_ASAP7_75t_R)
  49.46  402.59 v _60615_/Y (OR5x2_ASAP7_75t_R)
  24.56  427.15 v _60750_/Y (AND5x1_ASAP7_75t_R)
  35.89  463.04 v _60757_/Y (OR5x1_ASAP7_75t_R)
  44.90  507.93 v _60758_/Y (OA211x2_ASAP7_75t_R)
  24.41  532.35 ^ _60826_/Y (NAND3x1_ASAP7_75t_R)
  30.70  563.04 ^ _60872_/Y (XOR2x2_ASAP7_75t_R)
  22.50  585.54 ^ _60878_/Y (OA211x2_ASAP7_75t_R)
   7.54  593.08 v _60879_/Y (NAND2x1_ASAP7_75t_R)
  26.26  619.34 v _60880_/Y (OR4x1_ASAP7_75t_R)
  21.70  641.04 v _60881_/Y (AND2x2_ASAP7_75t_R)
  23.88  664.92 v _85161_/Y (AO21x1_ASAP7_75t_R)
  32.77  697.69 v _95021_/SN (HAxp5_ASAP7_75t_R)
  29.59  727.28 v _60883_/Y (OR3x1_ASAP7_75t_R)
  38.39  765.67 v _60891_/Y (OR5x1_ASAP7_75t_R)
  47.78  813.44 ^ _60892_/Y (NAND2x1_ASAP7_75t_R)
  21.33  834.77 v _81873_/Y (NOR2x1_ASAP7_75t_R)
  21.23  856.00 v _81874_/Y (AO21x1_ASAP7_75t_R)
  29.79  885.79 v _93377_/SN (HAxp5_ASAP7_75t_R)
  23.24  909.03 v _72678_/Y (OR2x2_ASAP7_75t_R)
  32.20  941.23 v _72679_/Y (OR5x1_ASAP7_75t_R)
  34.03  975.26 v _72687_/Y (OA211x2_ASAP7_75t_R)
  21.27  996.53 ^ _72689_/Y (NOR2x1_ASAP7_75t_R)
  24.74 1021.27 ^ _72937_/Y (OA31x2_ASAP7_75t_R)
  30.28 1051.55 ^ _72938_/Y (AND5x1_ASAP7_75t_R)
  43.18 1094.74 ^ _72939_/Y (AO221x1_ASAP7_75t_R)
  68.72 1163.45 ^ _73076_/Y (OR3x2_ASAP7_75t_R)
  78.72 1242.17 ^ _77084_/Y (AO22x1_ASAP7_75t_R)
  53.92 1296.09 v _77221_/Y (OAI22x1_ASAP7_75t_R)
  43.93 1340.02 v _77273_/Y (AND2x2_ASAP7_75t_R)
  15.48 1355.50 ^ _90846_/CON (FAx1_ASAP7_75t_R)
  13.31 1368.81 v _65131_/Y (INVx1_ASAP7_75t_R)
  32.44 1401.25 v _88231_/SN (FAx1_ASAP7_75t_R)
  12.18 1413.43 ^ _71123_/Y (INVx1_ASAP7_75t_R)
  25.04 1438.47 v _91506_/SN (HAxp5_ASAP7_75t_R)
  14.59 1453.07 ^ _69811_/Y (INVx1_ASAP7_75t_R)
  32.68 1485.75 v _90672_/SN (FAx1_ASAP7_75t_R)
  19.04 1504.79 ^ _66144_/Y (INVx1_ASAP7_75t_R)
  28.77 1533.56 v _95302_/SN (HAxp5_ASAP7_75t_R)
  19.19 1552.75 v _63111_/Y (OA21x2_ASAP7_75t_R)
  18.81 1571.56 v _63112_/Y (OA21x2_ASAP7_75t_R)
  17.85 1589.41 v _63113_/Y (OA21x2_ASAP7_75t_R)
  18.93 1608.33 v _63114_/Y (OA21x2_ASAP7_75t_R)
  17.96 1626.29 v _69622_/Y (OA21x2_ASAP7_75t_R)
  19.17 1645.46 v _69623_/Y (OA21x2_ASAP7_75t_R)
  18.05 1663.51 v _69624_/Y (OA21x2_ASAP7_75t_R)
  18.60 1682.11 v _69625_/Y (OA21x2_ASAP7_75t_R)
  17.69 1699.80 v _69626_/Y (OA21x2_ASAP7_75t_R)
  17.32 1717.12 v _69627_/Y (OA21x2_ASAP7_75t_R)
  20.45 1737.57 ^ _69629_/Y (XNOR2x2_ASAP7_75t_R)
   0.03 1737.60 ^ ConvLayer2.gen_feature_maps[1].filter.gen_channels[1].filters.convolve.mult[0][38]$_DFF_P_/D (DFFHQNx1_ASAP7_75t_R)
        1737.60   data arrival time

10000.00 10000.00   clock core_clk (rise edge)
   0.00 10000.00   clock source latency
   0.00 10000.00 ^ clk (in)
  40.71 10040.71 ^ clkbuf_0_clk/Y (BUFx24_ASAP7_75t_R)
  25.86 10066.57 ^ clkbuf_2_2_0_clk/Y (BUFx24_ASAP7_75t_R)
  24.29 10090.86 ^ clkbuf_3_4_0_clk/Y (BUFx24_ASAP7_75t_R)
  25.46 10116.32 ^ clkbuf_4_8__f_clk/Y (BUFx24_ASAP7_75t_R)
  32.01 10148.33 ^ clkbuf_leaf_171_clk/Y (BUFx24_ASAP7_75t_R)
   0.53 10148.86 ^ ConvLayer2.gen_feature_maps[1].filter.gen_channels[1].filters.convolve.mult[0][38]$_DFF_P_/CLK (DFFHQNx1_ASAP7_75t_R)
   1.17 10150.03   clock reconvergence pessimism
  -5.57 10144.46   library setup time
        10144.46   data required time
---------------------------------------------------------
        10144.46   data required time
        -1737.60   data arrival time
---------------------------------------------------------
        8406.86   slack (MET)



==========================================================================
global route report_checks -path_delay min reg to reg
--------------------------------------------------------------------------
Startpoint: ConvLayer2.gen_feature_maps[1].filter.gen_channels[0].filters.convolve.soma[0][145]$_DFF_P_
            (rising edge-triggered flip-flop clocked by core_clk)
Endpoint: ConvLayer2.gen_feature_maps[1].filter.gen_channels[0].filters.convolve.soma[0][265]$_DFF_P_
          (rising edge-triggered flip-flop clocked by core_clk)
Path Group: core_clk
Path Type: min

  Delay    Time   Description
---------------------------------------------------------
   0.00    0.00   clock core_clk (rise edge)
   0.00    0.00   clock source latency
   0.00    0.00 ^ clk (in)
  40.71   40.71 ^ clkbuf_0_clk/Y (BUFx24_ASAP7_75t_R)
  25.59   66.30 ^ clkbuf_2_3_0_clk/Y (BUFx24_ASAP7_75t_R)
  25.35   91.65 ^ clkbuf_3_6_0_clk/Y (BUFx24_ASAP7_75t_R)
  22.78  114.43 ^ clkbuf_4_12__f_clk/Y (BUFx24_ASAP7_75t_R)
  28.50  142.93 ^ clkbuf_leaf_72_clk/Y (BUFx24_ASAP7_75t_R)
   1.00  143.93 ^ ConvLayer2.gen_feature_maps[1].filter.gen_channels[0].filters.convolve.soma[0][145]$_DFF_P_/CLK (DFFHQNx1_ASAP7_75t_R)
  35.75  179.67 ^ ConvLayer2.gen_feature_maps[1].filter.gen_channels[0].filters.convolve.soma[0][145]$_DFF_P_/QN (DFFHQNx1_ASAP7_75t_R)
   6.09  185.76 v _86139_/Y (INVx1_ASAP7_75t_R)
   0.03  185.79 v ConvLayer2.gen_feature_maps[1].filter.gen_channels[0].filters.convolve.soma[0][265]$_DFF_P_/D (DFFHQNx1_ASAP7_75t_R)
         185.79   data arrival time

   0.00    0.00   clock core_clk (rise edge)
   0.00    0.00   clock source latency
   0.00    0.00 ^ clk (in)
  41.88   41.88 ^ clkbuf_0_clk/Y (BUFx24_ASAP7_75t_R)
  26.75   68.62 ^ clkbuf_2_3_0_clk/Y (BUFx24_ASAP7_75t_R)
  25.55   94.17 ^ clkbuf_3_7_0_clk/Y (BUFx24_ASAP7_75t_R)
  24.01  118.19 ^ clkbuf_4_14__f_clk/Y (BUFx24_ASAP7_75t_R)
  37.03  155.22 ^ clkbuf_leaf_102_clk/Y (BUFx24_ASAP7_75t_R)
   2.45  157.66 ^ ConvLayer2.gen_feature_maps[1].filter.gen_channels[0].filters.convolve.soma[0][265]$_DFF_P_/CLK (DFFHQNx1_ASAP7_75t_R)
  -2.32  155.34   clock reconvergence pessimism
  12.39  167.72   library hold time
         167.72   data required time
---------------------------------------------------------
         167.72   data required time
        -185.79   data arrival time
---------------------------------------------------------
          18.07   slack (MET)



==========================================================================
global route critical path target clock latency max path
--------------------------------------------------------------------------
146.2427

==========================================================================
global route critical path target clock latency min path
--------------------------------------------------------------------------
161.0611

==========================================================================
global route critical path source clock latency min path
--------------------------------------------------------------------------
0.0000

==========================================================================
global route critical path delay
--------------------------------------------------------------------------
2519.4927

==========================================================================
global route critical path slack
--------------------------------------------------------------------------
5480.5073

==========================================================================
global route slack div critical path delay
--------------------------------------------------------------------------
217.524238

==========================================================================
global route report_power
--------------------------------------------------------------------------
Group                  Internal  Switching    Leakage      Total
                          Power      Power      Power      Power (Watts)
----------------------------------------------------------------
Sequential             1.13e-03   8.11e-05   5.11e-07   1.21e-03  10.9%
Combinational          4.52e-03   4.79e-03   3.07e-06   9.31e-03  83.9%
Clock                  3.43e-04   2.34e-04   1.23e-07   5.77e-04   5.2%
Macro                  0.00e+00   0.00e+00   0.00e+00   0.00e+00   0.0%
Pad                    0.00e+00   0.00e+00   0.00e+00   0.00e+00   0.0%
----------------------------------------------------------------
Total                  6.00e-03   5.10e-03   3.71e-06   1.11e-02 100.0%
                          54.0%      46.0%       0.0%
