
==========================================================================
resizer report_tns
--------------------------------------------------------------------------
tns max -7648.84

==========================================================================
resizer report_wns
--------------------------------------------------------------------------
wns max -431.89

==========================================================================
resizer report_worst_slack
--------------------------------------------------------------------------
worst slack max -431.89

==========================================================================
resizer report_clock_min_period
--------------------------------------------------------------------------
virtual_clk period_min = 441.89 fmax = 2263.02

==========================================================================
resizer report_checks -path_delay min
--------------------------------------------------------------------------
Startpoint: multiplicand[0] (input port clocked by virtual_clk)
Endpoint: result[0] (output port clocked by virtual_clk)
Path Group: virtual_clk
Path Type: min

Fanout     Cap    Slew   Delay    Time   Description
-----------------------------------------------------------------------------
                  0.00    0.00    0.00   clock virtual_clk (rise edge)
                          0.00    0.00   clock network delay (ideal)
                          0.00    0.00 ^ input external delay
     1    1.26    0.00    0.00    0.00 ^ multiplicand[0] (in)
                                         multiplicand[0] (net)
                  0.29    0.09    0.09 ^ input1/A (BUFx2_ASAP7_75t_R)
     2    1.77    8.55   11.85   11.94 ^ input1/Y (BUFx2_ASAP7_75t_R)
                                         net1 (net)
                  8.56    0.14   12.09 ^ place187/A (BUFx3_ASAP7_75t_R)
     5    3.13    9.57   14.56   26.64 ^ place187/Y (BUFx3_ASAP7_75t_R)
                                         net187 (net)
                  9.57    0.09   26.74 ^ place186/A (BUFx3_ASAP7_75t_R)
     5    3.92   11.39   15.54   42.28 ^ place186/Y (BUFx3_ASAP7_75t_R)
                                         net186 (net)
                 11.45    0.44   42.72 ^ _739_/B (AND2x4_ASAP7_75t_R)
     1    0.67    5.00   13.96   56.68 ^ _739_/Y (AND2x4_ASAP7_75t_R)
                                         net23 (net)
                  5.00    0.03   56.71 ^ output23/A (BUFx2_ASAP7_75t_R)
     1    0.51    4.91   11.34   68.05 ^ output23/Y (BUFx2_ASAP7_75t_R)
                                         result[0] (net)
                  4.91    0.03   68.07 ^ result[0] (out)
                                 68.07   data arrival time

                  0.00    0.00    0.00   clock virtual_clk (rise edge)
                          0.00    0.00   clock network delay (ideal)
                          0.00    0.00   clock reconvergence pessimism
                          0.00    0.00   output external delay
                                  0.00   data required time
-----------------------------------------------------------------------------
                                  0.00   data required time
                                -68.07   data arrival time
-----------------------------------------------------------------------------
                                 68.07   slack (MET)



==========================================================================
resizer report_checks -path_delay max
--------------------------------------------------------------------------
Startpoint: multiplicand[8] (input port clocked by virtual_clk)
Endpoint: result[16] (output port clocked by virtual_clk)
Path Group: virtual_clk
Path Type: max

Fanout     Cap    Slew   Delay    Time   Description
-----------------------------------------------------------------------------
                  0.00    0.00    0.00   clock virtual_clk (rise edge)
                          0.00    0.00   clock network delay (ideal)
                          0.00    0.00 v input external delay
     1    1.06    0.00    0.00    0.00 v multiplicand[8] (in)
                                         multiplicand[8] (net)
                  0.19    0.06    0.06 v input10/A (BUFx2_ASAP7_75t_R)
    11    9.35   27.92   21.63   21.69 v input10/Y (BUFx2_ASAP7_75t_R)
                                         net10 (net)
                 28.09    1.26   22.95 v _686_/A (AND2x4_ASAP7_75t_R)
     1    2.44    7.10   20.95   43.90 v _686_/Y (AND2x4_ASAP7_75t_R)
                                         gen_stages[0].gen_csa[0].csa_mult.Cin[10] (net)
                  7.11    0.14   44.04 v _824_/B (FAx1_ASAP7_75t_R)
     1    0.83   25.47   16.13   60.17 ^ _824_/CON (FAx1_ASAP7_75t_R)
                                         _039_ (net)
     1    0.86   21.47   12.40   72.57 v _824_/SN (FAx1_ASAP7_75t_R)
                                         _040_ (net)
                 21.48    0.04   72.61 v _800_/A (INVx1_ASAP7_75t_R)
     1    1.79   16.23   12.93   85.54 ^ _800_/Y (INVx1_ASAP7_75t_R)
                                         gen_stages[0].gen_csa[0].csa_mult.PreSum[10] (net)
                 16.23    0.08   85.63 ^ _843_/CI (FAx1_ASAP7_75t_R)
     1    0.77   20.82   30.05  115.68 v _843_/SN (FAx1_ASAP7_75t_R)
                                         _078_ (net)
                 20.82    0.03  115.71 v _746_/A (INVx1_ASAP7_75t_R)
     1    2.17   18.20   13.96  129.67 ^ _746_/Y (INVx1_ASAP7_75t_R)
                                         gen_stages[1].gen_csa[0].csa_mult.PreSum[10] (net)
                 18.21    0.21  129.88 ^ _862_/CI (FAx1_ASAP7_75t_R)
     1    1.23   28.63   36.45  166.33 v _862_/SN (FAx1_ASAP7_75t_R)
                                         _116_ (net)
                 28.63    0.11  166.44 v _744_/A (INVx1_ASAP7_75t_R)
     1    2.16   20.07   15.77  182.21 ^ _744_/Y (INVx1_ASAP7_75t_R)
                                         gen_stages[2].gen_csa[0].csa_mult.PreSum[10] (net)
                 20.07    0.10  182.30 ^ _884_/A (FAx1_ASAP7_75t_R)
     1    0.80   21.54   31.50  213.81 v _884_/SN (FAx1_ASAP7_75t_R)
                                         _160_ (net)
                 21.54    0.03  213.84 v _679_/A (INVx1_ASAP7_75t_R)
     1    2.15   18.19   14.10  227.94 ^ _679_/Y (INVx1_ASAP7_75t_R)
                                         gen_stages[3].gen_csa[0].csa_mult.PreSum[10] (net)
                 18.19    0.09  228.03 ^ _877_/A (FAx1_ASAP7_75t_R)
     1    0.75   20.76   30.49  258.53 v _877_/SN (FAx1_ASAP7_75t_R)
                                         _146_ (net)
                 20.76    0.03  258.55 v _742_/A (INVx1_ASAP7_75t_R)
     1    1.16   12.51   10.54  269.10 ^ _742_/Y (INVx1_ASAP7_75t_R)
                                         gen_stages[4].gen_csa[0].csa_mult.PreSum[10] (net)
                 12.51    0.04  269.14 ^ _894_/A (HAxp5_ASAP7_75t_R)
     1    0.71   15.62   21.81  290.95 v _894_/SN (HAxp5_ASAP7_75t_R)
                                         _180_ (net)
                 15.62    0.02  290.97 v place131/A (BUFx3_ASAP7_75t_R)
     5    3.35    9.18   17.55  308.52 v place131/Y (BUFx3_ASAP7_75t_R)
                                         net131 (net)
                  9.18    0.06  308.58 v _538_/A1 (OA21x2_ASAP7_75t_R)
     3    1.71    8.96   18.32  326.90 v _538_/Y (OA21x2_ASAP7_75t_R)
                                         _280_ (net)
                  8.97    0.06  326.95 v _551_/C (OA211x2_ASAP7_75t_R)
     3    2.51   14.00   30.43  357.38 v _551_/Y (OA211x2_ASAP7_75t_R)
                                         _290_ (net)
                 14.01    0.15  357.54 v _552_/B (OR3x1_ASAP7_75t_R)
     2    1.71   13.66   24.49  382.03 v _552_/Y (OR3x1_ASAP7_75t_R)
                                         _291_ (net)
                 13.66    0.05  382.08 v _579_/B2 (AO221x1_ASAP7_75t_R)
     1    1.10   10.63   23.23  405.32 v _579_/Y (AO221x1_ASAP7_75t_R)
                                         _298_ (net)
                 10.64    0.05  405.36 v _580_/A (XOR2x2_ASAP7_75t_R)
     1    1.00    7.59   24.31  429.68 ^ _580_/Y (XOR2x2_ASAP7_75t_R)
                                         net30 (net)
                  7.59    0.08  429.75 ^ output30/A (BUFx2_ASAP7_75t_R)
     1    0.49    4.87   12.11  441.86 ^ output30/Y (BUFx2_ASAP7_75t_R)
                                         result[16] (net)
                  4.87    0.03  441.89 ^ result[16] (out)
                                441.89   data arrival time

                  0.00   10.00   10.00   clock virtual_clk (rise edge)
                          0.00   10.00   clock network delay (ideal)
                          0.00   10.00   clock reconvergence pessimism
                          0.00   10.00   output external delay
                                 10.00   data required time
-----------------------------------------------------------------------------
                                 10.00   data required time
                               -441.89   data arrival time
-----------------------------------------------------------------------------
                               -431.89   slack (VIOLATED)



==========================================================================
resizer report_checks -unconstrained
--------------------------------------------------------------------------
Startpoint: multiplicand[8] (input port clocked by virtual_clk)
Endpoint: result[16] (output port clocked by virtual_clk)
Path Group: virtual_clk
Path Type: max

Fanout     Cap    Slew   Delay    Time   Description
-----------------------------------------------------------------------------
                  0.00    0.00    0.00   clock virtual_clk (rise edge)
                          0.00    0.00   clock network delay (ideal)
                          0.00    0.00 v input external delay
     1    1.06    0.00    0.00    0.00 v multiplicand[8] (in)
                                         multiplicand[8] (net)
                  0.19    0.06    0.06 v input10/A (BUFx2_ASAP7_75t_R)
    11    9.35   27.92   21.63   21.69 v input10/Y (BUFx2_ASAP7_75t_R)
                                         net10 (net)
                 28.09    1.26   22.95 v _686_/A (AND2x4_ASAP7_75t_R)
     1    2.44    7.10   20.95   43.90 v _686_/Y (AND2x4_ASAP7_75t_R)
                                         gen_stages[0].gen_csa[0].csa_mult.Cin[10] (net)
                  7.11    0.14   44.04 v _824_/B (FAx1_ASAP7_75t_R)
     1    0.83   25.47   16.13   60.17 ^ _824_/CON (FAx1_ASAP7_75t_R)
                                         _039_ (net)
     1    0.86   21.47   12.40   72.57 v _824_/SN (FAx1_ASAP7_75t_R)
                                         _040_ (net)
                 21.48    0.04   72.61 v _800_/A (INVx1_ASAP7_75t_R)
     1    1.79   16.23   12.93   85.54 ^ _800_/Y (INVx1_ASAP7_75t_R)
                                         gen_stages[0].gen_csa[0].csa_mult.PreSum[10] (net)
                 16.23    0.08   85.63 ^ _843_/CI (FAx1_ASAP7_75t_R)
     1    0.77   20.82   30.05  115.68 v _843_/SN (FAx1_ASAP7_75t_R)
                                         _078_ (net)
                 20.82    0.03  115.71 v _746_/A (INVx1_ASAP7_75t_R)
     1    2.17   18.20   13.96  129.67 ^ _746_/Y (INVx1_ASAP7_75t_R)
                                         gen_stages[1].gen_csa[0].csa_mult.PreSum[10] (net)
                 18.21    0.21  129.88 ^ _862_/CI (FAx1_ASAP7_75t_R)
     1    1.23   28.63   36.45  166.33 v _862_/SN (FAx1_ASAP7_75t_R)
                                         _116_ (net)
                 28.63    0.11  166.44 v _744_/A (INVx1_ASAP7_75t_R)
     1    2.16   20.07   15.77  182.21 ^ _744_/Y (INVx1_ASAP7_75t_R)
                                         gen_stages[2].gen_csa[0].csa_mult.PreSum[10] (net)
                 20.07    0.10  182.30 ^ _884_/A (FAx1_ASAP7_75t_R)
     1    0.80   21.54   31.50  213.81 v _884_/SN (FAx1_ASAP7_75t_R)
                                         _160_ (net)
                 21.54    0.03  213.84 v _679_/A (INVx1_ASAP7_75t_R)
     1    2.15   18.19   14.10  227.94 ^ _679_/Y (INVx1_ASAP7_75t_R)
                                         gen_stages[3].gen_csa[0].csa_mult.PreSum[10] (net)
                 18.19    0.09  228.03 ^ _877_/A (FAx1_ASAP7_75t_R)
     1    0.75   20.76   30.49  258.53 v _877_/SN (FAx1_ASAP7_75t_R)
                                         _146_ (net)
                 20.76    0.03  258.55 v _742_/A (INVx1_ASAP7_75t_R)
     1    1.16   12.51   10.54  269.10 ^ _742_/Y (INVx1_ASAP7_75t_R)
                                         gen_stages[4].gen_csa[0].csa_mult.PreSum[10] (net)
                 12.51    0.04  269.14 ^ _894_/A (HAxp5_ASAP7_75t_R)
     1    0.71   15.62   21.81  290.95 v _894_/SN (HAxp5_ASAP7_75t_R)
                                         _180_ (net)
                 15.62    0.02  290.97 v place131/A (BUFx3_ASAP7_75t_R)
     5    3.35    9.18   17.55  308.52 v place131/Y (BUFx3_ASAP7_75t_R)
                                         net131 (net)
                  9.18    0.06  308.58 v _538_/A1 (OA21x2_ASAP7_75t_R)
     3    1.71    8.96   18.32  326.90 v _538_/Y (OA21x2_ASAP7_75t_R)
                                         _280_ (net)
                  8.97    0.06  326.95 v _551_/C (OA211x2_ASAP7_75t_R)
     3    2.51   14.00   30.43  357.38 v _551_/Y (OA211x2_ASAP7_75t_R)
                                         _290_ (net)
                 14.01    0.15  357.54 v _552_/B (OR3x1_ASAP7_75t_R)
     2    1.71   13.66   24.49  382.03 v _552_/Y (OR3x1_ASAP7_75t_R)
                                         _291_ (net)
                 13.66    0.05  382.08 v _579_/B2 (AO221x1_ASAP7_75t_R)
     1    1.10   10.63   23.23  405.32 v _579_/Y (AO221x1_ASAP7_75t_R)
                                         _298_ (net)
                 10.64    0.05  405.36 v _580_/A (XOR2x2_ASAP7_75t_R)
     1    1.00    7.59   24.31  429.68 ^ _580_/Y (XOR2x2_ASAP7_75t_R)
                                         net30 (net)
                  7.59    0.08  429.75 ^ output30/A (BUFx2_ASAP7_75t_R)
     1    0.49    4.87   12.11  441.86 ^ output30/Y (BUFx2_ASAP7_75t_R)
                                         result[16] (net)
                  4.87    0.03  441.89 ^ result[16] (out)
                                441.89   data arrival time

                  0.00   10.00   10.00   clock virtual_clk (rise edge)
                          0.00   10.00   clock network delay (ideal)
                          0.00   10.00   clock reconvergence pessimism
                          0.00   10.00   output external delay
                                 10.00   data required time
-----------------------------------------------------------------------------
                                 10.00   data required time
                               -441.89   data arrival time
-----------------------------------------------------------------------------
                               -431.89   slack (VIOLATED)



==========================================================================
resizer report_check_types -max_slew -max_cap -max_fanout -violators
--------------------------------------------------------------------------

==========================================================================
resizer max_slew_check_slack
--------------------------------------------------------------------------
251.23472595214844

==========================================================================
resizer max_slew_check_limit
--------------------------------------------------------------------------
320.0

==========================================================================
resizer max_slew_check_slack_limit
--------------------------------------------------------------------------
0.7851

==========================================================================
resizer max_fanout_check_slack
--------------------------------------------------------------------------
1.0000000150474662e+30

==========================================================================
resizer max_fanout_check_limit
--------------------------------------------------------------------------
1.0000000150474662e+30

==========================================================================
resizer max_capacitance_check_slack
--------------------------------------------------------------------------
19.141124725341797

==========================================================================
resizer max_capacitance_check_limit
--------------------------------------------------------------------------
23.040000915527344

==========================================================================
resizer max_capacitance_check_slack_limit
--------------------------------------------------------------------------
0.8308

==========================================================================
resizer max_slew_violation_count
--------------------------------------------------------------------------
max slew violation count 0

==========================================================================
resizer max_fanout_violation_count
--------------------------------------------------------------------------
max fanout violation count 0

==========================================================================
resizer max_cap_violation_count
--------------------------------------------------------------------------
max cap violation count 0

==========================================================================
resizer setup_violation_count
--------------------------------------------------------------------------
setup violation count 23

==========================================================================
resizer hold_violation_count
--------------------------------------------------------------------------
hold violation count 0

==========================================================================
resizer critical path delay
--------------------------------------------------------------------------
441.8869

==========================================================================
resizer critical path slack
--------------------------------------------------------------------------
-431.8869

==========================================================================
resizer slack div critical path delay
--------------------------------------------------------------------------
-97.736977

==========================================================================
resizer report_power
--------------------------------------------------------------------------
Group                  Internal  Switching    Leakage      Total
                          Power      Power      Power      Power (Watts)
----------------------------------------------------------------
Sequential             0.00e+00   0.00e+00   0.00e+00   0.00e+00   0.0%
Combinational          1.32e-02   1.18e-02   5.30e-08   2.50e-02 100.0%
Clock                  0.00e+00   0.00e+00   0.00e+00   0.00e+00   0.0%
Macro                  0.00e+00   0.00e+00   0.00e+00   0.00e+00   0.0%
Pad                    0.00e+00   0.00e+00   0.00e+00   0.00e+00   0.0%
----------------------------------------------------------------
Total                  1.32e-02   1.18e-02   5.30e-08   2.50e-02 100.0%
                          52.9%      47.1%       0.0%
