
==========================================================================
cts final report_tns
--------------------------------------------------------------------------
tns max -7382.51

==========================================================================
cts final report_wns
--------------------------------------------------------------------------
wns max -418.88

==========================================================================
cts final report_worst_slack
--------------------------------------------------------------------------
worst slack max -418.88

==========================================================================
cts final report_clock_min_period
--------------------------------------------------------------------------
virtual_clk period_min = 428.88 fmax = 2331.63

==========================================================================
cts final report_clock_skew
--------------------------------------------------------------------------
Clock virtual_clk
No launch/capture paths found.


==========================================================================
cts final report_checks -path_delay min
--------------------------------------------------------------------------
Startpoint: multiplier[0] (input port clocked by virtual_clk)
Endpoint: result[0] (output port clocked by virtual_clk)
Path Group: virtual_clk
Path Type: min

Fanout     Cap    Slew   Delay    Time   Description
-----------------------------------------------------------------------------
                  0.00    0.00    0.00   clock virtual_clk (rise edge)
                          0.00    0.00   clock network delay (ideal)
                          0.00    0.00 ^ input external delay
     1    2.51    0.00    0.00    0.00 ^ multiplier[0] (in)
                                         multiplier[0] (net)
                  0.49    0.15    0.15 ^ input12/A (BUFx12f_ASAP7_75t_R)
     4    3.25    5.43    9.56    9.71 ^ input12/Y (BUFx12f_ASAP7_75t_R)
                                         net12 (net)
                  5.44    0.07    9.78 ^ place184/A (BUFx6f_ASAP7_75t_R)
     5    3.97    7.34   11.90   21.68 ^ place184/Y (BUFx6f_ASAP7_75t_R)
                                         net184 (net)
                  7.36    0.20   21.88 ^ place183/A (BUFx6f_ASAP7_75t_R)
     4    3.10    6.39   12.02   33.90 ^ place183/Y (BUFx6f_ASAP7_75t_R)
                                         net183 (net)
                  6.40    0.09   34.00 ^ _739_/A (AND2x4_ASAP7_75t_R)
     1    0.67    5.01   12.51   46.51 ^ _739_/Y (AND2x4_ASAP7_75t_R)
                                         net23 (net)
                  5.01    0.03   46.55 ^ output23/A (BUFx2_ASAP7_75t_R)
     1    0.48    4.83   11.30   57.84 ^ output23/Y (BUFx2_ASAP7_75t_R)
                                         result[0] (net)
                  4.83    0.03   57.87 ^ result[0] (out)
                                 57.87   data arrival time

                  0.00    0.00    0.00   clock virtual_clk (rise edge)
                          0.00    0.00   clock network delay (ideal)
                          0.00    0.00   clock reconvergence pessimism
                          0.00    0.00   output external delay
                                  0.00   data required time
-----------------------------------------------------------------------------
                                  0.00   data required time
                                -57.87   data arrival time
-----------------------------------------------------------------------------
                                 57.87   slack (MET)



==========================================================================
cts final report_checks -path_delay max
--------------------------------------------------------------------------
Startpoint: multiplier[2] (input port clocked by virtual_clk)
Endpoint: result[16] (output port clocked by virtual_clk)
Path Group: virtual_clk
Path Type: max

Fanout     Cap    Slew   Delay    Time   Description
-----------------------------------------------------------------------------
                  0.00    0.00    0.00   clock virtual_clk (rise edge)
                          0.00    0.00   clock network delay (ideal)
                          0.00    0.00 v input external delay
     1    3.25    0.00    0.00    0.00 v multiplier[2] (in)
                                         multiplier[2] (net)
                  0.84    0.26    0.26 v input15/A (BUFx12f_ASAP7_75t_R)
     6    5.14    6.16   10.62   10.89 v input15/Y (BUFx12f_ASAP7_75t_R)
                                         net15 (net)
                  6.33    0.52   11.41 v _686_/A (AND2x4_ASAP7_75t_R)
     1    2.18    6.20   14.15   25.56 v _686_/Y (AND2x4_ASAP7_75t_R)
                                         gen_stages[0].gen_csa[0].csa_mult.Cin[10] (net)
                  6.21    0.10   25.66 v _824_/A (FAx1_ASAP7_75t_R)
     1    1.03   24.66   31.07   56.74 v _824_/SN (FAx1_ASAP7_75t_R)
                                         _040_ (net)
                 24.66    0.07   56.81 v _800_/A (INVx1_ASAP7_75t_R)
     1    2.28   19.70   15.23   72.04 ^ _800_/Y (INVx1_ASAP7_75t_R)
                                         gen_stages[0].gen_csa[0].csa_mult.PreSum[10] (net)
                 19.70    0.14   72.18 ^ _843_/A (FAx1_ASAP7_75t_R)
     1    0.85   22.13   32.13  104.31 v _843_/SN (FAx1_ASAP7_75t_R)
                                         _078_ (net)
                 22.13    0.04  104.35 v _746_/A (INVx1_ASAP7_75t_R)
     1    2.56   20.54   15.50  119.85 ^ _746_/Y (INVx1_ASAP7_75t_R)
                                         gen_stages[1].gen_csa[0].csa_mult.PreSum[10] (net)
                 20.55    0.25  120.10 ^ _862_/A (FAx1_ASAP7_75t_R)
     1    1.24   28.74   37.13  157.24 v _862_/SN (FAx1_ASAP7_75t_R)
                                         _116_ (net)
                 28.74    0.11  157.35 v _744_/A (INVx1_ASAP7_75t_R)
     1    2.41   21.37   16.65  174.00 ^ _744_/Y (INVx1_ASAP7_75t_R)
                                         gen_stages[2].gen_csa[0].csa_mult.PreSum[10] (net)
                 21.37    0.12  174.12 ^ _884_/B (FAx1_ASAP7_75t_R)
     1    0.75   20.67   30.98  205.10 v _884_/SN (FAx1_ASAP7_75t_R)
                                         _160_ (net)
                 20.67    0.03  205.12 v _679_/A (INVx1_ASAP7_75t_R)
     1    1.81   16.12   12.81  217.93 ^ _679_/Y (INVx1_ASAP7_75t_R)
                                         gen_stages[3].gen_csa[0].csa_mult.PreSum[10] (net)
                 16.13    0.09  218.02 ^ _877_/CI (FAx1_ASAP7_75t_R)
     1    0.74   20.44   29.63  247.65 v _877_/SN (FAx1_ASAP7_75t_R)
                                         _146_ (net)
                 20.44    0.03  247.67 v _742_/A (INVx1_ASAP7_75t_R)
     1    0.96   11.34    9.69  257.36 ^ _742_/Y (INVx1_ASAP7_75t_R)
                                         gen_stages[4].gen_csa[0].csa_mult.PreSum[10] (net)
                 11.34    0.03  257.39 ^ _894_/B (HAxp5_ASAP7_75t_R)
     1    0.77   16.53   21.96  279.35 v _894_/SN (HAxp5_ASAP7_75t_R)
                                         _180_ (net)
                 16.53    0.03  279.38 v place131/A (BUFx3_ASAP7_75t_R)
     5    3.53    9.55   17.98  297.36 v place131/Y (BUFx3_ASAP7_75t_R)
                                         net131 (net)
                  9.55    0.08  297.45 v _538_/A1 (OA21x2_ASAP7_75t_R)
     3    1.80    9.22   18.56  316.01 v _538_/Y (OA21x2_ASAP7_75t_R)
                                         _280_ (net)
                  9.22    0.06  316.06 v _551_/B (OA211x2_ASAP7_75t_R)
     3    2.54   14.21   29.01  345.07 v _551_/Y (OA211x2_ASAP7_75t_R)
                                         _290_ (net)
                 14.21    0.16  345.23 v _552_/A (OR3x1_ASAP7_75t_R)
     2    1.83   14.30   24.11  369.34 v _552_/Y (OR3x1_ASAP7_75t_R)
                                         _291_ (net)
                 14.30    0.06  369.40 v _579_/B1 (AO221x1_ASAP7_75t_R)
     1    1.15   10.88   22.89  392.29 v _579_/Y (AO221x1_ASAP7_75t_R)
                                         _298_ (net)
                 10.88    0.04  392.34 v _580_/B (XOR2x2_ASAP7_75t_R)
     1    1.12    7.94   25.05  417.39 ^ _580_/Y (XOR2x2_ASAP7_75t_R)
                                         net30 (net)
                  7.94    0.09  417.47 ^ output30/A (BUFx3_ASAP7_75t_R)
     1    0.48    4.51   11.39  428.86 ^ output30/Y (BUFx3_ASAP7_75t_R)
                                         result[16] (net)
                  4.51    0.02  428.88 ^ result[16] (out)
                                428.88   data arrival time

                  0.00   10.00   10.00   clock virtual_clk (rise edge)
                          0.00   10.00   clock network delay (ideal)
                          0.00   10.00   clock reconvergence pessimism
                          0.00   10.00   output external delay
                                 10.00   data required time
-----------------------------------------------------------------------------
                                 10.00   data required time
                               -428.88   data arrival time
-----------------------------------------------------------------------------
                               -418.88   slack (VIOLATED)



==========================================================================
cts final report_checks -unconstrained
--------------------------------------------------------------------------
Startpoint: multiplier[2] (input port clocked by virtual_clk)
Endpoint: result[16] (output port clocked by virtual_clk)
Path Group: virtual_clk
Path Type: max

Fanout     Cap    Slew   Delay    Time   Description
-----------------------------------------------------------------------------
                  0.00    0.00    0.00   clock virtual_clk (rise edge)
                          0.00    0.00   clock network delay (ideal)
                          0.00    0.00 v input external delay
     1    3.25    0.00    0.00    0.00 v multiplier[2] (in)
                                         multiplier[2] (net)
                  0.84    0.26    0.26 v input15/A (BUFx12f_ASAP7_75t_R)
     6    5.14    6.16   10.62   10.89 v input15/Y (BUFx12f_ASAP7_75t_R)
                                         net15 (net)
                  6.33    0.52   11.41 v _686_/A (AND2x4_ASAP7_75t_R)
     1    2.18    6.20   14.15   25.56 v _686_/Y (AND2x4_ASAP7_75t_R)
                                         gen_stages[0].gen_csa[0].csa_mult.Cin[10] (net)
                  6.21    0.10   25.66 v _824_/A (FAx1_ASAP7_75t_R)
     1    1.03   24.66   31.07   56.74 v _824_/SN (FAx1_ASAP7_75t_R)
                                         _040_ (net)
                 24.66    0.07   56.81 v _800_/A (INVx1_ASAP7_75t_R)
     1    2.28   19.70   15.23   72.04 ^ _800_/Y (INVx1_ASAP7_75t_R)
                                         gen_stages[0].gen_csa[0].csa_mult.PreSum[10] (net)
                 19.70    0.14   72.18 ^ _843_/A (FAx1_ASAP7_75t_R)
     1    0.85   22.13   32.13  104.31 v _843_/SN (FAx1_ASAP7_75t_R)
                                         _078_ (net)
                 22.13    0.04  104.35 v _746_/A (INVx1_ASAP7_75t_R)
     1    2.56   20.54   15.50  119.85 ^ _746_/Y (INVx1_ASAP7_75t_R)
                                         gen_stages[1].gen_csa[0].csa_mult.PreSum[10] (net)
                 20.55    0.25  120.10 ^ _862_/A (FAx1_ASAP7_75t_R)
     1    1.24   28.74   37.13  157.24 v _862_/SN (FAx1_ASAP7_75t_R)
                                         _116_ (net)
                 28.74    0.11  157.35 v _744_/A (INVx1_ASAP7_75t_R)
     1    2.41   21.37   16.65  174.00 ^ _744_/Y (INVx1_ASAP7_75t_R)
                                         gen_stages[2].gen_csa[0].csa_mult.PreSum[10] (net)
                 21.37    0.12  174.12 ^ _884_/B (FAx1_ASAP7_75t_R)
     1    0.75   20.67   30.98  205.10 v _884_/SN (FAx1_ASAP7_75t_R)
                                         _160_ (net)
                 20.67    0.03  205.12 v _679_/A (INVx1_ASAP7_75t_R)
     1    1.81   16.12   12.81  217.93 ^ _679_/Y (INVx1_ASAP7_75t_R)
                                         gen_stages[3].gen_csa[0].csa_mult.PreSum[10] (net)
                 16.13    0.09  218.02 ^ _877_/CI (FAx1_ASAP7_75t_R)
     1    0.74   20.44   29.63  247.65 v _877_/SN (FAx1_ASAP7_75t_R)
                                         _146_ (net)
                 20.44    0.03  247.67 v _742_/A (INVx1_ASAP7_75t_R)
     1    0.96   11.34    9.69  257.36 ^ _742_/Y (INVx1_ASAP7_75t_R)
                                         gen_stages[4].gen_csa[0].csa_mult.PreSum[10] (net)
                 11.34    0.03  257.39 ^ _894_/B (HAxp5_ASAP7_75t_R)
     1    0.77   16.53   21.96  279.35 v _894_/SN (HAxp5_ASAP7_75t_R)
                                         _180_ (net)
                 16.53    0.03  279.38 v place131/A (BUFx3_ASAP7_75t_R)
     5    3.53    9.55   17.98  297.36 v place131/Y (BUFx3_ASAP7_75t_R)
                                         net131 (net)
                  9.55    0.08  297.45 v _538_/A1 (OA21x2_ASAP7_75t_R)
     3    1.80    9.22   18.56  316.01 v _538_/Y (OA21x2_ASAP7_75t_R)
                                         _280_ (net)
                  9.22    0.06  316.06 v _551_/B (OA211x2_ASAP7_75t_R)
     3    2.54   14.21   29.01  345.07 v _551_/Y (OA211x2_ASAP7_75t_R)
                                         _290_ (net)
                 14.21    0.16  345.23 v _552_/A (OR3x1_ASAP7_75t_R)
     2    1.83   14.30   24.11  369.34 v _552_/Y (OR3x1_ASAP7_75t_R)
                                         _291_ (net)
                 14.30    0.06  369.40 v _579_/B1 (AO221x1_ASAP7_75t_R)
     1    1.15   10.88   22.89  392.29 v _579_/Y (AO221x1_ASAP7_75t_R)
                                         _298_ (net)
                 10.88    0.04  392.34 v _580_/B (XOR2x2_ASAP7_75t_R)
     1    1.12    7.94   25.05  417.39 ^ _580_/Y (XOR2x2_ASAP7_75t_R)
                                         net30 (net)
                  7.94    0.09  417.47 ^ output30/A (BUFx3_ASAP7_75t_R)
     1    0.48    4.51   11.39  428.86 ^ output30/Y (BUFx3_ASAP7_75t_R)
                                         result[16] (net)
                  4.51    0.02  428.88 ^ result[16] (out)
                                428.88   data arrival time

                  0.00   10.00   10.00   clock virtual_clk (rise edge)
                          0.00   10.00   clock network delay (ideal)
                          0.00   10.00   clock reconvergence pessimism
                          0.00   10.00   output external delay
                                 10.00   data required time
-----------------------------------------------------------------------------
                                 10.00   data required time
                               -428.88   data arrival time
-----------------------------------------------------------------------------
                               -418.88   slack (VIOLATED)



==========================================================================
cts final report_check_types -max_slew -max_cap -max_fanout -violators
--------------------------------------------------------------------------

==========================================================================
cts final max_slew_check_slack
--------------------------------------------------------------------------
269.6064758300781

==========================================================================
cts final max_slew_check_limit
--------------------------------------------------------------------------
320.0

==========================================================================
cts final max_slew_check_slack_limit
--------------------------------------------------------------------------
0.8425

==========================================================================
cts final max_fanout_check_slack
--------------------------------------------------------------------------
1.0000000150474662e+30

==========================================================================
cts final max_fanout_check_limit
--------------------------------------------------------------------------
1.0000000150474662e+30

==========================================================================
cts final max_capacitance_check_slack
--------------------------------------------------------------------------
19.59050178527832

==========================================================================
cts final max_capacitance_check_limit
--------------------------------------------------------------------------
23.040000915527344

==========================================================================
cts final max_capacitance_check_slack_limit
--------------------------------------------------------------------------
0.8503

==========================================================================
cts final max_slew_violation_count
--------------------------------------------------------------------------
max slew violation count 0

==========================================================================
cts final max_fanout_violation_count
--------------------------------------------------------------------------
max fanout violation count 0

==========================================================================
cts final max_cap_violation_count
--------------------------------------------------------------------------
max cap violation count 0

==========================================================================
cts final setup_violation_count
--------------------------------------------------------------------------
setup violation count 23

==========================================================================
cts final hold_violation_count
--------------------------------------------------------------------------
hold violation count 0

==========================================================================
cts final critical path delay
--------------------------------------------------------------------------
428.8846

==========================================================================
cts final critical path slack
--------------------------------------------------------------------------
-418.8846

==========================================================================
cts final slack div critical path delay
--------------------------------------------------------------------------
-97.668370

==========================================================================
cts final report_power
--------------------------------------------------------------------------
Group                  Internal  Switching    Leakage      Total
                          Power      Power      Power      Power (Watts)
----------------------------------------------------------------
Sequential             0.00e+00   0.00e+00   0.00e+00   0.00e+00   0.0%
Combinational          1.60e-02   1.28e-02   6.08e-08   2.87e-02 100.0%
Clock                  0.00e+00   0.00e+00   0.00e+00   0.00e+00   0.0%
Macro                  0.00e+00   0.00e+00   0.00e+00   0.00e+00   0.0%
Pad                    0.00e+00   0.00e+00   0.00e+00   0.00e+00   0.0%
----------------------------------------------------------------
Total                  1.60e-02   1.28e-02   6.08e-08   2.87e-02 100.0%
                          55.6%      44.4%       0.0%
