
==========================================================================
global route report_tns
--------------------------------------------------------------------------
tns max -7797.66

==========================================================================
global route report_wns
--------------------------------------------------------------------------
wns max -440.62

==========================================================================
global route report_worst_slack
--------------------------------------------------------------------------
worst slack max -440.62

==========================================================================
global route report_clock_min_period
--------------------------------------------------------------------------
virtual_clk period_min = 450.62 fmax = 2219.17

==========================================================================
global route report_clock_skew
--------------------------------------------------------------------------
Clock virtual_clk
No launch/capture paths found.


==========================================================================
global route report_checks -path_delay min
--------------------------------------------------------------------------
Startpoint: multiplier[0] (input port clocked by virtual_clk)
Endpoint: result[0] (output port clocked by virtual_clk)
Path Group: virtual_clk
Path Type: min

Fanout     Cap    Slew   Delay    Time   Description
-----------------------------------------------------------------------------
                  0.00    0.00    0.00   clock virtual_clk (rise edge)
                          0.00    0.00   clock network delay (ideal)
                          0.00    0.00 ^ input external delay
     1    2.60    0.00    0.00    0.00 ^ multiplier[0] (in)
                                         multiplier[0] (net)
                  0.73    0.23    0.23 ^ input12/A (BUFx12f_ASAP7_75t_R)
     4    4.62    6.31   10.01   10.24 ^ input12/Y (BUFx12f_ASAP7_75t_R)
                                         net12 (net)
                  6.34    0.24   10.48 ^ place184/A (BUFx12f_ASAP7_75t_R)
     5    4.38    6.24   11.60   22.09 ^ place184/Y (BUFx12f_ASAP7_75t_R)
                                         net184 (net)
                  6.50    0.63   22.72 ^ place183/A (BUFx6f_ASAP7_75t_R)
     4    3.52    7.03   11.90   34.62 ^ place183/Y (BUFx6f_ASAP7_75t_R)
                                         net183 (net)
                  7.10    0.38   35.00 ^ _739_/A (AND2x4_ASAP7_75t_R)
     1    0.83    5.22   12.78   47.77 ^ _739_/Y (AND2x4_ASAP7_75t_R)
                                         net23 (net)
                  5.22    0.09   47.86 ^ output23/A (BUFx2_ASAP7_75t_R)
     1    0.63    5.22   11.59   59.45 ^ output23/Y (BUFx2_ASAP7_75t_R)
                                         result[0] (net)
                  5.22    0.06   59.51 ^ result[0] (out)
                                 59.51   data arrival time

                  0.00    0.00    0.00   clock virtual_clk (rise edge)
                          0.00    0.00   clock network delay (ideal)
                          0.00    0.00   clock reconvergence pessimism
                          0.00    0.00   output external delay
                                  0.00   data required time
-----------------------------------------------------------------------------
                                  0.00   data required time
                                -59.51   data arrival time
-----------------------------------------------------------------------------
                                 59.51   slack (MET)



==========================================================================
global route report_checks -path_delay max
--------------------------------------------------------------------------
Startpoint: multiplier[7] (input port clocked by virtual_clk)
Endpoint: result[18] (output port clocked by virtual_clk)
Path Group: virtual_clk
Path Type: max

Fanout     Cap    Slew   Delay    Time   Description
-----------------------------------------------------------------------------
                  0.00    0.00    0.00   clock virtual_clk (rise edge)
                          0.00    0.00   clock network delay (ideal)
                          0.00    0.00 ^ input external delay
     1    3.22    0.00    0.00    0.00 ^ multiplier[7] (in)
                                         multiplier[7] (net)
                  0.93    0.29    0.29 ^ input20/A (BUFx12f_ASAP7_75t_R)
     7    8.97    9.79   10.89   11.18 ^ input20/Y (BUFx12f_ASAP7_75t_R)
                                         net20 (net)
                 11.08    1.86   13.04 ^ place167/A (BUFx12f_ASAP7_75t_R)
     2    3.02    5.43   12.61   25.65 ^ place167/Y (BUFx12f_ASAP7_75t_R)
                                         net167 (net)
                  5.54    0.39   26.05 ^ _724_/B (AND2x4_ASAP7_75t_R)
     1    2.49    7.70   13.79   39.83 ^ _724_/Y (AND2x4_ASAP7_75t_R)
                                         gen_stages[0].gen_csa[2].csa_mult.B[11] (net)
                  7.73    0.27   40.10 ^ _811_/B (FAx1_ASAP7_75t_R)
     1    1.01   24.27   30.40   70.50 v _811_/SN (FAx1_ASAP7_75t_R)
                                         _014_ (net)
                 24.27    0.08   70.58 v _436_/A (INVx1_ASAP7_75t_R)
     1    2.56   21.13   16.00   86.58 ^ _436_/Y (INVx1_ASAP7_75t_R)
                                         gen_stages[0].gen_csa[2].csa_mult.PreSum[11] (net)
                 21.14    0.30   86.88 ^ _855_/B (FAx1_ASAP7_75t_R)
     1    0.96   23.58   33.65  120.53 v _855_/SN (FAx1_ASAP7_75t_R)
                                         _102_ (net)
                 23.59    0.10  120.63 v _803_/A (INVx1_ASAP7_75t_R)
     1    2.83   22.41   16.60  137.23 ^ _803_/Y (INVx1_ASAP7_75t_R)
                                         gen_stages[1].gen_csa[1].csa_mult.PreSum[11] (net)
                 22.44    0.54  137.77 ^ _861_/B (FAx1_ASAP7_75t_R)
     1    1.23   28.72   37.33  175.10 v _861_/SN (FAx1_ASAP7_75t_R)
                                         _114_ (net)
                 28.73    0.20  175.30 v _649_/A (INVx1_ASAP7_75t_R)
     1    2.65   22.76   17.41  192.72 ^ _649_/Y (INVx1_ASAP7_75t_R)
                                         gen_stages[2].gen_csa[0].csa_mult.PreSum[11] (net)
                 22.77    0.35  193.06 ^ _883_/B (FAx1_ASAP7_75t_R)
     1    1.09   25.92   35.72  228.78 v _883_/SN (FAx1_ASAP7_75t_R)
                                         _158_ (net)
                 25.92    0.09  228.88 v _801_/A (INVx1_ASAP7_75t_R)
     1    2.62   21.85   16.59  245.47 ^ _801_/Y (INVx1_ASAP7_75t_R)
                                         gen_stages[3].gen_csa[0].csa_mult.PreSum[11] (net)
                 21.86    0.33  245.79 ^ _876_/B (FAx1_ASAP7_75t_R)
     1    1.02   30.53   32.55  278.34 ^ _876_/SN (FAx1_ASAP7_75t_R)
                                         _144_ (net)
                 30.53    0.11  278.45 ^ _760_/A (INVx1_ASAP7_75t_R)
     1    1.23   13.17   10.67  289.13 v _760_/Y (INVx1_ASAP7_75t_R)
                                         gen_stages[4].gen_csa[0].csa_mult.PreSum[11] (net)
                 13.17    0.12  289.25 v _890_/B (HAxp5_ASAP7_75t_R)
     5    3.50   40.30   22.87  312.11 ^ _890_/CON (HAxp5_ASAP7_75t_R)
                                         _171_ (net)
     2    1.52   29.07   16.69  328.81 v _890_/SN (HAxp5_ASAP7_75t_R)
                                         _172_ (net)
                 29.07    0.09  328.90 v _546_/A1 (AO21x2_ASAP7_75t_R)
     3    2.67   12.14   26.40  355.30 v _546_/Y (AO21x2_ASAP7_75t_R)
                                         _286_ (net)
                 12.18    0.33  355.62 v _603_/A (OR2x2_ASAP7_75t_R)
     2    1.32    7.68   18.07  373.69 v _603_/Y (OR2x2_ASAP7_75t_R)
                                         _307_ (net)
                  7.68    0.08  373.77 v _608_/A2 (OA211x2_ASAP7_75t_R)
     1    0.76    9.39   21.64  395.40 v _608_/Y (OA211x2_ASAP7_75t_R)
                                         _312_ (net)
                  9.39    0.04  395.44 v _609_/A2 (OA21x2_ASAP7_75t_R)
     2    2.24   10.24   19.40  414.84 v _609_/Y (OA21x2_ASAP7_75t_R)
                                         _313_ (net)
                 10.25    0.17  415.01 v _610_/B (XOR2x2_ASAP7_75t_R)
     1    0.83    7.09   24.34  439.35 ^ _610_/Y (XOR2x2_ASAP7_75t_R)
                                         net32 (net)
                  7.09    0.04  439.39 ^ output32/A (BUFx3_ASAP7_75t_R)
     1    0.52    4.59   11.17  450.57 ^ output32/Y (BUFx3_ASAP7_75t_R)
                                         result[18] (net)
                  4.59    0.05  450.62 ^ result[18] (out)
                                450.62   data arrival time

                  0.00   10.00   10.00   clock virtual_clk (rise edge)
                          0.00   10.00   clock network delay (ideal)
                          0.00   10.00   clock reconvergence pessimism
                          0.00   10.00   output external delay
                                 10.00   data required time
-----------------------------------------------------------------------------
                                 10.00   data required time
                               -450.62   data arrival time
-----------------------------------------------------------------------------
                               -440.62   slack (VIOLATED)



==========================================================================
global route report_checks -unconstrained
--------------------------------------------------------------------------
Startpoint: multiplier[7] (input port clocked by virtual_clk)
Endpoint: result[18] (output port clocked by virtual_clk)
Path Group: virtual_clk
Path Type: max

Fanout     Cap    Slew   Delay    Time   Description
-----------------------------------------------------------------------------
                  0.00    0.00    0.00   clock virtual_clk (rise edge)
                          0.00    0.00   clock network delay (ideal)
                          0.00    0.00 ^ input external delay
     1    3.22    0.00    0.00    0.00 ^ multiplier[7] (in)
                                         multiplier[7] (net)
                  0.93    0.29    0.29 ^ input20/A (BUFx12f_ASAP7_75t_R)
     7    8.97    9.79   10.89   11.18 ^ input20/Y (BUFx12f_ASAP7_75t_R)
                                         net20 (net)
                 11.08    1.86   13.04 ^ place167/A (BUFx12f_ASAP7_75t_R)
     2    3.02    5.43   12.61   25.65 ^ place167/Y (BUFx12f_ASAP7_75t_R)
                                         net167 (net)
                  5.54    0.39   26.05 ^ _724_/B (AND2x4_ASAP7_75t_R)
     1    2.49    7.70   13.79   39.83 ^ _724_/Y (AND2x4_ASAP7_75t_R)
                                         gen_stages[0].gen_csa[2].csa_mult.B[11] (net)
                  7.73    0.27   40.10 ^ _811_/B (FAx1_ASAP7_75t_R)
     1    1.01   24.27   30.40   70.50 v _811_/SN (FAx1_ASAP7_75t_R)
                                         _014_ (net)
                 24.27    0.08   70.58 v _436_/A (INVx1_ASAP7_75t_R)
     1    2.56   21.13   16.00   86.58 ^ _436_/Y (INVx1_ASAP7_75t_R)
                                         gen_stages[0].gen_csa[2].csa_mult.PreSum[11] (net)
                 21.14    0.30   86.88 ^ _855_/B (FAx1_ASAP7_75t_R)
     1    0.96   23.58   33.65  120.53 v _855_/SN (FAx1_ASAP7_75t_R)
                                         _102_ (net)
                 23.59    0.10  120.63 v _803_/A (INVx1_ASAP7_75t_R)
     1    2.83   22.41   16.60  137.23 ^ _803_/Y (INVx1_ASAP7_75t_R)
                                         gen_stages[1].gen_csa[1].csa_mult.PreSum[11] (net)
                 22.44    0.54  137.77 ^ _861_/B (FAx1_ASAP7_75t_R)
     1    1.23   28.72   37.33  175.10 v _861_/SN (FAx1_ASAP7_75t_R)
                                         _114_ (net)
                 28.73    0.20  175.30 v _649_/A (INVx1_ASAP7_75t_R)
     1    2.65   22.76   17.41  192.72 ^ _649_/Y (INVx1_ASAP7_75t_R)
                                         gen_stages[2].gen_csa[0].csa_mult.PreSum[11] (net)
                 22.77    0.35  193.06 ^ _883_/B (FAx1_ASAP7_75t_R)
     1    1.09   25.92   35.72  228.78 v _883_/SN (FAx1_ASAP7_75t_R)
                                         _158_ (net)
                 25.92    0.09  228.88 v _801_/A (INVx1_ASAP7_75t_R)
     1    2.62   21.85   16.59  245.47 ^ _801_/Y (INVx1_ASAP7_75t_R)
                                         gen_stages[3].gen_csa[0].csa_mult.PreSum[11] (net)
                 21.86    0.33  245.79 ^ _876_/B (FAx1_ASAP7_75t_R)
     1    1.02   30.53   32.55  278.34 ^ _876_/SN (FAx1_ASAP7_75t_R)
                                         _144_ (net)
                 30.53    0.11  278.45 ^ _760_/A (INVx1_ASAP7_75t_R)
     1    1.23   13.17   10.67  289.13 v _760_/Y (INVx1_ASAP7_75t_R)
                                         gen_stages[4].gen_csa[0].csa_mult.PreSum[11] (net)
                 13.17    0.12  289.25 v _890_/B (HAxp5_ASAP7_75t_R)
     5    3.50   40.30   22.87  312.11 ^ _890_/CON (HAxp5_ASAP7_75t_R)
                                         _171_ (net)
     2    1.52   29.07   16.69  328.81 v _890_/SN (HAxp5_ASAP7_75t_R)
                                         _172_ (net)
                 29.07    0.09  328.90 v _546_/A1 (AO21x2_ASAP7_75t_R)
     3    2.67   12.14   26.40  355.30 v _546_/Y (AO21x2_ASAP7_75t_R)
                                         _286_ (net)
                 12.18    0.33  355.62 v _603_/A (OR2x2_ASAP7_75t_R)
     2    1.32    7.68   18.07  373.69 v _603_/Y (OR2x2_ASAP7_75t_R)
                                         _307_ (net)
                  7.68    0.08  373.77 v _608_/A2 (OA211x2_ASAP7_75t_R)
     1    0.76    9.39   21.64  395.40 v _608_/Y (OA211x2_ASAP7_75t_R)
                                         _312_ (net)
                  9.39    0.04  395.44 v _609_/A2 (OA21x2_ASAP7_75t_R)
     2    2.24   10.24   19.40  414.84 v _609_/Y (OA21x2_ASAP7_75t_R)
                                         _313_ (net)
                 10.25    0.17  415.01 v _610_/B (XOR2x2_ASAP7_75t_R)
     1    0.83    7.09   24.34  439.35 ^ _610_/Y (XOR2x2_ASAP7_75t_R)
                                         net32 (net)
                  7.09    0.04  439.39 ^ output32/A (BUFx3_ASAP7_75t_R)
     1    0.52    4.59   11.17  450.57 ^ output32/Y (BUFx3_ASAP7_75t_R)
                                         result[18] (net)
                  4.59    0.05  450.62 ^ result[18] (out)
                                450.62   data arrival time

                  0.00   10.00   10.00   clock virtual_clk (rise edge)
                          0.00   10.00   clock network delay (ideal)
                          0.00   10.00   clock reconvergence pessimism
                          0.00   10.00   output external delay
                                 10.00   data required time
-----------------------------------------------------------------------------
                                 10.00   data required time
                               -450.62   data arrival time
-----------------------------------------------------------------------------
                               -440.62   slack (VIOLATED)



==========================================================================
global route report_check_types -max_slew -max_cap -max_fanout -violators
--------------------------------------------------------------------------

==========================================================================
global route max_slew_check_slack
--------------------------------------------------------------------------
265.21697998046875

==========================================================================
global route max_slew_check_limit
--------------------------------------------------------------------------
320.0

==========================================================================
global route max_slew_check_slack_limit
--------------------------------------------------------------------------
0.8288

==========================================================================
global route max_fanout_check_slack
--------------------------------------------------------------------------
1.0000000150474662e+30

==========================================================================
global route max_fanout_check_limit
--------------------------------------------------------------------------
1.0000000150474662e+30

==========================================================================
global route max_capacitance_check_slack
--------------------------------------------------------------------------
19.207454681396484

==========================================================================
global route max_capacitance_check_limit
--------------------------------------------------------------------------
23.040000915527344

==========================================================================
global route max_capacitance_check_slack_limit
--------------------------------------------------------------------------
0.8337

==========================================================================
global route max_slew_violation_count
--------------------------------------------------------------------------
max slew violation count 0

==========================================================================
global route max_fanout_violation_count
--------------------------------------------------------------------------
max fanout violation count 0

==========================================================================
global route max_cap_violation_count
--------------------------------------------------------------------------
max cap violation count 0

==========================================================================
global route setup_violation_count
--------------------------------------------------------------------------
setup violation count 23

==========================================================================
global route hold_violation_count
--------------------------------------------------------------------------
hold violation count 0

==========================================================================
global route critical path delay
--------------------------------------------------------------------------
450.6191

==========================================================================
global route critical path slack
--------------------------------------------------------------------------
-440.6191

==========================================================================
global route slack div critical path delay
--------------------------------------------------------------------------
-97.780831

==========================================================================
global route report_power
--------------------------------------------------------------------------
Group                  Internal  Switching    Leakage      Total
                          Power      Power      Power      Power (Watts)
----------------------------------------------------------------
Sequential             0.00e+00   0.00e+00   0.00e+00   0.00e+00   0.0%
Combinational          1.54e-02   1.34e-02   6.21e-08   2.88e-02 100.0%
Clock                  0.00e+00   0.00e+00   0.00e+00   0.00e+00   0.0%
Macro                  0.00e+00   0.00e+00   0.00e+00   0.00e+00   0.0%
Pad                    0.00e+00   0.00e+00   0.00e+00   0.00e+00   0.0%
----------------------------------------------------------------
Total                  1.54e-02   1.34e-02   6.21e-08   2.88e-02 100.0%
                          53.5%      46.5%       0.0%
