
==========================================================================
finish report_tns
--------------------------------------------------------------------------
tns max -7311.64

==========================================================================
finish report_wns
--------------------------------------------------------------------------
wns max -412.16

==========================================================================
finish report_worst_slack
--------------------------------------------------------------------------
worst slack max -412.16

==========================================================================
finish report_clock_min_period
--------------------------------------------------------------------------
virtual_clk period_min = 422.16 fmax = 2368.77

==========================================================================
finish report_clock_skew
--------------------------------------------------------------------------
Clock virtual_clk
No launch/capture paths found.


==========================================================================
finish report_checks -path_delay min
--------------------------------------------------------------------------
Startpoint: multiplier[0] (input port clocked by virtual_clk)
Endpoint: result[0] (output port clocked by virtual_clk)
Path Group: virtual_clk
Path Type: min

Fanout     Cap    Slew   Delay    Time   Description
-----------------------------------------------------------------------------
                  0.00    0.00    0.00   clock virtual_clk (rise edge)
                          0.00    0.00   clock network delay (ideal)
                          0.00    0.00 ^ input external delay
     1    2.36    0.00    0.00    0.00 ^ multiplier[0] (in)
                                         multiplier[0] (net)
                  0.69    0.22    0.22 ^ input12/A (BUFx12f_ASAP7_75t_R)
     4    4.41    6.17    9.94   10.16 ^ input12/Y (BUFx12f_ASAP7_75t_R)
                                         net12 (net)
                  6.21    0.25   10.41 ^ place184/A (BUFx12f_ASAP7_75t_R)
     5    3.77    5.81   11.42   21.83 ^ place184/Y (BUFx12f_ASAP7_75t_R)
                                         net184 (net)
                  5.95    0.44   22.27 ^ place183/A (BUFx6f_ASAP7_75t_R)
     4    3.01    6.39   11.48   33.76 ^ place183/Y (BUFx6f_ASAP7_75t_R)
                                         net183 (net)
                  6.43    0.23   33.99 ^ _739_/A (AND2x4_ASAP7_75t_R)
     1    0.58    4.89   12.44   46.43 ^ _739_/Y (AND2x4_ASAP7_75t_R)
                                         net23 (net)
                  4.89    0.06   46.49 ^ output23/A (BUFx2_ASAP7_75t_R)
     1    0.38    4.58   11.09   57.58 ^ output23/Y (BUFx2_ASAP7_75t_R)
                                         result[0] (net)
                  4.58    0.04   57.62 ^ result[0] (out)
                                 57.62   data arrival time

                  0.00    0.00    0.00   clock virtual_clk (rise edge)
                          0.00    0.00   clock network delay (ideal)
                          0.00    0.00   clock reconvergence pessimism
                          0.00    0.00   output external delay
                                  0.00   data required time
-----------------------------------------------------------------------------
                                  0.00   data required time
                                -57.62   data arrival time
-----------------------------------------------------------------------------
                                 57.62   slack (MET)



==========================================================================
finish report_checks -path_delay max
--------------------------------------------------------------------------
Startpoint: multiplier[7] (input port clocked by virtual_clk)
Endpoint: result[16] (output port clocked by virtual_clk)
Path Group: virtual_clk
Path Type: max

Fanout     Cap    Slew   Delay    Time   Description
-----------------------------------------------------------------------------
                  0.00    0.00    0.00   clock virtual_clk (rise edge)
                          0.00    0.00   clock network delay (ideal)
                          0.00    0.00 v input external delay
     1    2.91    0.00    0.00    0.00 v multiplier[7] (in)
                                         multiplier[7] (net)
                  0.93    0.29    0.29 v input20/A (BUFx12f_ASAP7_75t_R)
     7    8.01    8.59   10.72   11.01 v input20/Y (BUFx12f_ASAP7_75t_R)
                                         net20 (net)
                 11.66    2.63   13.64 v place167/A (BUFx12f_ASAP7_75t_R)
     2    2.70    4.96   13.39   27.04 v place167/Y (BUFx12f_ASAP7_75t_R)
                                         net167 (net)
                  4.99    0.19   27.23 v rebuffer239/A (BUFx6f_ASAP7_75t_R)
     2    2.30    5.37   11.24   38.47 v rebuffer239/Y (BUFx6f_ASAP7_75t_R)
                                         net239 (net)
                  5.47    0.38   38.84 v _727_/A (AND2x4_ASAP7_75t_R)
     1    2.09    6.10   13.77   52.62 v _727_/Y (AND2x4_ASAP7_75t_R)
                                         gen_stages[0].gen_csa[2].csa_mult.B[8] (net)
                  6.11    0.14   52.75 v _814_/A (FAx1_ASAP7_75t_R)
     1    0.74   19.23   27.40   80.16 v _814_/SN (FAx1_ASAP7_75t_R)
                                         _020_ (net)
                 19.23    0.03   80.19 v _492_/A (INVx1_ASAP7_75t_R)
     1    2.10   17.39   13.33   93.52 ^ _492_/Y (INVx1_ASAP7_75t_R)
                                         gen_stages[0].gen_csa[2].csa_mult.PreSum[8] (net)
                 17.39    0.14   93.65 ^ _858_/A (FAx1_ASAP7_75t_R)
     1    0.71   20.20   29.78  123.43 v _858_/SN (FAx1_ASAP7_75t_R)
                                         _108_ (net)
                 20.20    0.05  123.48 v _490_/A (INVx1_ASAP7_75t_R)
     1    2.13   17.76   13.68  137.16 ^ _490_/Y (INVx1_ASAP7_75t_R)
                                         gen_stages[1].gen_csa[1].csa_mult.PreSum[8] (net)
                 17.76    0.15  137.31 ^ _864_/A (FAx1_ASAP7_75t_R)
     1    0.84   21.73   31.48  168.79 v _864_/SN (FAx1_ASAP7_75t_R)
                                         _120_ (net)
                 21.73    0.08  168.87 v _482_/A (INVx1_ASAP7_75t_R)
     1    2.17   18.39   14.15  183.02 ^ _482_/Y (INVx1_ASAP7_75t_R)
                                         gen_stages[2].gen_csa[0].csa_mult.PreSum[8] (net)
                 18.40    0.18  183.20 ^ _886_/A (FAx1_ASAP7_75t_R)
     1    0.70   20.26   29.92  213.12 v _886_/SN (FAx1_ASAP7_75t_R)
                                         _164_ (net)
                 20.27    0.05  213.18 v _480_/A (INVx1_ASAP7_75t_R)
     1    1.10   12.10   10.24  223.41 ^ _480_/Y (INVx1_ASAP7_75t_R)
                                         gen_stages[3].gen_csa[0].csa_mult.PreSum[8] (net)
                 12.10    0.04  223.45 ^ _918_/A (HAxp5_ASAP7_75t_R)
     1    0.72   15.79   21.72  245.17 v _918_/SN (HAxp5_ASAP7_75t_R)
                                         _228_ (net)
                 15.79    0.05  245.23 v _776_/A (INVx1_ASAP7_75t_R)
     1    0.95   10.12    8.61  253.83 ^ _776_/Y (INVx1_ASAP7_75t_R)
                                         gen_stages[4].gen_csa[0].csa_mult.PreSum[8] (net)
                 10.12    0.04  253.87 ^ _931_/B (HAxp5_ASAP7_75t_R)
     3    2.01   37.14   34.77  288.64 v _931_/SN (HAxp5_ASAP7_75t_R)
                                         _254_ (net)
                 37.14    0.09  288.73 v _534_/A1 (OA21x2_ASAP7_75t_R)
     3    2.14   10.64   24.37  313.10 v _534_/Y (OA21x2_ASAP7_75t_R)
                                         _277_ (net)
                 10.66    0.26  313.36 v _551_/A1 (OA211x2_ASAP7_75t_R)
     3    2.51   14.29   25.43  338.79 v _551_/Y (OA211x2_ASAP7_75t_R)
                                         _290_ (net)
                 14.31    0.27  339.05 v _552_/A (OR3x1_ASAP7_75t_R)
     2    1.81   14.22   24.03  363.08 v _552_/Y (OR3x1_ASAP7_75t_R)
                                         _291_ (net)
                 14.22    0.13  363.21 v _579_/B1 (AO221x1_ASAP7_75t_R)
     1    1.15   10.92   22.85  386.06 v _579_/Y (AO221x1_ASAP7_75t_R)
                                         _298_ (net)
                 10.92    0.09  386.15 v _580_/B (XOR2x2_ASAP7_75t_R)
     1    0.97    7.54   24.78  410.93 ^ _580_/Y (XOR2x2_ASAP7_75t_R)
                                         net30 (net)
                  7.56    0.16  411.09 ^ output30/A (BUFx3_ASAP7_75t_R)
     1    0.28    4.17   11.04  422.13 ^ output30/Y (BUFx3_ASAP7_75t_R)
                                         result[16] (net)
                  4.17    0.03  422.16 ^ result[16] (out)
                                422.16   data arrival time

                  0.00   10.00   10.00   clock virtual_clk (rise edge)
                          0.00   10.00   clock network delay (ideal)
                          0.00   10.00   clock reconvergence pessimism
                          0.00   10.00   output external delay
                                 10.00   data required time
-----------------------------------------------------------------------------
                                 10.00   data required time
                               -422.16   data arrival time
-----------------------------------------------------------------------------
                               -412.16   slack (VIOLATED)



==========================================================================
finish report_checks -unconstrained
--------------------------------------------------------------------------
Startpoint: multiplier[7] (input port clocked by virtual_clk)
Endpoint: result[16] (output port clocked by virtual_clk)
Path Group: virtual_clk
Path Type: max

Fanout     Cap    Slew   Delay    Time   Description
-----------------------------------------------------------------------------
                  0.00    0.00    0.00   clock virtual_clk (rise edge)
                          0.00    0.00   clock network delay (ideal)
                          0.00    0.00 v input external delay
     1    2.91    0.00    0.00    0.00 v multiplier[7] (in)
                                         multiplier[7] (net)
                  0.93    0.29    0.29 v input20/A (BUFx12f_ASAP7_75t_R)
     7    8.01    8.59   10.72   11.01 v input20/Y (BUFx12f_ASAP7_75t_R)
                                         net20 (net)
                 11.66    2.63   13.64 v place167/A (BUFx12f_ASAP7_75t_R)
     2    2.70    4.96   13.39   27.04 v place167/Y (BUFx12f_ASAP7_75t_R)
                                         net167 (net)
                  4.99    0.19   27.23 v rebuffer239/A (BUFx6f_ASAP7_75t_R)
     2    2.30    5.37   11.24   38.47 v rebuffer239/Y (BUFx6f_ASAP7_75t_R)
                                         net239 (net)
                  5.47    0.38   38.84 v _727_/A (AND2x4_ASAP7_75t_R)
     1    2.09    6.10   13.77   52.62 v _727_/Y (AND2x4_ASAP7_75t_R)
                                         gen_stages[0].gen_csa[2].csa_mult.B[8] (net)
                  6.11    0.14   52.75 v _814_/A (FAx1_ASAP7_75t_R)
     1    0.74   19.23   27.40   80.16 v _814_/SN (FAx1_ASAP7_75t_R)
                                         _020_ (net)
                 19.23    0.03   80.19 v _492_/A (INVx1_ASAP7_75t_R)
     1    2.10   17.39   13.33   93.52 ^ _492_/Y (INVx1_ASAP7_75t_R)
                                         gen_stages[0].gen_csa[2].csa_mult.PreSum[8] (net)
                 17.39    0.14   93.65 ^ _858_/A (FAx1_ASAP7_75t_R)
     1    0.71   20.20   29.78  123.43 v _858_/SN (FAx1_ASAP7_75t_R)
                                         _108_ (net)
                 20.20    0.05  123.48 v _490_/A (INVx1_ASAP7_75t_R)
     1    2.13   17.76   13.68  137.16 ^ _490_/Y (INVx1_ASAP7_75t_R)
                                         gen_stages[1].gen_csa[1].csa_mult.PreSum[8] (net)
                 17.76    0.15  137.31 ^ _864_/A (FAx1_ASAP7_75t_R)
     1    0.84   21.73   31.48  168.79 v _864_/SN (FAx1_ASAP7_75t_R)
                                         _120_ (net)
                 21.73    0.08  168.87 v _482_/A (INVx1_ASAP7_75t_R)
     1    2.17   18.39   14.15  183.02 ^ _482_/Y (INVx1_ASAP7_75t_R)
                                         gen_stages[2].gen_csa[0].csa_mult.PreSum[8] (net)
                 18.40    0.18  183.20 ^ _886_/A (FAx1_ASAP7_75t_R)
     1    0.70   20.26   29.92  213.12 v _886_/SN (FAx1_ASAP7_75t_R)
                                         _164_ (net)
                 20.27    0.05  213.18 v _480_/A (INVx1_ASAP7_75t_R)
     1    1.10   12.10   10.24  223.41 ^ _480_/Y (INVx1_ASAP7_75t_R)
                                         gen_stages[3].gen_csa[0].csa_mult.PreSum[8] (net)
                 12.10    0.04  223.45 ^ _918_/A (HAxp5_ASAP7_75t_R)
     1    0.72   15.79   21.72  245.17 v _918_/SN (HAxp5_ASAP7_75t_R)
                                         _228_ (net)
                 15.79    0.05  245.23 v _776_/A (INVx1_ASAP7_75t_R)
     1    0.95   10.12    8.61  253.83 ^ _776_/Y (INVx1_ASAP7_75t_R)
                                         gen_stages[4].gen_csa[0].csa_mult.PreSum[8] (net)
                 10.12    0.04  253.87 ^ _931_/B (HAxp5_ASAP7_75t_R)
     3    2.01   37.14   34.77  288.64 v _931_/SN (HAxp5_ASAP7_75t_R)
                                         _254_ (net)
                 37.14    0.09  288.73 v _534_/A1 (OA21x2_ASAP7_75t_R)
     3    2.14   10.64   24.37  313.10 v _534_/Y (OA21x2_ASAP7_75t_R)
                                         _277_ (net)
                 10.66    0.26  313.36 v _551_/A1 (OA211x2_ASAP7_75t_R)
     3    2.51   14.29   25.43  338.79 v _551_/Y (OA211x2_ASAP7_75t_R)
                                         _290_ (net)
                 14.31    0.27  339.05 v _552_/A (OR3x1_ASAP7_75t_R)
     2    1.81   14.22   24.03  363.08 v _552_/Y (OR3x1_ASAP7_75t_R)
                                         _291_ (net)
                 14.22    0.13  363.21 v _579_/B1 (AO221x1_ASAP7_75t_R)
     1    1.15   10.92   22.85  386.06 v _579_/Y (AO221x1_ASAP7_75t_R)
                                         _298_ (net)
                 10.92    0.09  386.15 v _580_/B (XOR2x2_ASAP7_75t_R)
     1    0.97    7.54   24.78  410.93 ^ _580_/Y (XOR2x2_ASAP7_75t_R)
                                         net30 (net)
                  7.56    0.16  411.09 ^ output30/A (BUFx3_ASAP7_75t_R)
     1    0.28    4.17   11.04  422.13 ^ output30/Y (BUFx3_ASAP7_75t_R)
                                         result[16] (net)
                  4.17    0.03  422.16 ^ result[16] (out)
                                422.16   data arrival time

                  0.00   10.00   10.00   clock virtual_clk (rise edge)
                          0.00   10.00   clock network delay (ideal)
                          0.00   10.00   clock reconvergence pessimism
                          0.00   10.00   output external delay
                                 10.00   data required time
-----------------------------------------------------------------------------
                                 10.00   data required time
                               -422.16   data arrival time
-----------------------------------------------------------------------------
                               -412.16   slack (VIOLATED)



==========================================================================
finish report_check_types -max_slew -max_cap -max_fanout -violators
--------------------------------------------------------------------------

==========================================================================
finish max_slew_check_slack
--------------------------------------------------------------------------
270.1320495605469

==========================================================================
finish max_slew_check_limit
--------------------------------------------------------------------------
320.0

==========================================================================
finish max_slew_check_slack_limit
--------------------------------------------------------------------------
0.8442

==========================================================================
finish max_fanout_check_slack
--------------------------------------------------------------------------
1.0000000150474662e+30

==========================================================================
finish max_fanout_check_limit
--------------------------------------------------------------------------
1.0000000150474662e+30

==========================================================================
finish max_capacitance_check_slack
--------------------------------------------------------------------------
19.642547607421875

==========================================================================
finish max_capacitance_check_limit
--------------------------------------------------------------------------
23.040000915527344

==========================================================================
finish max_capacitance_check_slack_limit
--------------------------------------------------------------------------
0.8525

==========================================================================
finish max_slew_violation_count
--------------------------------------------------------------------------
max slew violation count 0

==========================================================================
finish max_fanout_violation_count
--------------------------------------------------------------------------
max fanout violation count 0

==========================================================================
finish max_cap_violation_count
--------------------------------------------------------------------------
max cap violation count 0

==========================================================================
finish setup_violation_count
--------------------------------------------------------------------------
setup violation count 23

==========================================================================
finish hold_violation_count
--------------------------------------------------------------------------
hold violation count 0

==========================================================================
finish critical path delay
--------------------------------------------------------------------------
422.1606

==========================================================================
finish critical path slack
--------------------------------------------------------------------------
-412.1606

==========================================================================
finish slack div critical path delay
--------------------------------------------------------------------------
-97.631233

==========================================================================
finish report_power
--------------------------------------------------------------------------
Group                  Internal  Switching    Leakage      Total
                          Power      Power      Power      Power (Watts)
----------------------------------------------------------------
Sequential             0.00e+00   0.00e+00   0.00e+00   0.00e+00   0.0%
Combinational          1.65e-02   1.25e-02   6.21e-08   2.90e-02 100.0%
Clock                  0.00e+00   0.00e+00   0.00e+00   0.00e+00   0.0%
Macro                  0.00e+00   0.00e+00   0.00e+00   0.00e+00   0.0%
Pad                    0.00e+00   0.00e+00   0.00e+00   0.00e+00   0.0%
----------------------------------------------------------------
Total                  1.65e-02   1.25e-02   6.21e-08   2.90e-02 100.0%
                          57.0%      43.0%       0.0%
