OpenROAD 26Q3-2056-g41a28926b9 
Features included (+) or not (-): +GPU +GUI +Python
This program is licensed under the BSD-3 license. See the LICENSE file for details.
Components of this program may be licensed under more restrictive licenses which must be honored.
[INFO ORD-0030] Using 12 thread(s).
source /home/matheus-grossi/OpenROAD/OpenROAD-flow-scripts/flow/platforms/asap7/liberty_suppressions.tcl
read_liberty /home/matheus-grossi/OpenROAD/OpenROAD-flow-scripts/flow/platforms/asap7/lib/NLDM/asap7sc7p5t_AO_RVT_FF_nldm_211120.lib.gz
read_liberty /home/matheus-grossi/OpenROAD/OpenROAD-flow-scripts/flow/platforms/asap7/lib/NLDM/asap7sc7p5t_INVBUF_RVT_FF_nldm_220122.lib.gz
read_liberty /home/matheus-grossi/OpenROAD/OpenROAD-flow-scripts/flow/platforms/asap7/lib/NLDM/asap7sc7p5t_OA_RVT_FF_nldm_211120.lib.gz
read_liberty /home/matheus-grossi/OpenROAD/OpenROAD-flow-scripts/flow/platforms/asap7/lib/NLDM/asap7sc7p5t_SIMPLE_RVT_FF_nldm_211120.lib.gz
read_liberty /home/matheus-grossi/OpenROAD/OpenROAD-flow-scripts/flow/platforms/asap7/lib/NLDM/asap7sc7p5t_SEQ_RVT_FF_nldm_220123.lib
read_db /home/matheus-grossi/Projects/CNN/CNN/synth_org/pooling/results/asap7/pooling/base/3_2_place_iop.odb
read_sdc /home/matheus-grossi/Projects/CNN/CNN/synth_org/pooling/results/asap7/pooling/base/2_floorplan.sdc
source /home/matheus-grossi/OpenROAD/OpenROAD-flow-scripts/flow/platforms/asap7/setRC.tcl
[INFO RSZ-0026] Removed 8 buffers.
Perform port buffering...
[INFO RSZ-0027] Inserted 128 BUFx2_ASAP7_75t_R input buffers.
[INFO RSZ-0028] Inserted 32 BUFx2_ASAP7_75t_R output buffers.
global_placement -density 0.6 -pad_left 0 -pad_right 0 -routability_driven -timing_driven -force_center_initial_place -min_phi_coef 0.95 -max_phi_coef 1.05
[INFO GPL-0190] Using 6 of 12 threads for placement: one per core, SMT siblings idle.
[INFO GPL-0001] ---- Initialize GPL Main Data Structures
[INFO GPL-0002] DBU: 1000
[INFO GPL-0003] SiteSize: (  0.054  0.270 ) um
[INFO GPL-0004] CoreBBox: (  2.052  2.160 ) ( 13.824 13.770 ) um
[INFO GPL-0016] Core area:                     136.673 um^2
[INFO GPL-0036] Movable instances area:         67.622 um^2
[INFO GPL-0037] Total instances area:           70.130 um^2
[INFO GPL-0035] Pin density area adjust:         1.837 um^2
[INFO GPL-0032] ---- Initialize Region: Top-level
[INFO GPL-0006] Number of instances:               839
[INFO GPL-0007] Movable instances:                 753
[INFO GPL-0008] Fixed instances:                    86
[INFO GPL-0009] Dummy instances:                     0
[INFO GPL-0010] Number of nets:                    989
[INFO GPL-0011] Number of pins:                   2524
[INFO GPL-0012] Die BBox:       (  0.000  0.000 ) ( 15.863 15.863 ) um
[INFO GPL-0013] Placement BBox: (  2.052  2.160 ) ( 13.824 13.770 ) um
[INFO GPL-0014] Region name: top-level.
[INFO GPL-0015] Region area:                   136.673 um^2
[INFO GPL-0017] Fixed instances area:            2.508 um^2
[INFO GPL-0018] Movable instances area:         69.459 um^2
[INFO GPL-0019] Utilization:                    51.771 %
[INFO GPL-0020] Standard cells area:            69.459 um^2
[INFO GPL-0021] Large instances area:            0.000 um^2
[INFO GPL-0005] ---- Execute Conjugate Gradient Initial Placement.
[INFO GPL-0051] Source of initial instance position counters:
	Odb location = 0	Core center = 753	Region center = 0
[InitialPlace]  Iter: 1 conjugate gradient residual: 0.00000010 HPWL: 1873328
[InitialPlace]  Iter: 2 conjugate gradient residual: 0.00000012 HPWL: 1589407
[InitialPlace]  Iter: 3 conjugate gradient residual: 0.00000010 HPWL: 1591946
[InitialPlace]  Iter: 4 conjugate gradient residual: 0.00000012 HPWL: 1605050
[InitialPlace]  Iter: 5 conjugate gradient residual: 0.00000009 HPWL: 1608556
[INFO GPL-0033] ---- Initialize Nesterov Region: Top-level
[INFO GPL-0023] Placement target density:       0.6000
[INFO GPL-0024] Movable insts average area:      0.092 um^2
[INFO GPL-0025] Ideal bin area:                  0.154 um^2
[INFO GPL-0026] Ideal bin count:                   888
[INFO GPL-0027] Total bin area:                136.673 um^2
[INFO GPL-0028] Bin count (X, Y):          16 ,     16
[INFO GPL-0029] Bin size (W * H):       0.736 *  0.726 um
[INFO GPL-0030] Number of bins:                    256
[INFO GPL-0084] ---- Execute Nesterov Global Placement.
[INFO GPL-0031] HPWL: Half-Perimeter Wirelength
Iteration | Overflow |     HPWL (um) |  HPWL(%) |   Penalty | Group
---------------------------------------------------------------
        0 |   0.6608 |  1.038908e+03 |   +0.00% |  3.08e-11 |      
       10 |   0.6506 |  1.032730e+03 |   -0.59% |  5.02e-11 |      
[INFO GPL-0100] Timing-driven iteration 1/2, virtual: false.
[INFO GPL-0101]    Iter: 15, overflow: 0.633, keep resizer changes at: 1, HPWL: 1034672
Iteration |   Area    | Resized | Buffers | Nets repaired | Remaining
---------------------------------------------------------------------
        0 |     +0.0% |       0 |       0 |             0 |       989
    final |     +0.0% |       0 |       0 |             0 |         0
---------------------------------------------------------------------
   Iter   |    Area   | Removed | Inserted |   Pins
          |           | Buffers | Buffers  | Remaining
-------------------------------------------------------
        0 |     +0.0% |       0 |        0 |       861
       86 |     +0.0% |       0 |        0 |       775
      172 |     +1.0% |       0 |        7 |       689
      258 |     +2.0% |       0 |       15 |       603
      344 |     +3.0% |       0 |       23 |       517
      430 |     +5.2% |       0 |       40 |       431
      516 |     +5.7% |       0 |       44 |       345
      602 |     +6.8% |       0 |       53 |       259
      688 |     +7.4% |       0 |       58 |       173
      774 |     +8.9% |       0 |       70 |        87
      860 |    +10.9% |       0 |       86 |         1
    final |    +11.0% |       0 |       87 |         0
-------------------------------------------------------
[INFO GPL-0106] Timing-driven: worst slack -3.688752e-10
[INFO GPL-0107] Timing-driven: repair_design delta area: 7.727 um^2 (+11.13%)
[INFO GPL-0108] Timing-driven: repair_design, gpl delta gcells: 87 (+11.55%)
[INFO GPL-0109] Timing-driven: repair_design, gcells created: 87, deleted: 0
[INFO GPL-0110] Timing-driven: new target density: 0.6575962
Iteration | Overflow |     HPWL (um) |  HPWL(%) |   Penalty | Group
---------------------------------------------------------------
       20 |   0.6295 |  1.083875e+03 |   +4.95% |  8.17e-11 |      
       30 |   0.6321 |  1.071406e+03 |   -1.15% |  1.33e-10 |      
       40 |   0.6353 |  1.065948e+03 |   -0.51% |  2.17e-10 |      
       50 |   0.6372 |  1.064423e+03 |   -0.14% |  3.53e-10 |      
       60 |   0.6367 |  1.064303e+03 |   -0.01% |  5.75e-10 |      
       70 |   0.6362 |  1.064890e+03 |   +0.06% |  9.37e-10 |      
       80 |   0.6360 |  1.065452e+03 |   +0.05% |  1.53e-09 |      
       90 |   0.6353 |  1.065692e+03 |   +0.02% |  2.49e-09 |      
      100 |   0.6345 |  1.066147e+03 |   +0.04% |  4.05e-09 |      
      110 |   0.6331 |  1.067067e+03 |   +0.09% |  6.60e-09 |      
      120 |   0.6304 |  1.068465e+03 |   +0.13% |  1.07e-08 |      
      130 |   0.6264 |  1.070680e+03 |   +0.21% |  1.75e-08 |      
      140 |   0.6200 |  1.074050e+03 |   +0.31% |  2.85e-08 |      
      150 |   0.6104 |  1.079531e+03 |   +0.51% |  4.64e-08 |      
[INFO GPL-0038] Routability snapshot saved at iter = 159
      158 |   0.5985 |  1.085923e+03 |          |           |      
      160 |   0.5946 |  1.087824e+03 |   +0.77% |  7.57e-08 |      
      170 |   0.5703 |  1.099278e+03 |   +1.05% |  1.23e-07 |      
      180 |   0.5448 |  1.113323e+03 |   +1.28% |  2.01e-07 |      
      190 |   0.5145 |  1.129696e+03 |   +1.47% |  3.27e-07 |      
      200 |   0.4828 |  1.148505e+03 |   +1.66% |  5.33e-07 |      
      210 |   0.4399 |  1.168751e+03 |   +1.76% |  8.68e-07 |      
      220 |   0.3938 |  1.185169e+03 |   +1.40% |  1.41e-06 |      
      230 |   0.3512 |  1.201028e+03 |   +1.34% |  2.30e-06 |      
      240 |   0.3082 |  1.216852e+03 |   +1.32% |  3.46e-06 |      
[INFO GPL-0040] Routability iteration: 1
[INFO GPL-0041] Total routing overflow: 0.0000
[INFO GPL-0042] Number of overflowed tiles: 0 (0.00%)
[INFO GPL-0043] Average top 0.5% routing congestion: 0.5904
[INFO GPL-0044] Average top 1.0% routing congestion: 0.5763
[INFO GPL-0045] Average top 2.0% routing congestion: 0.5582
[INFO GPL-0046] Average top 5.0% routing congestion: 0.5239
[INFO GPL-0047] Routability iteration weighted routing congestion: 0.5834
[INFO GPL-0050] Weighted routing congestion is lower than target routing congestion(1.0100), end routability optimization.
[INFO GPL-0090] Routability finished. Target routing congestion achieved succesfully.
Iteration | Overflow |     HPWL (um) |  HPWL(%) |   Penalty | Group
---------------------------------------------------------------
      250 |   0.2803 |  1.227969e+03 |   +0.91% |  5.10e-06 |      
      260 |   0.2484 |  1.243339e+03 |   +1.25% |  7.51e-06 |      
      270 |   0.2232 |  1.254897e+03 |   +0.93% |  1.11e-05 |      
      280 |   0.1993 |  1.264394e+03 |   +0.76% |  1.63e-05 |      
[INFO GPL-0100] Timing-driven iteration 2/2, virtual: false.
[INFO GPL-0101]    Iter: 283, overflow: 0.195, keep resizer changes at: 1, HPWL: 1266246
Iteration |   Area    | Resized | Buffers | Nets repaired | Remaining
---------------------------------------------------------------------
        0 |     +0.0% |       0 |       0 |             0 |      1076
    final |     +0.0% |       0 |       0 |             0 |         0
---------------------------------------------------------------------
   Iter   |    Area   | Removed | Inserted |   Pins
          |           | Buffers | Buffers  | Remaining
-------------------------------------------------------
        0 |     +0.0% |       0 |        0 |       861
       86 |     +0.0% |       0 |        0 |       775
      172 |     +0.4% |       7 |       11 |       689
      258 |     +1.2% |      15 |       26 |       603
      344 |     +1.6% |      23 |       38 |       517
      430 |     +1.4% |      40 |       53 |       431
      516 |     +1.4% |      44 |       57 |       345
      602 |     +1.4% |      53 |       66 |       259
      688 |     +1.5% |      58 |       72 |       173
      774 |     +2.2% |      70 |       90 |        87
      860 |     +2.7% |      86 |      111 |         1
    final |     +2.7% |      87 |      112 |         0
-------------------------------------------------------
[INFO GPL-0106] Timing-driven: worst slack -3.696389e-10
[INFO GPL-0107] Timing-driven: repair_design delta area: 2.129 um^2 (+2.76%)
[INFO GPL-0108] Timing-driven: repair_design, gpl delta gcells: 25 (+2.98%)
[INFO GPL-0109] Timing-driven: repair_design, gcells created: 112, deleted: 87
[INFO GPL-0110] Timing-driven: new target density: 0.6734623
Iteration | Overflow |     HPWL (um) |  HPWL(%) |   Penalty | Group
---------------------------------------------------------------
      290 |   0.1725 |  1.298640e+03 |   +2.71% |  2.40e-05 |      
      300 |   0.1486 |  1.285604e+03 |   -1.00% |  3.54e-05 |      
      310 |   0.1277 |  1.291329e+03 |   +0.45% |  5.21e-05 |      
      320 |   0.1029 |  1.298761e+03 |   +0.58% |  7.67e-05 |      
      322 |   0.0991 |  1.299445e+03 |          |  8.62e-05 |      
---------------------------------------------------------------
[INFO GPL-1001] Global placement finished at iteration 322
[INFO GPL-1017] Routability mode iteration count: 84
[INFO GPL-1005] Routability final weighted congestion: 0.5643
[INFO GPL-1002] Placed Cell Area               79.3153
[INFO GPL-1003] Available Free Area           134.1652
[INFO GPL-1004] Minimum Feasible Density        0.5200 (cell_area / free_area)
[INFO GPL-1006]   Suggested Target Densities:
[INFO GPL-1007]     - For 90% usage of free space: 0.6569
[INFO GPL-1008]     - For 80% usage of free space: 0.7390
[INFO GPL-1011] Original area (um^2): 69.46
[INFO GPL-1012] Total routability artificial inflation: 0.00 (+0.00%)
[INFO GPL-1013] Total timing-driven delta area: 9.86 (+14.19%)
[INFO GPL-1014] Final placement area: 79.32 (+14.19%)
[INFO GPL-1018] Final HPWL (um): 1303.84
estimate_parasitics -placement
Report metrics stage 3, global place...

==========================================================================
global place report_design_area
--------------------------------------------------------------------------
Design area 80 um^2 59% utilization.
write_db /home/matheus-grossi/Projects/CNN/CNN/synth_org/pooling/results/asap7/pooling/base/3_3_place_gp.odb
Elapsed time: 0:01.76[h:]min:sec. CPU time: user 2.07 sys 0.24 (131%). Peak memory: 333420KB.
Log                       Ext     Elapsed/s Peak Memory/MB sha1sum result [0:20)
3_3_place_gp              .odb            1            325 113c93835fbfd25af8f4
