OpenROAD 26Q3-2056-g41a28926b9 
Features included (+) or not (-): +GPU +GUI +Python
This program is licensed under the BSD-3 license. See the LICENSE file for details.
Components of this program may be licensed under more restrictive licenses which must be honored.
[INFO ORD-0030] Using 12 thread(s).
source /home/matheus-grossi/OpenROAD/OpenROAD-flow-scripts/flow/platforms/asap7/liberty_suppressions.tcl
read_liberty /home/matheus-grossi/OpenROAD/OpenROAD-flow-scripts/flow/platforms/asap7/lib/NLDM/asap7sc7p5t_AO_RVT_FF_nldm_211120.lib.gz
read_liberty /home/matheus-grossi/OpenROAD/OpenROAD-flow-scripts/flow/platforms/asap7/lib/NLDM/asap7sc7p5t_INVBUF_RVT_FF_nldm_220122.lib.gz
read_liberty /home/matheus-grossi/OpenROAD/OpenROAD-flow-scripts/flow/platforms/asap7/lib/NLDM/asap7sc7p5t_OA_RVT_FF_nldm_211120.lib.gz
read_liberty /home/matheus-grossi/OpenROAD/OpenROAD-flow-scripts/flow/platforms/asap7/lib/NLDM/asap7sc7p5t_SIMPLE_RVT_FF_nldm_211120.lib.gz
read_liberty /home/matheus-grossi/OpenROAD/OpenROAD-flow-scripts/flow/platforms/asap7/lib/NLDM/asap7sc7p5t_SEQ_RVT_FF_nldm_220123.lib
read_db /home/matheus-grossi/Projects/CNN/CNN/synth_org/pooling/results/asap7/pooling/base/3_3_place_gp.odb
read_sdc /home/matheus-grossi/Projects/CNN/CNN/synth_org/pooling/results/asap7/pooling/base/2_floorplan.sdc
source /home/matheus-grossi/OpenROAD/OpenROAD-flow-scripts/flow/platforms/asap7/setRC.tcl
estimate_parasitics -placement
Perform buffer insertion and gate resizing...
repair_design -verbose
Iteration |   Area    | Resized | Buffers | Nets repaired | Remaining
---------------------------------------------------------------------
        0 |     +0.0% |       0 |       0 |             0 |      1101
       10 |     +0.0% |       0 |       0 |             0 |      1091
       20 |     +0.0% |       0 |       0 |             0 |      1081
       30 |     +0.0% |       0 |       0 |             0 |      1071
       40 |     +0.0% |       0 |       0 |             0 |      1061
       50 |     +0.0% |       0 |       0 |             0 |      1051
       60 |     +0.0% |       0 |       0 |             0 |      1041
       70 |     +0.0% |       0 |       0 |             0 |      1031
       80 |     +0.0% |       0 |       0 |             0 |      1021
       90 |     +0.0% |       0 |       0 |             0 |      1011
      100 |     +0.0% |       0 |       0 |             0 |      1001
      110 |     +0.0% |       0 |       0 |             0 |       991
      120 |     +0.0% |       0 |       0 |             0 |       981
      130 |     +0.0% |       0 |       0 |             0 |       971
      140 |     +0.0% |       0 |       0 |             0 |       961
      150 |     +0.0% |       0 |       0 |             0 |       951
      160 |     +0.0% |       0 |       0 |             0 |       941
      170 |     +0.0% |       0 |       0 |             0 |       931
      180 |     +0.0% |       0 |       0 |             0 |       921
      190 |     +0.0% |       0 |       0 |             0 |       911
      200 |     +0.0% |       0 |       0 |             0 |       901
      210 |     +0.0% |       0 |       0 |             0 |       891
      220 |     +0.0% |       0 |       0 |             0 |       881
      230 |     +0.0% |       0 |       0 |             0 |       871
      240 |     +0.0% |       0 |       0 |             0 |       861
      250 |     +0.0% |       0 |       0 |             0 |       851
      260 |     +0.0% |       0 |       0 |             0 |       841
      270 |     +0.0% |       0 |       0 |             0 |       831
      280 |     +0.0% |       0 |       0 |             0 |       821
      290 |     +0.0% |       0 |       0 |             0 |       811
      300 |     +0.0% |       0 |       0 |             0 |       801
      310 |     +0.0% |       0 |       0 |             0 |       791
      320 |     +0.0% |       0 |       0 |             0 |       781
      330 |     +0.0% |       0 |       0 |             0 |       771
      340 |     +0.0% |       0 |       0 |             0 |       761
      350 |     +0.0% |       0 |       0 |             0 |       751
      360 |     +0.0% |       0 |       0 |             0 |       741
      370 |     +0.0% |       0 |       0 |             0 |       731
      380 |     +0.0% |       0 |       0 |             0 |       721
      390 |     +0.0% |       0 |       0 |             0 |       711
      400 |     +0.0% |       0 |       0 |             0 |       701
      410 |     +0.0% |       0 |       0 |             0 |       691
      420 |     +0.0% |       0 |       0 |             0 |       681
      430 |     +0.0% |       0 |       0 |             0 |       671
      440 |     +0.0% |       0 |       0 |             0 |       661
      450 |     +0.0% |       0 |       0 |             0 |       651
      460 |     +0.0% |       0 |       0 |             0 |       641
      470 |     +0.0% |       0 |       0 |             0 |       631
      480 |     +0.0% |       0 |       0 |             0 |       621
      490 |     +0.0% |       0 |       0 |             0 |       611
      500 |     +0.0% |       0 |       0 |             0 |       601
      510 |     +0.0% |       0 |       0 |             0 |       591
      520 |     +0.0% |       0 |       0 |             0 |       581
      530 |     +0.0% |       0 |       0 |             0 |       571
      540 |     +0.0% |       0 |       0 |             0 |       561
      550 |     +0.0% |       0 |       0 |             0 |       551
      560 |     +0.0% |       0 |       0 |             0 |       541
      570 |     +0.0% |       0 |       0 |             0 |       531
      580 |     +0.0% |       0 |       0 |             0 |       521
      590 |     +0.0% |       0 |       0 |             0 |       511
      600 |     +0.0% |       0 |       0 |             0 |       501
      610 |     +0.0% |       0 |       0 |             0 |       491
      620 |     +0.0% |       0 |       0 |             0 |       481
      630 |     +0.0% |       0 |       0 |             0 |       471
      640 |     +0.0% |       0 |       0 |             0 |       461
      650 |     +0.0% |       0 |       0 |             0 |       451
      660 |     +0.0% |       0 |       0 |             0 |       441
      670 |     +0.0% |       0 |       0 |             0 |       431
      680 |     +0.0% |       0 |       0 |             0 |       421
      690 |     +0.0% |       0 |       0 |             0 |       411
      700 |     +0.0% |       0 |       0 |             0 |       401
      710 |     +0.0% |       0 |       0 |             0 |       391
      720 |     +0.0% |       0 |       0 |             0 |       381
      730 |     +0.0% |       0 |       0 |             0 |       371
      740 |     +0.0% |       0 |       0 |             0 |       361
      750 |     +0.0% |       0 |       0 |             0 |       351
      760 |     +0.0% |       0 |       0 |             0 |       341
      770 |     +0.0% |       0 |       0 |             0 |       331
      780 |     +0.0% |       0 |       0 |             0 |       321
      790 |     +0.0% |       0 |       0 |             0 |       311
      800 |     +0.0% |       0 |       0 |             0 |       301
      810 |     +0.0% |       0 |       0 |             0 |       291
      820 |     +0.0% |       0 |       0 |             0 |       281
      830 |     +0.0% |       0 |       0 |             0 |       271
      840 |     +0.0% |       0 |       0 |             0 |       261
      850 |     +0.0% |       0 |       0 |             0 |       251
      860 |     +0.0% |       0 |       0 |             0 |       241
      870 |     +0.0% |       0 |       0 |             0 |       231
      880 |     +0.0% |       0 |       0 |             0 |       221
      890 |     +0.0% |       0 |       0 |             0 |       211
      900 |     +0.0% |       0 |       0 |             0 |       201
      910 |     +0.0% |       0 |       0 |             0 |       191
      920 |     +0.0% |       0 |       0 |             0 |       181
      930 |     +0.0% |       0 |       0 |             0 |       171
      940 |     +0.0% |       0 |       0 |             0 |       161
      950 |     +0.0% |       0 |       0 |             0 |       151
      960 |     +0.0% |       0 |       0 |             0 |       141
      970 |     +0.0% |       0 |       0 |             0 |       131
      980 |     +0.0% |       0 |       0 |             0 |       121
      990 |     +0.0% |       0 |       0 |             0 |       111
     1000 |     +0.0% |       0 |       0 |             0 |       101
     1010 |     +0.0% |       0 |       0 |             0 |        91
     1020 |     +0.0% |       0 |       0 |             0 |        81
     1030 |     +0.0% |       0 |       0 |             0 |        71
     1040 |     +0.0% |       0 |       0 |             0 |        61
     1050 |     +0.0% |       0 |       0 |             0 |        51
     1060 |     +0.0% |       0 |       0 |             0 |        41
     1070 |     +0.0% |       0 |       0 |             0 |        31
     1080 |     +0.0% |       0 |       0 |             0 |        21
     1090 |     +0.0% |       0 |       0 |             0 |        11
     1100 |     +0.0% |       0 |       0 |             0 |         1
    final |     +0.0% |       0 |       0 |             0 |         0
---------------------------------------------------------------------
[INFO RSZ-0504] Runtime: 0.06s
Floating nets: 
Report metrics stage 3, resizer...
No registers in design

==========================================================================
resizer report_design_area
--------------------------------------------------------------------------
Design area 80 um^2 59% utilization.
Instance count before 951, after 951
Pin count before 2588, after 2588
write_db /home/matheus-grossi/Projects/CNN/CNN/synth_org/pooling/results/asap7/pooling/base/3_4_place_resized.odb
Elapsed time: 0:01.35[h:]min:sec. CPU time: user 1.26 sys 0.14 (103%). Peak memory: 219044KB.
Log                       Ext     Elapsed/s Peak Memory/MB sha1sum result [0:20)
3_4_place_resized         .odb            1            213 113c93835fbfd25af8f4
