OpenROAD 26Q3-2056-g41a28926b9 
Features included (+) or not (-): +GPU +GUI +Python
This program is licensed under the BSD-3 license. See the LICENSE file for details.
Components of this program may be licensed under more restrictive licenses which must be honored.
[INFO ORD-0030] Using 12 thread(s).
source /home/matheus-grossi/OpenROAD/OpenROAD-flow-scripts/flow/platforms/asap7/liberty_suppressions.tcl
read_liberty /home/matheus-grossi/OpenROAD/OpenROAD-flow-scripts/flow/platforms/asap7/lib/NLDM/asap7sc7p5t_AO_RVT_FF_nldm_211120.lib.gz
read_liberty /home/matheus-grossi/OpenROAD/OpenROAD-flow-scripts/flow/platforms/asap7/lib/NLDM/asap7sc7p5t_INVBUF_RVT_FF_nldm_220122.lib.gz
read_liberty /home/matheus-grossi/OpenROAD/OpenROAD-flow-scripts/flow/platforms/asap7/lib/NLDM/asap7sc7p5t_OA_RVT_FF_nldm_211120.lib.gz
read_liberty /home/matheus-grossi/OpenROAD/OpenROAD-flow-scripts/flow/platforms/asap7/lib/NLDM/asap7sc7p5t_SIMPLE_RVT_FF_nldm_211120.lib.gz
read_liberty /home/matheus-grossi/OpenROAD/OpenROAD-flow-scripts/flow/platforms/asap7/lib/NLDM/asap7sc7p5t_SEQ_RVT_FF_nldm_220123.lib
read_db /home/matheus-grossi/Projects/CNN/CNN/synth_org/pooling/results/asap7/pooling/base/5_1_grt.odb
read_sdc /home/matheus-grossi/Projects/CNN/CNN/synth_org/pooling/results/asap7/pooling/base/5_1_grt.sdc
source /home/matheus-grossi/OpenROAD/OpenROAD-flow-scripts/flow/platforms/asap7/setRC.tcl
[WARNING STA-0450] virtual clock virtual_clk can not be propagated.
detailed_route -output_drc /home/matheus-grossi/Projects/CNN/CNN/synth_org/pooling/reports/asap7/pooling/base/5_route_drc.rpt -output_maze /home/matheus-grossi/Projects/CNN/CNN/synth_org/pooling/results/asap7/pooling/base/maze.log -droute_end_iter 64 -verbose 1 -drc_report_iter_step 5
[INFO DRT-0149] Reading tech and libs.

Units:                1000
Number of layers:     21
Number of macros:     212
Number of vias:       14
Number of viarulegen: 11

[INFO DRT-0150] Reading design.

Design:                   MaxPooling
Die area:                 ( 0 0 ) ( 15863 15863 )
Number of track patterns: 32
Number of DEF vias:       0
Number of components:     964
Number of terminals:      162
Number of snets:          2
Number of nets:           1114

[INFO DRT-0167] List of default vias:
  Layer V2
    default via: VIA23
  Layer V3
    default via: VIA34
  Layer V4
    default via: VIA45
  Layer V5
    default via: VIA56
  Layer V6
    default via: VIA67
  Layer V7
    default via: VIA78
  Layer V8
    default via: VIA89
  Layer V9
    default via: VIA9Pad
[INFO DRT-0162] Library cell analysis.
[INFO DRT-0163] Instance analysis.
[INFO DRT-0164] Number of unique instances = 107.
[INFO DRT-0168] Init region query.
[INFO DRT-0024]   Complete Active.
[INFO DRT-0024]   Complete V0.
[INFO DRT-0024]   Complete M1.
[INFO DRT-0024]   Complete V1.
[INFO DRT-0024]   Complete M2.
[INFO DRT-0024]   Complete V2.
[INFO DRT-0024]   Complete M3.
[INFO DRT-0024]   Complete V3.
[INFO DRT-0024]   Complete M4.
[INFO DRT-0024]   Complete V4.
[INFO DRT-0024]   Complete M5.
[INFO DRT-0024]   Complete V5.
[INFO DRT-0024]   Complete M6.
[INFO DRT-0024]   Complete V6.
[INFO DRT-0024]   Complete M7.
[INFO DRT-0024]   Complete V7.
[INFO DRT-0024]   Complete M8.
[INFO DRT-0024]   Complete V8.
[INFO DRT-0024]   Complete M9.
[INFO DRT-0024]   Complete V9.
[INFO DRT-0024]   Complete Pad.
[INFO DRT-0033] Active shape region query size = 0.
[INFO DRT-0033] V0 shape region query size = 0.
[INFO DRT-0033] M1 shape region query size = 12529.
[INFO DRT-0033] V1 shape region query size = 14388.
[INFO DRT-0033] M2 shape region query size = 220.
[INFO DRT-0033] V2 shape region query size = 396.
[INFO DRT-0033] M3 shape region query size = 396.
[INFO DRT-0033] V3 shape region query size = 264.
[INFO DRT-0033] M4 shape region query size = 344.
[INFO DRT-0033] V4 shape region query size = 264.
[INFO DRT-0033] M5 shape region query size = 233.
[INFO DRT-0033] V5 shape region query size = 30.
[INFO DRT-0033] M6 shape region query size = 25.
[INFO DRT-0033] V6 shape region query size = 0.
[INFO DRT-0033] M7 shape region query size = 0.
[INFO DRT-0033] V7 shape region query size = 0.
[INFO DRT-0033] M8 shape region query size = 0.
[INFO DRT-0033] V8 shape region query size = 0.
[INFO DRT-0033] M9 shape region query size = 0.
[INFO DRT-0033] V9 shape region query size = 0.
[INFO DRT-0033] Pad shape region query size = 0.
[INFO DRT-0165] Start pin access.
[INFO DRT-0078]   Complete 564 pins.
[INFO DRT-0079]   Complete 100 unique inst patterns.
[INFO DRT-0081]   Complete 107 unique inst patterns.
[INFO DRT-0084]   Complete 474 groups.
#scanned instances     = 964
#unique  instances     = 107
#stdCellGenAp          = 2773
#stdCellValidPlanarAp  = 0
#stdCellValidViaAp     = 2249
#stdCellPinNoAp        = 0
#stdCellPinCnt         = 2614
#instTermValidViaApCnt = 0
#macroGenAp            = 0
#macroValidPlanarAp    = 0
#macroValidViaAp       = 0
#macroNoAp             = 0
[INFO DRT-0166] Complete pin access.
[INFO DRT-0267] cpu time = 00:00:10, elapsed time = 00:00:00, memory = 311.55 (MB), peak = 310.59 (MB)

[INFO DRT-0157] Number of guides:     7455

[INFO DRT-0169] Post process guides.
[INFO DRT-0176] GCELLGRID X 0 DO 27 STEP 570 ;
[INFO DRT-0177] GCELLGRID Y 0 DO 27 STEP 570 ;
[INFO DRT-0028]   Complete Active.
[INFO DRT-0028]   Complete V0.
[INFO DRT-0028]   Complete M1.
[INFO DRT-0028]   Complete V1.
[INFO DRT-0028]   Complete M2.
[INFO DRT-0028]   Complete V2.
[INFO DRT-0028]   Complete M3.
[INFO DRT-0028]   Complete V3.
[INFO DRT-0028]   Complete M4.
[INFO DRT-0028]   Complete V4.
[INFO DRT-0028]   Complete M5.
[INFO DRT-0028]   Complete V5.
[INFO DRT-0028]   Complete M6.
[INFO DRT-0028]   Complete V6.
[INFO DRT-0028]   Complete M7.
[INFO DRT-0028]   Complete V7.
[INFO DRT-0028]   Complete M8.
[INFO DRT-0028]   Complete V8.
[INFO DRT-0028]   Complete M9.
[INFO DRT-0028]   Complete V9.
[INFO DRT-0028]   Complete Pad.
[INFO DRT-0178] Init guide query.
[INFO DRT-0035]   Complete Active (guide).
[INFO DRT-0035]   Complete V0 (guide).
[INFO DRT-0035]   Complete M1 (guide).
[INFO DRT-0035]   Complete V1 (guide).
[INFO DRT-0035]   Complete M2 (guide).
[INFO DRT-0035]   Complete V2 (guide).
[INFO DRT-0035]   Complete M3 (guide).
[INFO DRT-0035]   Complete V3 (guide).
[INFO DRT-0035]   Complete M4 (guide).
[INFO DRT-0035]   Complete V4 (guide).
[INFO DRT-0035]   Complete M5 (guide).
[INFO DRT-0035]   Complete V5 (guide).
[INFO DRT-0035]   Complete M6 (guide).
[INFO DRT-0035]   Complete V6 (guide).
[INFO DRT-0035]   Complete M7 (guide).
[INFO DRT-0035]   Complete V7 (guide).
[INFO DRT-0035]   Complete M8 (guide).
[INFO DRT-0035]   Complete V8 (guide).
[INFO DRT-0035]   Complete M9 (guide).
[INFO DRT-0035]   Complete V9 (guide).
[INFO DRT-0035]   Complete Pad (guide).
[INFO DRT-0036] Active guide region query size = 0.
[INFO DRT-0036] V0 guide region query size = 0.
[INFO DRT-0036] M1 guide region query size = 2100.
[INFO DRT-0036] V1 guide region query size = 0.
[INFO DRT-0036] M2 guide region query size = 1593.
[INFO DRT-0036] V2 guide region query size = 0.
[INFO DRT-0036] M3 guide region query size = 928.
[INFO DRT-0036] V3 guide region query size = 0.
[INFO DRT-0036] M4 guide region query size = 520.
[INFO DRT-0036] V4 guide region query size = 0.
[INFO DRT-0036] M5 guide region query size = 498.
[INFO DRT-0036] V5 guide region query size = 0.
[INFO DRT-0036] M6 guide region query size = 339.
[INFO DRT-0036] V6 guide region query size = 0.
[INFO DRT-0036] M7 guide region query size = 110.
[INFO DRT-0036] V7 guide region query size = 0.
[INFO DRT-0036] M8 guide region query size = 0.
[INFO DRT-0036] V8 guide region query size = 0.
[INFO DRT-0036] M9 guide region query size = 0.
[INFO DRT-0036] V9 guide region query size = 0.
[INFO DRT-0036] Pad guide region query size = 0.
[INFO DRT-0179] Init gr pin query.
[INFO DRT-0267] cpu time = 00:00:00, elapsed time = 00:00:00, memory = 313.22 (MB), peak = 312.34 (MB)
[INFO DRT-0245] skipped writing guide updates to database.
[INFO DRT-0181] Start track assignment.
[INFO DRT-0184] Done with 3636 vertical wires in 1 frboxes and 2452 horizontal wires in 1 frboxes.
[INFO DRT-0186] Done with 250 vertical wires in 1 frboxes and 319 horizontal wires in 1 frboxes.
[INFO DRT-0182] Complete track assignment.
[INFO DRT-0267] cpu time = 00:00:00, elapsed time = 00:00:00, memory = 335.64 (MB), peak = 334.61 (MB)
[INFO DRT-0187] Start routing data preparation.
[INFO DRT-0267] cpu time = 00:00:00, elapsed time = 00:00:00, memory = 335.76 (MB), peak = 334.61 (MB)
[INFO DRT-0194] Start detail routing.
[INFO DRT-0195] Start 0th optimization iteration.
    Completing 10% with 0 violations.
    elapsed time = 00:00:00, memory = 450.16 (MB).
    Completing 20% with 0 violations.
    elapsed time = 00:00:00, memory = 387.61 (MB).
    Completing 30% with 5 violations.
    elapsed time = 00:00:00, memory = 529.84 (MB).
    Completing 40% with 5 violations.
    elapsed time = 00:00:00, memory = 512.16 (MB).
    Completing 50% with 5 violations.
    elapsed time = 00:00:00, memory = 473.18 (MB).
    Completing 60% with 9 violations.
    elapsed time = 00:00:01, memory = 596.04 (MB).
    Completing 70% with 9 violations.
    elapsed time = 00:00:01, memory = 524.82 (MB).
    Completing 80% with 23 violations.
    elapsed time = 00:00:01, memory = 651.52 (MB).
    Completing 90% with 23 violations.
    elapsed time = 00:00:01, memory = 620.75 (MB).
    Completing 100% with 30 violations.
    elapsed time = 00:00:01, memory = 577.16 (MB).
[INFO DRT-0199]   Number of violations = 52.
Viol/Layer          M2     M3     M4     M5     M6
EOL                  2      0      0      0      0
Metal Spacing        1      3      0      0      0
Recheck              6      6      6      4      0
Short                2      0      0      0      1
eolKeepOut          21      0      0      0      0
[INFO DRT-0267] cpu time = 00:00:05, elapsed time = 00:00:02, memory = 1083.52 (MB), peak = 1082.55 (MB)
Total wire length = 1497 um.
Total wire length on LAYER M1 = 0 um.
Total wire length on LAYER M2 = 373 um.
Total wire length on LAYER M3 = 445 um.
Total wire length on LAYER M4 = 150 um.
Total wire length on LAYER M5 = 101 um.
Total wire length on LAYER M6 = 236 um.
Total wire length on LAYER M7 = 189 um.
Total wire length on LAYER M8 = 0 um.
Total wire length on LAYER M9 = 0 um.
Total wire length on LAYER Pad = 0 um.
Total number of vias = 6941.
Up-via summary (total 6941):

---------------
 Active       0
     M1    2597
     M2    2837
     M3     532
     M4     399
     M5     391
     M6     185
     M7       0
     M8       0
     M9       0
---------------
       6941


[INFO DRT-0195] Start 1st optimization iteration.
    Completing 10% with 52 violations.
    elapsed time = 00:00:00, memory = 1184.52 (MB).
    Completing 20% with 52 violations.
    elapsed time = 00:00:00, memory = 1184.68 (MB).
    Completing 30% with 52 violations.
    elapsed time = 00:00:00, memory = 1189.25 (MB).
    Completing 40% with 47 violations.
    elapsed time = 00:00:00, memory = 1273.87 (MB).
    Completing 50% with 47 violations.
    elapsed time = 00:00:00, memory = 1290.40 (MB).
    Completing 60% with 47 violations.
    elapsed time = 00:00:00, memory = 1210.11 (MB).
    Completing 70% with 38 violations.
    elapsed time = 00:00:00, memory = 1312.38 (MB).
    Completing 80% with 38 violations.
    elapsed time = 00:00:01, memory = 1275.66 (MB).
    Completing 90% with 23 violations.
    elapsed time = 00:00:01, memory = 1214.82 (MB).
    Completing 100% with 3 violations.
    elapsed time = 00:00:01, memory = 1179.45 (MB).
[INFO DRT-0199]   Number of violations = 3.
Viol/Layer          M2
eolKeepOut           3
[INFO DRT-0267] cpu time = 00:00:05, elapsed time = 00:00:01, memory = 1265.06 (MB), peak = 1311.38 (MB)
Total wire length = 1468 um.
Total wire length on LAYER M1 = 0 um.
Total wire length on LAYER M2 = 372 um.
Total wire length on LAYER M3 = 448 um.
Total wire length on LAYER M4 = 151 um.
Total wire length on LAYER M5 = 93 um.
Total wire length on LAYER M6 = 222 um.
Total wire length on LAYER M7 = 179 um.
Total wire length on LAYER M8 = 0 um.
Total wire length on LAYER M9 = 0 um.
Total wire length on LAYER Pad = 0 um.
Total number of vias = 6606.
Up-via summary (total 6606):

---------------
 Active       0
     M1    2590
     M2    2693
     M3     493
     M4     341
     M5     333
     M6     156
     M7       0
     M8       0
     M9       0
---------------
       6606


[INFO DRT-0195] Start 2nd optimization iteration.
    Completing 10% with 3 violations.
    elapsed time = 00:00:00, memory = 1265.06 (MB).
    Completing 20% with 3 violations.
    elapsed time = 00:00:00, memory = 1265.06 (MB).
    Completing 30% with 3 violations.
    elapsed time = 00:00:00, memory = 1265.06 (MB).
    Completing 40% with 3 violations.
    elapsed time = 00:00:00, memory = 1265.06 (MB).
    Completing 50% with 3 violations.
    elapsed time = 00:00:00, memory = 1265.06 (MB).
    Completing 60% with 3 violations.
    elapsed time = 00:00:00, memory = 1265.06 (MB).
    Completing 70% with 3 violations.
    elapsed time = 00:00:00, memory = 1265.06 (MB).
    Completing 80% with 3 violations.
    elapsed time = 00:00:00, memory = 1265.06 (MB).
    Completing 90% with 3 violations.
    elapsed time = 00:00:00, memory = 1179.45 (MB).
    Completing 100% with 0 violations.
    elapsed time = 00:00:00, memory = 1179.68 (MB).
[INFO DRT-0199]   Number of violations = 0.
[INFO DRT-0267] cpu time = 00:00:00, elapsed time = 00:00:00, memory = 1265.19 (MB), peak = 1311.38 (MB)
Total wire length = 1467 um.
Total wire length on LAYER M1 = 0 um.
Total wire length on LAYER M2 = 373 um.
Total wire length on LAYER M3 = 450 um.
Total wire length on LAYER M4 = 151 um.
Total wire length on LAYER M5 = 92 um.
Total wire length on LAYER M6 = 221 um.
Total wire length on LAYER M7 = 178 um.
Total wire length on LAYER M8 = 0 um.
Total wire length on LAYER M9 = 0 um.
Total wire length on LAYER Pad = 0 um.
Total number of vias = 6593.
Up-via summary (total 6593):

---------------
 Active       0
     M1    2590
     M2    2692
     M3     489
     M4     337
     M5     331
     M6     154
     M7       0
     M8       0
     M9       0
---------------
       6593


[INFO DRT-0198] Complete detail routing.
Total wire length = 1467 um.
Total wire length on LAYER M1 = 0 um.
Total wire length on LAYER M2 = 373 um.
Total wire length on LAYER M3 = 450 um.
Total wire length on LAYER M4 = 151 um.
Total wire length on LAYER M5 = 92 um.
Total wire length on LAYER M6 = 221 um.
Total wire length on LAYER M7 = 178 um.
Total wire length on LAYER M8 = 0 um.
Total wire length on LAYER M9 = 0 um.
Total wire length on LAYER Pad = 0 um.
Total number of vias = 6593.
Up-via summary (total 6593):

---------------
 Active       0
     M1    2590
     M2    2692
     M3     489
     M4     337
     M5     331
     M6     154
     M7       0
     M8       0
     M9       0
---------------
       6593


[INFO DRT-0267] cpu time = 00:00:11, elapsed time = 00:00:04, memory = 1265.25 (MB), peak = 1311.38 (MB)

[INFO DRT-0180] Post processing.
[INFO DRT-0501] Runtime: 5.74s
Took 6 seconds: detailed_route -output_drc /home/matheus-grossi/Projects/CNN/CNN/synth_org/pooling/reports/asap7/pooling/base/5_route_drc.rpt -output_maze /home/matheus-grossi/Projects/CNN/CNN/synth_org/pooling/results/asap7/pooling/base/maze.log -droute_end_iter 64 -verbose 1 -drc_report_iter_step 5
[WARNING GRT-0246] No diode with LEF class CORE ANTENNACELL found.
[INFO ANT-0002] Found 0 net violations.
[INFO ANT-0001] Found 0 pin violations.
[INFO ANT-0002] Found 0 net violations.
[INFO ANT-0001] Found 0 pin violations.
Design area 84 um^2 61% utilization.
write_db /home/matheus-grossi/Projects/CNN/CNN/synth_org/pooling/results/asap7/pooling/base/5_2_route.odb
Elapsed time: 0:07.10[h:]min:sec. CPU time: user 23.91 sys 1.02 (351%). Peak memory: 1342848KB.
Log                       Ext     Elapsed/s Peak Memory/MB sha1sum result [0:20)
5_2_route                 .odb            7           1311 39e4a5cc2dfe4fa77c56
