[2026-09-21 17:02:38.826] [miter_logger] [info] MiterStrategy::run starting
[2026-09-21 17:02:38.826] [miter_logger] [info] Collecting POs for design 0: MaxPooling

[2026-09-21 17:02:38.828] [miter_logger] [info] Collected 128 PIs for design 0

[2026-09-21 17:02:38.828] [miter_logger] [info] Collected 32 POs for design 0

[2026-09-21 17:02:38.828] [miter_logger] [info] design 0 PI summary by model/term (128 total terminals, 1 unique rows):
| Model      | Term      | Count |
|------------|-----------|-------|
| MaxPooling | imagem_in |   128 |

[2026-09-21 17:02:38.828] [miter_logger] [info] design 0 PO summary by model/term (32 total terminals, 1 unique rows):
| Model      | Term       | Count |
|------------|------------|-------|
| MaxPooling | imagem_out |    32 |

[2026-09-21 17:02:38.828] [miter_logger] [info] Collecting POs for design 1: MaxPooling

[2026-09-21 17:02:38.830] [miter_logger] [info] size of common inputs: 128
[2026-09-21 17:02:38.830] [miter_logger] [info] size of diff0 inputs: 0
[2026-09-21 17:02:38.830] [miter_logger] [info] size of diff1 inputs: 0
[2026-09-21 17:02:38.830] [miter_logger] [info] Collected 128 PIs for design 1

[2026-09-21 17:02:38.830] [miter_logger] [info] Collected 32 POs for design 1

[2026-09-21 17:02:38.830] [miter_logger] [info] design 1 PI summary by model/term (128 total terminals, 1 unique rows):
| Model      | Term      | Count |
|------------|-----------|-------|
| MaxPooling | imagem_in |   128 |

[2026-09-21 17:02:38.830] [miter_logger] [info] design 1 PO summary by model/term (32 total terminals, 1 unique rows):
| Model      | Term       | Count |
|------------|------------|-------|
| MaxPooling | imagem_out |    32 |

[2026-09-21 17:02:38.830] [miter_logger] [info] normalizeInputs: starting
[2026-09-21 17:02:38.830] [miter_logger] [info] size of common inputs: 128
[2026-09-21 17:02:38.830] [miter_logger] [info] size of diff0 inputs: 0
[2026-09-21 17:02:38.830] [miter_logger] [info] size of diff1 inputs: 0
[2026-09-21 17:02:38.830] [miter_logger] [info] normalizeOutputs: starting
[2026-09-21 17:02:38.830] [miter_logger] [info] size of common outputs: 32
[2026-09-21 17:02:38.830] [miter_logger] [info] size of diff0 outputs: 0
[2026-09-21 17:02:38.830] [miter_logger] [info] size of diff1 outputs: 0
[2026-09-21 17:02:38.830] [miter_logger] [info] size of PIs in circuit 0: 128
[2026-09-21 17:02:38.830] [miter_logger] [info] size of PIs in circuit 1: 128
[2026-09-21 17:02:38.830] [miter_logger] [info] size of POs in circuit 0: 32
[2026-09-21 17:02:38.830] [miter_logger] [info] size of POs in circuit 1: 32
[2026-09-21 17:02:38.839] [miter_logger] [info] Building miter expression
[2026-09-21 17:02:38.839] [miter_logger] [info] Finished building miter expression
[2026-09-21 17:02:38.842] [miter_logger] [info] Starting solver
[2026-09-21 17:02:39.046] [miter_logger] [info] SAT solver finished: UNSAT
[2026-09-21 17:02:39.046] [miter_logger] [info] Circuits are IDENTICAL
