OpenROAD 26Q3-2056-g41a28926b9 
Features included (+) or not (-): +GPU +GUI +Python
This program is licensed under the BSD-3 license. See the LICENSE file for details.
Components of this program may be licensed under more restrictive licenses which must be honored.
[INFO ORD-0030] Using 12 thread(s).
source /home/matheus-grossi/OpenROAD/OpenROAD-flow-scripts/flow/platforms/asap7/liberty_suppressions.tcl
read_liberty /home/matheus-grossi/OpenROAD/OpenROAD-flow-scripts/flow/platforms/asap7/lib/NLDM/asap7sc7p5t_AO_RVT_FF_nldm_211120.lib.gz
read_liberty /home/matheus-grossi/OpenROAD/OpenROAD-flow-scripts/flow/platforms/asap7/lib/NLDM/asap7sc7p5t_INVBUF_RVT_FF_nldm_220122.lib.gz
read_liberty /home/matheus-grossi/OpenROAD/OpenROAD-flow-scripts/flow/platforms/asap7/lib/NLDM/asap7sc7p5t_OA_RVT_FF_nldm_211120.lib.gz
read_liberty /home/matheus-grossi/OpenROAD/OpenROAD-flow-scripts/flow/platforms/asap7/lib/NLDM/asap7sc7p5t_SIMPLE_RVT_FF_nldm_211120.lib.gz
read_liberty /home/matheus-grossi/OpenROAD/OpenROAD-flow-scripts/flow/platforms/asap7/lib/NLDM/asap7sc7p5t_SEQ_RVT_FF_nldm_220123.lib
read_db /home/matheus-grossi/Projects/CNN/CNN/synth_org/pooling/results/asap7/pooling/base/6_1_fill.odb
read_sdc /home/matheus-grossi/Projects/CNN/CNN/synth_org/pooling/results/asap7/pooling/base/6_1_fill.sdc
source /home/matheus-grossi/OpenROAD/OpenROAD-flow-scripts/flow/platforms/asap7/setRC.tcl
[WARNING STA-0450] virtual clock virtual_clk can not be propagated.
write_db /home/matheus-grossi/Projects/CNN/CNN/synth_org/pooling/results/asap7/pooling/base/6_final.odb
write_sdc -no_timestamp /home/matheus-grossi/Projects/CNN/CNN/synth_org/pooling/results/asap7/pooling/base/6_final.sdc
Deleted 0 routing obstructions
Global output passed lec test
[INFO RCX-0431] Defined process_corner X with ext_model_index 0
[INFO RCX-0029] Defined extraction corner X
[INFO RCX-0435] Reading extraction model file /home/matheus-grossi/OpenROAD/OpenROAD-flow-scripts/flow/platforms/asap7/rcx_patterns.rules ...
[INFO RCX-0436] RC segment generation MaxPooling (max_merge_res 50.0) ...
[INFO RCX-0040] Final 4182 rc segments
[INFO RCX-0439] Coupling Cap extraction MaxPooling ...
[INFO RCX-0440] Coupling threshhold is 0.1000 fF, coupling capacitance less than 0.1000 fF will be grounded.
[INFO RCX-0442] 54% of 4766 wires extracted
[INFO RCX-0442] 100% of 4766 wires extracted
[INFO RCX-0045] Extract 1114 nets, 5272 rsegs, 5272 caps, 4172 ccs
[INFO RCX-0443] 1114 nets finished
[INFO PSM-0040] All shapes on net VDD are connected.
########## IR report #################
Net              : VDD
Corner           : default
Total power      : 2.63e-02 W
Supply voltage   : 7.70e-01 V
Worstcase voltage: 6.81e-01 V
Average voltage  : 7.27e-01 V
Average IR drop  : 4.31e-02 V
Worstcase IR drop: 8.87e-02 V
Percentage drop  : 11.52 %
######################################
[INFO PSM-0040] All shapes on net VSS are connected.
########## IR report #################
Net              : VSS
Corner           : default
Total power      : 2.63e-02 W
Supply voltage   : 0.00e+00 V
Worstcase voltage: 7.92e-02 V
Average voltage  : 2.78e-02 V
Average IR drop  : 2.78e-02 V
Worstcase IR drop: 7.92e-02 V
Percentage drop  : 10.28 %
######################################
Cell type report:                       Count       Area
  Fill cell                               764      52.65
  Tap cell                                 86       2.51
  Timing Repair Buffer                    285      24.80
  Inverter                                110       5.32
  Multi-Input combinational cell          483      51.39
  Total                                  1728     136.67
Report metrics stage 6, finish...
No registers in design

==========================================================================
finish report_design_area
--------------------------------------------------------------------------
Design area 84 um^2 61% utilization.
[WARNING GUI-0076] Could not find the Qt platform plugin "wayland" in ""
Elapsed time: 0:03.40[h:]min:sec. CPU time: user 3.23 sys 0.29 (103%). Peak memory: 337292KB.
Log                       Ext     Elapsed/s Peak Memory/MB sha1sum result [0:20)
6_report                                  3            329                  N/A
