[WAVE] Desabilitada (use +waveform ou o alvo make wave)
[RUN ] T00  Reset inicial
[RUN ] T01  Reset durante atividade
[RUN ] T02  1 elemento x 8 bits
[RUN ] T03  4 elementos x 4 bits
[RUN ] T04  8 elementos x 1 bit
[RUN ] T05  4 elementos x 8 bits
[RUN ] T06  12 elementos x 4 bits
[RUN ] T07  Entrada em X
[RUN ] T08  Entrada em Z
[RUN ] T09  Z alternado
[RUN ] T10  Z com pesos X/Z
[RUN ] T11  Z alternado com pesos X/Z
[RUN ] T12  Entradas iguais a zero
[RUN ] T13  Pesos iguais a zero
[RUN ] T14  Elemento unitario
[RUN ] T15  Walking element
[RUN ] T16  Extremos signed
[RUN ] T17  Maximo positivo
[RUN ] T18  Minimo negativo
[RUN ] T19  Sinais alternados
[RUN ] T20  Cancelamento perfeito
[RUN ] T21  Operacoes back-to-back
[RUN ] T22  Gaps em valid_in
[RUN ] T23  Impulso unico
[RUN ] T24  Padrao conhecido de valid
[RUN ] T25  Latencia apos reset

=========================================================================================
                              DOTPRODUCT - RESULTADOS
=========================================================================================
 ID   CASO                              APLICADAS  CHECADAS  DESCART.  RESULTADO
-----------------------------------------------------------------------------------------
 T00  Reset inicial                            1         1         0  PASS
 T01  Reset durante atividade                  5         1         4  PASS
 T02  1 elemento x 8 bits                   1024      1024         0  PASS
 T03  4 elementos x 4 bits                  1024      1024         0  PASS
 T04  8 elementos x 1 bit                   1024      1024         0  PASS
 T05  4 elementos x 8 bits                 16384     16384         0  PASS
 T06  12 elementos x 4 bits               262144    262144         0  PASS
 T07  Entrada em X                             1         1         0  PASS
 T08  Entrada em Z                             1         1         0  PASS
 T09  Z alternado                              4         4         0  PASS
 T10  Z com pesos X/Z                          2         2         0  PASS
 T11  Z alternado com pesos X/Z                2         2         0  PASS
 T12  Entradas iguais a zero                  32        32         0  PASS
 T13  Pesos iguais a zero                     32        32         0  PASS
 T14  Elemento unitario                      256       256         0  PASS
 T15  Walking element                         32        32         0  PASS
 T16  Extremos signed                          4         4         0  PASS
 T17  Maximo positivo                          1         1         0  PASS
 T18  Minimo negativo                          1         1         0  PASS
 T19  Sinais alternados                        2         2         0  PASS
 T20  Cancelamento perfeito                    1         1         0  PASS
 T21  Operacoes back-to-back                 256       256         0  PASS
 T22  Gaps em valid_in                       171       171         0  PASS
 T23  Impulso unico                            1         1         0  PASS
 T24  Padrao conhecido de valid                5         5         0  PASS
 T25  Latencia apos reset                      1         1         0  PASS
=========================================================================================
 Varreduras T02-T06 : 281600 / 281600
 Total aplicado      : 282411
 Total checado       : 282407
 Descartado por reset: 4
 Latencia            : 6 ciclos (282407 PASS / 0 FAIL)
 Erros               : dados=0 valid=0 desconhecidos=0
-----------------------------------------------------------------------------------------
 RESULTADO FINAL      : PASS
=========================================================================================
