Yosys 0.68+ (git sha1 a5af9d690, Release, GNU /usr/bin/c++ 15.2.0) [github.com/The-OpenROAD-Project/yosys at HEAD]
Using ABC speed script.
Extracting clock period from SDC file: /home/matheus-grossi/Projects/CNN/CNN/synth_org/arithmetic/results/asap7/WTM/base/clock_period.txt
Setting clock period to 10.0
1. Executing Liberty frontend: /home/matheus-grossi/OpenROAD/OpenROAD-flow-scripts/flow/platforms/asap7/lib/NLDM/asap7sc7p5t_AO_RVT_FF_nldm_211120.lib.gz
2. Executing Liberty frontend: /home/matheus-grossi/OpenROAD/OpenROAD-flow-scripts/flow/platforms/asap7/lib/NLDM/asap7sc7p5t_INVBUF_RVT_FF_nldm_220122.lib.gz
3. Executing Liberty frontend: /home/matheus-grossi/OpenROAD/OpenROAD-flow-scripts/flow/platforms/asap7/lib/NLDM/asap7sc7p5t_OA_RVT_FF_nldm_211120.lib.gz
4. Executing Liberty frontend: /home/matheus-grossi/OpenROAD/OpenROAD-flow-scripts/flow/platforms/asap7/lib/NLDM/asap7sc7p5t_SIMPLE_RVT_FF_nldm_211120.lib.gz
5. Executing Liberty frontend: /home/matheus-grossi/OpenROAD/OpenROAD-flow-scripts/flow/platforms/asap7/lib/NLDM/asap7sc7p5t_SEQ_RVT_FF_nldm_220123.lib
6. Executing Liberty frontend: /home/matheus-grossi/OpenROAD/OpenROAD-flow-scripts/flow/platforms/asap7/lib/NLDM/asap7sc7p5t_AO_RVT_FF_nldm_211120.lib.gz
7. Executing Liberty frontend: /home/matheus-grossi/OpenROAD/OpenROAD-flow-scripts/flow/platforms/asap7/lib/NLDM/asap7sc7p5t_INVBUF_RVT_FF_nldm_220122.lib.gz
8. Executing Liberty frontend: /home/matheus-grossi/OpenROAD/OpenROAD-flow-scripts/flow/platforms/asap7/lib/NLDM/asap7sc7p5t_OA_RVT_FF_nldm_211120.lib.gz
9. Executing Liberty frontend: /home/matheus-grossi/OpenROAD/OpenROAD-flow-scripts/flow/platforms/asap7/lib/NLDM/asap7sc7p5t_SIMPLE_RVT_FF_nldm_211120.lib.gz
10. Executing Liberty frontend: /home/matheus-grossi/OpenROAD/OpenROAD-flow-scripts/flow/platforms/asap7/lib/NLDM/asap7sc7p5t_SEQ_RVT_FF_nldm_220123.lib
11. Executing SLANG frontend.
11.1. Executing PROC_CLEAN pass (remove empty switches from decision trees).
11.2. Executing TRIBUF pass.
11.3. Executing PROC_RMDEAD pass (remove dead branches from decision trees).
11.4. Executing PROC_PRUNE pass (remove redundant assignments in processes).
11.5. Executing PROC_INIT pass (extract init attributes).
11.6. Executing PROC_ROM pass (convert switches to ROMs).
11.7. Executing PROC_MUX pass (convert decision trees to multiplexers).
11.8. Executing PROC_CLEAN pass (remove empty switches from decision trees).
11.9. Executing OPT_EXPR pass (perform const folding).
12. Executing HIERARCHY pass (managing design hierarchy).
12.1. Analyzing design hierarchy..
12.2. Analyzing design hierarchy..
13. Executing OPT_CLEAN pass (remove unused cells and wires).
14. Executing RTLIL backend.
End of script. Logfile hash: 8f4f23476b, time: 0.47s, user: 0.41s, system: 0.04s, MEM: 84.51 MB peak
Yosys 0.68+ (git sha1 a5af9d690, Release, GNU /usr/bin/c++ 15.2.0) [github.com/The-OpenROAD-Project/yosys at HEAD]
Time spent: 94% 12x read_liberty (0 sec), 1% 2x read_slang (0 sec), ...
Elapsed time: 0:00.48[h:]min:sec. CPU time: user 0.43 sys 0.05 (99%). Peak memory: 89844KB.
Log                       Ext     Elapsed/s Peak Memory/MB sha1sum result [0:20)
1_1_yosys_canonicalize    .rtlil          0             87 012fe5e2849d38bfb88b
