OpenROAD 26Q3-2056-g41a28926b9 
Features included (+) or not (-): +GPU +GUI +Python
This program is licensed under the BSD-3 license. See the LICENSE file for details.
Components of this program may be licensed under more restrictive licenses which must be honored.
[INFO ORD-0030] Using 12 thread(s).
source /home/matheus-grossi/OpenROAD/OpenROAD-flow-scripts/flow/platforms/asap7/liberty_suppressions.tcl
read_liberty /home/matheus-grossi/OpenROAD/OpenROAD-flow-scripts/flow/platforms/asap7/lib/NLDM/asap7sc7p5t_AO_RVT_FF_nldm_211120.lib.gz
read_liberty /home/matheus-grossi/OpenROAD/OpenROAD-flow-scripts/flow/platforms/asap7/lib/NLDM/asap7sc7p5t_INVBUF_RVT_FF_nldm_220122.lib.gz
read_liberty /home/matheus-grossi/OpenROAD/OpenROAD-flow-scripts/flow/platforms/asap7/lib/NLDM/asap7sc7p5t_OA_RVT_FF_nldm_211120.lib.gz
read_liberty /home/matheus-grossi/OpenROAD/OpenROAD-flow-scripts/flow/platforms/asap7/lib/NLDM/asap7sc7p5t_SIMPLE_RVT_FF_nldm_211120.lib.gz
read_liberty /home/matheus-grossi/OpenROAD/OpenROAD-flow-scripts/flow/platforms/asap7/lib/NLDM/asap7sc7p5t_SEQ_RVT_FF_nldm_220123.lib
read_db /home/matheus-grossi/Projects/CNN/CNN/synth_org/arithmetic/results/asap7/WTM/base/3_2_place_iop.odb
read_sdc /home/matheus-grossi/Projects/CNN/CNN/synth_org/arithmetic/results/asap7/WTM/base/2_floorplan.sdc
source /home/matheus-grossi/OpenROAD/OpenROAD-flow-scripts/flow/platforms/asap7/setRC.tcl
[INFO RSZ-0026] Removed 29 buffers.
Perform port buffering...
[INFO RSZ-0027] Inserted 22 BUFx2_ASAP7_75t_R input buffers.
[INFO RSZ-0028] Inserted 23 BUFx2_ASAP7_75t_R output buffers.
global_placement -density 0.6 -pad_left 0 -pad_right 0 -routability_driven -timing_driven -force_center_initial_place -min_phi_coef 0.95 -max_phi_coef 1.05
[INFO GPL-0190] Using 6 of 12 threads for placement: one per core, SMT siblings idle.
[INFO GPL-0001] ---- Initialize GPL Main Data Structures
[INFO GPL-0002] DBU: 1000
[INFO GPL-0003] SiteSize: (  0.054  0.270 ) um
[INFO GPL-0004] CoreBBox: (  2.052  2.160 ) ( 13.662 13.500 ) um
[INFO GPL-0016] Core area:                     131.657 um^2
[INFO GPL-0036] Movable instances area:         58.028 um^2
[INFO GPL-0037] Total instances area:           60.478 um^2
[INFO GPL-0035] Pin density area adjust:        -0.368 um^2
[INFO GPL-0032] ---- Initialize Region: Top-level
[INFO GPL-0006] Number of instances:               689
[INFO GPL-0007] Movable instances:                 605
[INFO GPL-0008] Fixed instances:                    84
[INFO GPL-0009] Dummy instances:                     0
[INFO GPL-0010] Number of nets:                    755
[INFO GPL-0011] Number of pins:                   1874
[INFO GPL-0012] Die BBox:       (  0.000  0.000 ) ( 15.706 15.706 ) um
[INFO GPL-0013] Placement BBox: (  2.052  2.160 ) ( 13.662 13.500 ) um
[INFO GPL-0014] Region name: top-level.
[INFO GPL-0015] Region area:                   131.657 um^2
[INFO GPL-0017] Fixed instances area:            2.449 um^2
[INFO GPL-0018] Movable instances area:         57.661 um^2
[INFO GPL-0019] Utilization:                    44.626 %
[INFO GPL-0020] Standard cells area:            57.661 um^2
[INFO GPL-0021] Large instances area:            0.000 um^2
[INFO GPL-0005] ---- Execute Conjugate Gradient Initial Placement.
[INFO GPL-0051] Source of initial instance position counters:
	Odb location = 0	Core center = 605	Region center = 0
[InitialPlace]  Iter: 1 conjugate gradient residual: 0.00000009 HPWL: 1389937
[InitialPlace]  Iter: 2 conjugate gradient residual: 0.00000012 HPWL: 1154582
[InitialPlace]  Iter: 3 conjugate gradient residual: 0.00000010 HPWL: 1184881
[InitialPlace]  Iter: 4 conjugate gradient residual: 0.00000003 HPWL: 1206610
[InitialPlace]  Iter: 5 conjugate gradient residual: 0.00000006 HPWL: 1201074
[INFO GPL-0033] ---- Initialize Nesterov Region: Top-level
[INFO GPL-0023] Placement target density:       0.6000
[INFO GPL-0024] Movable insts average area:      0.095 um^2
[INFO GPL-0025] Ideal bin area:                  0.159 um^2
[INFO GPL-0026] Ideal bin count:                   828
[INFO GPL-0027] Total bin area:                131.657 um^2
[INFO GPL-0028] Bin count (X, Y):          16 ,     16
[INFO GPL-0029] Bin size (W * H):       0.726 *  0.709 um
[INFO GPL-0030] Number of bins:                    256
[INFO GPL-0084] ---- Execute Nesterov Global Placement.
[INFO GPL-0031] HPWL: Half-Perimeter Wirelength
Iteration | Overflow |     HPWL (um) |  HPWL(%) |   Penalty | Group
---------------------------------------------------------------
        0 |   0.6243 |  6.240260e+02 |   +0.00% |  2.21e-11 |      
[INFO GPL-0100] Timing-driven iteration 1/2, virtual: false.
[INFO GPL-0101]    Iter: 1, overflow: 0.624, keep resizer changes at: 1, HPWL: 624026
Iteration |   Area    | Resized | Buffers | Nets repaired | Remaining
---------------------------------------------------------------------
        0 |     +0.0% |       0 |       0 |             0 |       755
    final |     +0.0% |       0 |       0 |             0 |         0
---------------------------------------------------------------------
   Iter   |    Area   | Removed | Inserted |   Pins
          |           | Buffers | Buffers  | Remaining
-------------------------------------------------------
        0 |     +0.0% |       0 |        0 |       733
       73 |     +0.9% |       0 |        6 |       660
      146 |     +5.2% |       0 |       36 |       587
      219 |     +5.2% |       0 |       36 |       514
      292 |     +5.4% |       0 |       37 |       441
      365 |     +5.4% |       0 |       37 |       368
      438 |     +5.4% |       0 |       37 |       295
      511 |     +5.4% |       0 |       37 |       222
      584 |     +5.4% |       0 |       37 |       149
      657 |     +5.4% |       0 |       37 |        76
      730 |     +9.3% |       0 |       63 |         3
    final |     +9.7% |       0 |       65 |         0
-------------------------------------------------------
[INFO GPL-0106] Timing-driven: worst slack -4.169469e-10
[INFO GPL-0107] Timing-driven: repair_design delta area: 5.861 um^2 (+10.16%)
[INFO GPL-0108] Timing-driven: repair_design, gpl delta gcells: 65 (+10.74%)
[INFO GPL-0109] Timing-driven: repair_design, gcells created: 65, deleted: 0
[INFO GPL-0110] Timing-driven: new target density: 0.6453622
Iteration | Overflow |     HPWL (um) |  HPWL(%) |   Penalty | Group
---------------------------------------------------------------
       10 |   0.6233 |  6.642260e+02 |   +6.44% |  3.60e-11 |      
       20 |   0.6239 |  6.647000e+02 |   +0.07% |  5.87e-11 |      
       30 |   0.6257 |  6.629940e+02 |   -0.26% |  9.56e-11 |      
       40 |   0.6239 |  6.624160e+02 |   -0.09% |  1.56e-10 |      
       50 |   0.6241 |  6.628420e+02 |   +0.06% |  2.54e-10 |      
       60 |   0.6226 |  6.636340e+02 |   +0.12% |  4.13e-10 |      
       70 |   0.6228 |  6.650580e+02 |   +0.21% |  6.73e-10 |      
       80 |   0.6222 |  6.668380e+02 |   +0.27% |  1.10e-09 |      
       90 |   0.6203 |  6.684730e+02 |   +0.25% |  1.79e-09 |      
      100 |   0.6179 |  6.699970e+02 |   +0.23% |  2.91e-09 |      
      110 |   0.6149 |  6.717120e+02 |   +0.26% |  4.74e-09 |      
      120 |   0.6107 |  6.741750e+02 |   +0.37% |  7.72e-09 |      
      130 |   0.6039 |  6.779550e+02 |   +0.56% |  1.26e-08 |      
[INFO GPL-0038] Routability snapshot saved at iter = 136
      135 |   0.5990 |  6.802530e+02 |          |           |      
      140 |   0.5935 |  6.836840e+02 |   +0.85% |  2.05e-08 |      
      150 |   0.5808 |  6.921410e+02 |   +1.24% |  3.34e-08 |      
      160 |   0.5615 |  7.034110e+02 |   +1.63% |  5.43e-08 |      
      170 |   0.5361 |  7.170510e+02 |   +1.94% |  8.85e-08 |      
      180 |   0.5038 |  7.325460e+02 |   +2.16% |  1.44e-07 |      
      190 |   0.4721 |  7.496180e+02 |   +2.33% |  2.35e-07 |      
      200 |   0.4393 |  7.684910e+02 |   +2.52% |  3.82e-07 |      
      210 |   0.4029 |  7.868220e+02 |   +2.39% |  6.23e-07 |      
      220 |   0.3642 |  8.015340e+02 |   +1.87% |  1.01e-06 |      
      230 |   0.3211 |  8.093820e+02 |   +0.98% |  1.57e-06 |      
[INFO GPL-0040] Routability iteration: 1
[INFO GPL-0041] Total routing overflow: 0.0000
[INFO GPL-0042] Number of overflowed tiles: 0 (0.00%)
[INFO GPL-0043] Average top 0.5% routing congestion: 0.5821
[INFO GPL-0044] Average top 1.0% routing congestion: 0.5652
[INFO GPL-0045] Average top 2.0% routing congestion: 0.5479
[INFO GPL-0046] Average top 5.0% routing congestion: 0.5117
[INFO GPL-0047] Routability iteration weighted routing congestion: 0.5737
[INFO GPL-0050] Weighted routing congestion is lower than target routing congestion(1.0100), end routability optimization.
[INFO GPL-0090] Routability finished. Target routing congestion achieved succesfully.
Iteration | Overflow |     HPWL (um) |  HPWL(%) |   Penalty | Group
---------------------------------------------------------------
      240 |   0.2873 |  8.080220e+02 |   -0.17% |  2.32e-06 |      
      250 |   0.2590 |  8.098010e+02 |   +0.22% |  3.41e-06 |      
      260 |   0.2268 |  8.181990e+02 |   +1.04% |  5.03e-06 |      
      270 |   0.1970 |  8.232380e+02 |   +0.62% |  7.40e-06 |      
[INFO GPL-0100] Timing-driven iteration 2/2, virtual: false.
[INFO GPL-0101]    Iter: 272, overflow: 0.195, keep resizer changes at: 1, HPWL: 824051
Iteration |   Area    | Resized | Buffers | Nets repaired | Remaining
---------------------------------------------------------------------
        0 |     +0.0% |       0 |       0 |             0 |       820
    final |     +0.0% |       0 |       0 |             0 |         0
---------------------------------------------------------------------
   Iter   |    Area   | Removed | Inserted |   Pins
          |           | Buffers | Buffers  | Remaining
-------------------------------------------------------
        0 |     +0.0% |       0 |        0 |       733
       73 |     +0.1% |       6 |        7 |       660
      146 |     +0.0% |      36 |       36 |       587
      219 |     +0.0% |      36 |       36 |       514
      292 |     +0.0% |      37 |       37 |       441
      365 |     +0.0% |      37 |       37 |       368
      438 |     +0.0% |      37 |       37 |       295
      511 |     +0.0% |      37 |       37 |       222
      584 |     +0.0% |      37 |       37 |       149
      657 |     +0.0% |      37 |       37 |        76
      730 |     +1.5% |      63 |       74 |         3
    final |     +1.5% |      65 |       77 |         0
-------------------------------------------------------
[INFO GPL-0106] Timing-driven: worst slack -4.316487e-10
[INFO GPL-0107] Timing-driven: repair_design delta area: 0.991 um^2 (+1.56%)
[INFO GPL-0108] Timing-driven: repair_design, gpl delta gcells: 12 (+1.79%)
[INFO GPL-0109] Timing-driven: repair_design, gcells created: 77, deleted: 65
[INFO GPL-0110] Timing-driven: new target density: 0.65303546
Iteration | Overflow |     HPWL (um) |  HPWL(%) |   Penalty | Group
---------------------------------------------------------------
      280 |   0.1795 |  8.722700e+02 |   +5.96% |  1.09e-05 |      
      290 |   0.1534 |  8.854130e+02 |   +1.51% |  1.61e-05 |      
      300 |   0.1382 |  8.951070e+02 |   +1.09% |  2.37e-05 |      
      310 |   0.1146 |  9.020580e+02 |   +0.78% |  3.49e-05 |      
      319 |   0.0983 |  9.071490e+02 |          |  5.14e-05 |      
---------------------------------------------------------------
[INFO GPL-1001] Global placement finished at iteration 319
[INFO GPL-1017] Routability mode iteration count: 100
[INFO GPL-1005] Routability final weighted congestion: 0.5454
[INFO GPL-1002] Placed Cell Area               64.5133
[INFO GPL-1003] Available Free Area           129.2080
[INFO GPL-1004] Minimum Feasible Density        0.4500 (cell_area / free_area)
[INFO GPL-1006]   Suggested Target Densities:
[INFO GPL-1007]     - For 90% usage of free space: 0.5548
[INFO GPL-1008]     - For 80% usage of free space: 0.6241
[INFO GPL-1009]     - For 50% usage of free space: 0.9986
[INFO GPL-1011] Original area (um^2): 57.66
[INFO GPL-1012] Total routability artificial inflation: 0.00 (+0.00%)
[INFO GPL-1013] Total timing-driven delta area: 6.85 (+11.88%)
[INFO GPL-1014] Final placement area: 64.51 (+11.88%)
[INFO GPL-1018] Final HPWL (um): 904.07
estimate_parasitics -placement
Report metrics stage 3, global place...

==========================================================================
global place report_design_area
--------------------------------------------------------------------------
Design area 67 um^2 51% utilization.
write_db /home/matheus-grossi/Projects/CNN/CNN/synth_org/arithmetic/results/asap7/WTM/base/3_3_place_gp.odb
Elapsed time: 0:01.81[h:]min:sec. CPU time: user 2.08 sys 0.24 (128%). Peak memory: 330832KB.
Log                       Ext     Elapsed/s Peak Memory/MB sha1sum result [0:20)
3_3_place_gp              .odb            1            323 e16277464dd5dc3242e5
