OpenROAD 26Q3-2056-g41a28926b9 
Features included (+) or not (-): +GPU +GUI +Python
This program is licensed under the BSD-3 license. See the LICENSE file for details.
Components of this program may be licensed under more restrictive licenses which must be honored.
[INFO ORD-0030] Using 12 thread(s).
source /home/matheus-grossi/OpenROAD/OpenROAD-flow-scripts/flow/platforms/asap7/liberty_suppressions.tcl
read_liberty /home/matheus-grossi/OpenROAD/OpenROAD-flow-scripts/flow/platforms/asap7/lib/NLDM/asap7sc7p5t_AO_RVT_FF_nldm_211120.lib.gz
read_liberty /home/matheus-grossi/OpenROAD/OpenROAD-flow-scripts/flow/platforms/asap7/lib/NLDM/asap7sc7p5t_INVBUF_RVT_FF_nldm_220122.lib.gz
read_liberty /home/matheus-grossi/OpenROAD/OpenROAD-flow-scripts/flow/platforms/asap7/lib/NLDM/asap7sc7p5t_OA_RVT_FF_nldm_211120.lib.gz
read_liberty /home/matheus-grossi/OpenROAD/OpenROAD-flow-scripts/flow/platforms/asap7/lib/NLDM/asap7sc7p5t_SIMPLE_RVT_FF_nldm_211120.lib.gz
read_liberty /home/matheus-grossi/OpenROAD/OpenROAD-flow-scripts/flow/platforms/asap7/lib/NLDM/asap7sc7p5t_SEQ_RVT_FF_nldm_220123.lib
read_db /home/matheus-grossi/Projects/CNN/CNN/synth_org/arithmetic/results/asap7/WTM/base/3_3_place_gp.odb
read_sdc /home/matheus-grossi/Projects/CNN/CNN/synth_org/arithmetic/results/asap7/WTM/base/2_floorplan.sdc
source /home/matheus-grossi/OpenROAD/OpenROAD-flow-scripts/flow/platforms/asap7/setRC.tcl
estimate_parasitics -placement
Perform buffer insertion and gate resizing...
repair_design -verbose
Iteration |   Area    | Resized | Buffers | Nets repaired | Remaining
---------------------------------------------------------------------
        0 |     +0.0% |       0 |       0 |             0 |       832
       10 |     +0.0% |       0 |       0 |             0 |       822
       20 |     +0.0% |       0 |       0 |             0 |       812
       30 |     +0.0% |       0 |       0 |             0 |       802
       40 |     +0.0% |       0 |       0 |             0 |       792
       50 |     +0.0% |       0 |       0 |             0 |       782
       60 |     +0.0% |       0 |       0 |             0 |       772
       70 |     +0.0% |       0 |       0 |             0 |       762
       80 |     +0.0% |       0 |       0 |             0 |       752
       90 |     +0.0% |       0 |       0 |             0 |       742
      100 |     +0.0% |       0 |       0 |             0 |       732
      110 |     +0.0% |       0 |       0 |             0 |       722
      120 |     +0.0% |       0 |       0 |             0 |       712
      130 |     +0.0% |       0 |       0 |             0 |       702
      140 |     +0.0% |       0 |       0 |             0 |       692
      150 |     +0.0% |       0 |       0 |             0 |       682
      160 |     +0.0% |       0 |       0 |             0 |       672
      170 |     +0.0% |       0 |       0 |             0 |       662
      180 |     +0.0% |       0 |       0 |             0 |       652
      190 |     +0.0% |       0 |       0 |             0 |       642
      200 |     +0.0% |       0 |       0 |             0 |       632
      210 |     +0.0% |       0 |       0 |             0 |       622
      220 |     +0.0% |       0 |       0 |             0 |       612
      230 |     +0.0% |       0 |       0 |             0 |       602
      240 |     +0.0% |       0 |       0 |             0 |       592
      250 |     +0.0% |       0 |       0 |             0 |       582
      260 |     +0.0% |       0 |       0 |             0 |       572
      270 |     +0.0% |       0 |       0 |             0 |       562
      280 |     +0.0% |       0 |       0 |             0 |       552
      290 |     +0.0% |       0 |       0 |             0 |       542
      300 |     +0.0% |       0 |       0 |             0 |       532
      310 |     +0.0% |       0 |       0 |             0 |       522
      320 |     +0.0% |       0 |       0 |             0 |       512
      330 |     +0.0% |       0 |       0 |             0 |       502
      340 |     +0.0% |       0 |       0 |             0 |       492
      350 |     +0.0% |       0 |       0 |             0 |       482
      360 |     +0.0% |       0 |       0 |             0 |       472
      370 |     +0.0% |       0 |       0 |             0 |       462
      380 |     +0.0% |       0 |       0 |             0 |       452
      390 |     +0.0% |       0 |       0 |             0 |       442
      400 |     +0.0% |       0 |       0 |             0 |       432
      410 |     +0.0% |       0 |       0 |             0 |       422
      420 |     +0.0% |       0 |       0 |             0 |       412
      430 |     +0.0% |       0 |       0 |             0 |       402
      440 |     +0.0% |       0 |       0 |             0 |       392
      450 |     +0.0% |       0 |       0 |             0 |       382
      460 |     +0.0% |       0 |       0 |             0 |       372
      470 |     +0.0% |       0 |       0 |             0 |       362
      480 |     +0.0% |       0 |       0 |             0 |       352
      490 |     +0.0% |       0 |       0 |             0 |       342
      500 |     +0.0% |       0 |       0 |             0 |       332
      510 |     +0.0% |       0 |       0 |             0 |       322
      520 |     +0.0% |       0 |       0 |             0 |       312
      530 |     +0.0% |       0 |       0 |             0 |       302
      540 |     +0.0% |       0 |       0 |             0 |       292
      550 |     +0.0% |       0 |       0 |             0 |       282
      560 |     +0.0% |       0 |       0 |             0 |       272
      570 |     +0.0% |       0 |       0 |             0 |       262
      580 |     +0.0% |       0 |       0 |             0 |       252
      590 |     +0.0% |       0 |       0 |             0 |       242
      600 |     +0.0% |       0 |       0 |             0 |       232
      610 |     +0.0% |       0 |       0 |             0 |       222
      620 |     +0.0% |       0 |       0 |             0 |       212
      630 |     +0.0% |       0 |       0 |             0 |       202
      640 |     +0.0% |       0 |       0 |             0 |       192
      650 |     +0.0% |       0 |       0 |             0 |       182
      660 |     +0.0% |       0 |       0 |             0 |       172
      670 |     +0.0% |       0 |       0 |             0 |       162
      680 |     +0.0% |       0 |       0 |             0 |       152
      690 |     +0.0% |       0 |       0 |             0 |       142
      700 |     +0.0% |       0 |       0 |             0 |       132
      710 |     +0.0% |       0 |       0 |             0 |       122
      720 |     +0.0% |       0 |       0 |             0 |       112
      730 |     +0.0% |       0 |       0 |             0 |       102
      740 |     +0.0% |       0 |       0 |             0 |        92
      750 |     +0.0% |       0 |       0 |             0 |        82
      760 |     +0.0% |       0 |       0 |             0 |        72
      770 |     +0.0% |       0 |       0 |             0 |        62
      780 |     +0.0% |       0 |       0 |             0 |        52
      790 |     +0.0% |       0 |       0 |             0 |        42
      800 |     +0.0% |       0 |       0 |             0 |        32
      810 |     +0.0% |       0 |       0 |             0 |        22
      820 |     +0.0% |       0 |       0 |             0 |        12
      830 |     +0.0% |       0 |       0 |             0 |         2
    final |     +0.0% |       0 |       0 |             0 |         0
---------------------------------------------------------------------
[INFO RSZ-0504] Runtime: 0.07s
Floating nets: 
Report metrics stage 3, resizer...
No registers in design

==========================================================================
resizer report_design_area
--------------------------------------------------------------------------
Design area 67 um^2 51% utilization.
Instance count before 766, after 766
Pin count before 1983, after 1983
write_db /home/matheus-grossi/Projects/CNN/CNN/synth_org/arithmetic/results/asap7/WTM/base/3_4_place_resized.odb
Elapsed time: 0:01.43[h:]min:sec. CPU time: user 1.30 sys 0.15 (101%). Peak memory: 217392KB.
Log                       Ext     Elapsed/s Peak Memory/MB sha1sum result [0:20)
3_4_place_resized         .odb            1            212 e16277464dd5dc3242e5
