[2026-09-15 19:15:13.033] [miter_logger] [info] MiterStrategy::run starting
[2026-09-15 19:15:13.033] [miter_logger] [info] Collecting POs for design 0: Multiplier_WTM

[2026-09-15 19:15:13.037] [miter_logger] [info] Collected 22 PIs for design 0

[2026-09-15 19:15:13.037] [miter_logger] [info] Collected 23 POs for design 0

[2026-09-15 19:15:13.037] [miter_logger] [info] design 0 PI summary by model/term (22 total terminals, 2 unique rows):
| Model          | Term         | Count |
|----------------|--------------|-------|
| Multiplier_WTM | multiplicand |    11 |
| Multiplier_WTM | multiplier   |    11 |

[2026-09-15 19:15:13.037] [miter_logger] [info] design 0 PO summary by model/term (23 total terminals, 1 unique rows):
| Model          | Term   | Count |
|----------------|--------|-------|
| Multiplier_WTM | result |    23 |

[2026-09-15 19:15:13.037] [miter_logger] [info] Collecting POs for design 1: Multiplier_WTM

[2026-09-15 19:15:13.038] [miter_logger] [info] size of common inputs: 22
[2026-09-15 19:15:13.038] [miter_logger] [info] size of diff0 inputs: 0
[2026-09-15 19:15:13.038] [miter_logger] [info] size of diff1 inputs: 0
[2026-09-15 19:15:13.038] [miter_logger] [info] Collected 22 PIs for design 1

[2026-09-15 19:15:13.038] [miter_logger] [info] Collected 23 POs for design 1

[2026-09-15 19:15:13.038] [miter_logger] [info] design 1 PI summary by model/term (22 total terminals, 2 unique rows):
| Model          | Term         | Count |
|----------------|--------------|-------|
| Multiplier_WTM | multiplicand |    11 |
| Multiplier_WTM | multiplier   |    11 |

[2026-09-15 19:15:13.038] [miter_logger] [info] design 1 PO summary by model/term (23 total terminals, 1 unique rows):
| Model          | Term   | Count |
|----------------|--------|-------|
| Multiplier_WTM | result |    23 |

[2026-09-15 19:15:13.038] [miter_logger] [info] normalizeInputs: starting
[2026-09-15 19:15:13.038] [miter_logger] [info] size of common inputs: 22
[2026-09-15 19:15:13.038] [miter_logger] [info] size of diff0 inputs: 0
[2026-09-15 19:15:13.038] [miter_logger] [info] size of diff1 inputs: 0
[2026-09-15 19:15:13.038] [miter_logger] [info] normalizeOutputs: starting
[2026-09-15 19:15:13.038] [miter_logger] [info] size of common outputs: 23
[2026-09-15 19:15:13.038] [miter_logger] [info] size of diff0 outputs: 0
[2026-09-15 19:15:13.038] [miter_logger] [info] size of diff1 outputs: 0
[2026-09-15 19:15:13.038] [miter_logger] [info] size of PIs in circuit 0: 22
[2026-09-15 19:15:13.038] [miter_logger] [info] size of PIs in circuit 1: 22
[2026-09-15 19:15:13.038] [miter_logger] [info] size of POs in circuit 0: 23
[2026-09-15 19:15:13.038] [miter_logger] [info] size of POs in circuit 1: 23
[2026-09-15 19:15:13.046] [miter_logger] [info] Building miter expression
[2026-09-15 19:15:13.046] [miter_logger] [info] Finished building miter expression
[2026-09-15 19:15:13.049] [miter_logger] [info] Starting solver
[2026-09-15 19:15:14.147] [miter_logger] [info] SAT solver finished: UNSAT
[2026-09-15 19:15:14.147] [miter_logger] [info] Circuits are IDENTICAL
