OpenROAD 26Q3-2056-g41a28926b9 
Features included (+) or not (-): +GPU +GUI +Python
This program is licensed under the BSD-3 license. See the LICENSE file for details.
Components of this program may be licensed under more restrictive licenses which must be honored.
[INFO ORD-0030] Using 12 thread(s).
source /home/matheus-grossi/OpenROAD/OpenROAD-flow-scripts/flow/platforms/asap7/liberty_suppressions.tcl
read_liberty /home/matheus-grossi/OpenROAD/OpenROAD-flow-scripts/flow/platforms/asap7/lib/NLDM/asap7sc7p5t_AO_RVT_FF_nldm_211120.lib.gz
read_liberty /home/matheus-grossi/OpenROAD/OpenROAD-flow-scripts/flow/platforms/asap7/lib/NLDM/asap7sc7p5t_INVBUF_RVT_FF_nldm_220122.lib.gz
read_liberty /home/matheus-grossi/OpenROAD/OpenROAD-flow-scripts/flow/platforms/asap7/lib/NLDM/asap7sc7p5t_OA_RVT_FF_nldm_211120.lib.gz
read_liberty /home/matheus-grossi/OpenROAD/OpenROAD-flow-scripts/flow/platforms/asap7/lib/NLDM/asap7sc7p5t_SIMPLE_RVT_FF_nldm_211120.lib.gz
read_liberty /home/matheus-grossi/OpenROAD/OpenROAD-flow-scripts/flow/platforms/asap7/lib/NLDM/asap7sc7p5t_SEQ_RVT_FF_nldm_220123.lib
read_db /home/matheus-grossi/Projects/CNN/CNN/synth_org/arithmetic/results/asap7/WTM/base/5_1_grt.odb
read_sdc /home/matheus-grossi/Projects/CNN/CNN/synth_org/arithmetic/results/asap7/WTM/base/5_1_grt.sdc
source /home/matheus-grossi/OpenROAD/OpenROAD-flow-scripts/flow/platforms/asap7/setRC.tcl
[WARNING STA-0450] virtual clock virtual_clk can not be propagated.
detailed_route -output_drc /home/matheus-grossi/Projects/CNN/CNN/synth_org/arithmetic/reports/asap7/WTM/base/5_route_drc.rpt -output_maze /home/matheus-grossi/Projects/CNN/CNN/synth_org/arithmetic/results/asap7/WTM/base/maze.log -droute_end_iter 64 -verbose 1 -drc_report_iter_step 5
[INFO DRT-0149] Reading tech and libs.

Units:                1000
Number of layers:     21
Number of macros:     212
Number of vias:       15
Number of viarulegen: 11

[INFO DRT-0150] Reading design.

Design:                   Multiplier_WTM
Die area:                 ( 0 0 ) ( 15706 15706 )
Number of track patterns: 32
Number of DEF vias:       0
Number of components:     790
Number of terminals:      47
Number of snets:          2
Number of nets:           856

[INFO DRT-0167] List of default vias:
  Layer V2
    default via: VIA23
  Layer V3
    default via: VIA34
  Layer V4
    default via: VIA45
  Layer V5
    default via: VIA56
  Layer V6
    default via: VIA67
  Layer V7
    default via: VIA78
  Layer V8
    default via: VIA89
  Layer V9
    default via: VIA9Pad
[INFO DRT-0162] Library cell analysis.
[INFO DRT-0163] Instance analysis.
[INFO DRT-0164] Number of unique instances = 84.
[INFO DRT-0168] Init region query.
[INFO DRT-0024]   Complete Active.
[INFO DRT-0024]   Complete V0.
[INFO DRT-0024]   Complete M1.
[INFO DRT-0024]   Complete V1.
[INFO DRT-0024]   Complete M2.
[INFO DRT-0024]   Complete V2.
[INFO DRT-0024]   Complete M3.
[INFO DRT-0024]   Complete V3.
[INFO DRT-0024]   Complete M4.
[INFO DRT-0024]   Complete V4.
[INFO DRT-0024]   Complete M5.
[INFO DRT-0024]   Complete V5.
[INFO DRT-0024]   Complete M6.
[INFO DRT-0024]   Complete V6.
[INFO DRT-0024]   Complete M7.
[INFO DRT-0024]   Complete V7.
[INFO DRT-0024]   Complete M8.
[INFO DRT-0024]   Complete V8.
[INFO DRT-0024]   Complete M9.
[INFO DRT-0024]   Complete V9.
[INFO DRT-0024]   Complete Pad.
[INFO DRT-0033] Active shape region query size = 0.
[INFO DRT-0033] V0 shape region query size = 0.
[INFO DRT-0033] M1 shape region query size = 10789.
[INFO DRT-0033] V1 shape region query size = 14781.
[INFO DRT-0033] M2 shape region query size = 555.
[INFO DRT-0033] V2 shape region query size = 387.
[INFO DRT-0033] M3 shape region query size = 387.
[INFO DRT-0033] V3 shape region query size = 258.
[INFO DRT-0033] M4 shape region query size = 284.
[INFO DRT-0033] V4 shape region query size = 258.
[INFO DRT-0033] M5 shape region query size = 169.
[INFO DRT-0033] V5 shape region query size = 42.
[INFO DRT-0033] M6 shape region query size = 25.
[INFO DRT-0033] V6 shape region query size = 0.
[INFO DRT-0033] M7 shape region query size = 0.
[INFO DRT-0033] V7 shape region query size = 0.
[INFO DRT-0033] M8 shape region query size = 0.
[INFO DRT-0033] V8 shape region query size = 0.
[INFO DRT-0033] M9 shape region query size = 0.
[INFO DRT-0033] V9 shape region query size = 0.
[INFO DRT-0033] Pad shape region query size = 0.
[INFO DRT-0165] Start pin access.
[INFO DRT-0078]   Complete 444 pins.
[INFO DRT-0081]   Complete 84 unique inst patterns.
[INFO DRT-0084]   Complete 388 groups.
#scanned instances     = 790
#unique  instances     = 84
#stdCellGenAp          = 2216
#stdCellValidPlanarAp  = 48
#stdCellValidViaAp     = 1851
#stdCellPinNoAp        = 0
#stdCellPinCnt         = 2031
#instTermValidViaApCnt = 0
#macroGenAp            = 0
#macroValidPlanarAp    = 0
#macroValidViaAp       = 0
#macroNoAp             = 0
[INFO DRT-0166] Complete pin access.
[INFO DRT-0267] cpu time = 00:00:13, elapsed time = 00:00:01, memory = 310.70 (MB), peak = 309.76 (MB)

[INFO DRT-0157] Number of guides:     5975

[INFO DRT-0169] Post process guides.
[INFO DRT-0176] GCELLGRID X 0 DO 27 STEP 570 ;
[INFO DRT-0177] GCELLGRID Y 0 DO 27 STEP 570 ;
[INFO DRT-0028]   Complete Active.
[INFO DRT-0028]   Complete V0.
[INFO DRT-0028]   Complete M1.
[INFO DRT-0028]   Complete V1.
[INFO DRT-0028]   Complete M2.
[INFO DRT-0028]   Complete V2.
[INFO DRT-0028]   Complete M3.
[INFO DRT-0028]   Complete V3.
[INFO DRT-0028]   Complete M4.
[INFO DRT-0028]   Complete V4.
[INFO DRT-0028]   Complete M5.
[INFO DRT-0028]   Complete V5.
[INFO DRT-0028]   Complete M6.
[INFO DRT-0028]   Complete V6.
[INFO DRT-0028]   Complete M7.
[INFO DRT-0028]   Complete V7.
[INFO DRT-0028]   Complete M8.
[INFO DRT-0028]   Complete V8.
[INFO DRT-0028]   Complete M9.
[INFO DRT-0028]   Complete V9.
[INFO DRT-0028]   Complete Pad.
[INFO DRT-0178] Init guide query.
[INFO DRT-0035]   Complete Active (guide).
[INFO DRT-0035]   Complete V0 (guide).
[INFO DRT-0035]   Complete M1 (guide).
[INFO DRT-0035]   Complete V1 (guide).
[INFO DRT-0035]   Complete M2 (guide).
[INFO DRT-0035]   Complete V2 (guide).
[INFO DRT-0035]   Complete M3 (guide).
[INFO DRT-0035]   Complete V3 (guide).
[INFO DRT-0035]   Complete M4 (guide).
[INFO DRT-0035]   Complete V4 (guide).
[INFO DRT-0035]   Complete M5 (guide).
[INFO DRT-0035]   Complete V5 (guide).
[INFO DRT-0035]   Complete M6 (guide).
[INFO DRT-0035]   Complete V6 (guide).
[INFO DRT-0035]   Complete M7 (guide).
[INFO DRT-0035]   Complete V7 (guide).
[INFO DRT-0035]   Complete M8 (guide).
[INFO DRT-0035]   Complete V8 (guide).
[INFO DRT-0035]   Complete M9 (guide).
[INFO DRT-0035]   Complete V9 (guide).
[INFO DRT-0035]   Complete Pad (guide).
[INFO DRT-0036] Active guide region query size = 0.
[INFO DRT-0036] V0 guide region query size = 0.
[INFO DRT-0036] M1 guide region query size = 1450.
[INFO DRT-0036] V1 guide region query size = 0.
[INFO DRT-0036] M2 guide region query size = 1322.
[INFO DRT-0036] V2 guide region query size = 0.
[INFO DRT-0036] M3 guide region query size = 755.
[INFO DRT-0036] V3 guide region query size = 0.
[INFO DRT-0036] M4 guide region query size = 407.
[INFO DRT-0036] V4 guide region query size = 0.
[INFO DRT-0036] M5 guide region query size = 368.
[INFO DRT-0036] V5 guide region query size = 0.
[INFO DRT-0036] M6 guide region query size = 272.
[INFO DRT-0036] V6 guide region query size = 0.
[INFO DRT-0036] M7 guide region query size = 121.
[INFO DRT-0036] V7 guide region query size = 0.
[INFO DRT-0036] M8 guide region query size = 0.
[INFO DRT-0036] V8 guide region query size = 0.
[INFO DRT-0036] M9 guide region query size = 0.
[INFO DRT-0036] V9 guide region query size = 0.
[INFO DRT-0036] Pad guide region query size = 0.
[INFO DRT-0179] Init gr pin query.
[INFO DRT-0267] cpu time = 00:00:00, elapsed time = 00:00:00, memory = 311.87 (MB), peak = 310.89 (MB)
[INFO DRT-0245] skipped writing guide updates to database.
[INFO DRT-0181] Start track assignment.
[INFO DRT-0184] Done with 2694 vertical wires in 1 frboxes and 2001 horizontal wires in 1 frboxes.
[INFO DRT-0186] Done with 176 vertical wires in 1 frboxes and 246 horizontal wires in 1 frboxes.
[INFO DRT-0182] Complete track assignment.
[INFO DRT-0267] cpu time = 00:00:00, elapsed time = 00:00:00, memory = 321.70 (MB), peak = 320.64 (MB)
[INFO DRT-0187] Start routing data preparation.
[INFO DRT-0267] cpu time = 00:00:00, elapsed time = 00:00:00, memory = 321.77 (MB), peak = 320.64 (MB)
[INFO DRT-0194] Start detail routing.
[INFO DRT-0195] Start 0th optimization iteration.
    Completing 10% with 0 violations.
    elapsed time = 00:00:00, memory = 423.59 (MB).
    Completing 20% with 0 violations.
    elapsed time = 00:00:00, memory = 360.69 (MB).
    Completing 30% with 10 violations.
    elapsed time = 00:00:00, memory = 506.91 (MB).
    Completing 40% with 10 violations.
    elapsed time = 00:00:00, memory = 490.93 (MB).
    Completing 50% with 10 violations.
    elapsed time = 00:00:00, memory = 454.31 (MB).
    Completing 60% with 41 violations.
    elapsed time = 00:00:01, memory = 596.68 (MB).
    Completing 70% with 41 violations.
    elapsed time = 00:00:01, memory = 527.77 (MB).
    Completing 80% with 57 violations.
    elapsed time = 00:00:01, memory = 626.53 (MB).
    Completing 90% with 57 violations.
    elapsed time = 00:00:01, memory = 646.16 (MB).
    Completing 100% with 60 violations.
    elapsed time = 00:00:02, memory = 604.62 (MB).
[INFO DRT-0199]   Number of violations = 81.
Viol/Layer          M1     M2     M3     M4     M5     M6     V6
CutSpcTbl            0      0      0      0      0      0      1
EOL                  0      1      0      0      0      0      0
Metal Spacing       30      0      2      0      0      1      0
Recheck              0      7      7      2      3      2      0
Short               10      2      0      0      0      1      0
eolKeepOut           0     12      0      0      0      0      0
[INFO DRT-0267] cpu time = 00:00:04, elapsed time = 00:00:02, memory = 1101.88 (MB), peak = 1100.82 (MB)
Total wire length = 1033 um.
Total wire length on LAYER M1 = 0 um.
Total wire length on LAYER M2 = 263 um.
Total wire length on LAYER M3 = 318 um.
Total wire length on LAYER M4 = 87 um.
Total wire length on LAYER M5 = 62 um.
Total wire length on LAYER M6 = 153 um.
Total wire length on LAYER M7 = 148 um.
Total wire length on LAYER M8 = 0 um.
Total wire length on LAYER M9 = 0 um.
Total wire length on LAYER Pad = 0 um.
Total number of vias = 4943.
Up-via summary (total 4943):

---------------
 Active       0
     M1    1694
     M2    2060
     M3     410
     M4     320
     M5     275
     M6     184
     M7       0
     M8       0
     M9       0
---------------
       4943


[INFO DRT-0195] Start 1st optimization iteration.
    Completing 10% with 81 violations.
    elapsed time = 00:00:00, memory = 1155.34 (MB).
    Completing 20% with 81 violations.
    elapsed time = 00:00:00, memory = 1199.79 (MB).
    Completing 30% with 81 violations.
    elapsed time = 00:00:00, memory = 1199.79 (MB).
    Completing 40% with 73 violations.
    elapsed time = 00:00:00, memory = 1257.76 (MB).
    Completing 50% with 73 violations.
    elapsed time = 00:00:00, memory = 1265.37 (MB).
    Completing 60% with 73 violations.
    elapsed time = 00:00:00, memory = 1186.27 (MB).
    Completing 70% with 57 violations.
    elapsed time = 00:00:01, memory = 1315.70 (MB).
    Completing 80% with 57 violations.
    elapsed time = 00:00:01, memory = 1281.12 (MB).
    Completing 90% with 12 violations.
    elapsed time = 00:00:01, memory = 859.84 (MB).
    Completing 100% with 3 violations.
    elapsed time = 00:00:02, memory = 825.02 (MB).
[INFO DRT-0199]   Number of violations = 3.
Viol/Layer          M2
eolKeepOut           3
[INFO DRT-0267] cpu time = 00:00:05, elapsed time = 00:00:02, memory = 1241.87 (MB), peak = 1314.35 (MB)
Total wire length = 1016 um.
Total wire length on LAYER M1 = 0 um.
Total wire length on LAYER M2 = 275 um.
Total wire length on LAYER M3 = 347 um.
Total wire length on LAYER M4 = 85 um.
Total wire length on LAYER M5 = 54 um.
Total wire length on LAYER M6 = 139 um.
Total wire length on LAYER M7 = 114 um.
Total wire length on LAYER M8 = 0 um.
Total wire length on LAYER M9 = 0 um.
Total wire length on LAYER Pad = 0 um.
Total number of vias = 4700.
Up-via summary (total 4700):

---------------
 Active       0
     M1    1694
     M2    2050
     M3     362
     M4     256
     M5     220
     M6     118
     M7       0
     M8       0
     M9       0
---------------
       4700


[INFO DRT-0195] Start 2nd optimization iteration.
    Completing 10% with 3 violations.
    elapsed time = 00:00:00, memory = 1241.87 (MB).
    Completing 20% with 3 violations.
    elapsed time = 00:00:00, memory = 1241.87 (MB).
    Completing 30% with 3 violations.
    elapsed time = 00:00:00, memory = 1241.87 (MB).
    Completing 40% with 3 violations.
    elapsed time = 00:00:00, memory = 1241.87 (MB).
    Completing 50% with 3 violations.
    elapsed time = 00:00:00, memory = 1241.87 (MB).
    Completing 60% with 3 violations.
    elapsed time = 00:00:00, memory = 1241.87 (MB).
    Completing 70% with 3 violations.
    elapsed time = 00:00:00, memory = 1241.87 (MB).
    Completing 80% with 3 violations.
    elapsed time = 00:00:00, memory = 1241.87 (MB).
    Completing 90% with 0 violations.
    elapsed time = 00:00:00, memory = 1167.54 (MB).
    Completing 100% with 0 violations.
    elapsed time = 00:00:00, memory = 1167.54 (MB).
[INFO DRT-0199]   Number of violations = 0.
[INFO DRT-0267] cpu time = 00:00:01, elapsed time = 00:00:00, memory = 1252.39 (MB), peak = 1314.35 (MB)
Total wire length = 1015 um.
Total wire length on LAYER M1 = 0 um.
Total wire length on LAYER M2 = 280 um.
Total wire length on LAYER M3 = 352 um.
Total wire length on LAYER M4 = 83 um.
Total wire length on LAYER M5 = 51 um.
Total wire length on LAYER M6 = 137 um.
Total wire length on LAYER M7 = 110 um.
Total wire length on LAYER M8 = 0 um.
Total wire length on LAYER M9 = 0 um.
Total wire length on LAYER Pad = 0 um.
Total number of vias = 4664.
Up-via summary (total 4664):

---------------
 Active       0
     M1    1694
     M2    2054
     M3     344
     M4     249
     M5     209
     M6     114
     M7       0
     M8       0
     M9       0
---------------
       4664


[INFO DRT-0198] Complete detail routing.
Total wire length = 1015 um.
Total wire length on LAYER M1 = 0 um.
Total wire length on LAYER M2 = 280 um.
Total wire length on LAYER M3 = 352 um.
Total wire length on LAYER M4 = 83 um.
Total wire length on LAYER M5 = 51 um.
Total wire length on LAYER M6 = 137 um.
Total wire length on LAYER M7 = 110 um.
Total wire length on LAYER M8 = 0 um.
Total wire length on LAYER M9 = 0 um.
Total wire length on LAYER Pad = 0 um.
Total number of vias = 4664.
Up-via summary (total 4664):

---------------
 Active       0
     M1    1694
     M2    2054
     M3     344
     M4     249
     M5     209
     M6     114
     M7       0
     M8       0
     M9       0
---------------
       4664


[INFO DRT-0267] cpu time = 00:00:10, elapsed time = 00:00:05, memory = 1252.52 (MB), peak = 1314.35 (MB)

[INFO DRT-0180] Post processing.
[INFO DRT-0501] Runtime: 7.30s
Took 8 seconds: detailed_route -output_drc /home/matheus-grossi/Projects/CNN/CNN/synth_org/arithmetic/reports/asap7/WTM/base/5_route_drc.rpt -output_maze /home/matheus-grossi/Projects/CNN/CNN/synth_org/arithmetic/results/asap7/WTM/base/maze.log -droute_end_iter 64 -verbose 1 -drc_report_iter_step 5
[WARNING GRT-0246] No diode with LEF class CORE ANTENNACELL found.
[INFO ANT-0002] Found 0 net violations.
[INFO ANT-0001] Found 0 pin violations.
[INFO ANT-0002] Found 0 net violations.
[INFO ANT-0001] Found 0 pin violations.
Design area 76 um^2 57% utilization.
write_db /home/matheus-grossi/Projects/CNN/CNN/synth_org/arithmetic/results/asap7/WTM/base/5_2_route.odb
Elapsed time: 0:08.67[h:]min:sec. CPU time: user 25.85 sys 1.10 (310%). Peak memory: 1345892KB.
Log                       Ext     Elapsed/s Peak Memory/MB sha1sum result [0:20)
5_2_route                 .odb            8           1314 3d36795caba7fde9fc79
