
==========================================================================
floorplan final report_tns
--------------------------------------------------------------------------
tns max -10340.27

==========================================================================
floorplan final report_wns
--------------------------------------------------------------------------
wns max -338.35

==========================================================================
floorplan final report_worst_slack
--------------------------------------------------------------------------
worst slack max -338.35

==========================================================================
floorplan final report_clock_min_period
--------------------------------------------------------------------------
virtual_clk period_min = 348.35 fmax = 2870.67

==========================================================================
floorplan final report_checks -path_delay min
--------------------------------------------------------------------------
Startpoint: imagem_in[14] (input port clocked by virtual_clk)
Endpoint: imagem_out[6] (output port clocked by virtual_clk)
Path Group: virtual_clk
Path Type: min

Fanout     Cap    Slew   Delay    Time   Description
-----------------------------------------------------------------------------
                  0.00    0.00    0.00   clock virtual_clk (rise edge)
                          0.00    0.00   clock network delay (ideal)
                          0.00    0.00 ^ input external delay
     2    1.55    0.00    0.00    0.00 ^ imagem_in[14] (in)
                                         imagem_in[14] (net)
                  0.00    0.00    0.00 ^ _0819_/A (NAND2x1_ASAP7_75t_R)
     1    0.50    4.46    4.41    4.41 v _0819_/Y (NAND2x1_ASAP7_75t_R)
                                         _0435_ (net)
                  4.46    0.00    4.41 v _0820_/B (OA21x2_ASAP7_75t_R)
     2    1.75    7.11   12.27   16.68 v _0820_/Y (OA21x2_ASAP7_75t_R)
                                         _0286_ (net)
                  7.11    0.00   16.68 v _0974_/A1 (AOI21x1_ASAP7_75t_R)
     1    0.00    3.77    5.28   21.96 ^ _0974_/Y (AOI21x1_ASAP7_75t_R)
                                         imagem_out[6] (net)
                  3.77    0.00   21.96 ^ imagem_out[6] (out)
                                 21.96   data arrival time

                  0.00    0.00    0.00   clock virtual_clk (rise edge)
                          0.00    0.00   clock network delay (ideal)
                          0.00    0.00   clock reconvergence pessimism
                          0.00    0.00   output external delay
                                  0.00   data required time
-----------------------------------------------------------------------------
                                  0.00   data required time
                                -21.96   data arrival time
-----------------------------------------------------------------------------
                                 21.96   slack (MET)



==========================================================================
floorplan final report_checks -path_delay max
--------------------------------------------------------------------------
Startpoint: imagem_in[119] (input port clocked by virtual_clk)
Endpoint: imagem_out[25] (output port clocked by virtual_clk)
Path Group: virtual_clk
Path Type: max

Fanout     Cap    Slew   Delay    Time   Description
-----------------------------------------------------------------------------
                  0.00    0.00    0.00   clock virtual_clk (rise edge)
                          0.00    0.00   clock network delay (ideal)
                          0.00    0.00 v input external delay
     1    5.12    0.00    0.00    0.00 v imagem_in[119] (in)
                                         imagem_in[119] (net)
                  0.00    0.00    0.00 v _0869_/A (INVx8_ASAP7_75t_R)
     2    1.98    2.02    2.72    2.72 ^ _0869_/Y (INVx8_ASAP7_75t_R)
                                         _0256_ (net)
                  2.02    0.00    2.72 ^ _1254_/B (HAxp5_ASAP7_75t_R)
     3    2.27   29.22   35.00   37.71 v _1254_/SN (HAxp5_ASAP7_75t_R)
                                         _0258_ (net)
                 29.22    0.00   37.71 v _1080_/A (OR4x1_ASAP7_75t_R)
     2    1.31   13.31   30.10   67.82 v _1080_/Y (OR4x1_ASAP7_75t_R)
                                         _0601_ (net)
                 13.31    0.00   67.82 v _1082_/D (OR4x1_ASAP7_75t_R)
     2    1.02   11.47   27.95   95.77 v _1082_/Y (OR4x1_ASAP7_75t_R)
                                         _0603_ (net)
                 11.47    0.00   95.77 v _1089_/C (OA211x2_ASAP7_75t_R)
     1    0.63    9.22   27.52  123.29 v _1089_/Y (OA211x2_ASAP7_75t_R)
                                         _0610_ (net)
                  9.22    0.00  123.29 v _1090_/B (AO21x1_ASAP7_75t_R)
     1    1.33   10.04   17.78  141.07 v _1090_/Y (AO21x1_ASAP7_75t_R)
                                         _0611_ (net)
                 10.04    0.00  141.07 v _1091_/A (BUFx6f_ASAP7_75t_R)
     7    9.21   11.23   16.65  157.72 v _1091_/Y (BUFx6f_ASAP7_75t_R)
                                         _0612_ (net)
                 11.23    0.00  157.72 v _1092_/A (BUFx12f_ASAP7_75t_R)
    10    8.41    7.85   15.03  172.75 v _1092_/Y (BUFx12f_ASAP7_75t_R)
                                         _0613_ (net)
                  7.85    0.00  172.75 v _1113_/B (NOR2x2_ASAP7_75t_R)
     1    0.63    6.34    5.73  178.48 ^ _1113_/Y (NOR2x2_ASAP7_75t_R)
                                         _0632_ (net)
                  6.34    0.00  178.48 ^ _1114_/B (AO21x2_ASAP7_75t_R)
     2    1.74    9.36   12.71  191.19 ^ _1114_/Y (AO21x2_ASAP7_75t_R)
                                         _0143_ (net)
                  9.36    0.00  191.19 ^ _1218_/A (HAxp5_ASAP7_75t_R)
     2    1.26   19.11   26.66  217.85 v _1218_/SN (HAxp5_ASAP7_75t_R)
                                         _0145_ (net)
                 19.11    0.00  217.85 v _1103_/B (OR3x1_ASAP7_75t_R)
     2    1.57   12.79   25.21  243.06 v _1103_/Y (OR3x1_ASAP7_75t_R)
                                         _0623_ (net)
                 12.79    0.00  243.06 v _1104_/C (OR5x1_ASAP7_75t_R)
     1    0.60   10.72   30.66  273.72 v _1104_/Y (OR5x1_ASAP7_75t_R)
                                         _0624_ (net)
                 10.72    0.00  273.72 v _1106_/B (AND3x1_ASAP7_75t_R)
     2    1.85   11.40   15.62  289.33 v _1106_/Y (AND3x1_ASAP7_75t_R)
                                         _0626_ (net)
                 11.40    0.00  289.33 v _1110_/B1 (AO22x2_ASAP7_75t_R)
     8    5.14   17.55   26.49  315.83 v _1110_/Y (AO22x2_ASAP7_75t_R)
                                         _0630_ (net)
                 17.55    0.00  315.83 v _1132_/A (OR3x1_ASAP7_75t_R)
     1    0.63    8.18   21.06  336.89 v _1132_/Y (OR3x1_ASAP7_75t_R)
                                         _0641_ (net)
                  8.18    0.00  336.89 v _1133_/B (OA21x2_ASAP7_75t_R)
     1    0.00    5.07   11.46  348.35 v _1133_/Y (OA21x2_ASAP7_75t_R)
                                         imagem_out[25] (net)
                  5.07    0.00  348.35 v imagem_out[25] (out)
                                348.35   data arrival time

                  0.00   10.00   10.00   clock virtual_clk (rise edge)
                          0.00   10.00   clock network delay (ideal)
                          0.00   10.00   clock reconvergence pessimism
                          0.00   10.00   output external delay
                                 10.00   data required time
-----------------------------------------------------------------------------
                                 10.00   data required time
                               -348.35   data arrival time
-----------------------------------------------------------------------------
                               -338.35   slack (VIOLATED)



==========================================================================
floorplan final report_checks -unconstrained
--------------------------------------------------------------------------
Startpoint: imagem_in[119] (input port clocked by virtual_clk)
Endpoint: imagem_out[25] (output port clocked by virtual_clk)
Path Group: virtual_clk
Path Type: max

Fanout     Cap    Slew   Delay    Time   Description
-----------------------------------------------------------------------------
                  0.00    0.00    0.00   clock virtual_clk (rise edge)
                          0.00    0.00   clock network delay (ideal)
                          0.00    0.00 v input external delay
     1    5.12    0.00    0.00    0.00 v imagem_in[119] (in)
                                         imagem_in[119] (net)
                  0.00    0.00    0.00 v _0869_/A (INVx8_ASAP7_75t_R)
     2    1.98    2.02    2.72    2.72 ^ _0869_/Y (INVx8_ASAP7_75t_R)
                                         _0256_ (net)
                  2.02    0.00    2.72 ^ _1254_/B (HAxp5_ASAP7_75t_R)
     3    2.27   29.22   35.00   37.71 v _1254_/SN (HAxp5_ASAP7_75t_R)
                                         _0258_ (net)
                 29.22    0.00   37.71 v _1080_/A (OR4x1_ASAP7_75t_R)
     2    1.31   13.31   30.10   67.82 v _1080_/Y (OR4x1_ASAP7_75t_R)
                                         _0601_ (net)
                 13.31    0.00   67.82 v _1082_/D (OR4x1_ASAP7_75t_R)
     2    1.02   11.47   27.95   95.77 v _1082_/Y (OR4x1_ASAP7_75t_R)
                                         _0603_ (net)
                 11.47    0.00   95.77 v _1089_/C (OA211x2_ASAP7_75t_R)
     1    0.63    9.22   27.52  123.29 v _1089_/Y (OA211x2_ASAP7_75t_R)
                                         _0610_ (net)
                  9.22    0.00  123.29 v _1090_/B (AO21x1_ASAP7_75t_R)
     1    1.33   10.04   17.78  141.07 v _1090_/Y (AO21x1_ASAP7_75t_R)
                                         _0611_ (net)
                 10.04    0.00  141.07 v _1091_/A (BUFx6f_ASAP7_75t_R)
     7    9.21   11.23   16.65  157.72 v _1091_/Y (BUFx6f_ASAP7_75t_R)
                                         _0612_ (net)
                 11.23    0.00  157.72 v _1092_/A (BUFx12f_ASAP7_75t_R)
    10    8.41    7.85   15.03  172.75 v _1092_/Y (BUFx12f_ASAP7_75t_R)
                                         _0613_ (net)
                  7.85    0.00  172.75 v _1113_/B (NOR2x2_ASAP7_75t_R)
     1    0.63    6.34    5.73  178.48 ^ _1113_/Y (NOR2x2_ASAP7_75t_R)
                                         _0632_ (net)
                  6.34    0.00  178.48 ^ _1114_/B (AO21x2_ASAP7_75t_R)
     2    1.74    9.36   12.71  191.19 ^ _1114_/Y (AO21x2_ASAP7_75t_R)
                                         _0143_ (net)
                  9.36    0.00  191.19 ^ _1218_/A (HAxp5_ASAP7_75t_R)
     2    1.26   19.11   26.66  217.85 v _1218_/SN (HAxp5_ASAP7_75t_R)
                                         _0145_ (net)
                 19.11    0.00  217.85 v _1103_/B (OR3x1_ASAP7_75t_R)
     2    1.57   12.79   25.21  243.06 v _1103_/Y (OR3x1_ASAP7_75t_R)
                                         _0623_ (net)
                 12.79    0.00  243.06 v _1104_/C (OR5x1_ASAP7_75t_R)
     1    0.60   10.72   30.66  273.72 v _1104_/Y (OR5x1_ASAP7_75t_R)
                                         _0624_ (net)
                 10.72    0.00  273.72 v _1106_/B (AND3x1_ASAP7_75t_R)
     2    1.85   11.40   15.62  289.33 v _1106_/Y (AND3x1_ASAP7_75t_R)
                                         _0626_ (net)
                 11.40    0.00  289.33 v _1110_/B1 (AO22x2_ASAP7_75t_R)
     8    5.14   17.55   26.49  315.83 v _1110_/Y (AO22x2_ASAP7_75t_R)
                                         _0630_ (net)
                 17.55    0.00  315.83 v _1132_/A (OR3x1_ASAP7_75t_R)
     1    0.63    8.18   21.06  336.89 v _1132_/Y (OR3x1_ASAP7_75t_R)
                                         _0641_ (net)
                  8.18    0.00  336.89 v _1133_/B (OA21x2_ASAP7_75t_R)
     1    0.00    5.07   11.46  348.35 v _1133_/Y (OA21x2_ASAP7_75t_R)
                                         imagem_out[25] (net)
                  5.07    0.00  348.35 v imagem_out[25] (out)
                                348.35   data arrival time

                  0.00   10.00   10.00   clock virtual_clk (rise edge)
                          0.00   10.00   clock network delay (ideal)
                          0.00   10.00   clock reconvergence pessimism
                          0.00   10.00   output external delay
                                 10.00   data required time
-----------------------------------------------------------------------------
                                 10.00   data required time
                               -348.35   data arrival time
-----------------------------------------------------------------------------
                               -338.35   slack (VIOLATED)



==========================================================================
floorplan final report_power
--------------------------------------------------------------------------
Group                  Internal  Switching    Leakage      Total
                          Power      Power      Power      Power (Watts)
----------------------------------------------------------------
Sequential             0.00e+00   0.00e+00   0.00e+00   0.00e+00   0.0%
Combinational          1.03e-02   7.63e-03   4.00e-08   1.79e-02 100.0%
Clock                  0.00e+00   0.00e+00   0.00e+00   0.00e+00   0.0%
Macro                  0.00e+00   0.00e+00   0.00e+00   0.00e+00   0.0%
Pad                    0.00e+00   0.00e+00   0.00e+00   0.00e+00   0.0%
----------------------------------------------------------------
Total                  1.03e-02   7.63e-03   4.00e-08   1.79e-02 100.0%
                          57.4%      42.6%       0.0%
