
==========================================================================
detailed place report_tns
--------------------------------------------------------------------------
tns max -11596.47

==========================================================================
detailed place report_wns
--------------------------------------------------------------------------
wns max -374.79

==========================================================================
detailed place report_worst_slack
--------------------------------------------------------------------------
worst slack max -374.79

==========================================================================
detailed place report_clock_min_period
--------------------------------------------------------------------------
virtual_clk period_min = 384.79 fmax = 2598.81

==========================================================================
detailed place report_checks -path_delay min
--------------------------------------------------------------------------
Startpoint: imagem_in[122] (input port clocked by virtual_clk)
Endpoint: imagem_out[26] (output port clocked by virtual_clk)
Path Group: virtual_clk
Path Type: min

Fanout     Cap    Slew   Delay    Time   Description
-----------------------------------------------------------------------------
                  0.00    0.00    0.00   clock virtual_clk (rise edge)
                          0.00    0.00   clock network delay (ideal)
                          0.00    0.00 ^ input external delay
     1    0.93    0.00    0.00    0.00 ^ imagem_in[122] (in)
                                         imagem_in[122] (net)
                  0.16    0.05    0.05 ^ input26/A (BUFx2_ASAP7_75t_R)
     2    1.39    7.34   11.25   11.29 ^ input26/Y (BUFx2_ASAP7_75t_R)
                                         net26 (net)
                  7.34    0.03   11.33 ^ _1127_/A1 (AO21x2_ASAP7_75t_R)
     2    1.39    6.80   15.31   26.63 ^ _1127_/Y (AO21x2_ASAP7_75t_R)
                                         _0232_ (net)
                  6.81    0.06   26.69 ^ _1129_/A2 (OA21x2_ASAP7_75t_R)
     1    0.46    5.11   13.99   40.68 ^ _1129_/Y (OA21x2_ASAP7_75t_R)
                                         net147 (net)
                  5.11    0.01   40.70 ^ output147/A (BUFx2_ASAP7_75t_R)
     1    0.44    4.72   11.26   51.95 ^ output147/Y (BUFx2_ASAP7_75t_R)
                                         imagem_out[26] (net)
                  4.72    0.02   51.97 ^ imagem_out[26] (out)
                                 51.97   data arrival time

                  0.00    0.00    0.00   clock virtual_clk (rise edge)
                          0.00    0.00   clock network delay (ideal)
                          0.00    0.00   clock reconvergence pessimism
                          0.00    0.00   output external delay
                                  0.00   data required time
-----------------------------------------------------------------------------
                                  0.00   data required time
                                -51.97   data arrival time
-----------------------------------------------------------------------------
                                 51.97   slack (MET)



==========================================================================
detailed place report_checks -path_delay max
--------------------------------------------------------------------------
Startpoint: imagem_in[103] (input port clocked by virtual_clk)
Endpoint: imagem_out[21] (output port clocked by virtual_clk)
Path Group: virtual_clk
Path Type: max

Fanout     Cap    Slew   Delay    Time   Description
-----------------------------------------------------------------------------
                  0.00    0.00    0.00   clock virtual_clk (rise edge)
                          0.00    0.00   clock network delay (ideal)
                          0.00    0.00 v input external delay
     1    0.94    0.00    0.00    0.00 v imagem_in[103] (in)
                                         imagem_in[103] (net)
                  0.14    0.04    0.04 v input5/A (BUFx2_ASAP7_75t_R)
     1    5.13   16.54   16.99   17.03 v input5/Y (BUFx2_ASAP7_75t_R)
                                         net5 (net)
                 16.54    0.15   17.18 v _0877_/A (INVx8_ASAP7_75t_R)
     2    1.72    6.32    6.05   23.22 ^ _0877_/Y (INVx8_ASAP7_75t_R)
                                         _0310_ (net)
                  6.32    0.06   23.28 ^ _1271_/B (HAxp5_ASAP7_75t_R)
     1    0.74   15.95   20.07   43.35 v _1271_/SN (HAxp5_ASAP7_75t_R)
                                         _0312_ (net)
                 15.95    0.02   43.37 v place305/A (BUFx3_ASAP7_75t_R)
     3    2.40    7.62   16.67   60.05 v place305/Y (BUFx3_ASAP7_75t_R)
                                         net305 (net)
                  7.63    0.06   60.11 v _0841_/C (OR4x1_ASAP7_75t_R)
     2    1.51   14.55   28.55   88.66 v _0841_/Y (OR4x1_ASAP7_75t_R)
                                         _0448_ (net)
                 14.56    0.06   88.72 v _0843_/D (OR4x1_ASAP7_75t_R)
     2    1.13   12.17   28.60  117.32 v _0843_/Y (OR4x1_ASAP7_75t_R)
                                         _0450_ (net)
                 12.17    0.04  117.36 v _0850_/C (OA211x2_ASAP7_75t_R)
     1    0.73    9.31   27.93  145.29 v _0850_/Y (OA211x2_ASAP7_75t_R)
                                         _0457_ (net)
                  9.31    0.03  145.32 v _0851_/B (AO21x1_ASAP7_75t_R)
     7    7.61   42.16   32.87  178.19 v _0851_/Y (AO21x1_ASAP7_75t_R)
                                         _0458_ (net)
                 42.18    0.48  178.66 v place289/A (BUFx3_ASAP7_75t_R)
    10    9.24   20.02   29.25  207.91 v place289/Y (BUFx3_ASAP7_75t_R)
                                         net289 (net)
                 20.02    0.18  208.09 v _1060_/B (NOR2x1_ASAP7_75t_R)
     1    0.67   11.34    8.92  217.01 ^ _1060_/Y (NOR2x1_ASAP7_75t_R)
                                         _0589_ (net)
                 11.34    0.02  217.03 ^ _1061_/B (AO21x2_ASAP7_75t_R)
     2    1.77    9.71   14.24  231.27 ^ _1061_/Y (AO21x2_ASAP7_75t_R)
                                         _0206_ (net)
                  9.71    0.07  231.34 ^ _1239_/B (HAxp5_ASAP7_75t_R)
     2    1.40   26.86   28.21  259.55 v _1239_/SN (HAxp5_ASAP7_75t_R)
                                         _0208_ (net)
                 26.86    0.04  259.60 v _1045_/D (OR5x1_ASAP7_75t_R)
     1    0.70   11.08   34.45  294.05 v _1045_/Y (OR5x1_ASAP7_75t_R)
                                         _0579_ (net)
                 11.08    0.03  294.07 v _1047_/B (AND3x1_ASAP7_75t_R)
     2    1.59   10.39   15.04  309.11 v _1047_/Y (AND3x1_ASAP7_75t_R)
                                         _0581_ (net)
                 10.39    0.08  309.19 v _1049_/B1 (AO22x2_ASAP7_75t_R)
     8    6.34   20.77   27.65  336.84 v _1049_/Y (AO22x2_ASAP7_75t_R)
                                         _0583_ (net)
                 20.81    0.49  337.33 v _1054_/A (OR3x1_ASAP7_75t_R)
     1    0.77    8.80   22.44  359.77 v _1054_/Y (OR3x1_ASAP7_75t_R)
                                         _0586_ (net)
                  8.80    0.03  359.80 v _1055_/B (OA21x2_ASAP7_75t_R)
     1    0.59    6.54   12.52  372.32 v _1055_/Y (OA21x2_ASAP7_75t_R)
                                         net142 (net)
                  6.54    0.02  372.34 v output142/A (BUFx2_ASAP7_75t_R)
     1    0.48    4.66   12.43  384.77 v output142/Y (BUFx2_ASAP7_75t_R)
                                         imagem_out[21] (net)
                  4.66    0.03  384.79 v imagem_out[21] (out)
                                384.79   data arrival time

                  0.00   10.00   10.00   clock virtual_clk (rise edge)
                          0.00   10.00   clock network delay (ideal)
                          0.00   10.00   clock reconvergence pessimism
                          0.00   10.00   output external delay
                                 10.00   data required time
-----------------------------------------------------------------------------
                                 10.00   data required time
                               -384.79   data arrival time
-----------------------------------------------------------------------------
                               -374.79   slack (VIOLATED)



==========================================================================
detailed place report_checks -unconstrained
--------------------------------------------------------------------------
Startpoint: imagem_in[103] (input port clocked by virtual_clk)
Endpoint: imagem_out[21] (output port clocked by virtual_clk)
Path Group: virtual_clk
Path Type: max

Fanout     Cap    Slew   Delay    Time   Description
-----------------------------------------------------------------------------
                  0.00    0.00    0.00   clock virtual_clk (rise edge)
                          0.00    0.00   clock network delay (ideal)
                          0.00    0.00 v input external delay
     1    0.94    0.00    0.00    0.00 v imagem_in[103] (in)
                                         imagem_in[103] (net)
                  0.14    0.04    0.04 v input5/A (BUFx2_ASAP7_75t_R)
     1    5.13   16.54   16.99   17.03 v input5/Y (BUFx2_ASAP7_75t_R)
                                         net5 (net)
                 16.54    0.15   17.18 v _0877_/A (INVx8_ASAP7_75t_R)
     2    1.72    6.32    6.05   23.22 ^ _0877_/Y (INVx8_ASAP7_75t_R)
                                         _0310_ (net)
                  6.32    0.06   23.28 ^ _1271_/B (HAxp5_ASAP7_75t_R)
     1    0.74   15.95   20.07   43.35 v _1271_/SN (HAxp5_ASAP7_75t_R)
                                         _0312_ (net)
                 15.95    0.02   43.37 v place305/A (BUFx3_ASAP7_75t_R)
     3    2.40    7.62   16.67   60.05 v place305/Y (BUFx3_ASAP7_75t_R)
                                         net305 (net)
                  7.63    0.06   60.11 v _0841_/C (OR4x1_ASAP7_75t_R)
     2    1.51   14.55   28.55   88.66 v _0841_/Y (OR4x1_ASAP7_75t_R)
                                         _0448_ (net)
                 14.56    0.06   88.72 v _0843_/D (OR4x1_ASAP7_75t_R)
     2    1.13   12.17   28.60  117.32 v _0843_/Y (OR4x1_ASAP7_75t_R)
                                         _0450_ (net)
                 12.17    0.04  117.36 v _0850_/C (OA211x2_ASAP7_75t_R)
     1    0.73    9.31   27.93  145.29 v _0850_/Y (OA211x2_ASAP7_75t_R)
                                         _0457_ (net)
                  9.31    0.03  145.32 v _0851_/B (AO21x1_ASAP7_75t_R)
     7    7.61   42.16   32.87  178.19 v _0851_/Y (AO21x1_ASAP7_75t_R)
                                         _0458_ (net)
                 42.18    0.48  178.66 v place289/A (BUFx3_ASAP7_75t_R)
    10    9.24   20.02   29.25  207.91 v place289/Y (BUFx3_ASAP7_75t_R)
                                         net289 (net)
                 20.02    0.18  208.09 v _1060_/B (NOR2x1_ASAP7_75t_R)
     1    0.67   11.34    8.92  217.01 ^ _1060_/Y (NOR2x1_ASAP7_75t_R)
                                         _0589_ (net)
                 11.34    0.02  217.03 ^ _1061_/B (AO21x2_ASAP7_75t_R)
     2    1.77    9.71   14.24  231.27 ^ _1061_/Y (AO21x2_ASAP7_75t_R)
                                         _0206_ (net)
                  9.71    0.07  231.34 ^ _1239_/B (HAxp5_ASAP7_75t_R)
     2    1.40   26.86   28.21  259.55 v _1239_/SN (HAxp5_ASAP7_75t_R)
                                         _0208_ (net)
                 26.86    0.04  259.60 v _1045_/D (OR5x1_ASAP7_75t_R)
     1    0.70   11.08   34.45  294.05 v _1045_/Y (OR5x1_ASAP7_75t_R)
                                         _0579_ (net)
                 11.08    0.03  294.07 v _1047_/B (AND3x1_ASAP7_75t_R)
     2    1.59   10.39   15.04  309.11 v _1047_/Y (AND3x1_ASAP7_75t_R)
                                         _0581_ (net)
                 10.39    0.08  309.19 v _1049_/B1 (AO22x2_ASAP7_75t_R)
     8    6.34   20.77   27.65  336.84 v _1049_/Y (AO22x2_ASAP7_75t_R)
                                         _0583_ (net)
                 20.81    0.49  337.33 v _1054_/A (OR3x1_ASAP7_75t_R)
     1    0.77    8.80   22.44  359.77 v _1054_/Y (OR3x1_ASAP7_75t_R)
                                         _0586_ (net)
                  8.80    0.03  359.80 v _1055_/B (OA21x2_ASAP7_75t_R)
     1    0.59    6.54   12.52  372.32 v _1055_/Y (OA21x2_ASAP7_75t_R)
                                         net142 (net)
                  6.54    0.02  372.34 v output142/A (BUFx2_ASAP7_75t_R)
     1    0.48    4.66   12.43  384.77 v output142/Y (BUFx2_ASAP7_75t_R)
                                         imagem_out[21] (net)
                  4.66    0.03  384.79 v imagem_out[21] (out)
                                384.79   data arrival time

                  0.00   10.00   10.00   clock virtual_clk (rise edge)
                          0.00   10.00   clock network delay (ideal)
                          0.00   10.00   clock reconvergence pessimism
                          0.00   10.00   output external delay
                                 10.00   data required time
-----------------------------------------------------------------------------
                                 10.00   data required time
                               -384.79   data arrival time
-----------------------------------------------------------------------------
                               -374.79   slack (VIOLATED)



==========================================================================
detailed place report_check_types -max_slew -max_cap -max_fanout -violators
--------------------------------------------------------------------------

==========================================================================
detailed place max_slew_check_slack
--------------------------------------------------------------------------
264.7872314453125

==========================================================================
detailed place max_slew_check_limit
--------------------------------------------------------------------------
320.0

==========================================================================
detailed place max_slew_check_slack_limit
--------------------------------------------------------------------------
0.8275

==========================================================================
detailed place max_fanout_check_slack
--------------------------------------------------------------------------
1.0000000150474662e+30

==========================================================================
detailed place max_fanout_check_limit
--------------------------------------------------------------------------
1.0000000150474662e+30

==========================================================================
detailed place max_capacitance_check_slack
--------------------------------------------------------------------------
16.663837432861328

==========================================================================
detailed place max_capacitance_check_limit
--------------------------------------------------------------------------
23.040000915527344

==========================================================================
detailed place max_capacitance_check_slack_limit
--------------------------------------------------------------------------
0.7233

==========================================================================
detailed place max_slew_violation_count
--------------------------------------------------------------------------
max slew violation count 0

==========================================================================
detailed place max_fanout_violation_count
--------------------------------------------------------------------------
max fanout violation count 0

==========================================================================
detailed place max_cap_violation_count
--------------------------------------------------------------------------
max cap violation count 0

==========================================================================
detailed place setup_violation_count
--------------------------------------------------------------------------
setup violation count 32

==========================================================================
detailed place hold_violation_count
--------------------------------------------------------------------------
hold violation count 0

==========================================================================
detailed place critical path delay
--------------------------------------------------------------------------
384.7910

==========================================================================
detailed place critical path slack
--------------------------------------------------------------------------
-374.7910

==========================================================================
detailed place slack div critical path delay
--------------------------------------------------------------------------
-97.401187

==========================================================================
detailed place report_power
--------------------------------------------------------------------------
Group                  Internal  Switching    Leakage      Total
                          Power      Power      Power      Power (Watts)
----------------------------------------------------------------
Sequential             0.00e+00   0.00e+00   0.00e+00   0.00e+00   0.0%
Combinational          1.34e-02   9.74e-03   5.32e-08   2.31e-02 100.0%
Clock                  0.00e+00   0.00e+00   0.00e+00   0.00e+00   0.0%
Macro                  0.00e+00   0.00e+00   0.00e+00   0.00e+00   0.0%
Pad                    0.00e+00   0.00e+00   0.00e+00   0.00e+00   0.0%
----------------------------------------------------------------
Total                  1.34e-02   9.74e-03   5.32e-08   2.31e-02 100.0%
                          57.9%      42.1%       0.0%
