
==========================================================================
resizer report_tns
--------------------------------------------------------------------------
tns max -11533.79

==========================================================================
resizer report_wns
--------------------------------------------------------------------------
wns max -370.02

==========================================================================
resizer report_worst_slack
--------------------------------------------------------------------------
worst slack max -370.02

==========================================================================
resizer report_clock_min_period
--------------------------------------------------------------------------
virtual_clk period_min = 380.02 fmax = 2631.41

==========================================================================
resizer report_checks -path_delay min
--------------------------------------------------------------------------
Startpoint: imagem_in[121] (input port clocked by virtual_clk)
Endpoint: imagem_out[25] (output port clocked by virtual_clk)
Path Group: virtual_clk
Path Type: min

Fanout     Cap    Slew   Delay    Time   Description
-----------------------------------------------------------------------------
                  0.00    0.00    0.00   clock virtual_clk (rise edge)
                          0.00    0.00   clock network delay (ideal)
                          0.00    0.00 ^ input external delay
     1    0.89    0.00    0.00    0.00 ^ imagem_in[121] (in)
                                         imagem_in[121] (net)
                  0.14    0.05    0.05 ^ input25/A (BUFx2_ASAP7_75t_R)
     2    1.41    7.42   11.28   11.32 ^ input25/Y (BUFx2_ASAP7_75t_R)
                                         net25 (net)
                  7.42    0.05   11.37 ^ _1131_/A1 (AO21x2_ASAP7_75t_R)
     2    1.45    7.01   15.43   26.80 ^ _1131_/Y (AO21x2_ASAP7_75t_R)
                                         _0076_ (net)
                  7.01    0.08   26.87 ^ _1133_/A2 (OA21x2_ASAP7_75t_R)
     1    0.46    5.10   14.04   40.91 ^ _1133_/Y (OA21x2_ASAP7_75t_R)
                                         net146 (net)
                  5.10    0.01   40.93 ^ output146/A (BUFx2_ASAP7_75t_R)
     1    0.41    4.65   11.21   52.13 ^ output146/Y (BUFx2_ASAP7_75t_R)
                                         imagem_out[25] (net)
                  4.65    0.02   52.15 ^ imagem_out[25] (out)
                                 52.15   data arrival time

                  0.00    0.00    0.00   clock virtual_clk (rise edge)
                          0.00    0.00   clock network delay (ideal)
                          0.00    0.00   clock reconvergence pessimism
                          0.00    0.00   output external delay
                                  0.00   data required time
-----------------------------------------------------------------------------
                                  0.00   data required time
                                -52.15   data arrival time
-----------------------------------------------------------------------------
                                 52.15   slack (MET)



==========================================================================
resizer report_checks -path_delay max
--------------------------------------------------------------------------
Startpoint: imagem_in[119] (input port clocked by virtual_clk)
Endpoint: imagem_out[30] (output port clocked by virtual_clk)
Path Group: virtual_clk
Path Type: max

Fanout     Cap    Slew   Delay    Time   Description
-----------------------------------------------------------------------------
                  0.00    0.00    0.00   clock virtual_clk (rise edge)
                          0.00    0.00   clock network delay (ideal)
                          0.00    0.00 v input external delay
     1    1.60    0.00    0.00    0.00 v imagem_in[119] (in)
                                         imagem_in[119] (net)
                  0.46    0.14    0.14 v input22/A (BUFx2_ASAP7_75t_R)
     1    5.23   16.75   17.12   17.26 v input22/Y (BUFx2_ASAP7_75t_R)
                                         net22 (net)
                 16.76    0.23   17.49 v _0869_/A (INVx8_ASAP7_75t_R)
     2    1.71    6.37    6.07   23.56 ^ _0869_/Y (INVx8_ASAP7_75t_R)
                                         _0256_ (net)
                  6.37    0.06   23.62 ^ _1254_/B (HAxp5_ASAP7_75t_R)
     2    1.53   29.03   28.54   52.16 v _1254_/SN (HAxp5_ASAP7_75t_R)
                                         _0258_ (net)
                 29.03    0.06   52.21 v _1080_/A (OR4x1_ASAP7_75t_R)
     2    1.70   15.46   31.39   83.60 v _1080_/Y (OR4x1_ASAP7_75t_R)
                                         _0601_ (net)
                 15.46    0.12   83.72 v _1082_/D (OR4x1_ASAP7_75t_R)
     2    1.13   12.24   28.73  112.45 v _1082_/Y (OR4x1_ASAP7_75t_R)
                                         _0603_ (net)
                 12.24    0.03  112.48 v _1089_/C (OA211x2_ASAP7_75t_R)
     1    0.70    9.25   27.90  140.38 v _1089_/Y (OA211x2_ASAP7_75t_R)
                                         _0610_ (net)
                  9.25    0.02  140.40 v _1090_/B (AO21x1_ASAP7_75t_R)
     7    7.71   42.84   32.97  173.37 v _1090_/Y (AO21x1_ASAP7_75t_R)
                                         _0611_ (net)
                 42.84    0.21  173.58 v place287/A (BUFx3_ASAP7_75t_R)
    10    9.50   20.54   29.53  203.12 v place287/Y (BUFx3_ASAP7_75t_R)
                                         net287 (net)
                 20.57    0.38  203.50 v _1126_/B (NOR2x1_ASAP7_75t_R)
     1    0.66   11.38    8.95  212.46 ^ _1126_/Y (NOR2x1_ASAP7_75t_R)
                                         _0638_ (net)
                 11.38    0.02  212.48 ^ _1127_/B (AO21x2_ASAP7_75t_R)
     2    1.82    9.86   14.31  226.79 ^ _1127_/Y (AO21x2_ASAP7_75t_R)
                                         _0232_ (net)
                  9.87    0.09  226.88 ^ _1247_/B (HAxp5_ASAP7_75t_R)
     2    1.39   26.67   28.13  255.00 v _1247_/SN (HAxp5_ASAP7_75t_R)
                                         _0234_ (net)
                 26.67    0.06  255.06 v _1104_/D (OR5x1_ASAP7_75t_R)
     1    0.86   12.04   35.12  290.18 v _1104_/Y (OR5x1_ASAP7_75t_R)
                                         _0624_ (net)
                 12.04    0.05  290.23 v _1106_/B (AND3x1_ASAP7_75t_R)
     2    1.34    9.12   14.70  304.94 v _1106_/Y (AND3x1_ASAP7_75t_R)
                                         _0626_ (net)
                  9.12    0.03  304.96 v _1110_/B1 (AO22x2_ASAP7_75t_R)
     8    6.30   20.72   27.25  332.21 v _1110_/Y (AO22x2_ASAP7_75t_R)
                                         _0630_ (net)
                 20.73    0.32  332.53 v _1111_/A (OR3x1_ASAP7_75t_R)
     1    0.70    8.39   22.15  354.69 v _1111_/Y (OR3x1_ASAP7_75t_R)
                                         _0631_ (net)
                  8.39    0.02  354.71 v _1112_/B (OA21x2_ASAP7_75t_R)
     1    0.60    6.78   12.39  367.10 v _1112_/Y (OA21x2_ASAP7_75t_R)
                                         net152 (net)
                  6.78    0.02  367.11 v output152/A (BUFx2_ASAP7_75t_R)
     1    0.72    5.16   12.86  379.97 v output152/Y (BUFx2_ASAP7_75t_R)
                                         imagem_out[30] (net)
                  5.16    0.05  380.02 v imagem_out[30] (out)
                                380.02   data arrival time

                  0.00   10.00   10.00   clock virtual_clk (rise edge)
                          0.00   10.00   clock network delay (ideal)
                          0.00   10.00   clock reconvergence pessimism
                          0.00   10.00   output external delay
                                 10.00   data required time
-----------------------------------------------------------------------------
                                 10.00   data required time
                               -380.02   data arrival time
-----------------------------------------------------------------------------
                               -370.02   slack (VIOLATED)



==========================================================================
resizer report_checks -unconstrained
--------------------------------------------------------------------------
Startpoint: imagem_in[119] (input port clocked by virtual_clk)
Endpoint: imagem_out[30] (output port clocked by virtual_clk)
Path Group: virtual_clk
Path Type: max

Fanout     Cap    Slew   Delay    Time   Description
-----------------------------------------------------------------------------
                  0.00    0.00    0.00   clock virtual_clk (rise edge)
                          0.00    0.00   clock network delay (ideal)
                          0.00    0.00 v input external delay
     1    1.60    0.00    0.00    0.00 v imagem_in[119] (in)
                                         imagem_in[119] (net)
                  0.46    0.14    0.14 v input22/A (BUFx2_ASAP7_75t_R)
     1    5.23   16.75   17.12   17.26 v input22/Y (BUFx2_ASAP7_75t_R)
                                         net22 (net)
                 16.76    0.23   17.49 v _0869_/A (INVx8_ASAP7_75t_R)
     2    1.71    6.37    6.07   23.56 ^ _0869_/Y (INVx8_ASAP7_75t_R)
                                         _0256_ (net)
                  6.37    0.06   23.62 ^ _1254_/B (HAxp5_ASAP7_75t_R)
     2    1.53   29.03   28.54   52.16 v _1254_/SN (HAxp5_ASAP7_75t_R)
                                         _0258_ (net)
                 29.03    0.06   52.21 v _1080_/A (OR4x1_ASAP7_75t_R)
     2    1.70   15.46   31.39   83.60 v _1080_/Y (OR4x1_ASAP7_75t_R)
                                         _0601_ (net)
                 15.46    0.12   83.72 v _1082_/D (OR4x1_ASAP7_75t_R)
     2    1.13   12.24   28.73  112.45 v _1082_/Y (OR4x1_ASAP7_75t_R)
                                         _0603_ (net)
                 12.24    0.03  112.48 v _1089_/C (OA211x2_ASAP7_75t_R)
     1    0.70    9.25   27.90  140.38 v _1089_/Y (OA211x2_ASAP7_75t_R)
                                         _0610_ (net)
                  9.25    0.02  140.40 v _1090_/B (AO21x1_ASAP7_75t_R)
     7    7.71   42.84   32.97  173.37 v _1090_/Y (AO21x1_ASAP7_75t_R)
                                         _0611_ (net)
                 42.84    0.21  173.58 v place287/A (BUFx3_ASAP7_75t_R)
    10    9.50   20.54   29.53  203.12 v place287/Y (BUFx3_ASAP7_75t_R)
                                         net287 (net)
                 20.57    0.38  203.50 v _1126_/B (NOR2x1_ASAP7_75t_R)
     1    0.66   11.38    8.95  212.46 ^ _1126_/Y (NOR2x1_ASAP7_75t_R)
                                         _0638_ (net)
                 11.38    0.02  212.48 ^ _1127_/B (AO21x2_ASAP7_75t_R)
     2    1.82    9.86   14.31  226.79 ^ _1127_/Y (AO21x2_ASAP7_75t_R)
                                         _0232_ (net)
                  9.87    0.09  226.88 ^ _1247_/B (HAxp5_ASAP7_75t_R)
     2    1.39   26.67   28.13  255.00 v _1247_/SN (HAxp5_ASAP7_75t_R)
                                         _0234_ (net)
                 26.67    0.06  255.06 v _1104_/D (OR5x1_ASAP7_75t_R)
     1    0.86   12.04   35.12  290.18 v _1104_/Y (OR5x1_ASAP7_75t_R)
                                         _0624_ (net)
                 12.04    0.05  290.23 v _1106_/B (AND3x1_ASAP7_75t_R)
     2    1.34    9.12   14.70  304.94 v _1106_/Y (AND3x1_ASAP7_75t_R)
                                         _0626_ (net)
                  9.12    0.03  304.96 v _1110_/B1 (AO22x2_ASAP7_75t_R)
     8    6.30   20.72   27.25  332.21 v _1110_/Y (AO22x2_ASAP7_75t_R)
                                         _0630_ (net)
                 20.73    0.32  332.53 v _1111_/A (OR3x1_ASAP7_75t_R)
     1    0.70    8.39   22.15  354.69 v _1111_/Y (OR3x1_ASAP7_75t_R)
                                         _0631_ (net)
                  8.39    0.02  354.71 v _1112_/B (OA21x2_ASAP7_75t_R)
     1    0.60    6.78   12.39  367.10 v _1112_/Y (OA21x2_ASAP7_75t_R)
                                         net152 (net)
                  6.78    0.02  367.11 v output152/A (BUFx2_ASAP7_75t_R)
     1    0.72    5.16   12.86  379.97 v output152/Y (BUFx2_ASAP7_75t_R)
                                         imagem_out[30] (net)
                  5.16    0.05  380.02 v imagem_out[30] (out)
                                380.02   data arrival time

                  0.00   10.00   10.00   clock virtual_clk (rise edge)
                          0.00   10.00   clock network delay (ideal)
                          0.00   10.00   clock reconvergence pessimism
                          0.00   10.00   output external delay
                                 10.00   data required time
-----------------------------------------------------------------------------
                                 10.00   data required time
                               -380.02   data arrival time
-----------------------------------------------------------------------------
                               -370.02   slack (VIOLATED)



==========================================================================
resizer report_check_types -max_slew -max_cap -max_fanout -violators
--------------------------------------------------------------------------

==========================================================================
resizer max_slew_check_slack
--------------------------------------------------------------------------
266.8741149902344

==========================================================================
resizer max_slew_check_limit
--------------------------------------------------------------------------
320.0

==========================================================================
resizer max_slew_check_slack_limit
--------------------------------------------------------------------------
0.8340

==========================================================================
resizer max_fanout_check_slack
--------------------------------------------------------------------------
1.0000000150474662e+30

==========================================================================
resizer max_fanout_check_limit
--------------------------------------------------------------------------
1.0000000150474662e+30

==========================================================================
resizer max_capacitance_check_slack
--------------------------------------------------------------------------
16.827804565429688

==========================================================================
resizer max_capacitance_check_limit
--------------------------------------------------------------------------
23.040000915527344

==========================================================================
resizer max_capacitance_check_slack_limit
--------------------------------------------------------------------------
0.7304

==========================================================================
resizer max_slew_violation_count
--------------------------------------------------------------------------
max slew violation count 0

==========================================================================
resizer max_fanout_violation_count
--------------------------------------------------------------------------
max fanout violation count 0

==========================================================================
resizer max_cap_violation_count
--------------------------------------------------------------------------
max cap violation count 0

==========================================================================
resizer setup_violation_count
--------------------------------------------------------------------------
setup violation count 32

==========================================================================
resizer hold_violation_count
--------------------------------------------------------------------------
hold violation count 0

==========================================================================
resizer critical path delay
--------------------------------------------------------------------------
380.0243

==========================================================================
resizer critical path slack
--------------------------------------------------------------------------
-370.0243

==========================================================================
resizer slack div critical path delay
--------------------------------------------------------------------------
-97.368589

==========================================================================
resizer report_power
--------------------------------------------------------------------------
Group                  Internal  Switching    Leakage      Total
                          Power      Power      Power      Power (Watts)
----------------------------------------------------------------
Sequential             0.00e+00   0.00e+00   0.00e+00   0.00e+00   0.0%
Combinational          1.34e-02   9.64e-03   5.32e-08   2.31e-02 100.0%
Clock                  0.00e+00   0.00e+00   0.00e+00   0.00e+00   0.0%
Macro                  0.00e+00   0.00e+00   0.00e+00   0.00e+00   0.0%
Pad                    0.00e+00   0.00e+00   0.00e+00   0.00e+00   0.0%
----------------------------------------------------------------
Total                  1.34e-02   9.64e-03   5.32e-08   2.31e-02 100.0%
                          58.2%      41.8%       0.0%
