
==========================================================================
cts final report_tns
--------------------------------------------------------------------------
tns max -11010.50

==========================================================================
cts final report_wns
--------------------------------------------------------------------------
wns max -353.61

==========================================================================
cts final report_worst_slack
--------------------------------------------------------------------------
worst slack max -353.61

==========================================================================
cts final report_clock_min_period
--------------------------------------------------------------------------
virtual_clk period_min = 363.61 fmax = 2750.21

==========================================================================
cts final report_clock_skew
--------------------------------------------------------------------------
Clock virtual_clk
No launch/capture paths found.


==========================================================================
cts final report_checks -path_delay min
--------------------------------------------------------------------------
Startpoint: imagem_in[51] (input port clocked by virtual_clk)
Endpoint: imagem_out[11] (output port clocked by virtual_clk)
Path Group: virtual_clk
Path Type: min

Fanout     Cap    Slew   Delay    Time   Description
-----------------------------------------------------------------------------
                  0.00    0.00    0.00   clock virtual_clk (rise edge)
                          0.00    0.00   clock network delay (ideal)
                          0.00    0.00 ^ input external delay
     1    2.51    0.00    0.00    0.00 ^ imagem_in[51] (in)
                                         imagem_in[51] (net)
                  0.49    0.15    0.15 ^ input75/A (BUFx12f_ASAP7_75t_R)
     2    2.25    4.88    9.25    9.40 ^ input75/Y (BUFx12f_ASAP7_75t_R)
                                         net75 (net)
                  4.88    0.10    9.50 ^ _1020_/A1 (AO21x1_ASAP7_75t_R)
     2    1.50   11.34   14.70   24.21 ^ _1020_/Y (AO21x1_ASAP7_75t_R)
                                         _0244_ (net)
                 11.34    0.06   24.27 ^ _1022_/A2 (OA21x2_ASAP7_75t_R)
     1    0.68    5.68   15.62   39.88 ^ _1022_/Y (OA21x2_ASAP7_75t_R)
                                         net131 (net)
                  5.68    0.03   39.91 ^ output131/A (BUFx3_ASAP7_75t_R)
     1    0.57    4.65   10.79   50.71 ^ output131/Y (BUFx3_ASAP7_75t_R)
                                         imagem_out[11] (net)
                  4.65    0.03   50.74 ^ imagem_out[11] (out)
                                 50.74   data arrival time

                  0.00    0.00    0.00   clock virtual_clk (rise edge)
                          0.00    0.00   clock network delay (ideal)
                          0.00    0.00   clock reconvergence pessimism
                          0.00    0.00   output external delay
                                  0.00   data required time
-----------------------------------------------------------------------------
                                  0.00   data required time
                                -50.74   data arrival time
-----------------------------------------------------------------------------
                                 50.74   slack (MET)



==========================================================================
cts final report_checks -path_delay max
--------------------------------------------------------------------------
Startpoint: imagem_in[103] (input port clocked by virtual_clk)
Endpoint: imagem_out[21] (output port clocked by virtual_clk)
Path Group: virtual_clk
Path Type: max

Fanout     Cap    Slew   Delay    Time   Description
-----------------------------------------------------------------------------
                  0.00    0.00    0.00   clock virtual_clk (rise edge)
                          0.00    0.00   clock network delay (ideal)
                          0.00    0.00 v input external delay
     1    3.00    0.00    0.00    0.00 v imagem_in[103] (in)
                                         imagem_in[103] (net)
                  0.55    0.18    0.18 v input5/A (BUFx12f_ASAP7_75t_R)
     1    5.23    6.15   10.60   10.78 v input5/Y (BUFx12f_ASAP7_75t_R)
                                         net5 (net)
                  6.18    0.23   11.01 v _0877_/A (INVx8_ASAP7_75t_R)
     2    1.92    3.67    4.21   15.22 ^ _0877_/Y (INVx8_ASAP7_75t_R)
                                         _0310_ (net)
                  3.68    0.07   15.29 ^ _1271_/A (HAxp5_ASAP7_75t_R)
     1    0.78   16.71   19.56   34.85 v _1271_/SN (HAxp5_ASAP7_75t_R)
                                         _0312_ (net)
                 16.71    0.03   34.88 v place305/A (BUFx3_ASAP7_75t_R)
     2    1.41    5.98   15.81   50.69 v place305/Y (BUFx3_ASAP7_75t_R)
                                         net305 (net)
                  5.98    0.04   50.73 v _0841_/B (OR4x1_ASAP7_75t_R)
     2    1.55   14.55   27.14   77.87 v _0841_/Y (OR4x1_ASAP7_75t_R)
                                         _0448_ (net)
                 14.56    0.07   77.94 v _0843_/C (OR4x1_ASAP7_75t_R)
     2    1.14   12.20   28.35  106.30 v _0843_/Y (OR4x1_ASAP7_75t_R)
                                         _0450_ (net)
                 12.20    0.04  106.34 v _0850_/B (OA211x2_ASAP7_75t_R)
     1    0.74    9.33   26.44  132.77 v _0850_/Y (OA211x2_ASAP7_75t_R)
                                         _0457_ (net)
                  9.33    0.03  132.80 v _0851_/B (AO21x2_ASAP7_75t_R)
     7    8.30   25.94   28.63  161.44 v _0851_/Y (AO21x2_ASAP7_75t_R)
                                         _0458_ (net)
                 25.97    0.47  161.91 v _1034_/A (NOR2x1_ASAP7_75t_R)
     1    0.70   10.37   10.24  172.15 ^ _1034_/Y (NOR2x1_ASAP7_75t_R)
                                         _0569_ (net)
                 10.37    0.02  172.18 ^ _1035_/B (AO21x2_ASAP7_75t_R)
     2    2.18   11.14   14.60  186.77 ^ _1035_/Y (AO21x2_ASAP7_75t_R)
                                         _0184_ (net)
                 11.15    0.16  186.93 ^ _1233_/A (HAxp5_ASAP7_75t_R)
     2    1.29   25.05   27.52  214.44 v _1233_/SN (HAxp5_ASAP7_75t_R)
                                         _0186_ (net)
                 25.05    0.04  214.48 v _1044_/B (OR3x1_ASAP7_75t_R)
     2    1.47   12.62   26.00  240.49 v _1044_/Y (OR3x1_ASAP7_75t_R)
                                         _0578_ (net)
                 12.62    0.06  240.55 v _1045_/E (OR5x1_ASAP7_75t_R)
     1    0.71   11.13   32.66  273.21 v _1045_/Y (OR5x1_ASAP7_75t_R)
                                         _0579_ (net)
                 11.13    0.03  273.23 v _1047_/B (AND3x1_ASAP7_75t_R)
     2    1.64   10.65   15.17  288.41 v _1047_/Y (AND3x1_ASAP7_75t_R)
                                         _0581_ (net)
                 10.65    0.08  288.49 v _1049_/B2 (AO22x2_ASAP7_75t_R)
     8    6.03   19.97   26.56  315.05 v _1049_/Y (AO22x2_ASAP7_75t_R)
                                         _0583_ (net)
                 20.00    0.46  315.51 v _1054_/B (OR3x1_ASAP7_75t_R)
     1    0.90    9.42   23.08  338.59 v _1054_/Y (OR3x1_ASAP7_75t_R)
                                         _0586_ (net)
                  9.42    0.05  338.65 v _1055_/B (OA21x2_ASAP7_75t_R)
     1    0.84    7.11   13.07  351.72 v _1055_/Y (OA21x2_ASAP7_75t_R)
                                         net142 (net)
                  7.11    0.04  351.76 v output142/A (BUFx3_ASAP7_75t_R)
     1    0.52    4.36   11.82  363.58 v output142/Y (BUFx3_ASAP7_75t_R)
                                         imagem_out[21] (net)
                  4.36    0.03  363.61 v imagem_out[21] (out)
                                363.61   data arrival time

                  0.00   10.00   10.00   clock virtual_clk (rise edge)
                          0.00   10.00   clock network delay (ideal)
                          0.00   10.00   clock reconvergence pessimism
                          0.00   10.00   output external delay
                                 10.00   data required time
-----------------------------------------------------------------------------
                                 10.00   data required time
                               -363.61   data arrival time
-----------------------------------------------------------------------------
                               -353.61   slack (VIOLATED)



==========================================================================
cts final report_checks -unconstrained
--------------------------------------------------------------------------
Startpoint: imagem_in[103] (input port clocked by virtual_clk)
Endpoint: imagem_out[21] (output port clocked by virtual_clk)
Path Group: virtual_clk
Path Type: max

Fanout     Cap    Slew   Delay    Time   Description
-----------------------------------------------------------------------------
                  0.00    0.00    0.00   clock virtual_clk (rise edge)
                          0.00    0.00   clock network delay (ideal)
                          0.00    0.00 v input external delay
     1    3.00    0.00    0.00    0.00 v imagem_in[103] (in)
                                         imagem_in[103] (net)
                  0.55    0.18    0.18 v input5/A (BUFx12f_ASAP7_75t_R)
     1    5.23    6.15   10.60   10.78 v input5/Y (BUFx12f_ASAP7_75t_R)
                                         net5 (net)
                  6.18    0.23   11.01 v _0877_/A (INVx8_ASAP7_75t_R)
     2    1.92    3.67    4.21   15.22 ^ _0877_/Y (INVx8_ASAP7_75t_R)
                                         _0310_ (net)
                  3.68    0.07   15.29 ^ _1271_/A (HAxp5_ASAP7_75t_R)
     1    0.78   16.71   19.56   34.85 v _1271_/SN (HAxp5_ASAP7_75t_R)
                                         _0312_ (net)
                 16.71    0.03   34.88 v place305/A (BUFx3_ASAP7_75t_R)
     2    1.41    5.98   15.81   50.69 v place305/Y (BUFx3_ASAP7_75t_R)
                                         net305 (net)
                  5.98    0.04   50.73 v _0841_/B (OR4x1_ASAP7_75t_R)
     2    1.55   14.55   27.14   77.87 v _0841_/Y (OR4x1_ASAP7_75t_R)
                                         _0448_ (net)
                 14.56    0.07   77.94 v _0843_/C (OR4x1_ASAP7_75t_R)
     2    1.14   12.20   28.35  106.30 v _0843_/Y (OR4x1_ASAP7_75t_R)
                                         _0450_ (net)
                 12.20    0.04  106.34 v _0850_/B (OA211x2_ASAP7_75t_R)
     1    0.74    9.33   26.44  132.77 v _0850_/Y (OA211x2_ASAP7_75t_R)
                                         _0457_ (net)
                  9.33    0.03  132.80 v _0851_/B (AO21x2_ASAP7_75t_R)
     7    8.30   25.94   28.63  161.44 v _0851_/Y (AO21x2_ASAP7_75t_R)
                                         _0458_ (net)
                 25.97    0.47  161.91 v _1034_/A (NOR2x1_ASAP7_75t_R)
     1    0.70   10.37   10.24  172.15 ^ _1034_/Y (NOR2x1_ASAP7_75t_R)
                                         _0569_ (net)
                 10.37    0.02  172.18 ^ _1035_/B (AO21x2_ASAP7_75t_R)
     2    2.18   11.14   14.60  186.77 ^ _1035_/Y (AO21x2_ASAP7_75t_R)
                                         _0184_ (net)
                 11.15    0.16  186.93 ^ _1233_/A (HAxp5_ASAP7_75t_R)
     2    1.29   25.05   27.52  214.44 v _1233_/SN (HAxp5_ASAP7_75t_R)
                                         _0186_ (net)
                 25.05    0.04  214.48 v _1044_/B (OR3x1_ASAP7_75t_R)
     2    1.47   12.62   26.00  240.49 v _1044_/Y (OR3x1_ASAP7_75t_R)
                                         _0578_ (net)
                 12.62    0.06  240.55 v _1045_/E (OR5x1_ASAP7_75t_R)
     1    0.71   11.13   32.66  273.21 v _1045_/Y (OR5x1_ASAP7_75t_R)
                                         _0579_ (net)
                 11.13    0.03  273.23 v _1047_/B (AND3x1_ASAP7_75t_R)
     2    1.64   10.65   15.17  288.41 v _1047_/Y (AND3x1_ASAP7_75t_R)
                                         _0581_ (net)
                 10.65    0.08  288.49 v _1049_/B2 (AO22x2_ASAP7_75t_R)
     8    6.03   19.97   26.56  315.05 v _1049_/Y (AO22x2_ASAP7_75t_R)
                                         _0583_ (net)
                 20.00    0.46  315.51 v _1054_/B (OR3x1_ASAP7_75t_R)
     1    0.90    9.42   23.08  338.59 v _1054_/Y (OR3x1_ASAP7_75t_R)
                                         _0586_ (net)
                  9.42    0.05  338.65 v _1055_/B (OA21x2_ASAP7_75t_R)
     1    0.84    7.11   13.07  351.72 v _1055_/Y (OA21x2_ASAP7_75t_R)
                                         net142 (net)
                  7.11    0.04  351.76 v output142/A (BUFx3_ASAP7_75t_R)
     1    0.52    4.36   11.82  363.58 v output142/Y (BUFx3_ASAP7_75t_R)
                                         imagem_out[21] (net)
                  4.36    0.03  363.61 v imagem_out[21] (out)
                                363.61   data arrival time

                  0.00   10.00   10.00   clock virtual_clk (rise edge)
                          0.00   10.00   clock network delay (ideal)
                          0.00   10.00   clock reconvergence pessimism
                          0.00   10.00   output external delay
                                 10.00   data required time
-----------------------------------------------------------------------------
                                 10.00   data required time
                               -363.61   data arrival time
-----------------------------------------------------------------------------
                               -353.61   slack (VIOLATED)



==========================================================================
cts final report_check_types -max_slew -max_cap -max_fanout -violators
--------------------------------------------------------------------------

==========================================================================
cts final max_slew_check_slack
--------------------------------------------------------------------------
271.87957763671875

==========================================================================
cts final max_slew_check_limit
--------------------------------------------------------------------------
320.0

==========================================================================
cts final max_slew_check_slack_limit
--------------------------------------------------------------------------
0.8496

==========================================================================
cts final max_fanout_check_slack
--------------------------------------------------------------------------
1.0000000150474662e+30

==========================================================================
cts final max_fanout_check_limit
--------------------------------------------------------------------------
1.0000000150474662e+30

==========================================================================
cts final max_capacitance_check_slack
--------------------------------------------------------------------------
16.65488624572754

==========================================================================
cts final max_capacitance_check_limit
--------------------------------------------------------------------------
23.040000915527344

==========================================================================
cts final max_capacitance_check_slack_limit
--------------------------------------------------------------------------
0.7229

==========================================================================
cts final max_slew_violation_count
--------------------------------------------------------------------------
max slew violation count 0

==========================================================================
cts final max_fanout_violation_count
--------------------------------------------------------------------------
max fanout violation count 0

==========================================================================
cts final max_cap_violation_count
--------------------------------------------------------------------------
max cap violation count 0

==========================================================================
cts final setup_violation_count
--------------------------------------------------------------------------
setup violation count 32

==========================================================================
cts final hold_violation_count
--------------------------------------------------------------------------
hold violation count 0

==========================================================================
cts final critical path delay
--------------------------------------------------------------------------
363.6083

==========================================================================
cts final critical path slack
--------------------------------------------------------------------------
-353.6083

==========================================================================
cts final slack div critical path delay
--------------------------------------------------------------------------
-97.249788

==========================================================================
cts final report_power
--------------------------------------------------------------------------
Group                  Internal  Switching    Leakage      Total
                          Power      Power      Power      Power (Watts)
----------------------------------------------------------------
Sequential             0.00e+00   0.00e+00   0.00e+00   0.00e+00   0.0%
Combinational          1.55e-02   1.08e-02   5.75e-08   2.63e-02 100.0%
Clock                  0.00e+00   0.00e+00   0.00e+00   0.00e+00   0.0%
Macro                  0.00e+00   0.00e+00   0.00e+00   0.00e+00   0.0%
Pad                    0.00e+00   0.00e+00   0.00e+00   0.00e+00   0.0%
----------------------------------------------------------------
Total                  1.55e-02   1.08e-02   5.75e-08   2.63e-02 100.0%
                          59.0%      41.0%       0.0%
