
==========================================================================
global route report_tns
--------------------------------------------------------------------------
tns max -11340.12

==========================================================================
global route report_wns
--------------------------------------------------------------------------
wns max -363.50

==========================================================================
global route report_worst_slack
--------------------------------------------------------------------------
worst slack max -363.50

==========================================================================
global route report_clock_min_period
--------------------------------------------------------------------------
virtual_clk period_min = 373.50 fmax = 2677.36

==========================================================================
global route report_clock_skew
--------------------------------------------------------------------------
Clock virtual_clk
No launch/capture paths found.


==========================================================================
global route report_checks -path_delay min
--------------------------------------------------------------------------
Startpoint: imagem_in[122] (input port clocked by virtual_clk)
Endpoint: imagem_out[26] (output port clocked by virtual_clk)
Path Group: virtual_clk
Path Type: min

Fanout     Cap    Slew   Delay    Time   Description
-----------------------------------------------------------------------------
                  0.00    0.00    0.00   clock virtual_clk (rise edge)
                          0.00    0.00   clock network delay (ideal)
                          0.00    0.00 ^ input external delay
     1    1.06    0.00    0.00    0.00 ^ imagem_in[122] (in)
                                         imagem_in[122] (net)
                  0.21    0.07    0.07 ^ input26/A (BUFx2_ASAP7_75t_R)
     2    1.79    8.59   11.87   11.93 ^ input26/Y (BUFx2_ASAP7_75t_R)
                                         net26 (net)
                  8.60    0.13   12.07 ^ _1127_/A1 (AO21x2_ASAP7_75t_R)
     2    1.43    6.96   15.60   27.67 ^ _1127_/Y (AO21x2_ASAP7_75t_R)
                                         _0232_ (net)
                  6.97    0.11   27.78 ^ _1129_/A2 (OA21x2_ASAP7_75t_R)
     1    0.66    5.63   14.38   42.16 ^ _1129_/Y (OA21x2_ASAP7_75t_R)
                                         net147 (net)
                  5.63    0.03   42.19 ^ output147/A (BUFx3_ASAP7_75t_R)
     1    0.49    4.51   10.69   52.88 ^ output147/Y (BUFx3_ASAP7_75t_R)
                                         imagem_out[26] (net)
                  4.51    0.03   52.91 ^ imagem_out[26] (out)
                                 52.91   data arrival time

                  0.00    0.00    0.00   clock virtual_clk (rise edge)
                          0.00    0.00   clock network delay (ideal)
                          0.00    0.00   clock reconvergence pessimism
                          0.00    0.00   output external delay
                                  0.00   data required time
-----------------------------------------------------------------------------
                                  0.00   data required time
                                -52.91   data arrival time
-----------------------------------------------------------------------------
                                 52.91   slack (MET)



==========================================================================
global route report_checks -path_delay max
--------------------------------------------------------------------------
Startpoint: imagem_in[119] (input port clocked by virtual_clk)
Endpoint: imagem_out[31] (output port clocked by virtual_clk)
Path Group: virtual_clk
Path Type: max

Fanout     Cap    Slew   Delay    Time   Description
-----------------------------------------------------------------------------
                  0.00    0.00    0.00   clock virtual_clk (rise edge)
                          0.00    0.00   clock network delay (ideal)
                          0.00    0.00 v input external delay
     1    3.90    0.00    0.00    0.00 v imagem_in[119] (in)
                                         imagem_in[119] (net)
                  1.35    0.43    0.43 v input22/A (BUFx12f_ASAP7_75t_R)
     1    5.59    6.63   10.79   11.21 v input22/Y (BUFx12f_ASAP7_75t_R)
                                         net22 (net)
                  7.01    0.82   12.04 v _0869_/A (INVx8_ASAP7_75t_R)
     2    2.14    4.09    4.47   16.51 ^ _0869_/Y (INVx8_ASAP7_75t_R)
                                         _0256_ (net)
                  4.13    0.21   16.71 ^ _1254_/A (HAxp5_ASAP7_75t_R)
     2    1.66   31.27   28.90   45.61 v _1254_/SN (HAxp5_ASAP7_75t_R)
                                         _0258_ (net)
                 31.27    0.09   45.70 v _1080_/D (OR4x1_ASAP7_75t_R)
     2    1.78   16.07   33.03   78.73 v _1080_/Y (OR4x1_ASAP7_75t_R)
                                         _0601_ (net)
                 16.09    0.28   79.01 v _1082_/C (OR4x1_ASAP7_75t_R)
     2    1.33   13.49   29.40  108.40 v _1082_/Y (OR4x1_ASAP7_75t_R)
                                         _0603_ (net)
                 13.50    0.07  108.48 v _1089_/B (OA211x2_ASAP7_75t_R)
     1    0.98    9.90   27.32  135.80 v _1089_/Y (OA211x2_ASAP7_75t_R)
                                         _0610_ (net)
                  9.90    0.10  135.90 v _1090_/B (AO21x2_ASAP7_75t_R)
     7    8.87   28.07   29.04  164.94 v _1090_/Y (AO21x2_ASAP7_75t_R)
                                         _0611_ (net)
                 28.25    1.31  166.25 v _1114_/A1 (AO21x2_ASAP7_75t_R)
     2    2.24   10.78   25.42  191.66 v _1114_/Y (AO21x2_ASAP7_75t_R)
                                         _0143_ (net)
                 10.82    0.36  192.03 v _1218_/B (HAxp5_ASAP7_75t_R)
     2    1.50   28.63   29.66  221.69 v _1218_/SN (HAxp5_ASAP7_75t_R)
                                         _0145_ (net)
                 28.63    0.07  221.76 v _1103_/B (OR3x1_ASAP7_75t_R)
     2    1.87   14.94   27.76  249.52 v _1103_/Y (OR3x1_ASAP7_75t_R)
                                         _0623_ (net)
                 14.96    0.23  249.75 v _1104_/A (OR5x1_ASAP7_75t_R)
     1    1.17   13.97   28.97  278.72 v _1104_/Y (OR5x1_ASAP7_75t_R)
                                         _0624_ (net)
                 13.98    0.18  278.90 v _1106_/B (AND3x1_ASAP7_75t_R)
     2    1.71   11.05   16.11  295.01 v _1106_/Y (AND3x1_ASAP7_75t_R)
                                         _0626_ (net)
                 11.05    0.12  295.13 v _1110_/B2 (AO22x2_ASAP7_75t_R)
     8    6.89   22.74   27.47  322.60 v _1110_/Y (AO22x2_ASAP7_75t_R)
                                         _0630_ (net)
                 22.84    0.85  323.44 v _1168_/B (OR3x1_ASAP7_75t_R)
     1    0.96    9.87   23.80  347.25 v _1168_/Y (OR3x1_ASAP7_75t_R)
                                         _0652_ (net)
                  9.87    0.10  347.35 v _1169_/B (OA21x2_ASAP7_75t_R)
     1    1.10    7.81   13.57  360.92 v _1169_/Y (OA21x2_ASAP7_75t_R)
                                         net153 (net)
                  7.82    0.13  361.05 v output153/A (BUFx3_ASAP7_75t_R)
     1    0.81    4.78   12.36  373.41 v output153/Y (BUFx3_ASAP7_75t_R)
                                         imagem_out[31] (net)
                  4.79    0.09  373.50 v imagem_out[31] (out)
                                373.50   data arrival time

                  0.00   10.00   10.00   clock virtual_clk (rise edge)
                          0.00   10.00   clock network delay (ideal)
                          0.00   10.00   clock reconvergence pessimism
                          0.00   10.00   output external delay
                                 10.00   data required time
-----------------------------------------------------------------------------
                                 10.00   data required time
                               -373.50   data arrival time
-----------------------------------------------------------------------------
                               -363.50   slack (VIOLATED)



==========================================================================
global route report_checks -unconstrained
--------------------------------------------------------------------------
Startpoint: imagem_in[119] (input port clocked by virtual_clk)
Endpoint: imagem_out[31] (output port clocked by virtual_clk)
Path Group: virtual_clk
Path Type: max

Fanout     Cap    Slew   Delay    Time   Description
-----------------------------------------------------------------------------
                  0.00    0.00    0.00   clock virtual_clk (rise edge)
                          0.00    0.00   clock network delay (ideal)
                          0.00    0.00 v input external delay
     1    3.90    0.00    0.00    0.00 v imagem_in[119] (in)
                                         imagem_in[119] (net)
                  1.35    0.43    0.43 v input22/A (BUFx12f_ASAP7_75t_R)
     1    5.59    6.63   10.79   11.21 v input22/Y (BUFx12f_ASAP7_75t_R)
                                         net22 (net)
                  7.01    0.82   12.04 v _0869_/A (INVx8_ASAP7_75t_R)
     2    2.14    4.09    4.47   16.51 ^ _0869_/Y (INVx8_ASAP7_75t_R)
                                         _0256_ (net)
                  4.13    0.21   16.71 ^ _1254_/A (HAxp5_ASAP7_75t_R)
     2    1.66   31.27   28.90   45.61 v _1254_/SN (HAxp5_ASAP7_75t_R)
                                         _0258_ (net)
                 31.27    0.09   45.70 v _1080_/D (OR4x1_ASAP7_75t_R)
     2    1.78   16.07   33.03   78.73 v _1080_/Y (OR4x1_ASAP7_75t_R)
                                         _0601_ (net)
                 16.09    0.28   79.01 v _1082_/C (OR4x1_ASAP7_75t_R)
     2    1.33   13.49   29.40  108.40 v _1082_/Y (OR4x1_ASAP7_75t_R)
                                         _0603_ (net)
                 13.50    0.07  108.48 v _1089_/B (OA211x2_ASAP7_75t_R)
     1    0.98    9.90   27.32  135.80 v _1089_/Y (OA211x2_ASAP7_75t_R)
                                         _0610_ (net)
                  9.90    0.10  135.90 v _1090_/B (AO21x2_ASAP7_75t_R)
     7    8.87   28.07   29.04  164.94 v _1090_/Y (AO21x2_ASAP7_75t_R)
                                         _0611_ (net)
                 28.25    1.31  166.25 v _1114_/A1 (AO21x2_ASAP7_75t_R)
     2    2.24   10.78   25.42  191.66 v _1114_/Y (AO21x2_ASAP7_75t_R)
                                         _0143_ (net)
                 10.82    0.36  192.03 v _1218_/B (HAxp5_ASAP7_75t_R)
     2    1.50   28.63   29.66  221.69 v _1218_/SN (HAxp5_ASAP7_75t_R)
                                         _0145_ (net)
                 28.63    0.07  221.76 v _1103_/B (OR3x1_ASAP7_75t_R)
     2    1.87   14.94   27.76  249.52 v _1103_/Y (OR3x1_ASAP7_75t_R)
                                         _0623_ (net)
                 14.96    0.23  249.75 v _1104_/A (OR5x1_ASAP7_75t_R)
     1    1.17   13.97   28.97  278.72 v _1104_/Y (OR5x1_ASAP7_75t_R)
                                         _0624_ (net)
                 13.98    0.18  278.90 v _1106_/B (AND3x1_ASAP7_75t_R)
     2    1.71   11.05   16.11  295.01 v _1106_/Y (AND3x1_ASAP7_75t_R)
                                         _0626_ (net)
                 11.05    0.12  295.13 v _1110_/B2 (AO22x2_ASAP7_75t_R)
     8    6.89   22.74   27.47  322.60 v _1110_/Y (AO22x2_ASAP7_75t_R)
                                         _0630_ (net)
                 22.84    0.85  323.44 v _1168_/B (OR3x1_ASAP7_75t_R)
     1    0.96    9.87   23.80  347.25 v _1168_/Y (OR3x1_ASAP7_75t_R)
                                         _0652_ (net)
                  9.87    0.10  347.35 v _1169_/B (OA21x2_ASAP7_75t_R)
     1    1.10    7.81   13.57  360.92 v _1169_/Y (OA21x2_ASAP7_75t_R)
                                         net153 (net)
                  7.82    0.13  361.05 v output153/A (BUFx3_ASAP7_75t_R)
     1    0.81    4.78   12.36  373.41 v output153/Y (BUFx3_ASAP7_75t_R)
                                         imagem_out[31] (net)
                  4.79    0.09  373.50 v imagem_out[31] (out)
                                373.50   data arrival time

                  0.00   10.00   10.00   clock virtual_clk (rise edge)
                          0.00   10.00   clock network delay (ideal)
                          0.00   10.00   clock reconvergence pessimism
                          0.00   10.00   output external delay
                                 10.00   data required time
-----------------------------------------------------------------------------
                                 10.00   data required time
                               -373.50   data arrival time
-----------------------------------------------------------------------------
                               -363.50   slack (VIOLATED)



==========================================================================
global route report_check_types -max_slew -max_cap -max_fanout -violators
--------------------------------------------------------------------------

==========================================================================
global route max_slew_check_slack
--------------------------------------------------------------------------
269.5590515136719

==========================================================================
global route max_slew_check_limit
--------------------------------------------------------------------------
320.0

==========================================================================
global route max_slew_check_slack_limit
--------------------------------------------------------------------------
0.8424

==========================================================================
global route max_fanout_check_slack
--------------------------------------------------------------------------
1.0000000150474662e+30

==========================================================================
global route max_fanout_check_limit
--------------------------------------------------------------------------
1.0000000150474662e+30

==========================================================================
global route max_capacitance_check_slack
--------------------------------------------------------------------------
16.143091201782227

==========================================================================
global route max_capacitance_check_limit
--------------------------------------------------------------------------
23.040000915527344

==========================================================================
global route max_capacitance_check_slack_limit
--------------------------------------------------------------------------
0.7007

==========================================================================
global route max_slew_violation_count
--------------------------------------------------------------------------
max slew violation count 0

==========================================================================
global route max_fanout_violation_count
--------------------------------------------------------------------------
max fanout violation count 0

==========================================================================
global route max_cap_violation_count
--------------------------------------------------------------------------
max cap violation count 0

==========================================================================
global route setup_violation_count
--------------------------------------------------------------------------
setup violation count 32

==========================================================================
global route hold_violation_count
--------------------------------------------------------------------------
hold violation count 0

==========================================================================
global route critical path delay
--------------------------------------------------------------------------
373.5028

==========================================================================
global route critical path slack
--------------------------------------------------------------------------
-363.5028

==========================================================================
global route slack div critical path delay
--------------------------------------------------------------------------
-97.322644

==========================================================================
global route report_power
--------------------------------------------------------------------------
Group                  Internal  Switching    Leakage      Total
                          Power      Power      Power      Power (Watts)
----------------------------------------------------------------
Sequential             0.00e+00   0.00e+00   0.00e+00   0.00e+00   0.0%
Combinational          1.53e-02   1.18e-02   5.76e-08   2.71e-02 100.0%
Clock                  0.00e+00   0.00e+00   0.00e+00   0.00e+00   0.0%
Macro                  0.00e+00   0.00e+00   0.00e+00   0.00e+00   0.0%
Pad                    0.00e+00   0.00e+00   0.00e+00   0.00e+00   0.0%
----------------------------------------------------------------
Total                  1.53e-02   1.18e-02   5.76e-08   2.71e-02 100.0%
                          56.6%      43.4%       0.0%
