
==========================================================================
finish report_tns
--------------------------------------------------------------------------
tns max -10875.17

==========================================================================
finish report_wns
--------------------------------------------------------------------------
wns max -348.99

==========================================================================
finish report_worst_slack
--------------------------------------------------------------------------
worst slack max -348.99

==========================================================================
finish report_clock_min_period
--------------------------------------------------------------------------
virtual_clk period_min = 358.99 fmax = 2785.58

==========================================================================
finish report_clock_skew
--------------------------------------------------------------------------
Clock virtual_clk
No launch/capture paths found.


==========================================================================
finish report_checks -path_delay min
--------------------------------------------------------------------------
Startpoint: imagem_in[51] (input port clocked by virtual_clk)
Endpoint: imagem_out[11] (output port clocked by virtual_clk)
Path Group: virtual_clk
Path Type: min

Fanout     Cap    Slew   Delay    Time   Description
-----------------------------------------------------------------------------
                  0.00    0.00    0.00   clock virtual_clk (rise edge)
                          0.00    0.00   clock network delay (ideal)
                          0.00    0.00 ^ input external delay
     1    2.36    0.00    0.00    0.00 ^ imagem_in[51] (in)
                                         imagem_in[51] (net)
                  0.69    0.22    0.22 ^ input75/A (BUFx12f_ASAP7_75t_R)
     2    2.16    4.84    9.28    9.49 ^ input75/Y (BUFx12f_ASAP7_75t_R)
                                         net75 (net)
                  4.84    0.13    9.62 ^ _1020_/A1 (AO21x1_ASAP7_75t_R)
     2    1.59   11.92   14.91   24.53 ^ _1020_/Y (AO21x1_ASAP7_75t_R)
                                         _0244_ (net)
                 11.92    0.13   24.66 ^ _1022_/A2 (OA21x2_ASAP7_75t_R)
     1    0.61    5.50   15.65   40.31 ^ _1022_/Y (OA21x2_ASAP7_75t_R)
                                         net131 (net)
                  5.50    0.05   40.36 ^ output131/A (BUFx3_ASAP7_75t_R)
     1    0.39    4.34   10.53   50.89 ^ output131/Y (BUFx3_ASAP7_75t_R)
                                         imagem_out[11] (net)
                  4.34    0.04   50.93 ^ imagem_out[11] (out)
                                 50.93   data arrival time

                  0.00    0.00    0.00   clock virtual_clk (rise edge)
                          0.00    0.00   clock network delay (ideal)
                          0.00    0.00   clock reconvergence pessimism
                          0.00    0.00   output external delay
                                  0.00   data required time
-----------------------------------------------------------------------------
                                  0.00   data required time
                                -50.93   data arrival time
-----------------------------------------------------------------------------
                                 50.93   slack (MET)



==========================================================================
finish report_checks -path_delay max
--------------------------------------------------------------------------
Startpoint: imagem_in[101] (input port clocked by virtual_clk)
Endpoint: imagem_out[21] (output port clocked by virtual_clk)
Path Group: virtual_clk
Path Type: max

Fanout     Cap    Slew   Delay    Time   Description
-----------------------------------------------------------------------------
                  0.00    0.00    0.00   clock virtual_clk (rise edge)
                          0.00    0.00   clock network delay (ideal)
                          0.00    0.00 v input external delay
     1    1.15    0.00    0.00    0.00 v imagem_in[101] (in)
                                         imagem_in[101] (net)
                  0.28    0.09    0.09 v input3/A (BUFx3_ASAP7_75t_R)
     1    1.33    5.60   10.50   10.59 v input3/Y (BUFx3_ASAP7_75t_R)
                                         net3 (net)
                  5.61    0.10   10.68 v _0883_/A (INVx2_ASAP7_75t_R)
     2    1.93    7.46    5.68   16.37 ^ _0883_/Y (INVx2_ASAP7_75t_R)
                                         _0155_ (net)
                  7.47    0.13   16.49 ^ _1223_/A (HAxp5_ASAP7_75t_R)
     2    1.42   27.27   27.64   44.14 v _1223_/SN (HAxp5_ASAP7_75t_R)
                                         _0157_ (net)
                 27.27    0.08   44.22 v _0841_/D (OR4x1_ASAP7_75t_R)
     2    1.51   14.43   31.73   75.96 v _0841_/Y (OR4x1_ASAP7_75t_R)
                                         _0448_ (net)
                 14.43    0.16   76.11 v _0843_/D (OR4x1_ASAP7_75t_R)
     2    1.15   12.27   28.63  104.74 v _0843_/Y (OR4x1_ASAP7_75t_R)
                                         _0450_ (net)
                 12.27    0.06  104.81 v _0850_/C (OA211x2_ASAP7_75t_R)
     1    0.73    9.33   27.97  132.78 v _0850_/Y (OA211x2_ASAP7_75t_R)
                                         _0457_ (net)
                  9.33    0.06  132.84 v _0851_/B (AO21x2_ASAP7_75t_R)
     7    8.23   26.16   28.28  161.12 v _0851_/Y (AO21x2_ASAP7_75t_R)
                                         _0458_ (net)
                 26.30    1.12  162.25 v place289/A (BUFx6f_ASAP7_75t_R)
    10    9.21   12.26   20.95  183.20 v place289/Y (BUFx6f_ASAP7_75t_R)
                                         net289 (net)
                 12.30    0.42  183.62 v _1060_/B (NOR2x1_ASAP7_75t_R)
     1    0.74    9.47    7.79  191.41 ^ _1060_/Y (NOR2x1_ASAP7_75t_R)
                                         _0589_ (net)
                  9.47    0.07  191.48 ^ _1061_/B (AO21x2_ASAP7_75t_R)
     2    1.79    9.60   13.72  205.20 ^ _1061_/Y (AO21x2_ASAP7_75t_R)
                                         _0206_ (net)
                  9.62    0.17  205.37 ^ _1239_/B (HAxp5_ASAP7_75t_R)
     2    1.39   26.89   28.08  233.45 v _1239_/SN (HAxp5_ASAP7_75t_R)
                                         _0208_ (net)
                 26.89    0.09  233.53 v _1045_/D (OR5x1_ASAP7_75t_R)
     1    0.68   10.97   34.36  267.89 v _1045_/Y (OR5x1_ASAP7_75t_R)
                                         _0579_ (net)
                 10.97    0.06  267.95 v _1047_/B (AND3x1_ASAP7_75t_R)
     2    1.61   10.55   14.98  282.92 v _1047_/Y (AND3x1_ASAP7_75t_R)
                                         _0581_ (net)
                 10.57    0.25  283.17 v _1049_/B1 (AO22x2_ASAP7_75t_R)
     8    6.11   20.49   27.28  310.45 v _1049_/Y (AO22x2_ASAP7_75t_R)
                                         _0583_ (net)
                 20.60    0.84  311.29 v _1054_/A (OR3x1_ASAP7_75t_R)
     1    0.85    9.20   22.64  333.92 v _1054_/Y (OR3x1_ASAP7_75t_R)
                                         _0586_ (net)
                  9.20    0.09  334.01 v _1055_/B (OA21x2_ASAP7_75t_R)
     1    0.82    7.06   12.97  346.98 v _1055_/Y (OA21x2_ASAP7_75t_R)
                                         net142 (net)
                  7.06    0.08  347.05 v output142/A (BUFx3_ASAP7_75t_R)
     1    0.58    4.46   11.87  358.92 v output142/Y (BUFx3_ASAP7_75t_R)
                                         imagem_out[21] (net)
                  4.46    0.07  358.99 v imagem_out[21] (out)
                                358.99   data arrival time

                  0.00   10.00   10.00   clock virtual_clk (rise edge)
                          0.00   10.00   clock network delay (ideal)
                          0.00   10.00   clock reconvergence pessimism
                          0.00   10.00   output external delay
                                 10.00   data required time
-----------------------------------------------------------------------------
                                 10.00   data required time
                               -358.99   data arrival time
-----------------------------------------------------------------------------
                               -348.99   slack (VIOLATED)



==========================================================================
finish report_checks -unconstrained
--------------------------------------------------------------------------
Startpoint: imagem_in[101] (input port clocked by virtual_clk)
Endpoint: imagem_out[21] (output port clocked by virtual_clk)
Path Group: virtual_clk
Path Type: max

Fanout     Cap    Slew   Delay    Time   Description
-----------------------------------------------------------------------------
                  0.00    0.00    0.00   clock virtual_clk (rise edge)
                          0.00    0.00   clock network delay (ideal)
                          0.00    0.00 v input external delay
     1    1.15    0.00    0.00    0.00 v imagem_in[101] (in)
                                         imagem_in[101] (net)
                  0.28    0.09    0.09 v input3/A (BUFx3_ASAP7_75t_R)
     1    1.33    5.60   10.50   10.59 v input3/Y (BUFx3_ASAP7_75t_R)
                                         net3 (net)
                  5.61    0.10   10.68 v _0883_/A (INVx2_ASAP7_75t_R)
     2    1.93    7.46    5.68   16.37 ^ _0883_/Y (INVx2_ASAP7_75t_R)
                                         _0155_ (net)
                  7.47    0.13   16.49 ^ _1223_/A (HAxp5_ASAP7_75t_R)
     2    1.42   27.27   27.64   44.14 v _1223_/SN (HAxp5_ASAP7_75t_R)
                                         _0157_ (net)
                 27.27    0.08   44.22 v _0841_/D (OR4x1_ASAP7_75t_R)
     2    1.51   14.43   31.73   75.96 v _0841_/Y (OR4x1_ASAP7_75t_R)
                                         _0448_ (net)
                 14.43    0.16   76.11 v _0843_/D (OR4x1_ASAP7_75t_R)
     2    1.15   12.27   28.63  104.74 v _0843_/Y (OR4x1_ASAP7_75t_R)
                                         _0450_ (net)
                 12.27    0.06  104.81 v _0850_/C (OA211x2_ASAP7_75t_R)
     1    0.73    9.33   27.97  132.78 v _0850_/Y (OA211x2_ASAP7_75t_R)
                                         _0457_ (net)
                  9.33    0.06  132.84 v _0851_/B (AO21x2_ASAP7_75t_R)
     7    8.23   26.16   28.28  161.12 v _0851_/Y (AO21x2_ASAP7_75t_R)
                                         _0458_ (net)
                 26.30    1.12  162.25 v place289/A (BUFx6f_ASAP7_75t_R)
    10    9.21   12.26   20.95  183.20 v place289/Y (BUFx6f_ASAP7_75t_R)
                                         net289 (net)
                 12.30    0.42  183.62 v _1060_/B (NOR2x1_ASAP7_75t_R)
     1    0.74    9.47    7.79  191.41 ^ _1060_/Y (NOR2x1_ASAP7_75t_R)
                                         _0589_ (net)
                  9.47    0.07  191.48 ^ _1061_/B (AO21x2_ASAP7_75t_R)
     2    1.79    9.60   13.72  205.20 ^ _1061_/Y (AO21x2_ASAP7_75t_R)
                                         _0206_ (net)
                  9.62    0.17  205.37 ^ _1239_/B (HAxp5_ASAP7_75t_R)
     2    1.39   26.89   28.08  233.45 v _1239_/SN (HAxp5_ASAP7_75t_R)
                                         _0208_ (net)
                 26.89    0.09  233.53 v _1045_/D (OR5x1_ASAP7_75t_R)
     1    0.68   10.97   34.36  267.89 v _1045_/Y (OR5x1_ASAP7_75t_R)
                                         _0579_ (net)
                 10.97    0.06  267.95 v _1047_/B (AND3x1_ASAP7_75t_R)
     2    1.61   10.55   14.98  282.92 v _1047_/Y (AND3x1_ASAP7_75t_R)
                                         _0581_ (net)
                 10.57    0.25  283.17 v _1049_/B1 (AO22x2_ASAP7_75t_R)
     8    6.11   20.49   27.28  310.45 v _1049_/Y (AO22x2_ASAP7_75t_R)
                                         _0583_ (net)
                 20.60    0.84  311.29 v _1054_/A (OR3x1_ASAP7_75t_R)
     1    0.85    9.20   22.64  333.92 v _1054_/Y (OR3x1_ASAP7_75t_R)
                                         _0586_ (net)
                  9.20    0.09  334.01 v _1055_/B (OA21x2_ASAP7_75t_R)
     1    0.82    7.06   12.97  346.98 v _1055_/Y (OA21x2_ASAP7_75t_R)
                                         net142 (net)
                  7.06    0.08  347.05 v output142/A (BUFx3_ASAP7_75t_R)
     1    0.58    4.46   11.87  358.92 v output142/Y (BUFx3_ASAP7_75t_R)
                                         imagem_out[21] (net)
                  4.46    0.07  358.99 v imagem_out[21] (out)
                                358.99   data arrival time

                  0.00   10.00   10.00   clock virtual_clk (rise edge)
                          0.00   10.00   clock network delay (ideal)
                          0.00   10.00   clock reconvergence pessimism
                          0.00   10.00   output external delay
                                 10.00   data required time
-----------------------------------------------------------------------------
                                 10.00   data required time
                               -358.99   data arrival time
-----------------------------------------------------------------------------
                               -348.99   slack (VIOLATED)



==========================================================================
finish report_check_types -max_slew -max_cap -max_fanout -violators
--------------------------------------------------------------------------

==========================================================================
finish max_slew_check_slack
--------------------------------------------------------------------------
272.5062561035156

==========================================================================
finish max_slew_check_limit
--------------------------------------------------------------------------
320.0

==========================================================================
finish max_slew_check_slack_limit
--------------------------------------------------------------------------
0.8516

==========================================================================
finish max_fanout_check_slack
--------------------------------------------------------------------------
1.0000000150474662e+30

==========================================================================
finish max_fanout_check_limit
--------------------------------------------------------------------------
1.0000000150474662e+30

==========================================================================
finish max_capacitance_check_slack
--------------------------------------------------------------------------
16.824167251586914

==========================================================================
finish max_capacitance_check_limit
--------------------------------------------------------------------------
23.040000915527344

==========================================================================
finish max_capacitance_check_slack_limit
--------------------------------------------------------------------------
0.7302

==========================================================================
finish max_slew_violation_count
--------------------------------------------------------------------------
max slew violation count 0

==========================================================================
finish max_fanout_violation_count
--------------------------------------------------------------------------
max fanout violation count 0

==========================================================================
finish max_cap_violation_count
--------------------------------------------------------------------------
max cap violation count 0

==========================================================================
finish setup_violation_count
--------------------------------------------------------------------------
setup violation count 32

==========================================================================
finish hold_violation_count
--------------------------------------------------------------------------
hold violation count 0

==========================================================================
finish critical path delay
--------------------------------------------------------------------------
358.9923

==========================================================================
finish critical path slack
--------------------------------------------------------------------------
-348.9923

==========================================================================
finish slack div critical path delay
--------------------------------------------------------------------------
-97.214425

==========================================================================
finish report_power
--------------------------------------------------------------------------
Group                  Internal  Switching    Leakage      Total
                          Power      Power      Power      Power (Watts)
----------------------------------------------------------------
Sequential             0.00e+00   0.00e+00   0.00e+00   0.00e+00   0.0%
Combinational          1.57e-02   1.06e-02   5.76e-08   2.63e-02 100.0%
Clock                  0.00e+00   0.00e+00   0.00e+00   0.00e+00   0.0%
Macro                  0.00e+00   0.00e+00   0.00e+00   0.00e+00   0.0%
Pad                    0.00e+00   0.00e+00   0.00e+00   0.00e+00   0.0%
----------------------------------------------------------------
Total                  1.57e-02   1.06e-02   5.76e-08   2.63e-02 100.0%
                          59.8%      40.2%       0.0%
