
==========================================================================
global place report_tns
--------------------------------------------------------------------------
tns max 0.00

==========================================================================
global place report_wns
--------------------------------------------------------------------------
wns max 0.00

==========================================================================
global place report_worst_slack
--------------------------------------------------------------------------
worst slack max 5328.98

==========================================================================
global place report_clock_min_period
--------------------------------------------------------------------------
core_clk period_min = 4671.02 fmax = 214.09

==========================================================================
global place report_checks -path_delay min
--------------------------------------------------------------------------
Startpoint: gen_feature_maps[2].filter.gen_channels[2].filters.convolve.soma[0][6]$_DFF_P_
            (rising edge-triggered flip-flop clocked by core_clk)
Endpoint: gen_feature_maps[2].filter.gen_channels[2].filters.convolve.soma[0][146]$_DFF_P_
          (rising edge-triggered flip-flop clocked by core_clk)
Path Group: core_clk
Path Type: min

Fanout     Cap    Slew   Delay    Time   Description
-----------------------------------------------------------------------------
                  0.00    0.00    0.00   clock core_clk (rise edge)
                          0.00    0.00   clock network delay (ideal)
                  0.00    0.00    0.00 ^ gen_feature_maps[2].filter.gen_channels[2].filters.convolve.soma[0][6]$_DFF_P_/CLK (DFFHQNx1_ASAP7_75t_R)
     1    0.52   10.99   31.23   31.23 ^ gen_feature_maps[2].filter.gen_channels[2].filters.convolve.soma[0][6]$_DFF_P_/QN (DFFHQNx1_ASAP7_75t_R)
                                         _020046_ (net)
                 10.99    0.01   31.24 ^ _501581_/A (INVx1_ASAP7_75t_R)
     1    0.55    5.88    5.57   36.82 v _501581_/Y (INVx1_ASAP7_75t_R)
                                         gen_feature_maps[2].filter.gen_channels[2].filters.convolve.soma[0][6] (net)
                  5.88    0.02   36.83 v gen_feature_maps[2].filter.gen_channels[2].filters.convolve.soma[0][146]$_DFF_P_/D (DFFHQNx1_ASAP7_75t_R)
                                 36.83   data arrival time

                  0.00    0.00    0.00   clock core_clk (rise edge)
                          0.00    0.00   clock network delay (ideal)
                          0.00    0.00   clock reconvergence pessimism
                                  0.00 ^ gen_feature_maps[2].filter.gen_channels[2].filters.convolve.soma[0][146]$_DFF_P_/CLK (DFFHQNx1_ASAP7_75t_R)
                          8.66    8.66   library hold time
                                  8.66   data required time
-----------------------------------------------------------------------------
                                  8.66   data required time
                                -36.83   data arrival time
-----------------------------------------------------------------------------
                                 28.17   slack (MET)



==========================================================================
global place report_checks -path_delay max
--------------------------------------------------------------------------
Startpoint: bias[71] (input port clocked by core_clk)
Endpoint: result[1658] (output port clocked by core_clk)
Path Group: core_clk
Path Type: max

Fanout     Cap    Slew   Delay    Time   Description
-----------------------------------------------------------------------------
                  0.00    0.00    0.00   clock core_clk (rise edge)
                          0.00    0.00   clock network delay (ideal)
                       2000.00 2000.00 ^ input external delay
     1    1.03    0.00    0.00 2000.00 ^ bias[71] (in)
                                         bias[71] (net)
                  0.18    0.06 2000.06 ^ input69/A (BUFx2_ASAP7_75t_R)
    13   28.12   94.29   43.71 2043.76 ^ input69/Y (BUFx2_ASAP7_75t_R)
                                         net69 (net)
                 96.14    7.37 2051.13 ^ place14730/A (BUFx3_ASAP7_75t_R)
    21   46.82  103.86   64.67 2115.80 ^ place14730/Y (BUFx3_ASAP7_75t_R)
                                         net14730 (net)
                104.66    5.23 2121.03 ^ place14729/A (BUFx6f_ASAP7_75t_R)
    39   86.74  101.73   60.14 2181.17 ^ place14729/Y (BUFx6f_ASAP7_75t_R)
                                         net14729 (net)
                106.22   11.53 2192.70 ^ place14728/A (BUFx6f_ASAP7_75t_R)
    47  104.01  124.79   60.66 2253.35 ^ place14728/Y (BUFx6f_ASAP7_75t_R)
                                         net14728 (net)
                144.39   25.76 2279.11 ^ _517570_/A (FAx1_ASAP7_75t_R)
     1    0.78   38.20   48.82 2327.93 v _517570_/SN (FAx1_ASAP7_75t_R)
                                         _086438_ (net)
                 38.20    0.03 2327.96 v _454441_/A (INVx1_ASAP7_75t_R)
     1    2.38   23.69   18.86 2346.82 ^ _454441_/Y (INVx1_ASAP7_75t_R)
                                         _086284_ (net)
                 23.69    0.11 2346.93 ^ _517532_/B (FAx1_ASAP7_75t_R)
     1    0.73   24.21   31.38 2378.31 v _517532_/SN (FAx1_ASAP7_75t_R)
                                         _086287_ (net)
                 24.21    0.02 2378.33 v _293326_/A (INVx1_ASAP7_75t_R)
     1    1.30   14.07   11.74 2390.07 ^ _293326_/Y (INVx1_ASAP7_75t_R)
                                         _086289_ (net)
                 14.07    0.07 2390.14 ^ _524858_/A (HAxp5_ASAP7_75t_R)
     5    4.53   79.83   62.02 2452.17 v _524858_/SN (HAxp5_ASAP7_75t_R)
                                         _117174_ (net)
                 79.83    0.47 2452.63 v _430900_/A (OR3x1_ASAP7_75t_R)
     1    0.58    9.34   32.60 2485.23 v _430900_/Y (OR3x1_ASAP7_75t_R)
                                         _248048_ (net)
                  9.34    0.02 2485.25 v _430903_/B2 (OA222x2_ASAP7_75t_R)
     2    2.15   13.50   23.74 2508.99 v _430903_/Y (OA222x2_ASAP7_75t_R)
                                         _248051_ (net)
                 13.53    0.31 2509.30 v _430905_/B1 (AO22x1_ASAP7_75t_R)
     3    2.97   19.22   26.88 2536.18 v _430905_/Y (AO22x1_ASAP7_75t_R)
                                         _248053_ (net)
                 19.24    0.23 2536.41 v _430910_/A1 (OA211x2_ASAP7_75t_R)
     3    2.83   14.80   28.00 2564.41 v _430910_/Y (OA211x2_ASAP7_75t_R)
                                         _248058_ (net)
                 14.80    0.17 2564.58 v _430911_/D (OR4x1_ASAP7_75t_R)
     1    0.48    9.85   26.04 2590.62 v _430911_/Y (OR4x1_ASAP7_75t_R)
                                         _248059_ (net)
                  9.85    0.02 2590.63 v _430912_/B (OA211x2_ASAP7_75t_R)
     1    0.95    9.83   26.12 2616.75 v _430912_/Y (OA211x2_ASAP7_75t_R)
                                         _248060_ (net)
                  9.83    0.06 2616.81 v _430913_/A2 (OA21x2_ASAP7_75t_R)
     1    0.97    7.50   17.43 2634.25 v _430913_/Y (OA21x2_ASAP7_75t_R)
                                         _248061_ (net)
                  7.50    0.03 2634.28 v _430914_/B (XNOR2x2_ASAP7_75t_R)
     1    2.45   12.07   22.46 2656.74 ^ _430914_/Y (XNOR2x2_ASAP7_75t_R)
                                         net3573 (net)
                 12.14    0.49 2657.24 ^ output3573/A (BUFx2_ASAP7_75t_R)
     1    0.68    5.46   13.74 2670.98 ^ output3573/Y (BUFx2_ASAP7_75t_R)
                                         result[1658] (net)
                  5.46    0.05 2671.02 ^ result[1658] (out)
                               2671.02   data arrival time

                  0.00 10000.00 10000.00   clock core_clk (rise edge)
                          0.00 10000.00   clock network delay (ideal)
                          0.00 10000.00   clock reconvergence pessimism
                       -2000.00 8000.00   output external delay
                               8000.00   data required time
-----------------------------------------------------------------------------
                               8000.00   data required time
                               -2671.02   data arrival time
-----------------------------------------------------------------------------
                               5328.98   slack (MET)



==========================================================================
global place report_checks -unconstrained
--------------------------------------------------------------------------
Startpoint: bias[71] (input port clocked by core_clk)
Endpoint: result[1658] (output port clocked by core_clk)
Path Group: core_clk
Path Type: max

Fanout     Cap    Slew   Delay    Time   Description
-----------------------------------------------------------------------------
                  0.00    0.00    0.00   clock core_clk (rise edge)
                          0.00    0.00   clock network delay (ideal)
                       2000.00 2000.00 ^ input external delay
     1    1.03    0.00    0.00 2000.00 ^ bias[71] (in)
                                         bias[71] (net)
                  0.18    0.06 2000.06 ^ input69/A (BUFx2_ASAP7_75t_R)
    13   28.12   94.29   43.71 2043.76 ^ input69/Y (BUFx2_ASAP7_75t_R)
                                         net69 (net)
                 96.14    7.37 2051.13 ^ place14730/A (BUFx3_ASAP7_75t_R)
    21   46.82  103.86   64.67 2115.80 ^ place14730/Y (BUFx3_ASAP7_75t_R)
                                         net14730 (net)
                104.66    5.23 2121.03 ^ place14729/A (BUFx6f_ASAP7_75t_R)
    39   86.74  101.73   60.14 2181.17 ^ place14729/Y (BUFx6f_ASAP7_75t_R)
                                         net14729 (net)
                106.22   11.53 2192.70 ^ place14728/A (BUFx6f_ASAP7_75t_R)
    47  104.01  124.79   60.66 2253.35 ^ place14728/Y (BUFx6f_ASAP7_75t_R)
                                         net14728 (net)
                144.39   25.76 2279.11 ^ _517570_/A (FAx1_ASAP7_75t_R)
     1    0.78   38.20   48.82 2327.93 v _517570_/SN (FAx1_ASAP7_75t_R)
                                         _086438_ (net)
                 38.20    0.03 2327.96 v _454441_/A (INVx1_ASAP7_75t_R)
     1    2.38   23.69   18.86 2346.82 ^ _454441_/Y (INVx1_ASAP7_75t_R)
                                         _086284_ (net)
                 23.69    0.11 2346.93 ^ _517532_/B (FAx1_ASAP7_75t_R)
     1    0.73   24.21   31.38 2378.31 v _517532_/SN (FAx1_ASAP7_75t_R)
                                         _086287_ (net)
                 24.21    0.02 2378.33 v _293326_/A (INVx1_ASAP7_75t_R)
     1    1.30   14.07   11.74 2390.07 ^ _293326_/Y (INVx1_ASAP7_75t_R)
                                         _086289_ (net)
                 14.07    0.07 2390.14 ^ _524858_/A (HAxp5_ASAP7_75t_R)
     5    4.53   79.83   62.02 2452.17 v _524858_/SN (HAxp5_ASAP7_75t_R)
                                         _117174_ (net)
                 79.83    0.47 2452.63 v _430900_/A (OR3x1_ASAP7_75t_R)
     1    0.58    9.34   32.60 2485.23 v _430900_/Y (OR3x1_ASAP7_75t_R)
                                         _248048_ (net)
                  9.34    0.02 2485.25 v _430903_/B2 (OA222x2_ASAP7_75t_R)
     2    2.15   13.50   23.74 2508.99 v _430903_/Y (OA222x2_ASAP7_75t_R)
                                         _248051_ (net)
                 13.53    0.31 2509.30 v _430905_/B1 (AO22x1_ASAP7_75t_R)
     3    2.97   19.22   26.88 2536.18 v _430905_/Y (AO22x1_ASAP7_75t_R)
                                         _248053_ (net)
                 19.24    0.23 2536.41 v _430910_/A1 (OA211x2_ASAP7_75t_R)
     3    2.83   14.80   28.00 2564.41 v _430910_/Y (OA211x2_ASAP7_75t_R)
                                         _248058_ (net)
                 14.80    0.17 2564.58 v _430911_/D (OR4x1_ASAP7_75t_R)
     1    0.48    9.85   26.04 2590.62 v _430911_/Y (OR4x1_ASAP7_75t_R)
                                         _248059_ (net)
                  9.85    0.02 2590.63 v _430912_/B (OA211x2_ASAP7_75t_R)
     1    0.95    9.83   26.12 2616.75 v _430912_/Y (OA211x2_ASAP7_75t_R)
                                         _248060_ (net)
                  9.83    0.06 2616.81 v _430913_/A2 (OA21x2_ASAP7_75t_R)
     1    0.97    7.50   17.43 2634.25 v _430913_/Y (OA21x2_ASAP7_75t_R)
                                         _248061_ (net)
                  7.50    0.03 2634.28 v _430914_/B (XNOR2x2_ASAP7_75t_R)
     1    2.45   12.07   22.46 2656.74 ^ _430914_/Y (XNOR2x2_ASAP7_75t_R)
                                         net3573 (net)
                 12.14    0.49 2657.24 ^ output3573/A (BUFx2_ASAP7_75t_R)
     1    0.68    5.46   13.74 2670.98 ^ output3573/Y (BUFx2_ASAP7_75t_R)
                                         result[1658] (net)
                  5.46    0.05 2671.02 ^ result[1658] (out)
                               2671.02   data arrival time

                  0.00 10000.00 10000.00   clock core_clk (rise edge)
                          0.00 10000.00   clock network delay (ideal)
                          0.00 10000.00   clock reconvergence pessimism
                       -2000.00 8000.00   output external delay
                               8000.00   data required time
-----------------------------------------------------------------------------
                               8000.00   data required time
                               -2671.02   data arrival time
-----------------------------------------------------------------------------
                               5328.98   slack (MET)



==========================================================================
global place report_power
--------------------------------------------------------------------------
Group                  Internal  Switching    Leakage      Total
                          Power      Power      Power      Power (Watts)
----------------------------------------------------------------
Sequential             5.29e-03   6.36e-04   2.49e-06   5.93e-03  15.6%
Combinational          1.63e-02   1.58e-02   1.74e-05   3.21e-02  84.4%
Clock                  0.00e+00   0.00e+00   0.00e+00   0.00e+00   0.0%
Macro                  0.00e+00   0.00e+00   0.00e+00   0.00e+00   0.0%
Pad                    0.00e+00   0.00e+00   0.00e+00   0.00e+00   0.0%
----------------------------------------------------------------
Total                  2.16e-02   1.64e-02   1.99e-05   3.80e-02 100.0%
                          56.8%      43.1%       0.1%
