
==========================================================================
resizer report_tns
--------------------------------------------------------------------------
tns max 0.00

==========================================================================
resizer report_wns
--------------------------------------------------------------------------
wns max 0.00

==========================================================================
resizer report_worst_slack
--------------------------------------------------------------------------
worst slack max 5328.98

==========================================================================
resizer report_clock_min_period
--------------------------------------------------------------------------
core_clk period_min = 4671.02 fmax = 214.09

==========================================================================
resizer report_checks -path_delay min
--------------------------------------------------------------------------
Startpoint: gen_feature_maps[2].filter.gen_channels[2].filters.convolve.soma[0][6]$_DFF_P_
            (rising edge-triggered flip-flop clocked by core_clk)
Endpoint: gen_feature_maps[2].filter.gen_channels[2].filters.convolve.soma[0][146]$_DFF_P_
          (rising edge-triggered flip-flop clocked by core_clk)
Path Group: core_clk
Path Type: min

Fanout     Cap    Slew   Delay    Time   Description
-----------------------------------------------------------------------------
                  0.00    0.00    0.00   clock core_clk (rise edge)
                          0.00    0.00   clock network delay (ideal)
                  0.00    0.00    0.00 ^ gen_feature_maps[2].filter.gen_channels[2].filters.convolve.soma[0][6]$_DFF_P_/CLK (DFFHQNx1_ASAP7_75t_R)
     1    0.52   10.99   31.23   31.23 ^ gen_feature_maps[2].filter.gen_channels[2].filters.convolve.soma[0][6]$_DFF_P_/QN (DFFHQNx1_ASAP7_75t_R)
                                         _020046_ (net)
                 10.99    0.01   31.24 ^ _501581_/A (INVx1_ASAP7_75t_R)
     1    0.55    5.88    5.57   36.82 v _501581_/Y (INVx1_ASAP7_75t_R)
                                         gen_feature_maps[2].filter.gen_channels[2].filters.convolve.soma[0][6] (net)
                  5.88    0.02   36.83 v gen_feature_maps[2].filter.gen_channels[2].filters.convolve.soma[0][146]$_DFF_P_/D (DFFHQNx1_ASAP7_75t_R)
                                 36.83   data arrival time

                  0.00    0.00    0.00   clock core_clk (rise edge)
                          0.00    0.00   clock network delay (ideal)
                          0.00    0.00   clock reconvergence pessimism
                                  0.00 ^ gen_feature_maps[2].filter.gen_channels[2].filters.convolve.soma[0][146]$_DFF_P_/CLK (DFFHQNx1_ASAP7_75t_R)
                          8.66    8.66   library hold time
                                  8.66   data required time
-----------------------------------------------------------------------------
                                  8.66   data required time
                                -36.83   data arrival time
-----------------------------------------------------------------------------
                                 28.17   slack (MET)



==========================================================================
resizer report_checks -path_delay max
--------------------------------------------------------------------------
Startpoint: bias[71] (input port clocked by core_clk)
Endpoint: result[1658] (output port clocked by core_clk)
Path Group: core_clk
Path Type: max

Fanout     Cap    Slew   Delay    Time   Description
-----------------------------------------------------------------------------
                  0.00    0.00    0.00   clock core_clk (rise edge)
                          0.00    0.00   clock network delay (ideal)
                       2000.00 2000.00 ^ input external delay
     1    1.03    0.00    0.00 2000.00 ^ bias[71] (in)
                                         bias[71] (net)
                  0.18    0.06 2000.06 ^ input69/A (BUFx2_ASAP7_75t_R)
    13   28.12   94.29   43.71 2043.76 ^ input69/Y (BUFx2_ASAP7_75t_R)
                                         net69 (net)
                 96.14    7.37 2051.13 ^ place14730/A (BUFx3_ASAP7_75t_R)
    21   46.82  103.86   64.67 2115.80 ^ place14730/Y (BUFx3_ASAP7_75t_R)
                                         net14730 (net)
                104.66    5.23 2121.03 ^ place14729/A (BUFx6f_ASAP7_75t_R)
    39   86.74  101.73   60.14 2181.17 ^ place14729/Y (BUFx6f_ASAP7_75t_R)
                                         net14729 (net)
                106.22   11.53 2192.70 ^ place14728/A (BUFx6f_ASAP7_75t_R)
    47  104.01  124.79   60.66 2253.35 ^ place14728/Y (BUFx6f_ASAP7_75t_R)
                                         net14728 (net)
                144.39   25.76 2279.11 ^ _517570_/A (FAx1_ASAP7_75t_R)
     1    0.78   38.20   48.82 2327.93 v _517570_/SN (FAx1_ASAP7_75t_R)
                                         _086438_ (net)
                 38.20    0.03 2327.96 v _454441_/A (INVx1_ASAP7_75t_R)
     1    2.38   23.69   18.86 2346.82 ^ _454441_/Y (INVx1_ASAP7_75t_R)
                                         _086284_ (net)
                 23.69    0.11 2346.93 ^ _517532_/B (FAx1_ASAP7_75t_R)
     1    0.73   24.21   31.38 2378.31 v _517532_/SN (FAx1_ASAP7_75t_R)
                                         _086287_ (net)
                 24.21    0.02 2378.33 v _293326_/A (INVx1_ASAP7_75t_R)
     1    1.30   14.07   11.74 2390.07 ^ _293326_/Y (INVx1_ASAP7_75t_R)
                                         _086289_ (net)
                 14.07    0.07 2390.14 ^ _524858_/A (HAxp5_ASAP7_75t_R)
     5    4.53   79.83   62.02 2452.17 v _524858_/SN (HAxp5_ASAP7_75t_R)
                                         _117174_ (net)
                 79.83    0.47 2452.63 v _430900_/A (OR3x1_ASAP7_75t_R)
     1    0.58    9.34   32.60 2485.23 v _430900_/Y (OR3x1_ASAP7_75t_R)
                                         _248048_ (net)
                  9.34    0.02 2485.25 v _430903_/B2 (OA222x2_ASAP7_75t_R)
     2    2.15   13.50   23.74 2508.99 v _430903_/Y (OA222x2_ASAP7_75t_R)
                                         _248051_ (net)
                 13.53    0.31 2509.30 v _430905_/B1 (AO22x1_ASAP7_75t_R)
     3    2.97   19.22   26.88 2536.18 v _430905_/Y (AO22x1_ASAP7_75t_R)
                                         _248053_ (net)
                 19.24    0.23 2536.41 v _430910_/A1 (OA211x2_ASAP7_75t_R)
     3    2.83   14.80   28.00 2564.41 v _430910_/Y (OA211x2_ASAP7_75t_R)
                                         _248058_ (net)
                 14.80    0.17 2564.58 v _430911_/D (OR4x1_ASAP7_75t_R)
     1    0.48    9.85   26.04 2590.62 v _430911_/Y (OR4x1_ASAP7_75t_R)
                                         _248059_ (net)
                  9.85    0.02 2590.63 v _430912_/B (OA211x2_ASAP7_75t_R)
     1    0.95    9.83   26.12 2616.75 v _430912_/Y (OA211x2_ASAP7_75t_R)
                                         _248060_ (net)
                  9.83    0.06 2616.81 v _430913_/A2 (OA21x2_ASAP7_75t_R)
     1    0.97    7.50   17.43 2634.25 v _430913_/Y (OA21x2_ASAP7_75t_R)
                                         _248061_ (net)
                  7.50    0.03 2634.28 v _430914_/B (XNOR2x2_ASAP7_75t_R)
     1    2.45   12.07   22.46 2656.74 ^ _430914_/Y (XNOR2x2_ASAP7_75t_R)
                                         net3573 (net)
                 12.14    0.49 2657.24 ^ output3573/A (BUFx2_ASAP7_75t_R)
     1    0.68    5.46   13.74 2670.98 ^ output3573/Y (BUFx2_ASAP7_75t_R)
                                         result[1658] (net)
                  5.46    0.05 2671.02 ^ result[1658] (out)
                               2671.02   data arrival time

                  0.00 10000.00 10000.00   clock core_clk (rise edge)
                          0.00 10000.00   clock network delay (ideal)
                          0.00 10000.00   clock reconvergence pessimism
                       -2000.00 8000.00   output external delay
                               8000.00   data required time
-----------------------------------------------------------------------------
                               8000.00   data required time
                               -2671.02   data arrival time
-----------------------------------------------------------------------------
                               5328.98   slack (MET)



==========================================================================
resizer report_checks -unconstrained
--------------------------------------------------------------------------
Startpoint: bias[71] (input port clocked by core_clk)
Endpoint: result[1658] (output port clocked by core_clk)
Path Group: core_clk
Path Type: max

Fanout     Cap    Slew   Delay    Time   Description
-----------------------------------------------------------------------------
                  0.00    0.00    0.00   clock core_clk (rise edge)
                          0.00    0.00   clock network delay (ideal)
                       2000.00 2000.00 ^ input external delay
     1    1.03    0.00    0.00 2000.00 ^ bias[71] (in)
                                         bias[71] (net)
                  0.18    0.06 2000.06 ^ input69/A (BUFx2_ASAP7_75t_R)
    13   28.12   94.29   43.71 2043.76 ^ input69/Y (BUFx2_ASAP7_75t_R)
                                         net69 (net)
                 96.14    7.37 2051.13 ^ place14730/A (BUFx3_ASAP7_75t_R)
    21   46.82  103.86   64.67 2115.80 ^ place14730/Y (BUFx3_ASAP7_75t_R)
                                         net14730 (net)
                104.66    5.23 2121.03 ^ place14729/A (BUFx6f_ASAP7_75t_R)
    39   86.74  101.73   60.14 2181.17 ^ place14729/Y (BUFx6f_ASAP7_75t_R)
                                         net14729 (net)
                106.22   11.53 2192.70 ^ place14728/A (BUFx6f_ASAP7_75t_R)
    47  104.01  124.79   60.66 2253.35 ^ place14728/Y (BUFx6f_ASAP7_75t_R)
                                         net14728 (net)
                144.39   25.76 2279.11 ^ _517570_/A (FAx1_ASAP7_75t_R)
     1    0.78   38.20   48.82 2327.93 v _517570_/SN (FAx1_ASAP7_75t_R)
                                         _086438_ (net)
                 38.20    0.03 2327.96 v _454441_/A (INVx1_ASAP7_75t_R)
     1    2.38   23.69   18.86 2346.82 ^ _454441_/Y (INVx1_ASAP7_75t_R)
                                         _086284_ (net)
                 23.69    0.11 2346.93 ^ _517532_/B (FAx1_ASAP7_75t_R)
     1    0.73   24.21   31.38 2378.31 v _517532_/SN (FAx1_ASAP7_75t_R)
                                         _086287_ (net)
                 24.21    0.02 2378.33 v _293326_/A (INVx1_ASAP7_75t_R)
     1    1.30   14.07   11.74 2390.07 ^ _293326_/Y (INVx1_ASAP7_75t_R)
                                         _086289_ (net)
                 14.07    0.07 2390.14 ^ _524858_/A (HAxp5_ASAP7_75t_R)
     5    4.53   79.83   62.02 2452.17 v _524858_/SN (HAxp5_ASAP7_75t_R)
                                         _117174_ (net)
                 79.83    0.47 2452.63 v _430900_/A (OR3x1_ASAP7_75t_R)
     1    0.58    9.34   32.60 2485.23 v _430900_/Y (OR3x1_ASAP7_75t_R)
                                         _248048_ (net)
                  9.34    0.02 2485.25 v _430903_/B2 (OA222x2_ASAP7_75t_R)
     2    2.15   13.50   23.74 2508.99 v _430903_/Y (OA222x2_ASAP7_75t_R)
                                         _248051_ (net)
                 13.53    0.31 2509.30 v _430905_/B1 (AO22x1_ASAP7_75t_R)
     3    2.97   19.22   26.88 2536.18 v _430905_/Y (AO22x1_ASAP7_75t_R)
                                         _248053_ (net)
                 19.24    0.23 2536.41 v _430910_/A1 (OA211x2_ASAP7_75t_R)
     3    2.83   14.80   28.00 2564.41 v _430910_/Y (OA211x2_ASAP7_75t_R)
                                         _248058_ (net)
                 14.80    0.17 2564.58 v _430911_/D (OR4x1_ASAP7_75t_R)
     1    0.48    9.85   26.04 2590.62 v _430911_/Y (OR4x1_ASAP7_75t_R)
                                         _248059_ (net)
                  9.85    0.02 2590.63 v _430912_/B (OA211x2_ASAP7_75t_R)
     1    0.95    9.83   26.12 2616.75 v _430912_/Y (OA211x2_ASAP7_75t_R)
                                         _248060_ (net)
                  9.83    0.06 2616.81 v _430913_/A2 (OA21x2_ASAP7_75t_R)
     1    0.97    7.50   17.43 2634.25 v _430913_/Y (OA21x2_ASAP7_75t_R)
                                         _248061_ (net)
                  7.50    0.03 2634.28 v _430914_/B (XNOR2x2_ASAP7_75t_R)
     1    2.45   12.07   22.46 2656.74 ^ _430914_/Y (XNOR2x2_ASAP7_75t_R)
                                         net3573 (net)
                 12.14    0.49 2657.24 ^ output3573/A (BUFx2_ASAP7_75t_R)
     1    0.68    5.46   13.74 2670.98 ^ output3573/Y (BUFx2_ASAP7_75t_R)
                                         result[1658] (net)
                  5.46    0.05 2671.02 ^ result[1658] (out)
                               2671.02   data arrival time

                  0.00 10000.00 10000.00   clock core_clk (rise edge)
                          0.00 10000.00   clock network delay (ideal)
                          0.00 10000.00   clock reconvergence pessimism
                       -2000.00 8000.00   output external delay
                               8000.00   data required time
-----------------------------------------------------------------------------
                               8000.00   data required time
                               -2671.02   data arrival time
-----------------------------------------------------------------------------
                               5328.98   slack (MET)



==========================================================================
resizer report_check_types -max_slew -max_cap -max_fanout -violators
--------------------------------------------------------------------------

==========================================================================
resizer max_slew_check_slack
--------------------------------------------------------------------------
1.643241047859192

==========================================================================
resizer max_slew_check_limit
--------------------------------------------------------------------------
320.0

==========================================================================
resizer max_slew_check_slack_limit
--------------------------------------------------------------------------
0.0051

==========================================================================
resizer max_fanout_check_slack
--------------------------------------------------------------------------
1.0000000150474662e+30

==========================================================================
resizer max_fanout_check_limit
--------------------------------------------------------------------------
1.0000000150474662e+30

==========================================================================
resizer max_capacitance_check_slack
--------------------------------------------------------------------------
0.3264752924442291

==========================================================================
resizer max_capacitance_check_limit
--------------------------------------------------------------------------
23.040000915527344

==========================================================================
resizer max_capacitance_check_slack_limit
--------------------------------------------------------------------------
0.0142

==========================================================================
resizer max_slew_violation_count
--------------------------------------------------------------------------
max slew violation count 0

==========================================================================
resizer max_fanout_violation_count
--------------------------------------------------------------------------
max fanout violation count 0

==========================================================================
resizer max_cap_violation_count
--------------------------------------------------------------------------
max cap violation count 0

==========================================================================
resizer setup_violation_count
--------------------------------------------------------------------------
setup violation count 0

==========================================================================
resizer hold_violation_count
--------------------------------------------------------------------------
hold violation count 0

==========================================================================
resizer report_checks -path_delay max reg to reg
--------------------------------------------------------------------------
Startpoint: gen_feature_maps[6].filter.gen_channels[0].filters.conv_row[1]$_SDFFE_PP0P_
            (rising edge-triggered flip-flop clocked by core_clk)
Endpoint: gen_feature_maps[6].filter.gen_channels[0].filters.convolve.mult[0][159]$_DFF_P_
          (rising edge-triggered flip-flop clocked by core_clk)
Path Group: core_clk
Path Type: max

  Delay    Time   Description
---------------------------------------------------------
   0.00    0.00   clock core_clk (rise edge)
   0.00    0.00   clock network delay (ideal)
   0.00    0.00 ^ gen_feature_maps[6].filter.gen_channels[0].filters.conv_row[1]$_SDFFE_PP0P_/CLK (DFFHQNx1_ASAP7_75t_R)
  32.13   32.13 ^ gen_feature_maps[6].filter.gen_channels[0].filters.conv_row[1]$_SDFFE_PP0P_/QN (DFFHQNx1_ASAP7_75t_R)
  51.93   84.07 ^ place13930/Y (BUFx3_ASAP7_75t_R)
 166.62  250.69 v _528028_/SN (HAxp5_ASAP7_75t_R)
 101.63  352.32 ^ _330743_/Y (INVx1_ASAP7_75t_R)
 103.21  455.52 v _529543_/SN (HAxp5_ASAP7_75t_R)
  31.22  486.74 v _349500_/Y (OA21x2_ASAP7_75t_R)
  60.41  547.15 ^ _349501_/Y (XOR2x2_ASAP7_75t_R)
  56.42  603.57 ^ place12130/Y (BUFx3_ASAP7_75t_R)
  56.28  659.85 ^ place12129/Y (BUFx3_ASAP7_75t_R)
  11.90  671.75 v _349769_/Y (NAND2x1_ASAP7_75t_R)
  17.20  688.95 v _349770_/Y (AO21x1_ASAP7_75t_R)
  23.20  712.15 v _349775_/Y (AO32x1_ASAP7_75t_R)
  27.78  739.92 v _349793_/Y (OR4x1_ASAP7_75t_R)
  49.17  789.09 ^ _349814_/Y (OAI21x1_ASAP7_75t_R)
  63.34  852.43 ^ _350147_/Y (AND3x1_ASAP7_75t_R)
  32.51  884.94 v _519808_/SN (FAx1_ASAP7_75t_R)
  16.27  901.22 ^ _390427_/Y (INVx1_ASAP7_75t_R)
  33.92  935.13 v _516115_/SN (FAx1_ASAP7_75t_R)
  15.60  950.73 ^ _472435_/Y (INVx1_ASAP7_75t_R)
  31.30  982.03 v _510317_/SN (FAx1_ASAP7_75t_R)
  14.57  996.60 ^ _488776_/Y (INVx1_ASAP7_75t_R)
  32.84 1029.44 v _516415_/SN (FAx1_ASAP7_75t_R)
  10.95 1040.39 ^ _293245_/Y (INVx1_ASAP7_75t_R)
  46.97 1087.37 v _534013_/SN (HAxp5_ASAP7_75t_R)
  26.42 1113.79 v _334969_/Y (OR2x2_ASAP7_75t_R)
  17.74 1131.52 v _334971_/Y (OA21x2_ASAP7_75t_R)
  25.58 1157.10 v _334972_/Y (OR4x1_ASAP7_75t_R)
  28.87 1185.98 v _334973_/Y (OA211x2_ASAP7_75t_R)
  18.44 1204.42 v _334974_/Y (OA21x2_ASAP7_75t_R)
  17.01 1221.43 v _334975_/Y (OA21x2_ASAP7_75t_R)
  20.29 1241.72 ^ _334983_/Y (XNOR2x2_ASAP7_75t_R)
   0.03 1241.76 ^ gen_feature_maps[6].filter.gen_channels[0].filters.convolve.mult[0][159]$_DFF_P_/D (DFFHQNx1_ASAP7_75t_R)
        1241.76   data arrival time

10000.00 10000.00   clock core_clk (rise edge)
   0.00 10000.00   clock network delay (ideal)
   0.00 10000.00   clock reconvergence pessimism
        10000.00 ^ gen_feature_maps[6].filter.gen_channels[0].filters.convolve.mult[0][159]$_DFF_P_/CLK (DFFHQNx1_ASAP7_75t_R)
 -15.07 9984.93   library setup time
        9984.93   data required time
---------------------------------------------------------
        9984.93   data required time
        -1241.76   data arrival time
---------------------------------------------------------
        8743.17   slack (MET)



==========================================================================
resizer report_checks -path_delay min reg to reg
--------------------------------------------------------------------------
Startpoint: gen_feature_maps[2].filter.gen_channels[2].filters.convolve.soma[0][6]$_DFF_P_
            (rising edge-triggered flip-flop clocked by core_clk)
Endpoint: gen_feature_maps[2].filter.gen_channels[2].filters.convolve.soma[0][146]$_DFF_P_
          (rising edge-triggered flip-flop clocked by core_clk)
Path Group: core_clk
Path Type: min

  Delay    Time   Description
---------------------------------------------------------
   0.00    0.00   clock core_clk (rise edge)
   0.00    0.00   clock network delay (ideal)
   0.00    0.00 ^ gen_feature_maps[2].filter.gen_channels[2].filters.convolve.soma[0][6]$_DFF_P_/CLK (DFFHQNx1_ASAP7_75t_R)
  31.23   31.23 ^ gen_feature_maps[2].filter.gen_channels[2].filters.convolve.soma[0][6]$_DFF_P_/QN (DFFHQNx1_ASAP7_75t_R)
   5.59   36.82 v _501581_/Y (INVx1_ASAP7_75t_R)
   0.02   36.83 v gen_feature_maps[2].filter.gen_channels[2].filters.convolve.soma[0][146]$_DFF_P_/D (DFFHQNx1_ASAP7_75t_R)
          36.83   data arrival time

   0.00    0.00   clock core_clk (rise edge)
   0.00    0.00   clock network delay (ideal)
   0.00    0.00   clock reconvergence pessimism
           0.00 ^ gen_feature_maps[2].filter.gen_channels[2].filters.convolve.soma[0][146]$_DFF_P_/CLK (DFFHQNx1_ASAP7_75t_R)
   8.66    8.66   library hold time
           8.66   data required time
---------------------------------------------------------
           8.66   data required time
         -36.83   data arrival time
---------------------------------------------------------
          28.17   slack (MET)



==========================================================================
resizer critical path target clock latency max path
--------------------------------------------------------------------------
0.0000

==========================================================================
resizer critical path target clock latency min path
--------------------------------------------------------------------------
0.0000

==========================================================================
resizer critical path source clock latency min path
--------------------------------------------------------------------------
0.0000

==========================================================================
resizer critical path delay
--------------------------------------------------------------------------
2671.0242

==========================================================================
resizer critical path slack
--------------------------------------------------------------------------
5328.9756

==========================================================================
resizer slack div critical path delay
--------------------------------------------------------------------------
199.510570

==========================================================================
resizer report_power
--------------------------------------------------------------------------
Group                  Internal  Switching    Leakage      Total
                          Power      Power      Power      Power (Watts)
----------------------------------------------------------------
Sequential             5.29e-03   6.36e-04   2.49e-06   5.93e-03  15.6%
Combinational          1.63e-02   1.58e-02   1.74e-05   3.21e-02  84.4%
Clock                  0.00e+00   0.00e+00   0.00e+00   0.00e+00   0.0%
Macro                  0.00e+00   0.00e+00   0.00e+00   0.00e+00   0.0%
Pad                    0.00e+00   0.00e+00   0.00e+00   0.00e+00   0.0%
----------------------------------------------------------------
Total                  2.16e-02   1.64e-02   1.99e-05   3.80e-02 100.0%
                          56.8%      43.1%       0.1%
