
==========================================================================
global route report_tns
--------------------------------------------------------------------------
tns max 0.00

==========================================================================
global route report_wns
--------------------------------------------------------------------------
wns max 0.00

==========================================================================
global route report_worst_slack
--------------------------------------------------------------------------
worst slack max 5303.43

==========================================================================
global route report_clock_min_period
--------------------------------------------------------------------------
core_clk period_min = 4696.57 fmax = 212.92

==========================================================================
global route report_clock_skew
--------------------------------------------------------------------------
Clock core_clk
 322.15 source latency gen_feature_maps[2].filter.gen_channels[0].filters.convolve.soma[0][381]$_DFF_P_/CLK ^
-274.37 target latency gen_feature_maps[2].filter.gen_channels[0].filters.result[161]$_DFFE_PP_/CLK ^
  -6.45 CRPR
--------------
  41.33 setup skew


==========================================================================
global route report_checks -path_delay min
--------------------------------------------------------------------------
Startpoint: gen_feature_maps[9].filter.gen_channels[1].filters.convolve.soma[0][142]$_DFF_P_
            (rising edge-triggered flip-flop clocked by core_clk)
Endpoint: gen_feature_maps[9].filter.gen_channels[1].filters.convolve.soma[0][262]$_DFF_P_
          (rising edge-triggered flip-flop clocked by core_clk)
Path Group: core_clk
Path Type: min

Fanout     Cap    Slew   Delay    Time   Description
-----------------------------------------------------------------------------
                          0.00    0.00   clock core_clk (rise edge)
                          0.00    0.00   clock source latency
     1   26.22    0.00    0.00    0.00 ^ clk (in)
                                         clk (net)
                 54.05   17.05   17.05 ^ wire16246/A (BUFx12f_ASAP7_75t_R)
     1   23.68   15.64   21.62   38.67 ^ wire16246/Y (BUFx12f_ASAP7_75t_R)
                                         net16246 (net)
                 58.00   17.83   56.50 ^ clkbuf_0_clk/A (BUFx24_ASAP7_75t_R)
     2   17.36   14.59   30.52   87.01 ^ clkbuf_0_clk/Y (BUFx24_ASAP7_75t_R)
                                         clknet_0_clk (net)
                 17.94    3.56   90.57 ^ clkbuf_1_1_0_clk/A (BUFx24_ASAP7_75t_R)
     2   12.28   10.05   20.85  111.42 ^ clkbuf_1_1_0_clk/Y (BUFx24_ASAP7_75t_R)
                                         clknet_1_1_0_clk (net)
                 18.16    4.79  116.21 ^ clkbuf_2_2_0_clk/A (BUFx24_ASAP7_75t_R)
     1    9.65    9.30   20.77  136.98 ^ clkbuf_2_2_0_clk/Y (BUFx24_ASAP7_75t_R)
                                         clknet_2_2_0_clk (net)
                 14.89    3.88  140.87 ^ clkbuf_2_2_1_clk/A (BUFx24_ASAP7_75t_R)
     4   22.08   15.69   20.88  161.75 ^ clkbuf_2_2_1_clk/Y (BUFx24_ASAP7_75t_R)
                                         clknet_2_2_1_clk (net)
                 23.66    5.77  167.52 ^ clkbuf_4_10_0_clk/A (BUFx24_ASAP7_75t_R)
     2   11.73   10.52   22.42  189.93 ^ clkbuf_4_10_0_clk/Y (BUFx24_ASAP7_75t_R)
                                         clknet_4_10_0_clk (net)
                 16.15    4.03  193.96 ^ clkbuf_5_20_0_clk/A (BUFx24_ASAP7_75t_R)
     2    9.83    9.79   20.38  214.35 ^ clkbuf_5_20_0_clk/Y (BUFx24_ASAP7_75t_R)
                                         clknet_5_20_0_clk (net)
                 11.84    2.26  216.61 ^ clkbuf_6_40__f_clk/A (BUFx24_ASAP7_75t_R)
    14   42.48   25.96   22.18  238.78 ^ clkbuf_6_40__f_clk/Y (BUFx24_ASAP7_75t_R)
                                         clknet_6_40__leaf_clk (net)
                 31.83    6.25  245.03 ^ clkbuf_leaf_690_clk/A (BUFx24_ASAP7_75t_R)
    23   15.56   12.98   25.43  270.46 ^ clkbuf_leaf_690_clk/Y (BUFx24_ASAP7_75t_R)
                                         clknet_leaf_690_clk (net)
                 14.45    2.24  272.70 ^ gen_feature_maps[9].filter.gen_channels[1].filters.convolve.soma[0][142]$_DFF_P_/CLK (DFFHQNx1_ASAP7_75t_R)
     1    0.70   12.22   36.38  309.08 ^ gen_feature_maps[9].filter.gen_channels[1].filters.convolve.soma[0][142]$_DFF_P_/QN (DFFHQNx1_ASAP7_75t_R)
                                         _013141_ (net)
                 12.22    0.06  309.15 ^ _494685_/A (INVx1_ASAP7_75t_R)
     1    0.70    6.81    6.17  315.32 v _494685_/Y (INVx1_ASAP7_75t_R)
                                         gen_feature_maps[9].filter.gen_channels[1].filters.convolve.soma[0][142] (net)
                  6.81    0.06  315.38 v gen_feature_maps[9].filter.gen_channels[1].filters.convolve.soma[0][262]$_DFF_P_/D (DFFHQNx1_ASAP7_75t_R)
                                315.38   data arrival time

                          0.00    0.00   clock core_clk (rise edge)
                          0.00    0.00   clock source latency
     1   26.75    0.00    0.00    0.00 ^ clk (in)
                                         clk (net)
                 56.19   17.72   17.72 ^ wire16246/A (BUFx12f_ASAP7_75t_R)
     1   24.28   15.73   21.87   39.60 ^ wire16246/Y (BUFx12f_ASAP7_75t_R)
                                         net16246 (net)
                 60.41   18.61   58.20 ^ clkbuf_0_clk/A (BUFx24_ASAP7_75t_R)
     2   18.57   15.23   31.04   89.24 ^ clkbuf_0_clk/Y (BUFx24_ASAP7_75t_R)
                                         clknet_0_clk (net)
                 19.06    3.90   93.15 ^ clkbuf_1_1_0_clk/A (BUFx24_ASAP7_75t_R)
     2   13.48   10.55   21.22  114.37 ^ clkbuf_1_1_0_clk/Y (BUFx24_ASAP7_75t_R)
                                         clknet_1_1_0_clk (net)
                 20.04    5.36  119.72 ^ clkbuf_2_2_0_clk/A (BUFx24_ASAP7_75t_R)
     1   10.25    9.45   21.36  141.08 ^ clkbuf_2_2_0_clk/Y (BUFx24_ASAP7_75t_R)
                                         clknet_2_2_0_clk (net)
                 15.92    4.22  145.30 ^ clkbuf_2_2_1_clk/A (BUFx24_ASAP7_75t_R)
     4   24.48   16.87   21.30  166.59 ^ clkbuf_2_2_1_clk/Y (BUFx24_ASAP7_75t_R)
                                         clknet_2_2_1_clk (net)
                 27.01    6.86  173.45 ^ clkbuf_4_8_0_clk/A (BUFx24_ASAP7_75t_R)
     2   15.03   11.58   23.30  196.75 ^ clkbuf_4_8_0_clk/Y (BUFx24_ASAP7_75t_R)
                                         clknet_4_8_0_clk (net)
                 21.67    5.74  202.49 ^ clkbuf_5_17_0_clk/A (BUFx24_ASAP7_75t_R)
     2   10.93   10.41   22.03  224.52 ^ clkbuf_5_17_0_clk/Y (BUFx24_ASAP7_75t_R)
                                         clknet_5_17_0_clk (net)
                 12.65    2.43  226.95 ^ clkbuf_6_35__f_clk/A (BUFx24_ASAP7_75t_R)
    23   90.30   46.77   26.60  253.55 ^ clkbuf_6_35__f_clk/Y (BUFx24_ASAP7_75t_R)
                                         clknet_6_35__leaf_clk (net)
                 61.27   13.45  267.00 ^ clkbuf_leaf_689_clk/A (BUFx24_ASAP7_75t_R)
    22   18.01   15.11   31.35  298.35 ^ clkbuf_leaf_689_clk/Y (BUFx24_ASAP7_75t_R)
                                         clknet_leaf_689_clk (net)
                 15.86    1.65  300.00 ^ gen_feature_maps[9].filter.gen_channels[1].filters.convolve.soma[0][262]$_DFF_P_/CLK (DFFHQNx1_ASAP7_75t_R)
                         -4.85  295.15   clock reconvergence pessimism
                         12.47  307.62   library hold time
                                307.62   data required time
-----------------------------------------------------------------------------
                                307.62   data required time
                               -315.38   data arrival time
-----------------------------------------------------------------------------
                                  7.76   slack (MET)



==========================================================================
global route report_checks -path_delay max
--------------------------------------------------------------------------
Startpoint: bias[71] (input port clocked by core_clk)
Endpoint: result[1658] (output port clocked by core_clk)
Path Group: core_clk
Path Type: max

Fanout     Cap    Slew   Delay    Time   Description
-----------------------------------------------------------------------------
                          0.00    0.00   clock core_clk (rise edge)
                          0.00    0.00   clock network delay (propagated)
                       2000.00 2000.00 ^ input external delay
     1    1.38    0.00    0.00 2000.00 ^ bias[71] (in)
                                         bias[71] (net)
                  0.41    0.13 2000.13 ^ input69/A (BUFx2_ASAP7_75t_R)
    13   29.02   98.49   43.23 2043.35 ^ input69/Y (BUFx2_ASAP7_75t_R)
                                         net69 (net)
                102.33   10.59 2053.95 ^ place14730/A (BUFx3_ASAP7_75t_R)
    21   47.59  109.24   61.48 2115.43 ^ place14730/Y (BUFx3_ASAP7_75t_R)
                                         net14730 (net)
                115.08   13.61 2129.04 ^ place14729/A (BUFx6f_ASAP7_75t_R)
    39   88.39  106.07   58.04 2187.08 ^ place14729/Y (BUFx6f_ASAP7_75t_R)
                                         net14729 (net)
                119.50   19.76 2206.84 ^ place14728/A (BUFx6f_ASAP7_75t_R)
    47  107.46  126.76   68.13 2274.97 ^ place14728/Y (BUFx6f_ASAP7_75t_R)
                                         net14728 (net)
                128.87    9.28 2284.25 ^ _517571_/A (FAx1_ASAP7_75t_R)
     1    0.91   38.00   49.09 2333.35 v _517571_/SN (FAx1_ASAP7_75t_R)
                                         _086440_ (net)
                 38.00    0.06 2333.41 v _454417_/A (INVx1_ASAP7_75t_R)
     1    2.47   24.24   19.11 2352.51 ^ _454417_/Y (INVx1_ASAP7_75t_R)
                                         _086290_ (net)
                 24.25    0.26 2352.78 ^ _517533_/B (FAx1_ASAP7_75t_R)
     1    0.98   26.17   34.76 2387.54 v _517533_/SN (FAx1_ASAP7_75t_R)
                                         _086293_ (net)
                 26.17    0.07 2387.61 v _294184_/A (INVx1_ASAP7_75t_R)
     1    1.80   17.57   13.87 2401.47 ^ _294184_/Y (INVx1_ASAP7_75t_R)
                                         _086295_ (net)
                 17.59    0.29 2401.76 ^ _530516_/A (HAxp5_ASAP7_75t_R)
     4    3.63   64.64   54.01 2455.77 v _530516_/SN (HAxp5_ASAP7_75t_R)
                                         _132412_ (net)
                 64.65    0.39 2456.16 v _430898_/A (OR2x2_ASAP7_75t_R)
     3    2.26   11.81   27.95 2484.11 v _430898_/Y (OR2x2_ASAP7_75t_R)
                                         _248046_ (net)
                 11.82    0.22 2484.32 v _430900_/B (OR3x1_ASAP7_75t_R)
     1    0.78   10.41   20.86 2505.18 v _430900_/Y (OR3x1_ASAP7_75t_R)
                                         _248048_ (net)
                 10.41    0.07 2505.26 v _430903_/B2 (OA222x2_ASAP7_75t_R)
     2    2.22   13.93   24.07 2529.33 v _430903_/Y (OA222x2_ASAP7_75t_R)
                                         _248051_ (net)
                 13.97    0.43 2529.75 v _430905_/B1 (AO22x1_ASAP7_75t_R)
     3    3.10   19.97   27.29 2557.05 v _430905_/Y (AO22x1_ASAP7_75t_R)
                                         _248053_ (net)
                 20.00    0.41 2557.45 v _430910_/A1 (OA211x2_ASAP7_75t_R)
     3    3.03   15.38   28.47 2585.92 v _430910_/Y (OA211x2_ASAP7_75t_R)
                                         _248058_ (net)
                 15.39    0.21 2586.13 v _430911_/D (OR4x1_ASAP7_75t_R)
     1    0.64   10.69   26.75 2612.88 v _430911_/Y (OR4x1_ASAP7_75t_R)
                                         _248059_ (net)
                 10.69    0.06 2612.94 v _430912_/B (OA211x2_ASAP7_75t_R)
     1    1.21   10.50   26.87 2639.81 v _430912_/Y (OA211x2_ASAP7_75t_R)
                                         _248060_ (net)
                 10.51    0.16 2639.97 v _430913_/A2 (OA21x2_ASAP7_75t_R)
     1    1.22    8.23   18.03 2658.00 v _430913_/Y (OA21x2_ASAP7_75t_R)
                                         _248061_ (net)
                  8.24    0.13 2658.13 v _430914_/B (XNOR2x2_ASAP7_75t_R)
     1    2.77   13.11   23.07 2681.19 ^ _430914_/Y (XNOR2x2_ASAP7_75t_R)
                                         net3573 (net)
                 13.26    0.77 2681.96 ^ output3573/A (BUFx2_ASAP7_75t_R)
     1    0.97    6.30   14.50 2696.46 ^ output3573/Y (BUFx2_ASAP7_75t_R)
                                         result[1658] (net)
                  6.31    0.11 2696.57 ^ result[1658] (out)
                               2696.57   data arrival time

                       10000.00 10000.00   clock core_clk (rise edge)
                          0.00 10000.00   clock network delay (propagated)
                          0.00 10000.00   clock reconvergence pessimism
                       -2000.00 8000.00   output external delay
                               8000.00   data required time
-----------------------------------------------------------------------------
                               8000.00   data required time
                               -2696.57   data arrival time
-----------------------------------------------------------------------------
                               5303.43   slack (MET)



==========================================================================
global route report_checks -unconstrained
--------------------------------------------------------------------------
Startpoint: bias[71] (input port clocked by core_clk)
Endpoint: result[1658] (output port clocked by core_clk)
Path Group: core_clk
Path Type: max

Fanout     Cap    Slew   Delay    Time   Description
-----------------------------------------------------------------------------
                          0.00    0.00   clock core_clk (rise edge)
                          0.00    0.00   clock network delay (propagated)
                       2000.00 2000.00 ^ input external delay
     1    1.38    0.00    0.00 2000.00 ^ bias[71] (in)
                                         bias[71] (net)
                  0.41    0.13 2000.13 ^ input69/A (BUFx2_ASAP7_75t_R)
    13   29.02   98.49   43.23 2043.35 ^ input69/Y (BUFx2_ASAP7_75t_R)
                                         net69 (net)
                102.33   10.59 2053.95 ^ place14730/A (BUFx3_ASAP7_75t_R)
    21   47.59  109.24   61.48 2115.43 ^ place14730/Y (BUFx3_ASAP7_75t_R)
                                         net14730 (net)
                115.08   13.61 2129.04 ^ place14729/A (BUFx6f_ASAP7_75t_R)
    39   88.39  106.07   58.04 2187.08 ^ place14729/Y (BUFx6f_ASAP7_75t_R)
                                         net14729 (net)
                119.50   19.76 2206.84 ^ place14728/A (BUFx6f_ASAP7_75t_R)
    47  107.46  126.76   68.13 2274.97 ^ place14728/Y (BUFx6f_ASAP7_75t_R)
                                         net14728 (net)
                128.87    9.28 2284.25 ^ _517571_/A (FAx1_ASAP7_75t_R)
     1    0.91   38.00   49.09 2333.35 v _517571_/SN (FAx1_ASAP7_75t_R)
                                         _086440_ (net)
                 38.00    0.06 2333.41 v _454417_/A (INVx1_ASAP7_75t_R)
     1    2.47   24.24   19.11 2352.51 ^ _454417_/Y (INVx1_ASAP7_75t_R)
                                         _086290_ (net)
                 24.25    0.26 2352.78 ^ _517533_/B (FAx1_ASAP7_75t_R)
     1    0.98   26.17   34.76 2387.54 v _517533_/SN (FAx1_ASAP7_75t_R)
                                         _086293_ (net)
                 26.17    0.07 2387.61 v _294184_/A (INVx1_ASAP7_75t_R)
     1    1.80   17.57   13.87 2401.47 ^ _294184_/Y (INVx1_ASAP7_75t_R)
                                         _086295_ (net)
                 17.59    0.29 2401.76 ^ _530516_/A (HAxp5_ASAP7_75t_R)
     4    3.63   64.64   54.01 2455.77 v _530516_/SN (HAxp5_ASAP7_75t_R)
                                         _132412_ (net)
                 64.65    0.39 2456.16 v _430898_/A (OR2x2_ASAP7_75t_R)
     3    2.26   11.81   27.95 2484.11 v _430898_/Y (OR2x2_ASAP7_75t_R)
                                         _248046_ (net)
                 11.82    0.22 2484.32 v _430900_/B (OR3x1_ASAP7_75t_R)
     1    0.78   10.41   20.86 2505.18 v _430900_/Y (OR3x1_ASAP7_75t_R)
                                         _248048_ (net)
                 10.41    0.07 2505.26 v _430903_/B2 (OA222x2_ASAP7_75t_R)
     2    2.22   13.93   24.07 2529.33 v _430903_/Y (OA222x2_ASAP7_75t_R)
                                         _248051_ (net)
                 13.97    0.43 2529.75 v _430905_/B1 (AO22x1_ASAP7_75t_R)
     3    3.10   19.97   27.29 2557.05 v _430905_/Y (AO22x1_ASAP7_75t_R)
                                         _248053_ (net)
                 20.00    0.41 2557.45 v _430910_/A1 (OA211x2_ASAP7_75t_R)
     3    3.03   15.38   28.47 2585.92 v _430910_/Y (OA211x2_ASAP7_75t_R)
                                         _248058_ (net)
                 15.39    0.21 2586.13 v _430911_/D (OR4x1_ASAP7_75t_R)
     1    0.64   10.69   26.75 2612.88 v _430911_/Y (OR4x1_ASAP7_75t_R)
                                         _248059_ (net)
                 10.69    0.06 2612.94 v _430912_/B (OA211x2_ASAP7_75t_R)
     1    1.21   10.50   26.87 2639.81 v _430912_/Y (OA211x2_ASAP7_75t_R)
                                         _248060_ (net)
                 10.51    0.16 2639.97 v _430913_/A2 (OA21x2_ASAP7_75t_R)
     1    1.22    8.23   18.03 2658.00 v _430913_/Y (OA21x2_ASAP7_75t_R)
                                         _248061_ (net)
                  8.24    0.13 2658.13 v _430914_/B (XNOR2x2_ASAP7_75t_R)
     1    2.77   13.11   23.07 2681.19 ^ _430914_/Y (XNOR2x2_ASAP7_75t_R)
                                         net3573 (net)
                 13.26    0.77 2681.96 ^ output3573/A (BUFx2_ASAP7_75t_R)
     1    0.97    6.30   14.50 2696.46 ^ output3573/Y (BUFx2_ASAP7_75t_R)
                                         result[1658] (net)
                  6.31    0.11 2696.57 ^ result[1658] (out)
                               2696.57   data arrival time

                       10000.00 10000.00   clock core_clk (rise edge)
                          0.00 10000.00   clock network delay (propagated)
                          0.00 10000.00   clock reconvergence pessimism
                       -2000.00 8000.00   output external delay
                               8000.00   data required time
-----------------------------------------------------------------------------
                               8000.00   data required time
                               -2696.57   data arrival time
-----------------------------------------------------------------------------
                               5303.43   slack (MET)



==========================================================================
global route report_check_types -max_slew -max_cap -max_fanout -violators
--------------------------------------------------------------------------

==========================================================================
global route max_slew_check_slack
--------------------------------------------------------------------------
9.591217041015625

==========================================================================
global route max_slew_check_limit
--------------------------------------------------------------------------
320.0

==========================================================================
global route max_slew_check_slack_limit
--------------------------------------------------------------------------
0.0300

==========================================================================
global route max_fanout_check_slack
--------------------------------------------------------------------------
1.0000000150474662e+30

==========================================================================
global route max_fanout_check_limit
--------------------------------------------------------------------------
1.0000000150474662e+30

==========================================================================
global route max_capacitance_check_slack
--------------------------------------------------------------------------
0.06239922344684601

==========================================================================
global route max_capacitance_check_limit
--------------------------------------------------------------------------
23.040000915527344

==========================================================================
global route max_capacitance_check_slack_limit
--------------------------------------------------------------------------
0.0027

==========================================================================
global route max_slew_violation_count
--------------------------------------------------------------------------
max slew violation count 0

==========================================================================
global route max_fanout_violation_count
--------------------------------------------------------------------------
max fanout violation count 0

==========================================================================
global route max_cap_violation_count
--------------------------------------------------------------------------
max cap violation count 0

==========================================================================
global route setup_violation_count
--------------------------------------------------------------------------
setup violation count 0

==========================================================================
global route hold_violation_count
--------------------------------------------------------------------------
hold violation count 0

==========================================================================
global route report_checks -path_delay max reg to reg
--------------------------------------------------------------------------
Startpoint: gen_feature_maps[6].filter.gen_channels[0].filters.conv_row[1]$_SDFFE_PP0P_
            (rising edge-triggered flip-flop clocked by core_clk)
Endpoint: gen_feature_maps[6].filter.gen_channels[0].filters.convolve.mult[0][159]$_DFF_P_
          (rising edge-triggered flip-flop clocked by core_clk)
Path Group: core_clk
Path Type: max

  Delay    Time   Description
---------------------------------------------------------
   0.00    0.00   clock core_clk (rise edge)
   0.00    0.00   clock source latency
   0.00    0.00 ^ clk (in)
  39.60   39.60 ^ wire16246/Y (BUFx12f_ASAP7_75t_R)
  49.64   89.24 ^ clkbuf_0_clk/Y (BUFx24_ASAP7_75t_R)
  25.62  114.86 ^ clkbuf_1_0_0_clk/Y (BUFx24_ASAP7_75t_R)
  22.99  137.85 ^ clkbuf_2_1_0_clk/Y (BUFx24_ASAP7_75t_R)
  25.99  163.84 ^ clkbuf_2_1_1_clk/Y (BUFx24_ASAP7_75t_R)
  30.56  194.40 ^ clkbuf_4_4_0_clk/Y (BUFx24_ASAP7_75t_R)
  25.97  220.38 ^ clkbuf_5_8_0_clk/Y (BUFx24_ASAP7_75t_R)
  24.82  245.20 ^ clkbuf_6_16__f_clk/Y (BUFx24_ASAP7_75t_R)
  37.09  282.29 ^ clkbuf_leaf_134_clk/Y (BUFx24_ASAP7_75t_R)
   1.85  284.14 ^ gen_feature_maps[6].filter.gen_channels[0].filters.conv_row[1]$_SDFFE_PP0P_/CLK (DFFHQNx1_ASAP7_75t_R)
  37.06  321.20 ^ gen_feature_maps[6].filter.gen_channels[0].filters.conv_row[1]$_SDFFE_PP0P_/QN (DFFHQNx1_ASAP7_75t_R)
  52.51  373.71 ^ place13930/Y (BUFx3_ASAP7_75t_R)
 178.54  552.25 v _528028_/SN (HAxp5_ASAP7_75t_R)
 107.61  659.86 ^ _330743_/Y (INVx1_ASAP7_75t_R)
 105.86  765.72 v _529543_/SN (HAxp5_ASAP7_75t_R)
  32.10  797.83 v _349500_/Y (OA21x2_ASAP7_75t_R)
  60.75  858.58 ^ _349501_/Y (XOR2x2_ASAP7_75t_R)
  59.01  917.59 ^ place12130/Y (BUFx3_ASAP7_75t_R)
  60.60  978.19 ^ place12129/Y (BUFx3_ASAP7_75t_R)
  13.90  992.08 v _349769_/Y (NAND2x1_ASAP7_75t_R)
  17.70 1009.78 v _349770_/Y (AO21x1_ASAP7_75t_R)
  23.52 1033.30 v _349775_/Y (AO32x1_ASAP7_75t_R)
  28.26 1061.56 v _349793_/Y (OR4x1_ASAP7_75t_R)
  45.69 1107.25 ^ _349814_/Y (OAI21x1_ASAP7_75t_R)
  69.01 1176.26 ^ _350147_/Y (AND3x1_ASAP7_75t_R)
  33.17 1209.43 v _519808_/SN (FAx1_ASAP7_75t_R)
  16.94 1226.38 ^ _390427_/Y (INVx1_ASAP7_75t_R)
  32.59 1258.97 v _516115_/SN (FAx1_ASAP7_75t_R)
  15.62 1274.59 ^ _472435_/Y (INVx1_ASAP7_75t_R)
  32.83 1307.42 v _510317_/SN (FAx1_ASAP7_75t_R)
  15.22 1322.64 ^ _488776_/Y (INVx1_ASAP7_75t_R)
  33.34 1355.99 v _516415_/SN (FAx1_ASAP7_75t_R)
  11.56 1367.55 ^ _293245_/Y (INVx1_ASAP7_75t_R)
  49.49 1417.04 v _534013_/SN (HAxp5_ASAP7_75t_R)
  27.53 1444.57 v _334969_/Y (OR2x2_ASAP7_75t_R)
  18.16 1462.73 v _334971_/Y (OA21x2_ASAP7_75t_R)
  26.55 1489.28 v _334972_/Y (OR4x1_ASAP7_75t_R)
  29.62 1518.90 v _334973_/Y (OA211x2_ASAP7_75t_R)
  18.86 1537.75 v _334974_/Y (OA21x2_ASAP7_75t_R)
  17.37 1555.12 v _334975_/Y (OA21x2_ASAP7_75t_R)
  20.83 1575.95 ^ _334983_/Y (XNOR2x2_ASAP7_75t_R)
   0.12 1576.07 ^ gen_feature_maps[6].filter.gen_channels[0].filters.convolve.mult[0][159]$_DFF_P_/D (DFFHQNx1_ASAP7_75t_R)
        1576.07   data arrival time

10000.00 10000.00   clock core_clk (rise edge)
   0.00 10000.00   clock source latency
   0.00 10000.00 ^ clk (in)
  38.67 10038.67 ^ wire16246/Y (BUFx12f_ASAP7_75t_R)
  48.34 10087.01 ^ clkbuf_0_clk/Y (BUFx24_ASAP7_75t_R)
  24.81 10111.82 ^ clkbuf_1_0_0_clk/Y (BUFx24_ASAP7_75t_R)
  22.07 10133.90 ^ clkbuf_2_0_0_clk/Y (BUFx24_ASAP7_75t_R)
  25.63 10159.52 ^ clkbuf_2_0_1_clk/Y (BUFx24_ASAP7_75t_R)
  25.87 10185.39 ^ clkbuf_4_0_0_clk/Y (BUFx24_ASAP7_75t_R)
  25.22 10210.60 ^ clkbuf_5_0_0_clk/Y (BUFx24_ASAP7_75t_R)
  23.40 10234.01 ^ clkbuf_6_1__f_clk/Y (BUFx24_ASAP7_75t_R)
  29.17 10263.18 ^ clkbuf_leaf_33_clk/Y (BUFx24_ASAP7_75t_R)
   1.35 10264.53 ^ gen_feature_maps[6].filter.gen_channels[0].filters.convolve.mult[0][159]$_DFF_P_/CLK (DFFHQNx1_ASAP7_75t_R)
   3.03 10267.56   clock reconvergence pessimism
  -5.52 10262.05   library setup time
        10262.05   data required time
---------------------------------------------------------
        10262.05   data required time
        -1576.07   data arrival time
---------------------------------------------------------
        8685.98   slack (MET)



==========================================================================
global route report_checks -path_delay min reg to reg
--------------------------------------------------------------------------
Startpoint: gen_feature_maps[9].filter.gen_channels[1].filters.convolve.soma[0][142]$_DFF_P_
            (rising edge-triggered flip-flop clocked by core_clk)
Endpoint: gen_feature_maps[9].filter.gen_channels[1].filters.convolve.soma[0][262]$_DFF_P_
          (rising edge-triggered flip-flop clocked by core_clk)
Path Group: core_clk
Path Type: min

  Delay    Time   Description
---------------------------------------------------------
   0.00    0.00   clock core_clk (rise edge)
   0.00    0.00   clock source latency
   0.00    0.00 ^ clk (in)
  38.67   38.67 ^ wire16246/Y (BUFx12f_ASAP7_75t_R)
  48.34   87.01 ^ clkbuf_0_clk/Y (BUFx24_ASAP7_75t_R)
  24.41  111.42 ^ clkbuf_1_1_0_clk/Y (BUFx24_ASAP7_75t_R)
  25.56  136.98 ^ clkbuf_2_2_0_clk/Y (BUFx24_ASAP7_75t_R)
  24.76  161.75 ^ clkbuf_2_2_1_clk/Y (BUFx24_ASAP7_75t_R)
  28.18  189.93 ^ clkbuf_4_10_0_clk/Y (BUFx24_ASAP7_75t_R)
  24.41  214.35 ^ clkbuf_5_20_0_clk/Y (BUFx24_ASAP7_75t_R)
  24.44  238.78 ^ clkbuf_6_40__f_clk/Y (BUFx24_ASAP7_75t_R)
  31.67  270.46 ^ clkbuf_leaf_690_clk/Y (BUFx24_ASAP7_75t_R)
   2.24  272.70 ^ gen_feature_maps[9].filter.gen_channels[1].filters.convolve.soma[0][142]$_DFF_P_/CLK (DFFHQNx1_ASAP7_75t_R)
  36.38  309.08 ^ gen_feature_maps[9].filter.gen_channels[1].filters.convolve.soma[0][142]$_DFF_P_/QN (DFFHQNx1_ASAP7_75t_R)
   6.23  315.32 v _494685_/Y (INVx1_ASAP7_75t_R)
   0.06  315.38 v gen_feature_maps[9].filter.gen_channels[1].filters.convolve.soma[0][262]$_DFF_P_/D (DFFHQNx1_ASAP7_75t_R)
         315.38   data arrival time

   0.00    0.00   clock core_clk (rise edge)
   0.00    0.00   clock source latency
   0.00    0.00 ^ clk (in)
  39.60   39.60 ^ wire16246/Y (BUFx12f_ASAP7_75t_R)
  49.64   89.24 ^ clkbuf_0_clk/Y (BUFx24_ASAP7_75t_R)
  25.13  114.37 ^ clkbuf_1_1_0_clk/Y (BUFx24_ASAP7_75t_R)
  26.71  141.08 ^ clkbuf_2_2_0_clk/Y (BUFx24_ASAP7_75t_R)
  25.51  166.59 ^ clkbuf_2_2_1_clk/Y (BUFx24_ASAP7_75t_R)
  30.15  196.75 ^ clkbuf_4_8_0_clk/Y (BUFx24_ASAP7_75t_R)
  27.77  224.52 ^ clkbuf_5_17_0_clk/Y (BUFx24_ASAP7_75t_R)
  29.03  253.55 ^ clkbuf_6_35__f_clk/Y (BUFx24_ASAP7_75t_R)
  44.80  298.35 ^ clkbuf_leaf_689_clk/Y (BUFx24_ASAP7_75t_R)
   1.65  300.00 ^ gen_feature_maps[9].filter.gen_channels[1].filters.convolve.soma[0][262]$_DFF_P_/CLK (DFFHQNx1_ASAP7_75t_R)
  -4.85  295.15   clock reconvergence pessimism
  12.47  307.62   library hold time
         307.62   data required time
---------------------------------------------------------
         307.62   data required time
        -315.38   data arrival time
---------------------------------------------------------
           7.76   slack (MET)



==========================================================================
global route critical path target clock latency max path
--------------------------------------------------------------------------
274.0616

==========================================================================
global route critical path target clock latency min path
--------------------------------------------------------------------------
303.7874

==========================================================================
global route critical path source clock latency min path
--------------------------------------------------------------------------
0.0000

==========================================================================
global route critical path delay
--------------------------------------------------------------------------
2696.5696

==========================================================================
global route critical path slack
--------------------------------------------------------------------------
5303.4302

==========================================================================
global route slack div critical path delay
--------------------------------------------------------------------------
196.673218

==========================================================================
global route report_power
--------------------------------------------------------------------------
Group                  Internal  Switching    Leakage      Total
                          Power      Power      Power      Power (Watts)
----------------------------------------------------------------
Sequential             5.19e-03   6.78e-04   2.49e-06   5.87e-03  13.9%
Combinational          1.64e-02   1.72e-02   1.74e-05   3.36e-02  79.5%
Clock                  1.62e-03   1.16e-03   5.84e-07   2.79e-03   6.6%
Macro                  0.00e+00   0.00e+00   0.00e+00   0.00e+00   0.0%
Pad                    0.00e+00   0.00e+00   0.00e+00   0.00e+00   0.0%
----------------------------------------------------------------
Total                  2.32e-02   1.90e-02   2.05e-05   4.22e-02 100.0%
                          54.9%      45.0%       0.0%
