
==========================================================================
finish report_tns
--------------------------------------------------------------------------
tns max 0.00

==========================================================================
finish report_wns
--------------------------------------------------------------------------
wns max 0.00

==========================================================================
finish report_worst_slack
--------------------------------------------------------------------------
worst slack max 5307.03

==========================================================================
finish report_clock_min_period
--------------------------------------------------------------------------
core_clk period_min = 4692.97 fmax = 213.08

==========================================================================
finish report_clock_skew
--------------------------------------------------------------------------
Clock core_clk
 285.55 source latency gen_feature_maps[2].filter.gen_channels[2].filters.convolve.soma[0][260]$_DFF_P_/CLK ^
-235.14 target latency gen_feature_maps[2].filter.gen_channels[2].filters.convolve.soma[0][388]$_DFF_P_/CLK ^
  -6.71 CRPR
--------------
  43.70 setup skew


==========================================================================
finish report_checks -path_delay min
--------------------------------------------------------------------------
Startpoint: gen_feature_maps[2].filter.gen_channels[1].filters.convolve.soma[0][5]$_DFF_P_
            (rising edge-triggered flip-flop clocked by core_clk)
Endpoint: gen_feature_maps[2].filter.gen_channels[1].filters.convolve.soma[0][145]$_DFF_P_
          (rising edge-triggered flip-flop clocked by core_clk)
Path Group: core_clk
Path Type: min

Fanout     Cap    Slew   Delay    Time   Description
-----------------------------------------------------------------------------
                          0.00    0.00   clock core_clk (rise edge)
                          0.00    0.00   clock source latency
     1   15.52    0.00    0.00    0.00 ^ clk (in)
                                         clk (net)
                 34.47   10.87   10.87 ^ wire16246/A (BUFx12f_ASAP7_75t_R)
     1   14.36   11.46   18.26   29.13 ^ wire16246/Y (BUFx12f_ASAP7_75t_R)
                                         net16246 (net)
                 36.82   11.12   40.25 ^ clkbuf_0_clk/A (BUFx24_ASAP7_75t_R)
     2   11.63   11.03   25.93   66.18 ^ clkbuf_0_clk/Y (BUFx24_ASAP7_75t_R)
                                         clknet_0_clk (net)
                 13.63    2.64   68.82 ^ clkbuf_1_1_0_clk/A (BUFx24_ASAP7_75t_R)
     2    8.77    8.84   19.21   88.03 ^ clkbuf_1_1_0_clk/Y (BUFx24_ASAP7_75t_R)
                                         clknet_1_1_0_clk (net)
                 14.61    3.83   91.85 ^ clkbuf_2_2_0_clk/A (BUFx24_ASAP7_75t_R)
     1    6.53    8.28   19.31  111.17 ^ clkbuf_2_2_0_clk/Y (BUFx24_ASAP7_75t_R)
                                         clknet_2_2_0_clk (net)
                 12.18    3.13  114.30 ^ clkbuf_2_2_1_clk/A (BUFx24_ASAP7_75t_R)
     4   16.00   12.52   19.47  133.77 ^ clkbuf_2_2_1_clk/Y (BUFx24_ASAP7_75t_R)
                                         clknet_2_2_1_clk (net)
                 19.99    5.04  138.80 ^ clkbuf_4_9_0_clk/A (BUFx24_ASAP7_75t_R)
     2    9.78    9.25   21.20  160.00 ^ clkbuf_4_9_0_clk/Y (BUFx24_ASAP7_75t_R)
                                         clknet_4_9_0_clk (net)
                 15.80    4.16  164.16 ^ clkbuf_5_18_0_clk/A (BUFx24_ASAP7_75t_R)
     2    7.31    8.81   19.94  184.10 ^ clkbuf_5_18_0_clk/Y (BUFx24_ASAP7_75t_R)
                                         clknet_5_18_0_clk (net)
                  9.81    1.52  185.62 ^ clkbuf_6_36__f_clk/A (BUFx24_ASAP7_75t_R)
    15   44.13   26.76   21.42  207.05 ^ clkbuf_6_36__f_clk/Y (BUFx24_ASAP7_75t_R)
                                         clknet_6_36__leaf_clk (net)
                 35.15    7.61  214.66 ^ clkbuf_leaf_715_clk/A (BUFx24_ASAP7_75t_R)
    23   12.14   11.44   25.80  240.46 ^ clkbuf_leaf_715_clk/Y (BUFx24_ASAP7_75t_R)
                                         clknet_leaf_715_clk (net)
                 11.73    0.84  241.30 ^ gen_feature_maps[2].filter.gen_channels[1].filters.convolve.soma[0][5]$_DFF_P_/CLK (DFFHQNx1_ASAP7_75t_R)
     1    0.53   11.06   34.88  276.18 ^ gen_feature_maps[2].filter.gen_channels[1].filters.convolve.soma[0][5]$_DFF_P_/QN (DFFHQNx1_ASAP7_75t_R)
                                         _018436_ (net)
                 11.06    0.02  276.20 ^ _499995_/A (INVx1_ASAP7_75t_R)
     1    0.62    6.20    5.77  281.96 v _499995_/Y (INVx1_ASAP7_75t_R)
                                         gen_feature_maps[2].filter.gen_channels[1].filters.convolve.soma[0][5] (net)
                  6.21    0.05  282.01 v gen_feature_maps[2].filter.gen_channels[1].filters.convolve.soma[0][145]$_DFF_P_/D (DFFHQNx1_ASAP7_75t_R)
                                282.01   data arrival time

                          0.00    0.00   clock core_clk (rise edge)
                          0.00    0.00   clock source latency
     1   16.06    0.00    0.00    0.00 ^ clk (in)
                                         clk (net)
                 36.59   11.54   11.54 ^ wire16246/A (BUFx12f_ASAP7_75t_R)
     1   14.96   11.64   18.63   30.18 ^ wire16246/Y (BUFx12f_ASAP7_75t_R)
                                         net16246 (net)
                 39.24   11.90   42.08 ^ clkbuf_0_clk/A (BUFx24_ASAP7_75t_R)
     2   12.83   11.70   26.66   68.73 ^ clkbuf_0_clk/Y (BUFx24_ASAP7_75t_R)
                                         clknet_0_clk (net)
                 14.74    2.99   71.72 ^ clkbuf_1_1_0_clk/A (BUFx24_ASAP7_75t_R)
     2    9.97    9.08   19.60   91.32 ^ clkbuf_1_1_0_clk/Y (BUFx24_ASAP7_75t_R)
                                         clknet_1_1_0_clk (net)
                 16.46    4.39   95.71 ^ clkbuf_2_2_0_clk/A (BUFx24_ASAP7_75t_R)
     1    7.13    8.43   19.90  115.61 ^ clkbuf_2_2_0_clk/Y (BUFx24_ASAP7_75t_R)
                                         clknet_2_2_0_clk (net)
                 13.23    3.49  119.10 ^ clkbuf_2_2_1_clk/A (BUFx24_ASAP7_75t_R)
     4   18.40   13.66   19.89  138.99 ^ clkbuf_2_2_1_clk/Y (BUFx24_ASAP7_75t_R)
                                         clknet_2_2_1_clk (net)
                 23.03    5.95  144.94 ^ clkbuf_4_8_0_clk/A (BUFx24_ASAP7_75t_R)
     2   11.24    9.77   22.05  166.99 ^ clkbuf_4_8_0_clk/Y (BUFx24_ASAP7_75t_R)
                                         clknet_4_8_0_clk (net)
                 16.78    4.33  171.32 ^ clkbuf_5_17_0_clk/A (BUFx24_ASAP7_75t_R)
     2    8.68    9.27   20.37  191.70 ^ clkbuf_5_17_0_clk/Y (BUFx24_ASAP7_75t_R)
                                         clknet_5_17_0_clk (net)
                 10.96    1.95  193.64 ^ clkbuf_6_35__f_clk/A (BUFx24_ASAP7_75t_R)
    23   82.70   43.27   26.94  220.58 ^ clkbuf_6_35__f_clk/Y (BUFx24_ASAP7_75t_R)
                                         clknet_6_35__leaf_clk (net)
                 57.70   13.04  233.62 ^ clkbuf_leaf_713_clk/A (BUFx24_ASAP7_75t_R)
    24   15.75   13.48   30.10  263.71 ^ clkbuf_leaf_713_clk/Y (BUFx24_ASAP7_75t_R)
                                         clknet_leaf_713_clk (net)
                 18.60    4.26  267.98 ^ gen_feature_maps[2].filter.gen_channels[1].filters.convolve.soma[0][145]$_DFF_P_/CLK (DFFHQNx1_ASAP7_75t_R)
                         -5.23  262.75   clock reconvergence pessimism
                         13.19  275.93   library hold time
                                275.93   data required time
-----------------------------------------------------------------------------
                                275.93   data required time
                               -282.01   data arrival time
-----------------------------------------------------------------------------
                                  6.08   slack (MET)



==========================================================================
finish report_checks -path_delay max
--------------------------------------------------------------------------
Startpoint: bias[71] (input port clocked by core_clk)
Endpoint: result[1532] (output port clocked by core_clk)
Path Group: core_clk
Path Type: max

Fanout     Cap    Slew   Delay    Time   Description
-----------------------------------------------------------------------------
                          0.00    0.00   clock core_clk (rise edge)
                          0.00    0.00   clock network delay (propagated)
                       2000.00 2000.00 ^ input external delay
     1    1.09    0.00    0.00 2000.00 ^ bias[71] (in)
                                         bias[71] (net)
                  0.32    0.10 2000.10 ^ input69/A (BUFx2_ASAP7_75t_R)
    13   28.08   96.97   38.18 2038.28 ^ input69/Y (BUFx2_ASAP7_75t_R)
                                         net69 (net)
                107.49   16.71 2055.00 ^ place14730/A (BUFx3_ASAP7_75t_R)
    21   46.41  109.57   54.96 2109.95 ^ place14730/Y (BUFx3_ASAP7_75t_R)
                                         net14730 (net)
                129.17   24.13 2134.09 ^ place14729/A (BUFx6f_ASAP7_75t_R)
    39   85.81  104.41   53.56 2187.65 ^ place14729/Y (BUFx6f_ASAP7_75t_R)
                                         net14729 (net)
                133.90   29.18 2216.83 ^ place14728/A (BUFx6f_ASAP7_75t_R)
    47  104.94  127.17   61.95 2278.78 ^ place14728/Y (BUFx6f_ASAP7_75t_R)
                                         net14728 (net)
                152.43   29.64 2308.41 ^ _520604_/A (FAx1_ASAP7_75t_R)
     1    1.00   42.18   53.34 2361.75 v _520604_/SN (FAx1_ASAP7_75t_R)
                                         _100501_ (net)
                 42.18    0.14 2361.89 v _319732_/A (INVx1_ASAP7_75t_R)
     1    2.31   24.25   19.32 2381.21 ^ _319732_/Y (INVx1_ASAP7_75t_R)
                                         _100407_ (net)
                 24.26    0.15 2381.36 ^ _520578_/B (FAx1_ASAP7_75t_R)
     1    0.82   25.50   32.75 2414.11 v _520578_/SN (FAx1_ASAP7_75t_R)
                                         _100410_ (net)
                 25.50    0.07 2414.18 v _465492_/A (INVx1_ASAP7_75t_R)
     1    1.13   13.38   11.26 2425.45 ^ _465492_/Y (INVx1_ASAP7_75t_R)
                                         _100412_ (net)
                 13.38    0.05 2425.49 ^ _527838_/A (HAxp5_ASAP7_75t_R)
     4    3.18   56.75   47.96 2473.46 v _527838_/SN (HAxp5_ASAP7_75t_R)
                                         _125614_ (net)
                 56.75    0.09 2473.55 v _469243_/A (OR2x2_ASAP7_75t_R)
     3    2.28   11.63   27.01 2500.56 v _469243_/Y (OR2x2_ASAP7_75t_R)
                                         _274261_ (net)
                 11.64    0.15 2500.71 v _469249_/A (OR2x2_ASAP7_75t_R)
     1    1.06    7.08   17.50 2518.20 v _469249_/Y (OR2x2_ASAP7_75t_R)
                                         _274267_ (net)
                  7.09    0.08 2518.29 v _469251_/B2 (OA221x2_ASAP7_75t_R)
     2    1.47   10.03   23.41 2541.70 v _469251_/Y (OA221x2_ASAP7_75t_R)
                                         _274269_ (net)
                 10.04    0.17 2541.87 v _469252_/B2 (AO22x1_ASAP7_75t_R)
     2    1.76   13.53   21.67 2563.54 v _469252_/Y (AO22x1_ASAP7_75t_R)
                                         _274270_ (net)
                 13.55    0.27 2563.81 v _469259_/A1 (OA21x2_ASAP7_75t_R)
     3    2.56   11.06   20.67 2584.48 v _469259_/Y (OA21x2_ASAP7_75t_R)
                                         _274277_ (net)
                 11.07    0.21 2584.69 v _469260_/D (OR4x1_ASAP7_75t_R)
     1    0.48    9.97   25.48 2610.17 v _469260_/Y (OR4x1_ASAP7_75t_R)
                                         _274278_ (net)
                  9.97    0.04 2610.21 v _469261_/B (OA211x2_ASAP7_75t_R)
     1    0.83    9.54   25.91 2636.12 v _469261_/Y (OA211x2_ASAP7_75t_R)
                                         _274279_ (net)
                  9.54    0.08 2636.20 v _469262_/A2 (OA21x2_ASAP7_75t_R)
     1    1.10    7.66   17.57 2653.77 v _469262_/Y (OA21x2_ASAP7_75t_R)
                                         _274280_ (net)
                  7.67    0.08 2653.85 v _469267_/A (XNOR2x2_ASAP7_75t_R)
     1    3.30   14.90   23.80 2677.65 ^ _469267_/Y (XNOR2x2_ASAP7_75t_R)
                                         net3434 (net)
                 15.29    1.28 2678.94 ^ output3434/A (BUFx2_ASAP7_75t_R)
     1    0.30    4.63   14.00 2692.94 ^ output3434/Y (BUFx2_ASAP7_75t_R)
                                         result[1532] (net)
                  4.63    0.02 2692.97 ^ result[1532] (out)
                               2692.97   data arrival time

                       10000.00 10000.00   clock core_clk (rise edge)
                          0.00 10000.00   clock network delay (propagated)
                          0.00 10000.00   clock reconvergence pessimism
                       -2000.00 8000.00   output external delay
                               8000.00   data required time
-----------------------------------------------------------------------------
                               8000.00   data required time
                               -2692.97   data arrival time
-----------------------------------------------------------------------------
                               5307.03   slack (MET)



==========================================================================
finish report_checks -unconstrained
--------------------------------------------------------------------------
Startpoint: bias[71] (input port clocked by core_clk)
Endpoint: result[1532] (output port clocked by core_clk)
Path Group: core_clk
Path Type: max

Fanout     Cap    Slew   Delay    Time   Description
-----------------------------------------------------------------------------
                          0.00    0.00   clock core_clk (rise edge)
                          0.00    0.00   clock network delay (propagated)
                       2000.00 2000.00 ^ input external delay
     1    1.09    0.00    0.00 2000.00 ^ bias[71] (in)
                                         bias[71] (net)
                  0.32    0.10 2000.10 ^ input69/A (BUFx2_ASAP7_75t_R)
    13   28.08   96.97   38.18 2038.28 ^ input69/Y (BUFx2_ASAP7_75t_R)
                                         net69 (net)
                107.49   16.71 2055.00 ^ place14730/A (BUFx3_ASAP7_75t_R)
    21   46.41  109.57   54.96 2109.95 ^ place14730/Y (BUFx3_ASAP7_75t_R)
                                         net14730 (net)
                129.17   24.13 2134.09 ^ place14729/A (BUFx6f_ASAP7_75t_R)
    39   85.81  104.41   53.56 2187.65 ^ place14729/Y (BUFx6f_ASAP7_75t_R)
                                         net14729 (net)
                133.90   29.18 2216.83 ^ place14728/A (BUFx6f_ASAP7_75t_R)
    47  104.94  127.17   61.95 2278.78 ^ place14728/Y (BUFx6f_ASAP7_75t_R)
                                         net14728 (net)
                152.43   29.64 2308.41 ^ _520604_/A (FAx1_ASAP7_75t_R)
     1    1.00   42.18   53.34 2361.75 v _520604_/SN (FAx1_ASAP7_75t_R)
                                         _100501_ (net)
                 42.18    0.14 2361.89 v _319732_/A (INVx1_ASAP7_75t_R)
     1    2.31   24.25   19.32 2381.21 ^ _319732_/Y (INVx1_ASAP7_75t_R)
                                         _100407_ (net)
                 24.26    0.15 2381.36 ^ _520578_/B (FAx1_ASAP7_75t_R)
     1    0.82   25.50   32.75 2414.11 v _520578_/SN (FAx1_ASAP7_75t_R)
                                         _100410_ (net)
                 25.50    0.07 2414.18 v _465492_/A (INVx1_ASAP7_75t_R)
     1    1.13   13.38   11.26 2425.45 ^ _465492_/Y (INVx1_ASAP7_75t_R)
                                         _100412_ (net)
                 13.38    0.05 2425.49 ^ _527838_/A (HAxp5_ASAP7_75t_R)
     4    3.18   56.75   47.96 2473.46 v _527838_/SN (HAxp5_ASAP7_75t_R)
                                         _125614_ (net)
                 56.75    0.09 2473.55 v _469243_/A (OR2x2_ASAP7_75t_R)
     3    2.28   11.63   27.01 2500.56 v _469243_/Y (OR2x2_ASAP7_75t_R)
                                         _274261_ (net)
                 11.64    0.15 2500.71 v _469249_/A (OR2x2_ASAP7_75t_R)
     1    1.06    7.08   17.50 2518.20 v _469249_/Y (OR2x2_ASAP7_75t_R)
                                         _274267_ (net)
                  7.09    0.08 2518.29 v _469251_/B2 (OA221x2_ASAP7_75t_R)
     2    1.47   10.03   23.41 2541.70 v _469251_/Y (OA221x2_ASAP7_75t_R)
                                         _274269_ (net)
                 10.04    0.17 2541.87 v _469252_/B2 (AO22x1_ASAP7_75t_R)
     2    1.76   13.53   21.67 2563.54 v _469252_/Y (AO22x1_ASAP7_75t_R)
                                         _274270_ (net)
                 13.55    0.27 2563.81 v _469259_/A1 (OA21x2_ASAP7_75t_R)
     3    2.56   11.06   20.67 2584.48 v _469259_/Y (OA21x2_ASAP7_75t_R)
                                         _274277_ (net)
                 11.07    0.21 2584.69 v _469260_/D (OR4x1_ASAP7_75t_R)
     1    0.48    9.97   25.48 2610.17 v _469260_/Y (OR4x1_ASAP7_75t_R)
                                         _274278_ (net)
                  9.97    0.04 2610.21 v _469261_/B (OA211x2_ASAP7_75t_R)
     1    0.83    9.54   25.91 2636.12 v _469261_/Y (OA211x2_ASAP7_75t_R)
                                         _274279_ (net)
                  9.54    0.08 2636.20 v _469262_/A2 (OA21x2_ASAP7_75t_R)
     1    1.10    7.66   17.57 2653.77 v _469262_/Y (OA21x2_ASAP7_75t_R)
                                         _274280_ (net)
                  7.67    0.08 2653.85 v _469267_/A (XNOR2x2_ASAP7_75t_R)
     1    3.30   14.90   23.80 2677.65 ^ _469267_/Y (XNOR2x2_ASAP7_75t_R)
                                         net3434 (net)
                 15.29    1.28 2678.94 ^ output3434/A (BUFx2_ASAP7_75t_R)
     1    0.30    4.63   14.00 2692.94 ^ output3434/Y (BUFx2_ASAP7_75t_R)
                                         result[1532] (net)
                  4.63    0.02 2692.97 ^ result[1532] (out)
                               2692.97   data arrival time

                       10000.00 10000.00   clock core_clk (rise edge)
                          0.00 10000.00   clock network delay (propagated)
                          0.00 10000.00   clock reconvergence pessimism
                       -2000.00 8000.00   output external delay
                               8000.00   data required time
-----------------------------------------------------------------------------
                               8000.00   data required time
                               -2692.97   data arrival time
-----------------------------------------------------------------------------
                               5307.03   slack (MET)



==========================================================================
finish report_check_types -max_slew -max_cap -max_fanout -violators
--------------------------------------------------------------------------
max slew

Pin                                    Limit    Slew   Slack
------------------------------------------------------------
_370830_/A1                           320.00  505.89 -185.89 (VIOLATED)
_344994_/A1                           320.00  503.03 -183.03 (VIOLATED)
_422465_/A1                           320.00  499.09 -179.09 (VIOLATED)
_411669_/A                            320.00  495.12 -175.12 (VIOLATED)
_419080_/A1                           320.00  490.04 -170.04 (VIOLATED)
_444544_/A                            320.00  486.64 -166.64 (VIOLATED)
_438365_/A                            320.00  483.00 -163.00 (VIOLATED)
_429875_/A2                           320.00  481.42 -161.42 (VIOLATED)
_378530_/A1                           320.00  477.61 -157.61 (VIOLATED)
_380779_/A                            320.00  475.58 -155.58 (VIOLATED)
_446936_/A                            320.00  474.50 -154.50 (VIOLATED)
_437406_/A                            320.00  474.46 -154.46 (VIOLATED)
_446822_/A                            320.00  473.99 -153.99 (VIOLATED)
_449669_/A                            320.00  473.02 -153.02 (VIOLATED)
_355416_/A1                           320.00  472.77 -152.77 (VIOLATED)
_379864_/A                            320.00  472.38 -152.38 (VIOLATED)
_393724_/A                            320.00  470.96 -150.96 (VIOLATED)
_454839_/B                            320.00  470.83 -150.83 (VIOLATED)
_454837_/B                            320.00  469.98 -149.98 (VIOLATED)
_436659_/A                            320.00  466.86 -146.86 (VIOLATED)
_357657_/A                            320.00  466.18 -146.18 (VIOLATED)
_377730_/A                            320.00  465.95 -145.95 (VIOLATED)
_378447_/A1                           320.00  464.14 -144.14 (VIOLATED)
_380683_/A                            320.00  463.46 -143.46 (VIOLATED)
_379764_/A                            320.00  462.86 -142.86 (VIOLATED)
_380309_/A                            320.00  462.01 -142.01 (VIOLATED)
_448610_/A                            320.00  459.50 -139.50 (VIOLATED)
_381661_/A                            320.00  454.41 -134.41 (VIOLATED)
_396951_/A                            320.00  450.33 -130.33 (VIOLATED)
_446242_/A                            320.00  449.63 -129.63 (VIOLATED)
_359638_/A                            320.00  449.56 -129.56 (VIOLATED)
_418869_/A1                           320.00  447.28 -127.28 (VIOLATED)
_378155_/A                            320.00  447.08 -127.08 (VIOLATED)
_410989_/A1                           320.00  447.03 -127.03 (VIOLATED)
_371455_/A                            320.00  446.97 -126.97 (VIOLATED)
_441033_/B                            320.00  446.36 -126.36 (VIOLATED)
_441036_/B                            320.00  446.25 -126.25 (VIOLATED)
_442151_/A2                           320.00  446.03 -126.03 (VIOLATED)
_431432_/A                            320.00  446.00 -126.00 (VIOLATED)
_372462_/A                            320.00  445.38 -125.38 (VIOLATED)
_382458_/A1                           320.00  445.37 -125.37 (VIOLATED)
_444307_/A                            320.00  445.37 -125.37 (VIOLATED)
_382472_/A                            320.00  445.19 -125.19 (VIOLATED)
_454608_/A                            320.00  444.07 -124.07 (VIOLATED)
_438479_/A                            320.00  442.85 -122.85 (VIOLATED)
_429654_/A                            320.00  441.52 -121.52 (VIOLATED)
_411769_/A1                           320.00  440.93 -120.93 (VIOLATED)
_436773_/A                            320.00  440.86 -120.86 (VIOLATED)
_448130_/A                            320.00  440.83 -120.83 (VIOLATED)
_437513_/A                            320.00  439.70 -119.70 (VIOLATED)
_354594_/A                            320.00  437.91 -117.91 (VIOLATED)
_394913_/A                            320.00  437.88 -117.88 (VIOLATED)
_448724_/A                            320.00  437.81 -117.81 (VIOLATED)
_368642_/A1                           320.00  437.64 -117.64 (VIOLATED)
_355837_/A                            320.00  437.43 -117.43 (VIOLATED)
_435755_/A1                           320.00  429.39 -109.39 (VIOLATED)
_446746_/A                            320.00  428.73 -108.73 (VIOLATED)
_364332_/A                            320.00  428.46 -108.46 (VIOLATED)
_378785_/A                            320.00  427.10 -107.10 (VIOLATED)
_400108_/A                            320.00  426.73 -106.73 (VIOLATED)
_357231_/A1                           320.00  426.30 -106.30 (VIOLATED)
_411301_/A1                           320.00  426.25 -106.25 (VIOLATED)
_382231_/A                            320.00  425.97 -105.97 (VIOLATED)
_458593_/A                            320.00  425.48 -105.48 (VIOLATED)
_378800_/A1                           320.00  425.48 -105.48 (VIOLATED)
_368909_/A1                           320.00  425.26 -105.26 (VIOLATED)
_453118_/A                            320.00  425.14 -105.14 (VIOLATED)
_344073_/A1                           320.00  424.99 -104.99 (VIOLATED)
_381021_/A                            320.00  423.82 -103.82 (VIOLATED)
_380965_/A                            320.00  423.32 -103.32 (VIOLATED)
_362716_/A1                           320.00  423.06 -103.06 (VIOLATED)
_400952_/A                            320.00  423.04 -103.04 (VIOLATED)
_398041_/A                            320.00  422.16 -102.16 (VIOLATED)
_388842_/A                            320.00  421.95 -101.95 (VIOLATED)
_395066_/A                            320.00  421.85 -101.85 (VIOLATED)
_421201_/A                            320.00  420.48 -100.48 (VIOLATED)
_450938_/A                            320.00  420.33 -100.33 (VIOLATED)
_353238_/A                            320.00  419.66  -99.66 (VIOLATED)
_381898_/A                            320.00  418.92  -98.92 (VIOLATED)
_456812_/A                            320.00  418.77  -98.77 (VIOLATED)
_451072_/A                            320.00  418.51  -98.51 (VIOLATED)
_380513_/A                            320.00  417.68  -97.68 (VIOLATED)
_357915_/A                            320.00  417.44  -97.44 (VIOLATED)
_398976_/A                            320.00  417.32  -97.32 (VIOLATED)
_412843_/A1                           320.00  417.27  -97.27 (VIOLATED)
_382251_/A                            320.00  417.03  -97.03 (VIOLATED)
_452583_/A                            320.00  416.98  -96.98 (VIOLATED)
_378766_/A1                           320.00  416.94  -96.94 (VIOLATED)
_416109_/A                            320.00  416.70  -96.70 (VIOLATED)
_453093_/A1                           320.00  416.42  -96.42 (VIOLATED)
_369684_/A                            320.00  415.96  -95.96 (VIOLATED)
_375116_/A                            320.00  415.28  -95.28 (VIOLATED)
_353799_/A1                           320.00  414.77  -94.77 (VIOLATED)
_416811_/A                            320.00  414.42  -94.42 (VIOLATED)
_397189_/A                            320.00  413.58  -93.58 (VIOLATED)
_380063_/A                            320.00  411.88  -91.88 (VIOLATED)
_431620_/A1                           320.00  409.13  -89.13 (VIOLATED)
_420338_/A                            320.00  409.03  -89.03 (VIOLATED)
_441258_/B                            320.00  407.88  -87.88 (VIOLATED)
_441255_/B                            320.00  407.79  -87.79 (VIOLATED)
_407118_/A1                           320.00  407.24  -87.24 (VIOLATED)
_403016_/A                            320.00  406.68  -86.68 (VIOLATED)
_359935_/A                            320.00  405.73  -85.73 (VIOLATED)
_409640_/A                            320.00  404.45  -84.45 (VIOLATED)
_400940_/A                            320.00  404.42  -84.42 (VIOLATED)
_400944_/A1                           320.00  404.27  -84.27 (VIOLATED)
_457074_/A                            320.00  404.19  -84.19 (VIOLATED)
_448268_/A1                           320.00  403.62  -83.62 (VIOLATED)
_362702_/A1                           320.00  402.43  -82.43 (VIOLATED)
_450007_/A1                           320.00  402.19  -82.19 (VIOLATED)
_447851_/A                            320.00  401.19  -81.19 (VIOLATED)
_367943_/A                            320.00  400.72  -80.72 (VIOLATED)
_382719_/A                            320.00  398.54  -78.54 (VIOLATED)
_413532_/A                            320.00  398.28  -78.28 (VIOLATED)
_357243_/A1                           320.00  398.26  -78.26 (VIOLATED)
_431940_/A                            320.00  398.10  -78.10 (VIOLATED)
_384752_/A                            320.00  397.82  -77.82 (VIOLATED)
_411236_/A                            320.00  397.82  -77.82 (VIOLATED)
_398068_/A                            320.00  397.03  -77.03 (VIOLATED)
_455273_/A                            320.00  396.75  -76.75 (VIOLATED)
_362731_/A1                           320.00  396.22  -76.22 (VIOLATED)
_405872_/B2                           320.00  396.13  -76.13 (VIOLATED)
_378264_/A                            320.00  396.10  -76.10 (VIOLATED)
_418938_/A                            320.00  396.04  -76.04 (VIOLATED)
_411609_/A1                           320.00  395.96  -75.96 (VIOLATED)
_408652_/A                            320.00  395.90  -75.90 (VIOLATED)
_363827_/B2                           320.00  395.89  -75.89 (VIOLATED)
_447222_/A                            320.00  395.40  -75.40 (VIOLATED)
_455306_/A                            320.00  395.10  -75.10 (VIOLATED)
_455314_/B                            320.00  395.02  -75.02 (VIOLATED)
_422486_/A                            320.00  394.84  -74.84 (VIOLATED)
_368874_/A                            320.00  394.81  -74.81 (VIOLATED)
_377929_/A                            320.00  394.72  -74.72 (VIOLATED)
_420384_/A                            320.00  394.42  -74.42 (VIOLATED)
_344178_/A1                           320.00  394.17  -74.17 (VIOLATED)
_350348_/A                            320.00  393.44  -73.44 (VIOLATED)
place16055/A                          320.00  393.14  -73.14 (VIOLATED)
_397007_/A                            320.00  392.71  -72.71 (VIOLATED)
_416820_/A                            320.00  392.45  -72.45 (VIOLATED)
_421223_/A                            320.00  392.04  -72.04 (VIOLATED)
_370422_/A1                           320.00  391.88  -71.88 (VIOLATED)
_412610_/A                            320.00  391.82  -71.82 (VIOLATED)
_459963_/A                            320.00  391.71  -71.71 (VIOLATED)
_421231_/B                            320.00  391.68  -71.68 (VIOLATED)
_453035_/A1                           320.00  391.16  -71.16 (VIOLATED)
_415040_/A                            320.00  391.03  -71.03 (VIOLATED)
_405920_/A                            320.00  390.94  -70.94 (VIOLATED)
_378696_/A1                           320.00  390.92  -70.92 (VIOLATED)
_400117_/A                            320.00  390.84  -70.84 (VIOLATED)
_380430_/A                            320.00  390.37  -70.37 (VIOLATED)
_357863_/A                            320.00  390.02  -70.02 (VIOLATED)
_355447_/A                            320.00  389.59  -69.59 (VIOLATED)
_380873_/A                            320.00  389.15  -69.15 (VIOLATED)
_445256_/A                            320.00  388.98  -68.98 (VIOLATED)
_444426_/A                            320.00  388.93  -68.93 (VIOLATED)
_378547_/A                            320.00  388.75  -68.75 (VIOLATED)
_452970_/A                            320.00  388.19  -68.19 (VIOLATED)
_381707_/A                            320.00  387.93  -67.93 (VIOLATED)
place16169/A                          320.00  387.52  -67.52 (VIOLATED)
_379969_/A                            320.00  385.98  -65.98 (VIOLATED)
_359707_/A                            320.00  385.76  -65.76 (VIOLATED)
_361424_/A                            320.00  385.73  -65.73 (VIOLATED)
_398959_/A                            320.00  385.71  -65.71 (VIOLATED)
_452316_/A                            320.00  385.40  -65.40 (VIOLATED)
_445687_/A                            320.00  385.33  -65.33 (VIOLATED)
_397009_/A                            320.00  385.11  -65.11 (VIOLATED)
_360913_/A2                           320.00  385.02  -65.02 (VIOLATED)
_456877_/A                            320.00  385.00  -65.00 (VIOLATED)
_447207_/A1                           320.00  384.81  -64.81 (VIOLATED)
_442582_/A                            320.00  382.92  -62.92 (VIOLATED)
_381259_/A                            320.00  382.70  -62.70 (VIOLATED)
_456452_/A                            320.00  382.62  -62.62 (VIOLATED)
_418897_/A1                           320.00  382.39  -62.39 (VIOLATED)
_458602_/A                            320.00  381.95  -61.95 (VIOLATED)
_374732_/B                            320.00  381.77  -61.77 (VIOLATED)
_374735_/B                            320.00  381.76  -61.76 (VIOLATED)
_457584_/A                            320.00  381.71  -61.71 (VIOLATED)
_433625_/A                            320.00  381.70  -61.70 (VIOLATED)
_442596_/A                            320.00  381.65  -61.65 (VIOLATED)
_404035_/A                            320.00  381.22  -61.22 (VIOLATED)
_354192_/A1                           320.00  380.93  -60.93 (VIOLATED)
_376998_/A                            320.00  380.73  -60.73 (VIOLATED)
_364364_/A                            320.00  380.34  -60.34 (VIOLATED)
_356246_/A                            320.00  379.87  -59.87 (VIOLATED)
_368855_/A                            320.00  379.26  -59.26 (VIOLATED)
_385226_/A                            320.00  379.20  -59.20 (VIOLATED)
_377835_/A                            320.00  378.24  -58.24 (VIOLATED)
_360675_/A2                           320.00  377.84  -57.84 (VIOLATED)
_475240_/A                            320.00  377.63  -57.63 (VIOLATED)
_380037_/A                            320.00  377.15  -57.15 (VIOLATED)
_444359_/B2                           320.00  377.08  -57.08 (VIOLATED)
_357776_/A                            320.00  376.98  -56.98 (VIOLATED)
_353759_/A1                           320.00  376.92  -56.92 (VIOLATED)
_413509_/A1                           320.00  376.90  -56.90 (VIOLATED)
_411187_/A1                           320.00  376.66  -56.66 (VIOLATED)
_402397_/A                            320.00  376.48  -56.48 (VIOLATED)
_353730_/A1                           320.00  376.35  -56.35 (VIOLATED)
_475232_/A                            320.00  376.16  -56.16 (VIOLATED)
_363913_/A                            320.00  376.13  -56.13 (VIOLATED)
_378230_/A                            320.00  376.05  -56.05 (VIOLATED)
_378690_/A                            320.00  375.77  -55.77 (VIOLATED)
_475065_/A                            320.00  375.60  -55.60 (VIOLATED)
_453102_/A1                           320.00  375.58  -55.58 (VIOLATED)
_377902_/A                            320.00  375.54  -55.54 (VIOLATED)
_382220_/A1                           320.00  375.49  -55.49 (VIOLATED)
_453058_/A                            320.00  375.45  -55.45 (VIOLATED)
_453036_/A                            320.00  375.20  -55.20 (VIOLATED)
_436583_/A                            320.00  375.18  -55.18 (VIOLATED)
_448534_/A                            320.00  375.04  -55.04 (VIOLATED)
_434616_/A                            320.00  374.82  -54.82 (VIOLATED)
_378676_/A1                           320.00  374.35  -54.35 (VIOLATED)
_429718_/B                            320.00  373.96  -53.96 (VIOLATED)
_397206_/A1                           320.00  373.95  -53.95 (VIOLATED)
_475057_/A                            320.00  373.70  -53.70 (VIOLATED)
_442531_/A                            320.00  373.66  -53.66 (VIOLATED)
_454720_/A                            320.00  373.24  -53.24 (VIOLATED)
_353064_/A                            320.00  373.19  -53.19 (VIOLATED)
_377829_/A                            320.00  373.13  -53.13 (VIOLATED)
_379963_/A                            320.00  372.91  -52.91 (VIOLATED)
_380890_/A                            320.00  372.88  -52.88 (VIOLATED)
_378625_/A                            320.00  372.31  -52.31 (VIOLATED)
_370388_/A                            320.00  372.17  -52.17 (VIOLATED)
_353145_/A                            320.00  372.09  -52.09 (VIOLATED)
_364576_/A                            320.00  372.04  -52.04 (VIOLATED)
_403277_/A                            320.00  371.94  -51.94 (VIOLATED)
_403325_/A                            320.00  371.91  -51.91 (VIOLATED)
_379998_/A                            320.00  371.60  -51.60 (VIOLATED)
_357841_/A                            320.00  371.35  -51.35 (VIOLATED)
_460106_/A1                           320.00  371.33  -51.33 (VIOLATED)
_359925_/A1                           320.00  371.27  -51.27 (VIOLATED)
_457132_/A                            320.00  370.61  -50.61 (VIOLATED)
_445379_/A                            320.00  370.30  -50.30 (VIOLATED)
_359970_/A                            320.00  370.08  -50.08 (VIOLATED)
_446744_/A                            320.00  369.80  -49.80 (VIOLATED)
_364512_/A                            320.00  369.79  -49.79 (VIOLATED)
_437330_/A                            320.00  369.66  -49.66 (VIOLATED)
_379940_/A                            320.00  369.61  -49.61 (VIOLATED)
_381383_/A                            320.00  369.51  -49.51 (VIOLATED)
_368870_/A1                           320.00  369.47  -49.47 (VIOLATED)
_435774_/A1                           320.00  369.34  -49.34 (VIOLATED)
_411230_/A1                           320.00  369.30  -49.30 (VIOLATED)
_380921_/A                            320.00  369.25  -49.25 (VIOLATED)
_444574_/A                            320.00  369.19  -49.19 (VIOLATED)
_411092_/A                            320.00  368.91  -48.91 (VIOLATED)
_381820_/A                            320.00  368.88  -48.88 (VIOLATED)
_386009_/A                            320.00  368.67  -48.67 (VIOLATED)
_353677_/A1                           320.00  368.54  -48.54 (VIOLATED)
_367925_/A                            320.00  368.44  -48.44 (VIOLATED)
_368728_/A                            320.00  368.42  -48.42 (VIOLATED)
_387631_/B2                           320.00  368.40  -48.40 (VIOLATED)
_358697_/A1                           320.00  368.20  -48.20 (VIOLATED)
_382788_/A                            320.00  368.19  -48.19 (VIOLATED)
_446067_/A                            320.00  368.08  -48.08 (VIOLATED)
_442173_/A2                           320.00  368.02  -48.02 (VIOLATED)
_457078_/A1                           320.00  367.95  -47.95 (VIOLATED)
_454834_/A                            320.00  367.88  -47.88 (VIOLATED)
_442276_/B                            320.00  367.85  -47.85 (VIOLATED)
_374211_/A                            320.00  367.19  -47.19 (VIOLATED)
_388403_/A                            320.00  367.17  -47.17 (VIOLATED)
_450954_/A1                           320.00  366.92  -46.92 (VIOLATED)
_431199_/A                            320.00  366.90  -46.90 (VIOLATED)
_364561_/A                            320.00  366.76  -46.76 (VIOLATED)
_405818_/A                            320.00  366.41  -46.41 (VIOLATED)
_438288_/A                            320.00  366.09  -46.09 (VIOLATED)
_381321_/A                            320.00  366.05  -46.05 (VIOLATED)
_377863_/A                            320.00  365.97  -45.97 (VIOLATED)
_419030_/A1                           320.00  365.92  -45.92 (VIOLATED)
_407811_/A1                           320.00  365.71  -45.71 (VIOLATED)
_356226_/A                            320.00  365.62  -45.62 (VIOLATED)
_353764_/A                            320.00  365.56  -45.56 (VIOLATED)
_348514_/A                            320.00  365.31  -45.31 (VIOLATED)
_456107_/A                            320.00  365.31  -45.31 (VIOLATED)
_453321_/A1                           320.00  365.23  -45.23 (VIOLATED)
_431628_/A                            320.00  365.22  -45.22 (VIOLATED)
_382520_/A                            320.00  365.06  -45.06 (VIOLATED)
_431590_/A                            320.00  365.00  -45.00 (VIOLATED)
_357807_/A                            320.00  364.61  -44.61 (VIOLATED)
_429831_/A2                           320.00  364.45  -44.45 (VIOLATED)
_375338_/A                            320.00  363.68  -43.68 (VIOLATED)
_475143_/A                            320.00  363.43  -43.43 (VIOLATED)
_451893_/A                            320.00  363.43  -43.43 (VIOLATED)
_352948_/A1                           320.00  363.41  -43.41 (VIOLATED)
_475210_/A                            320.00  363.21  -43.21 (VIOLATED)
_474877_/A                            320.00  363.17  -43.17 (VIOLATED)
_411563_/A1                           320.00  363.12  -43.12 (VIOLATED)
_388862_/A                            320.00  362.83  -42.83 (VIOLATED)
_354951_/A1                           320.00  362.76  -42.76 (VIOLATED)
_386332_/B2                           320.00  362.53  -42.53 (VIOLATED)
_370415_/A                            320.00  362.53  -42.53 (VIOLATED)
_353606_/A1                           320.00  362.39  -42.39 (VIOLATED)
_387589_/B2                           320.00  362.14  -42.14 (VIOLATED)
_454743_/A1                           320.00  362.01  -42.01 (VIOLATED)
_394964_/A                            320.00  361.93  -41.93 (VIOLATED)
_461792_/A                            320.00  361.91  -41.91 (VIOLATED)
_441249_/A                            320.00  361.89  -41.89 (VIOLATED)
_474927_/A                            320.00  361.83  -41.83 (VIOLATED)
_441160_/A1                           320.00  361.67  -41.67 (VIOLATED)
_475151_/A                            320.00  361.59  -41.59 (VIOLATED)
_385963_/A                            320.00  361.54  -41.54 (VIOLATED)
_358539_/A                            320.00  361.37  -41.37 (VIOLATED)
_377806_/A                            320.00  361.32  -41.32 (VIOLATED)
_380417_/A1                           320.00  361.24  -41.24 (VIOLATED)
_437318_/A                            320.00  361.09  -41.09 (VIOLATED)
_353580_/A                            320.00  360.91  -40.91 (VIOLATED)
_474889_/A                            320.00  360.88  -40.88 (VIOLATED)
_356182_/A                            320.00  360.82  -40.82 (VIOLATED)
_380855_/A1                           320.00  360.76  -40.76 (VIOLATED)
_475035_/A                            320.00  360.47  -40.47 (VIOLATED)
_379941_/A1                           320.00  360.21  -40.21 (VIOLATED)
_409855_/A                            320.00  360.08  -40.08 (VIOLATED)
place14149/A                          320.00  359.86  -39.86 (VIOLATED)
_379115_/A                            320.00  359.81  -39.81 (VIOLATED)
_358294_/A                            320.00  359.16  -39.16 (VIOLATED)
_409568_/A1                           320.00  359.03  -39.03 (VIOLATED)
_388349_/A                            320.00  358.39  -38.39 (VIOLATED)
_352882_/A                            320.00  358.26  -38.26 (VIOLATED)
_474905_/A                            320.00  358.24  -38.24 (VIOLATED)
_365427_/A                            320.00  358.09  -38.09 (VIOLATED)
_448532_/A                            320.00  357.95  -37.95 (VIOLATED)
_376553_/A                            320.00  357.95  -37.95 (VIOLATED)
_385693_/A1                           320.00  357.89  -37.89 (VIOLATED)
_441932_/A1                           320.00  357.58  -37.58 (VIOLATED)
_446898_/A                            320.00  357.33  -37.33 (VIOLATED)
_357746_/A1                           320.00  357.24  -37.24 (VIOLATED)
_356149_/A                            320.00  357.11  -37.11 (VIOLATED)
_397138_/A                            320.00  357.00  -37.00 (VIOLATED)
_438946_/A1                           320.00  356.83  -36.83 (VIOLATED)
_453239_/A                            320.00  356.65  -36.65 (VIOLATED)
_441903_/A                            320.00  356.63  -36.63 (VIOLATED)
_438294_/A                            320.00  356.52  -36.52 (VIOLATED)
_381915_/A1                           320.00  356.50  -36.50 (VIOLATED)
_453986_/A                            320.00  356.49  -36.49 (VIOLATED)
_404049_/A                            320.00  356.23  -36.23 (VIOLATED)
_383137_/A                            320.00  356.16  -36.16 (VIOLATED)
_399766_/A1                           320.00  356.06  -36.06 (VIOLATED)
_436581_/A                            320.00  355.81  -35.81 (VIOLATED)
_380982_/A1                           320.00  355.74  -35.74 (VIOLATED)
_406889_/A1                           320.00  355.71  -35.71 (VIOLATED)
_437942_/A                            320.00  355.49  -35.49 (VIOLATED)
_503643_/B                            320.00  355.47  -35.47 (VIOLATED)
_485117_/B2                           320.00  355.36  -35.36 (VIOLATED)
_380511_/A1                           320.00  355.13  -35.13 (VIOLATED)
_364280_/A                            320.00  355.12  -35.12 (VIOLATED)
_438986_/A                            320.00  355.05  -35.05 (VIOLATED)
_357186_/A1                           320.00  355.01  -35.01 (VIOLATED)
_408576_/A1                           320.00  354.99  -34.99 (VIOLATED)
_485122_/B                            320.00  354.87  -34.87 (VIOLATED)
_377807_/A1                           320.00  354.87  -34.87 (VIOLATED)
_352940_/A                            320.00  354.84  -34.84 (VIOLATED)
_361225_/A1                           320.00  354.78  -34.78 (VIOLATED)
_373034_/A                            320.00  354.69  -34.69 (VIOLATED)
_478032_/A                            320.00  354.68  -34.68 (VIOLATED)
_437478_/A                            320.00  354.66  -34.66 (VIOLATED)
_379034_/A                            320.00  354.54  -34.54 (VIOLATED)
_377920_/A1                           320.00  354.41  -34.41 (VIOLATED)
_474935_/A                            320.00  354.41  -34.41 (VIOLATED)
_478091_/A                            320.00  354.37  -34.37 (VIOLATED)
_446710_/A                            320.00  354.31  -34.31 (VIOLATED)
_362658_/A1                           320.00  354.26  -34.26 (VIOLATED)
_418817_/A                            320.00  354.20  -34.20 (VIOLATED)
_411750_/A                            320.00  354.11  -34.11 (VIOLATED)
_365053_/A                            320.00  354.11  -34.11 (VIOLATED)
_422530_/A1                           320.00  353.99  -33.99 (VIOLATED)
_353545_/A                            320.00  353.94  -33.94 (VIOLATED)
_456368_/A                            320.00  353.71  -33.71 (VIOLATED)
_435742_/A                            320.00  353.64  -33.64 (VIOLATED)
_429782_/A2                           320.00  353.49  -33.49 (VIOLATED)
_462572_/A                            320.00  353.49  -33.49 (VIOLATED)
_440951_/A1                           320.00  353.35  -33.35 (VIOLATED)
_439354_/A                            320.00  353.27  -33.27 (VIOLATED)
_396975_/A                            320.00  353.25  -33.25 (VIOLATED)
_478307_/A                            320.00  353.22  -33.22 (VIOLATED)
_380043_/A1                           320.00  353.00  -33.00 (VIOLATED)
_405778_/A                            320.00  352.88  -32.88 (VIOLATED)
_438441_/A                            320.00  352.87  -32.87 (VIOLATED)
_360601_/A2                           320.00  352.73  -32.73 (VIOLATED)
_394933_/A1                           320.00  352.55  -32.55 (VIOLATED)
_380051_/A                            320.00  352.51  -32.51 (VIOLATED)
_398993_/A                            320.00  352.45  -32.45 (VIOLATED)
_382486_/A                            320.00  352.28  -32.28 (VIOLATED)
_440672_/A                            320.00  352.00  -32.00 (VIOLATED)
_448686_/A                            320.00  351.98  -31.98 (VIOLATED)
_454747_/A                            320.00  351.57  -31.57 (VIOLATED)
_406779_/A                            320.00  351.35  -31.35 (VIOLATED)
_403773_/A                            320.00  351.34  -31.34 (VIOLATED)
_377916_/A                            320.00  351.32  -31.32 (VIOLATED)
_445232_/A                            320.00  351.31  -31.31 (VIOLATED)
_368689_/A                            320.00  351.20  -31.20 (VIOLATED)
_409795_/A                            320.00  350.98  -30.98 (VIOLATED)
_331113_/A                            320.00  350.82  -30.82 (VIOLATED)
_454654_/B2                           320.00  350.72  -30.72 (VIOLATED)
_364487_/A                            320.00  350.71  -30.71 (VIOLATED)
_400052_/A                            320.00  350.64  -30.64 (VIOLATED)
_450435_/A                            320.00  350.54  -30.54 (VIOLATED)
_363730_/A                            320.00  350.47  -30.47 (VIOLATED)
_357859_/A1                           320.00  350.32  -30.32 (VIOLATED)
_418952_/A                            320.00  350.21  -30.21 (VIOLATED)
_370320_/A                            320.00  349.70  -29.70 (VIOLATED)
_382660_/A                            320.00  349.59  -29.59 (VIOLATED)
_478264_/A                            320.00  349.57  -29.57 (VIOLATED)
_448497_/A                            320.00  349.34  -29.34 (VIOLATED)
_407124_/A                            320.00  349.25  -29.25 (VIOLATED)
_450902_/A                            320.00  349.21  -29.21 (VIOLATED)
_358135_/A1                           320.00  349.20  -29.20 (VIOLATED)
_422401_/A1                           320.00  348.69  -28.69 (VIOLATED)
_433431_/A                            320.00  348.39  -28.39 (VIOLATED)
_361232_/A                            320.00  348.30  -28.30 (VIOLATED)
_474970_/A                            320.00  348.29  -28.29 (VIOLATED)
_437981_/A                            320.00  348.07  -28.07 (VIOLATED)
_378174_/A                            320.00  347.82  -27.82 (VIOLATED)
_377908_/A1                           320.00  347.61  -27.61 (VIOLATED)
_356204_/A1                           320.00  347.53  -27.53 (VIOLATED)
_361170_/A                            320.00  347.52  -27.52 (VIOLATED)
_439834_/A1                           320.00  347.51  -27.51 (VIOLATED)
_433932_/A                            320.00  347.30  -27.30 (VIOLATED)
_435839_/A                            320.00  347.16  -27.16 (VIOLATED)
_361155_/A1                           320.00  347.08  -27.08 (VIOLATED)
_403261_/A1                           320.00  346.92  -26.92 (VIOLATED)
_382148_/A                            320.00  346.76  -26.76 (VIOLATED)
_352050_/A1                           320.00  346.72  -26.72 (VIOLATED)
_378591_/A                            320.00  346.65  -26.65 (VIOLATED)
_388120_/A                            320.00  346.53  -26.53 (VIOLATED)
_385587_/A                            320.00  346.46  -26.46 (VIOLATED)
_503514_/B                            320.00  346.41  -26.41 (VIOLATED)
_344040_/A1                           320.00  346.40  -26.40 (VIOLATED)
_458537_/A                            320.00  346.31  -26.31 (VIOLATED)
_434037_/A                            320.00  346.19  -26.19 (VIOLATED)
_452987_/A1                           320.00  346.19  -26.19 (VIOLATED)
_359584_/A1                           320.00  346.15  -26.15 (VIOLATED)
_421136_/B                            320.00  345.92  -25.92 (VIOLATED)
_364548_/A1                           320.00  345.88  -25.88 (VIOLATED)
_483639_/B                            320.00  345.87  -25.87 (VIOLATED)
_381428_/A                            320.00  345.86  -25.86 (VIOLATED)
_421133_/B                            320.00  345.83  -25.83 (VIOLATED)
_483636_/B2                           320.00  345.74  -25.74 (VIOLATED)
_388020_/A                            320.00  345.73  -25.73 (VIOLATED)
_358892_/A                            320.00  345.69  -25.69 (VIOLATED)
_359815_/A                            320.00  345.62  -25.62 (VIOLATED)
_411577_/A                            320.00  345.26  -25.26 (VIOLATED)
_433511_/A                            320.00  345.19  -25.19 (VIOLATED)
_380375_/A1                           320.00  345.19  -25.19 (VIOLATED)
_357852_/A1                           320.00  344.99  -24.99 (VIOLATED)
_523818_/SN                           320.00  344.94  -24.94 (VIOLATED)
_475108_/A                            320.00  344.90  -24.90 (VIOLATED)
_390254_/A                            320.00  344.79  -24.79 (VIOLATED)
_405181_/A1                           320.00  344.51  -24.51 (VIOLATED)
_360629_/B                            320.00  344.38  -24.38 (VIOLATED)
_386534_/A1                           320.00  344.36  -24.36 (VIOLATED)
_408917_/A                            320.00  344.31  -24.31 (VIOLATED)
_402660_/A                            320.00  344.19  -24.19 (VIOLATED)
_410236_/A                            320.00  344.11  -24.11 (VIOLATED)
_402575_/A                            320.00  343.98  -23.98 (VIOLATED)
_462108_/A                            320.00  343.83  -23.83 (VIOLATED)
_422745_/A1                           320.00  343.70  -23.70 (VIOLATED)
_423559_/A1                           320.00  343.51  -23.51 (VIOLATED)
_362233_/A                            320.00  343.47  -23.47 (VIOLATED)
_405436_/A1                           320.00  343.04  -23.04 (VIOLATED)
_441053_/A1                           320.00  343.03  -23.03 (VIOLATED)
_360846_/A2                           320.00  343.00  -23.00 (VIOLATED)
_407476_/A                            320.00  342.97  -22.97 (VIOLATED)
_433544_/A                            320.00  342.93  -22.93 (VIOLATED)
_422764_/A                            320.00  342.93  -22.93 (VIOLATED)
_386434_/B2                           320.00  342.88  -22.88 (VIOLATED)
_412787_/A                            320.00  342.83  -22.83 (VIOLATED)
_460535_/A                            320.00  342.71  -22.71 (VIOLATED)
_451414_/A                            320.00  342.69  -22.69 (VIOLATED)
_448165_/A1                           320.00  342.44  -22.44 (VIOLATED)
_446177_/A                            320.00  342.28  -22.28 (VIOLATED)
_385803_/A                            320.00  342.17  -22.17 (VIOLATED)
_446825_/A                            320.00  342.05  -22.05 (VIOLATED)
_444417_/A1                           320.00  342.05  -22.05 (VIOLATED)
_449377_/A                            320.00  342.04  -22.04 (VIOLATED)
_437965_/A1                           320.00  341.96  -21.96 (VIOLATED)
_439805_/A                            320.00  341.74  -21.74 (VIOLATED)
_367521_/A                            320.00  341.71  -21.71 (VIOLATED)
_352883_/A1                           320.00  341.63  -21.63 (VIOLATED)
_405167_/A1                           320.00  341.54  -21.54 (VIOLATED)
_386907_/A                            320.00  341.48  -21.48 (VIOLATED)
_361986_/A1                           320.00  341.43  -21.43 (VIOLATED)
_474978_/A                            320.00  341.39  -21.39 (VIOLATED)
_475021_/A                            320.00  341.31  -21.31 (VIOLATED)
_388019_/A1                           320.00  341.25  -21.25 (VIOLATED)
_444889_/A                            320.00  341.06  -21.06 (VIOLATED)
_447277_/A                            320.00  341.05  -21.05 (VIOLATED)
_429734_/A2                           320.00  341.05  -21.05 (VIOLATED)
_456574_/A                            320.00  341.04  -21.04 (VIOLATED)
_403837_/A                            320.00  341.04  -21.04 (VIOLATED)
_380825_/A1                           320.00  340.98  -20.98 (VIOLATED)
_478177_/A                            320.00  340.93  -20.94 (VIOLATED)
_419018_/A                            320.00  340.92  -20.92 (VIOLATED)
_447067_/A1                           320.00  340.89  -20.89 (VIOLATED)
_386573_/B2                           320.00  340.88  -20.88 (VIOLATED)
_418728_/A1                           320.00  340.72  -20.72 (VIOLATED)
_362002_/A                            320.00  340.71  -20.71 (VIOLATED)
_383488_/B2                           320.00  340.50  -20.50 (VIOLATED)
_457017_/A                            320.00  340.38  -20.38 (VIOLATED)
_389265_/B2                           320.00  340.12  -20.12 (VIOLATED)
_441126_/B                            320.00  340.04  -20.04 (VIOLATED)
_475084_/A                            320.00  339.65  -19.65 (VIOLATED)
_392589_/A                            320.00  339.64  -19.64 (VIOLATED)
_422763_/A1                           320.00  339.34  -19.34 (VIOLATED)
_407422_/A                            320.00  339.31  -19.31 (VIOLATED)
_346708_/A                            320.00  339.25  -19.25 (VIOLATED)
_441123_/B                            320.00  339.13  -19.13 (VIOLATED)
_475127_/A                            320.00  338.95  -18.95 (VIOLATED)
_354722_/A1                           320.00  338.77  -18.77 (VIOLATED)
_354947_/A                            320.00  338.75  -18.75 (VIOLATED)
_349902_/A                            320.00  338.67  -18.67 (VIOLATED)
_356731_/A                            320.00  338.56  -18.56 (VIOLATED)
_375315_/A                            320.00  338.49  -18.49 (VIOLATED)
_440719_/A                            320.00  338.49  -18.49 (VIOLATED)
_445706_/A                            320.00  338.46  -18.46 (VIOLATED)
_388134_/A1                           320.00  338.43  -18.43 (VIOLATED)
_431616_/A                            320.00  338.43  -18.43 (VIOLATED)
_435683_/A                            320.00  338.40  -18.40 (VIOLATED)
_474997_/A                            320.00  338.39  -18.39 (VIOLATED)
_399629_/A                            320.00  338.38  -18.38 (VIOLATED)
_435954_/A                            320.00  338.35  -18.35 (VIOLATED)
_410354_/A1                           320.00  338.31  -18.31 (VIOLATED)
_475212_/A                            320.00  338.03  -18.03 (VIOLATED)
_392133_/A                            320.00  337.93  -17.93 (VIOLATED)
_370340_/A1                           320.00  337.87  -17.87 (VIOLATED)
_347370_/A                            320.00  337.87  -17.87 (VIOLATED)
_387934_/A1                           320.00  337.83  -17.83 (VIOLATED)
_474854_/A                            320.00  337.77  -17.77 (VIOLATED)
_416755_/A                            320.00  337.66  -17.66 (VIOLATED)
_437272_/A                            320.00  337.65  -17.65 (VIOLATED)
_462934_/A                            320.00  337.60  -17.60 (VIOLATED)
_422748_/A                            320.00  337.59  -17.59 (VIOLATED)
_392154_/A                            320.00  337.50  -17.50 (VIOLATED)
_475216_/A                            320.00  337.47  -17.47 (VIOLATED)
_375928_/A                            320.00  337.31  -17.31 (VIOLATED)
_357153_/A1                           320.00  337.17  -17.17 (VIOLATED)
_435093_/A                            320.00  337.10  -17.10 (VIOLATED)
_375259_/A                            320.00  337.07  -17.07 (VIOLATED)
_362652_/A1                           320.00  336.97  -16.97 (VIOLATED)
_347257_/A1                           320.00  336.74  -16.74 (VIOLATED)
_443379_/A                            320.00  336.74  -16.74 (VIOLATED)
_455953_/A                            320.00  336.65  -16.65 (VIOLATED)
_406363_/A1                           320.00  336.50  -16.50 (VIOLATED)
_439873_/A                            320.00  336.45  -16.45 (VIOLATED)
_379901_/A1                           320.00  336.36  -16.36 (VIOLATED)
_344855_/A                            320.00  336.23  -16.23 (VIOLATED)
_390281_/A                            320.00  336.22  -16.22 (VIOLATED)
_408790_/A                            320.00  336.17  -16.17 (VIOLATED)
_392656_/A                            320.00  336.16  -16.16 (VIOLATED)
_387016_/A                            320.00  336.08  -16.08 (VIOLATED)
_369921_/A                            320.00  336.08  -16.08 (VIOLATED)
_438263_/A                            320.00  336.03  -16.03 (VIOLATED)
_377766_/A1                           320.00  335.85  -15.85 (VIOLATED)
_383178_/A1                           320.00  335.84  -15.84 (VIOLATED)
_366261_/A1                           320.00  335.78  -15.78 (VIOLATED)
_429556_/A2                           320.00  335.69  -15.69 (VIOLATED)
_361991_/A                            320.00  335.67  -15.67 (VIOLATED)
_392494_/A1                           320.00  335.60  -15.60 (VIOLATED)
_388788_/A1                           320.00  335.59  -15.59 (VIOLATED)
_475041_/A                            320.00  335.59  -15.59 (VIOLATED)
_368622_/A                            320.00  335.55  -15.55 (VIOLATED)
_392024_/A1                           320.00  335.54  -15.54 (VIOLATED)
_367030_/A                            320.00  335.52  -15.52 (VIOLATED)
_358572_/A1                           320.00  335.49  -15.49 (VIOLATED)
_364868_/B2                           320.00  335.43  -15.43 (VIOLATED)
_353470_/A                            320.00  335.41  -15.41 (VIOLATED)
_388794_/A                            320.00  335.30  -15.30 (VIOLATED)
_446687_/A                            320.00  335.27  -15.27 (VIOLATED)
_401286_/A1                           320.00  335.27  -15.27 (VIOLATED)
_386256_/A                            320.00  335.25  -15.25 (VIOLATED)
_475037_/A                            320.00  335.22  -15.22 (VIOLATED)
_362105_/A1                           320.00  335.19  -15.19 (VIOLATED)
_428973_/A                            320.00  335.16  -15.16 (VIOLATED)
_381273_/A                            320.00  335.05  -15.05 (VIOLATED)
_362101_/A                            320.00  334.92  -14.92 (VIOLATED)
_401302_/A                            320.00  334.88  -14.88 (VIOLATED)
_478221_/A                            320.00  334.75  -14.75 (VIOLATED)
_373095_/A1                           320.00  334.75  -14.75 (VIOLATED)
_441777_/A                            320.00  334.70  -14.70 (VIOLATED)
_436735_/A                            320.00  334.65  -14.65 (VIOLATED)
_409630_/A                            320.00  334.62  -14.62 (VIOLATED)
_365902_/A                            320.00  334.44  -14.44 (VIOLATED)
_407535_/A1                           320.00  334.40  -14.40 (VIOLATED)
_440173_/A1                           320.00  334.33  -14.33 (VIOLATED)
_354929_/A1                           320.00  334.14  -14.14 (VIOLATED)
_362000_/A1                           320.00  334.07  -14.07 (VIOLATED)
_452638_/A                            320.00  334.06  -14.06 (VIOLATED)
_365857_/A                            320.00  333.89  -13.89 (VIOLATED)
_462612_/A1                           320.00  333.87  -13.87 (VIOLATED)
_387001_/A                            320.00  333.84  -13.84 (VIOLATED)
_406999_/A1                           320.00  333.76  -13.76 (VIOLATED)
_475236_/A                            320.00  333.73  -13.73 (VIOLATED)
_474911_/A                            320.00  333.64  -13.64 (VIOLATED)
_450483_/A1                           320.00  333.43  -13.43 (VIOLATED)
_353101_/A                            320.00  333.43  -13.43 (VIOLATED)
_408602_/A1                           320.00  333.42  -13.42 (VIOLATED)
_387043_/A1                           320.00  333.40  -13.40 (VIOLATED)
_403820_/A                            320.00  333.32  -13.32 (VIOLATED)
_408404_/B2                           320.00  333.17  -13.17 (VIOLATED)
_434989_/A                            320.00  333.10  -13.10 (VIOLATED)
_378539_/A1                           320.00  333.06  -13.06 (VIOLATED)
_446600_/A1                           320.00  333.04  -13.04 (VIOLATED)
_446620_/A                            320.00  333.02  -13.02 (VIOLATED)
_475186_/A                            320.00  332.95  -12.95 (VIOLATED)
_446601_/A1                           320.00  332.87  -12.87 (VIOLATED)
_446591_/A                            320.00  332.86  -12.86 (VIOLATED)
_438766_/A                            320.00  332.61  -12.61 (VIOLATED)
_370362_/A                            320.00  332.60  -12.60 (VIOLATED)
_407522_/A                            320.00  332.60  -12.60 (VIOLATED)
_408488_/A1                           320.00  332.46  -12.46 (VIOLATED)
_375319_/A1                           320.00  332.46  -12.46 (VIOLATED)
_403576_/A                            320.00  332.44  -12.44 (VIOLATED)
_446581_/A                            320.00  332.42  -12.42 (VIOLATED)
_407532_/A1                           320.00  332.40  -12.40 (VIOLATED)
_411153_/A1                           320.00  332.29  -12.29 (VIOLATED)
_369960_/A                            320.00  332.18  -12.18 (VIOLATED)
_457780_/A                            320.00  332.13  -12.13 (VIOLATED)
_387899_/A                            320.00  332.10  -12.10 (VIOLATED)
_349711_/A                            320.00  331.98  -11.98 (VIOLATED)
_434863_/A                            320.00  331.95  -11.95 (VIOLATED)
_394686_/A                            320.00  331.91  -11.91 (VIOLATED)
_406483_/A                            320.00  331.86  -11.86 (VIOLATED)
_445601_/A                            320.00  331.79  -11.79 (VIOLATED)
_446594_/A                            320.00  331.69  -11.69 (VIOLATED)
_368799_/A1                           320.00  331.65  -11.65 (VIOLATED)
_452128_/A                            320.00  331.38  -11.38 (VIOLATED)
_446604_/A1                           320.00  331.35  -11.35 (VIOLATED)
_446592_/A                            320.00  331.23  -11.23 (VIOLATED)
_403985_/A                            320.00  331.18  -11.18 (VIOLATED)
_355998_/A                            320.00  331.18  -11.18 (VIOLATED)
_446602_/A1                           320.00  331.17  -11.17 (VIOLATED)
_474954_/A                            320.00  331.17  -11.17 (VIOLATED)
_380361_/A                            320.00  331.16  -11.16 (VIOLATED)
_378685_/A1                           320.00  331.16  -11.16 (VIOLATED)
_474907_/A                            320.00  331.12  -11.12 (VIOLATED)
_446584_/A                            320.00  331.04  -11.04 (VIOLATED)
_349086_/A2                           320.00  330.97  -10.97 (VIOLATED)
_457882_/A                            320.00  330.81  -10.81 (VIOLATED)
_409025_/A                            320.00  330.79  -10.79 (VIOLATED)
_437715_/A1                           320.00  330.78  -10.78 (VIOLATED)
_350287_/A1                           320.00  330.77  -10.77 (VIOLATED)
_446135_/A                            320.00  330.60  -10.60 (VIOLATED)
_475061_/A                            320.00  330.52  -10.52 (VIOLATED)
_344464_/A1                           320.00  330.51  -10.51 (VIOLATED)
_400039_/A                            320.00  330.51  -10.51 (VIOLATED)
_463041_/A                            320.00  330.46  -10.46 (VIOLATED)
_381694_/A                            320.00  330.32  -10.32 (VIOLATED)
_352652_/A                            320.00  330.19  -10.19 (VIOLATED)
_397024_/A                            320.00  330.12  -10.12 (VIOLATED)
_361365_/A                            320.00  329.95   -9.95 (VIOLATED)
_448613_/A                            320.00  329.92   -9.92 (VIOLATED)
_359661_/A                            320.00  329.85   -9.85 (VIOLATED)
_369938_/A                            320.00  329.82   -9.82 (VIOLATED)
_370574_/A1                           320.00  329.63   -9.63 (VIOLATED)
_423407_/A1                           320.00  329.61   -9.61 (VIOLATED)
_460148_/A                            320.00  329.50   -9.50 (VIOLATED)
_400259_/A1                           320.00  329.48   -9.48 (VIOLATED)
_380880_/A                            320.00  329.43   -9.43 (VIOLATED)
_446605_/A1                           320.00  329.41   -9.41 (VIOLATED)
_393290_/A1                           320.00  329.40   -9.40 (VIOLATED)
_382536_/A                            320.00  329.29   -9.29 (VIOLATED)
_409526_/A                            320.00  329.22   -9.22 (VIOLATED)
_415185_/A                            320.00  329.16   -9.16 (VIOLATED)
_475100_/A                            320.00  329.13   -9.13 (VIOLATED)
_457632_/A                            320.00  329.09   -9.09 (VIOLATED)
_378828_/A1                           320.00  328.91   -8.91 (VIOLATED)
_480651_/B2                           320.00  328.89   -8.89 (VIOLATED)
_427942_/A1                           320.00  328.74   -8.74 (VIOLATED)
_348641_/A                            320.00  328.63   -8.63 (VIOLATED)
_444524_/A1                           320.00  328.59   -8.59 (VIOLATED)
_431535_/A                            320.00  328.50   -8.50 (VIOLATED)
_380777_/A                            320.00  328.49   -8.49 (VIOLATED)
_443333_/A                            320.00  328.46   -8.46 (VIOLATED)
_446561_/A                            320.00  328.42   -8.42 (VIOLATED)
_380055_/A1                           320.00  328.40   -8.40 (VIOLATED)
_446559_/A                            320.00  328.36   -8.36 (VIOLATED)
_446573_/A                            320.00  328.35   -8.35 (VIOLATED)
_446572_/A                            320.00  328.35   -8.35 (VIOLATED)
_446548_/A                            320.00  328.34   -8.34 (VIOLATED)
_475164_/A                            320.00  328.32   -8.32 (VIOLATED)
_446574_/A                            320.00  328.32   -8.32 (VIOLATED)
_458744_/A1                           320.00  328.24   -8.24 (VIOLATED)
_397109_/A1                           320.00  328.23   -8.23 (VIOLATED)
_446606_/A1                           320.00  328.17   -8.17 (VIOLATED)
_367977_/A                            320.00  328.02   -8.02 (VIOLATED)
_355163_/A1                           320.00  328.02   -8.02 (VIOLATED)
_360703_/A2                           320.00  327.98   -7.98 (VIOLATED)
_419019_/A1                           320.00  327.87   -7.87 (VIOLATED)
_446597_/A                            320.00  327.82   -7.82 (VIOLATED)
_446587_/A                            320.00  327.82   -7.82 (VIOLATED)
_446549_/A                            320.00  327.81   -7.81 (VIOLATED)
_410346_/A1                           320.00  327.71   -7.71 (VIOLATED)
_410344_/B                            320.00  327.70   -7.70 (VIOLATED)
place13250/A                          320.00  327.66   -7.66 (VIOLATED)
_381905_/A1                           320.00  327.64   -7.64 (VIOLATED)
_380947_/A1                           320.00  327.57   -7.57 (VIOLATED)
_446562_/A                            320.00  327.56   -7.56 (VIOLATED)
_450474_/A1                           320.00  327.53   -7.53 (VIOLATED)
_405904_/A                            320.00  327.52   -7.52 (VIOLATED)
_446607_/A1                           320.00  327.52   -7.52 (VIOLATED)
_351682_/A1                           320.00  327.50   -7.50 (VIOLATED)
_475214_/A                            320.00  327.46   -7.46 (VIOLATED)
_446575_/A                            320.00  327.37   -7.37 (VIOLATED)
_435955_/A1                           320.00  327.34   -7.34 (VIOLATED)
_357785_/A                            320.00  327.28   -7.28 (VIOLATED)
_382641_/A                            320.00  327.28   -7.28 (VIOLATED)
_379986_/A                            320.00  327.24   -7.24 (VIOLATED)
_380488_/A1                           320.00  327.24   -7.24 (VIOLATED)
_503311_/B                            320.00  327.02   -7.02 (VIOLATED)
_382270_/A                            320.00  326.97   -6.97 (VIOLATED)
_480653_/B                            320.00  326.94   -6.94 (VIOLATED)
_425925_/A1                           320.00  326.91   -6.91 (VIOLATED)
_381938_/A                            320.00  326.88   -6.88 (VIOLATED)
_456100_/A                            320.00  326.82   -6.82 (VIOLATED)
_380524_/A                            320.00  326.74   -6.74 (VIOLATED)
_478093_/A                            320.00  326.67   -6.67 (VIOLATED)
_377852_/A                            320.00  326.66   -6.66 (VIOLATED)
_478035_/A                            320.00  326.61   -6.61 (VIOLATED)
_380535_/A                            320.00  326.56   -6.56 (VIOLATED)
_399123_/A1                           320.00  326.54   -6.54 (VIOLATED)
_355891_/A                            320.00  326.51   -6.51 (VIOLATED)
_381002_/A                            320.00  326.44   -6.44 (VIOLATED)
_421140_/B                            320.00  326.37   -6.37 (VIOLATED)
_421132_/A                            320.00  326.34   -6.34 (VIOLATED)
_378823_/A                            320.00  326.32   -6.32 (VIOLATED)
_358869_/A1                           320.00  326.21   -6.21 (VIOLATED)
_456905_/A                            320.00  326.08   -6.08 (VIOLATED)
_379869_/A                            320.00  326.07   -6.07 (VIOLATED)
place15666/A                          320.00  326.06   -6.06 (VIOLATED)
_406003_/A1                           320.00  326.05   -6.05 (VIOLATED)
_378830_/A1                           320.00  326.02   -6.02 (VIOLATED)
_437487_/A                            320.00  326.01   -6.01 (VIOLATED)
_446586_/A                            320.00  325.98   -5.98 (VIOLATED)
_344012_/A1                           320.00  325.85   -5.85 (VIOLATED)
_457868_/A                            320.00  325.56   -5.56 (VIOLATED)
_358751_/A1                           320.00  325.48   -5.48 (VIOLATED)
_376144_/A1                           320.00  325.48   -5.48 (VIOLATED)
_351214_/A1                           320.00  325.46   -5.46 (VIOLATED)
_448473_/A                            320.00  325.36   -5.36 (VIOLATED)
_453127_/A                            320.00  325.26   -5.26 (VIOLATED)
_390093_/A                            320.00  325.02   -5.02 (VIOLATED)
_475194_/A                            320.00  325.01   -5.01 (VIOLATED)
_404334_/A1                           320.00  324.98   -4.98 (VIOLATED)
_401866_/A                            320.00  324.97   -4.97 (VIOLATED)
_344663_/A1                           320.00  324.92   -4.92 (VIOLATED)
_411448_/A1                           320.00  324.82   -4.82 (VIOLATED)
_453107_/A1                           320.00  324.76   -4.76 (VIOLATED)
_446596_/A                            320.00  324.75   -4.75 (VIOLATED)
_451676_/B                            320.00  324.66   -4.66 (VIOLATED)
_386500_/A                            320.00  324.64   -4.64 (VIOLATED)
_452502_/A                            320.00  324.57   -4.57 (VIOLATED)
_446060_/A                            320.00  324.50   -4.50 (VIOLATED)
_359277_/A1                           320.00  324.43   -4.43 (VIOLATED)
_438005_/A1                           320.00  324.41   -4.41 (VIOLATED)
_486241_/B                            320.00  324.39   -4.39 (VIOLATED)
_458524_/A                            320.00  324.30   -4.30 (VIOLATED)
_475039_/A                            320.00  324.30   -4.30 (VIOLATED)
_344833_/A1                           320.00  324.17   -4.17 (VIOLATED)
_393593_/A                            320.00  324.15   -4.15 (VIOLATED)
_486218_/A2                           320.00  324.07   -4.07 (VIOLATED)
_407074_/A1                           320.00  324.05   -4.05 (VIOLATED)
_357761_/A                            320.00  324.00   -4.00 (VIOLATED)
_486217_/B                            320.00  323.97   -3.97 (VIOLATED)
_486242_/A2                           320.00  323.95   -3.95 (VIOLATED)
_421680_/A1                           320.00  323.95   -3.95 (VIOLATED)
_428029_/A                            320.00  323.80   -3.80 (VIOLATED)
_375278_/A                            320.00  323.78   -3.78 (VIOLATED)
_437404_/A                            320.00  323.77   -3.77 (VIOLATED)
_363248_/A1                           320.00  323.58   -3.58 (VIOLATED)
_353647_/A1                           320.00  323.53   -3.53 (VIOLATED)
_349564_/A                            320.00  323.34   -3.34 (VIOLATED)
_443789_/A                            320.00  323.31   -3.31 (VIOLATED)
_437488_/A1                           320.00  323.23   -3.23 (VIOLATED)
_423294_/A1                           320.00  323.21   -3.21 (VIOLATED)
_486236_/A2                           320.00  323.17   -3.17 (VIOLATED)
_420314_/A                            320.00  323.15   -3.15 (VIOLATED)
_460140_/A1                           320.00  323.15   -3.15 (VIOLATED)
_443278_/A1                           320.00  323.14   -3.14 (VIOLATED)
_486225_/B                            320.00  323.13   -3.13 (VIOLATED)
_397223_/A                            320.00  323.12   -3.12 (VIOLATED)
_486234_/A2                           320.00  323.12   -3.12 (VIOLATED)
_344993_/A                            320.00  323.10   -3.10 (VIOLATED)
_486224_/A2                           320.00  323.03   -3.03 (VIOLATED)
_347676_/A1                           320.00  323.01   -3.01 (VIOLATED)
_397237_/A                            320.00  322.89   -2.89 (VIOLATED)
_486223_/B                            320.00  322.86   -2.86 (VIOLATED)
_503725_/B                            320.00  322.86   -2.86 (VIOLATED)
_354708_/A1                           320.00  322.85   -2.85 (VIOLATED)
_486226_/A2                           320.00  322.82   -2.82 (VIOLATED)
_428444_/A1                           320.00  322.79   -2.79 (VIOLATED)
_397017_/A                            320.00  322.79   -2.79 (VIOLATED)
_486222_/A2                           320.00  322.69   -2.69 (VIOLATED)
_388074_/A                            320.00  322.64   -2.64 (VIOLATED)
_422172_/A                            320.00  322.60   -2.60 (VIOLATED)
_441288_/B                            320.00  322.55   -2.55 (VIOLATED)
_503726_/A2                           320.00  322.53   -2.53 (VIOLATED)
_441300_/B                            320.00  322.51   -2.51 (VIOLATED)
_441311_/B                            320.00  322.47   -2.47 (VIOLATED)
_419441_/A1                           320.00  322.47   -2.47 (VIOLATED)
_441244_/B                            320.00  322.44   -2.44 (VIOLATED)
_441310_/B                            320.00  322.34   -2.34 (VIOLATED)
_441299_/B                            320.00  322.28   -2.28 (VIOLATED)
_402203_/A                            320.00  322.25   -2.25 (VIOLATED)
_451461_/A1                           320.00  322.23   -2.23 (VIOLATED)
_441298_/B                            320.00  322.21   -2.21 (VIOLATED)
_486233_/B                            320.00  322.15   -2.15 (VIOLATED)
_441200_/B                            320.00  322.14   -2.14 (VIOLATED)
_430613_/A                            320.00  322.14   -2.14 (VIOLATED)
_452202_/A                            320.00  322.12   -2.12 (VIOLATED)
_486221_/B                            320.00  322.11   -2.11 (VIOLATED)
_441326_/B                            320.00  322.11   -2.11 (VIOLATED)
_351939_/A                            320.00  322.08   -2.08 (VIOLATED)
_422464_/A                            320.00  322.08   -2.08 (VIOLATED)
_441156_/B                            320.00  322.08   -2.08 (VIOLATED)
_441308_/B                            320.00  322.08   -2.08 (VIOLATED)
_365097_/A1                           320.00  322.07   -2.07 (VIOLATED)
_417469_/A                            320.00  322.06   -2.06 (VIOLATED)
_441297_/B                            320.00  322.04   -2.04 (VIOLATED)
place13682/A                          320.00  322.01   -2.01 (VIOLATED)
_442146_/A2                           320.00  322.00   -2.00 (VIOLATED)
_474909_/A                            320.00  321.97   -1.97 (VIOLATED)
_352308_/A                            320.00  321.91   -1.91 (VIOLATED)
_389735_/A2                           320.00  321.88   -1.88 (VIOLATED)
_389734_/B                            320.00  321.87   -1.87 (VIOLATED)
_352099_/B                            320.00  321.87   -1.87 (VIOLATED)
_478309_/A                            320.00  321.86   -1.86 (VIOLATED)
_352101_/B                            320.00  321.83   -1.83 (VIOLATED)
_346752_/A                            320.00  321.83   -1.83 (VIOLATED)
_441325_/B                            320.00  321.83   -1.83 (VIOLATED)
_441112_/B                            320.00  321.80   -1.80 (VIOLATED)
_352107_/B                            320.00  321.76   -1.76 (VIOLATED)
_478266_/A                            320.00  321.76   -1.76 (VIOLATED)
_475170_/A                            320.00  321.73   -1.73 (VIOLATED)
_486220_/A2                           320.00  321.70   -1.70 (VIOLATED)
_446595_/A                            320.00  321.68   -1.68 (VIOLATED)
_382640_/A                            320.00  321.62   -1.62 (VIOLATED)
_408455_/A                            320.00  321.59   -1.59 (VIOLATED)
_445963_/A1                           320.00  321.58   -1.58 (VIOLATED)
_364340_/A                            320.00  321.56   -1.56 (VIOLATED)
_352109_/B                            320.00  321.54   -1.54 (VIOLATED)
_393251_/A1                           320.00  321.51   -1.51 (VIOLATED)
_450470_/A1                           320.00  321.49   -1.49 (VIOLATED)
_420507_/A1                           320.00  321.49   -1.49 (VIOLATED)
_419992_/A1                           320.00  321.43   -1.43 (VIOLATED)
_363548_/A                            320.00  321.43   -1.43 (VIOLATED)
_375157_/A1                           320.00  321.38   -1.38 (VIOLATED)
_352044_/C                            320.00  321.31   -1.31 (VIOLATED)
_352264_/C                            320.00  321.27   -1.27 (VIOLATED)
_361186_/A                            320.00  321.27   -1.27 (VIOLATED)
_352258_/C                            320.00  321.27   -1.27 (VIOLATED)
_390295_/C                            320.00  321.24   -1.24 (VIOLATED)
_390242_/A1                           320.00  321.24   -1.24 (VIOLATED)
_390246_/C                            320.00  321.24   -1.24 (VIOLATED)
_390322_/C                            320.00  321.23   -1.23 (VIOLATED)
_352037_/C                            320.00  321.23   -1.23 (VIOLATED)
_390318_/A1                           320.00  321.22   -1.22 (VIOLATED)
_475220_/A                            320.00  321.19   -1.19 (VIOLATED)
_486219_/B                            320.00  321.14   -1.14 (VIOLATED)
_390284_/C                            320.00  321.12   -1.12 (VIOLATED)
_390280_/A1                           320.00  321.08   -1.08 (VIOLATED)
_407032_/A1                           320.00  321.05   -1.05 (VIOLATED)
_475045_/A                            320.00  321.04   -1.04 (VIOLATED)
place13684/A                          320.00  321.03   -1.03 (VIOLATED)
_460571_/A                            320.00  321.01   -1.01 (VIOLATED)
_524196_/SN                           320.00  321.00   -1.00 (VIOLATED)
_386589_/A                            320.00  320.99   -0.99 (VIOLATED)
_441338_/B                            320.00  320.96   -0.96 (VIOLATED)
_359670_/A1                           320.00  320.91   -0.91 (VIOLATED)
_411666_/A                            320.00  320.86   -0.86 (VIOLATED)
_405485_/A1                           320.00  320.84   -0.84 (VIOLATED)
_376157_/A                            320.00  320.77   -0.77 (VIOLATED)
_386541_/A1                           320.00  320.75   -0.75 (VIOLATED)
_408825_/A                            320.00  320.67   -0.67 (VIOLATED)
_441295_/B                            320.00  320.66   -0.66 (VIOLATED)
_441068_/B                            320.00  320.63   -0.63 (VIOLATED)
_368792_/A1                           320.00  320.61   -0.61 (VIOLATED)
_402782_/A                            320.00  320.53   -0.53 (VIOLATED)
_402082_/A                            320.00  320.52   -0.52 (VIOLATED)
_475013_/A                            320.00  320.42   -0.42 (VIOLATED)
_414673_/A1                           320.00  320.40   -0.40 (VIOLATED)
_411998_/A                            320.00  320.36   -0.36 (VIOLATED)
_443896_/A                            320.00  320.33   -0.33 (VIOLATED)
_421376_/A1                           320.00  320.33   -0.33 (VIOLATED)
_424503_/B                            320.00  320.32   -0.32 (VIOLATED)
_438367_/A                            320.00  320.07   -0.07 (VIOLATED)
_406797_/A1                           320.00  320.02   -0.02 (VIOLATED)

max capacitance

Pin                                    Limit     Cap   Slack
------------------------------------------------------------
_435472_/Y                             23.04   24.50   -1.46 (VIOLATED)


==========================================================================
finish max_slew_check_slack
--------------------------------------------------------------------------
-185.890380859375

==========================================================================
finish max_slew_check_limit
--------------------------------------------------------------------------
320.0

==========================================================================
finish max_slew_check_slack_limit
--------------------------------------------------------------------------
-0.5809

==========================================================================
finish max_fanout_check_slack
--------------------------------------------------------------------------
1.0000000150474662e+30

==========================================================================
finish max_fanout_check_limit
--------------------------------------------------------------------------
1.0000000150474662e+30

==========================================================================
finish max_capacitance_check_slack
--------------------------------------------------------------------------
-1.4598883390426636

==========================================================================
finish max_capacitance_check_limit
--------------------------------------------------------------------------
23.040000915527344

==========================================================================
finish max_capacitance_check_slack_limit
--------------------------------------------------------------------------
-0.0634

==========================================================================
finish max_slew_violation_count
--------------------------------------------------------------------------
max slew violation count 883

==========================================================================
finish max_fanout_violation_count
--------------------------------------------------------------------------
max fanout violation count 0

==========================================================================
finish max_cap_violation_count
--------------------------------------------------------------------------
max cap violation count 1

==========================================================================
finish setup_violation_count
--------------------------------------------------------------------------
setup violation count 0

==========================================================================
finish hold_violation_count
--------------------------------------------------------------------------
hold violation count 0

==========================================================================
finish report_checks -path_delay max reg to reg
--------------------------------------------------------------------------
Startpoint: gen_feature_maps[6].filter.gen_channels[0].filters.conv_row[1]$_SDFFE_PP0P_
            (rising edge-triggered flip-flop clocked by core_clk)
Endpoint: gen_feature_maps[6].filter.gen_channels[0].filters.convolve.mult[0][154]$_DFF_P_
          (rising edge-triggered flip-flop clocked by core_clk)
Path Group: core_clk
Path Type: max

  Delay    Time   Description
---------------------------------------------------------
   0.00    0.00   clock core_clk (rise edge)
   0.00    0.00   clock source latency
   0.00    0.00 ^ clk (in)
  30.18   30.18 ^ wire16246/Y (BUFx12f_ASAP7_75t_R)
  38.55   68.73 ^ clkbuf_0_clk/Y (BUFx24_ASAP7_75t_R)
  22.64   91.37 ^ clkbuf_1_0_0_clk/Y (BUFx24_ASAP7_75t_R)
  21.11  112.49 ^ clkbuf_2_1_0_clk/Y (BUFx24_ASAP7_75t_R)
  23.17  135.65 ^ clkbuf_2_1_1_clk/Y (BUFx24_ASAP7_75t_R)
  27.35  163.01 ^ clkbuf_4_4_0_clk/Y (BUFx24_ASAP7_75t_R)
  24.97  187.97 ^ clkbuf_5_8_0_clk/Y (BUFx24_ASAP7_75t_R)
  24.27  212.24 ^ clkbuf_6_16__f_clk/Y (BUFx24_ASAP7_75t_R)
  32.60  244.84 ^ clkbuf_leaf_134_clk/Y (BUFx24_ASAP7_75t_R)
   1.27  246.10 ^ gen_feature_maps[6].filter.gen_channels[0].filters.conv_row[1]$_SDFFE_PP0P_/CLK (DFFHQNx1_ASAP7_75t_R)
  35.84  281.94 ^ gen_feature_maps[6].filter.gen_channels[0].filters.conv_row[1]$_SDFFE_PP0P_/QN (DFFHQNx1_ASAP7_75t_R)
  50.05  331.99 ^ place13930/Y (BUFx3_ASAP7_75t_R)
 189.77  521.76 v _528028_/SN (HAxp5_ASAP7_75t_R)
 112.82  634.58 ^ _330743_/Y (INVx1_ASAP7_75t_R)
 106.55  741.13 v _529543_/SN (HAxp5_ASAP7_75t_R)
  31.66  772.79 v _349500_/Y (OA21x2_ASAP7_75t_R)
  59.91  832.70 ^ _349501_/Y (XOR2x2_ASAP7_75t_R)
  57.01  889.70 ^ place12130/Y (BUFx3_ASAP7_75t_R)
  60.17  949.87 ^ place12129/Y (BUFx3_ASAP7_75t_R)
  15.45  965.32 v _349651_/Y (NAND2x1_ASAP7_75t_R)
  16.48  981.80 v _349652_/Y (AO21x1_ASAP7_75t_R)
  23.08 1004.88 v _349656_/Y (AO32x1_ASAP7_75t_R)
  28.05 1032.93 v _349657_/Y (OR4x1_ASAP7_75t_R)
  40.35 1073.28 ^ _349678_/Y (OAI21x1_ASAP7_75t_R)
  76.10 1149.38 ^ _349679_/Y (AND3x1_ASAP7_75t_R)
  22.28 1171.66 v _537966_/SN (HAxp5_ASAP7_75t_R)
  12.15 1183.82 ^ _336954_/Y (INVx1_ASAP7_75t_R)
  29.98 1213.79 v _514419_/SN (FAx1_ASAP7_75t_R)
  13.60 1227.39 ^ _305297_/Y (INVx1_ASAP7_75t_R)
  30.23 1257.62 v _507906_/SN (FAx1_ASAP7_75t_R)
  14.29 1271.91 ^ _490015_/Y (INVx1_ASAP7_75t_R)
  34.17 1306.08 v _522757_/SN (FAx1_ASAP7_75t_R)
  11.75 1317.83 ^ _297580_/Y (INVx1_ASAP7_75t_R)
  41.62 1359.45 v _528752_/SN (HAxp5_ASAP7_75t_R)
  26.31 1385.76 v _339510_/Y (OA21x2_ASAP7_75t_R)
  18.89 1404.65 v _339511_/Y (OA21x2_ASAP7_75t_R)
  17.50 1422.15 v _339512_/Y (OA21x2_ASAP7_75t_R)
  18.33 1440.48 v _339513_/Y (OA21x2_ASAP7_75t_R)
  20.49 1460.97 v _339514_/Y (OR3x1_ASAP7_75t_R)
  16.06 1477.03 v _339515_/Y (AND2x2_ASAP7_75t_R)
  17.47 1494.50 v _432001_/Y (OA21x2_ASAP7_75t_R)
  17.36 1511.86 v _432002_/Y (OA21x2_ASAP7_75t_R)
  23.94 1535.79 ^ _432003_/Y (XOR2x2_ASAP7_75t_R)
   0.14 1535.93 ^ gen_feature_maps[6].filter.gen_channels[0].filters.convolve.mult[0][154]$_DFF_P_/D (DFFHQNx1_ASAP7_75t_R)
        1535.93   data arrival time

10000.00 10000.00   clock core_clk (rise edge)
   0.00 10000.00   clock source latency
   0.00 10000.00 ^ clk (in)
  29.13 10029.13 ^ wire16246/Y (BUFx12f_ASAP7_75t_R)
  37.05 10066.18 ^ clkbuf_0_clk/Y (BUFx24_ASAP7_75t_R)
  21.84 10088.01 ^ clkbuf_1_0_0_clk/Y (BUFx24_ASAP7_75t_R)
  20.29 10108.31 ^ clkbuf_2_0_0_clk/Y (BUFx24_ASAP7_75t_R)
  22.92 10131.23 ^ clkbuf_2_0_1_clk/Y (BUFx24_ASAP7_75t_R)
  23.74 10154.97 ^ clkbuf_4_0_0_clk/Y (BUFx24_ASAP7_75t_R)
  23.87 10178.84 ^ clkbuf_5_0_0_clk/Y (BUFx24_ASAP7_75t_R)
  23.12 10201.96 ^ clkbuf_6_1__f_clk/Y (BUFx24_ASAP7_75t_R)
  25.05 10227.00 ^ clkbuf_leaf_33_clk/Y (BUFx24_ASAP7_75t_R)
   1.23 10228.23 ^ gen_feature_maps[6].filter.gen_channels[0].filters.convolve.mult[0][154]$_DFF_P_/CLK (DFFHQNx1_ASAP7_75t_R)
   3.36 10231.59   clock reconvergence pessimism
  -5.68 10225.91   library setup time
        10225.91   data required time
---------------------------------------------------------
        10225.91   data required time
        -1535.93   data arrival time
---------------------------------------------------------
        8689.97   slack (MET)



==========================================================================
finish report_checks -path_delay min reg to reg
--------------------------------------------------------------------------
Startpoint: gen_feature_maps[2].filter.gen_channels[1].filters.convolve.soma[0][5]$_DFF_P_
            (rising edge-triggered flip-flop clocked by core_clk)
Endpoint: gen_feature_maps[2].filter.gen_channels[1].filters.convolve.soma[0][145]$_DFF_P_
          (rising edge-triggered flip-flop clocked by core_clk)
Path Group: core_clk
Path Type: min

  Delay    Time   Description
---------------------------------------------------------
   0.00    0.00   clock core_clk (rise edge)
   0.00    0.00   clock source latency
   0.00    0.00 ^ clk (in)
  29.13   29.13 ^ wire16246/Y (BUFx12f_ASAP7_75t_R)
  37.05   66.18 ^ clkbuf_0_clk/Y (BUFx24_ASAP7_75t_R)
  21.85   88.03 ^ clkbuf_1_1_0_clk/Y (BUFx24_ASAP7_75t_R)
  23.14  111.17 ^ clkbuf_2_2_0_clk/Y (BUFx24_ASAP7_75t_R)
  22.60  133.77 ^ clkbuf_2_2_1_clk/Y (BUFx24_ASAP7_75t_R)
  26.24  160.00 ^ clkbuf_4_9_0_clk/Y (BUFx24_ASAP7_75t_R)
  24.10  184.10 ^ clkbuf_5_18_0_clk/Y (BUFx24_ASAP7_75t_R)
  22.95  207.05 ^ clkbuf_6_36__f_clk/Y (BUFx24_ASAP7_75t_R)
  33.41  240.46 ^ clkbuf_leaf_715_clk/Y (BUFx24_ASAP7_75t_R)
   0.84  241.30 ^ gen_feature_maps[2].filter.gen_channels[1].filters.convolve.soma[0][5]$_DFF_P_/CLK (DFFHQNx1_ASAP7_75t_R)
  34.88  276.18 ^ gen_feature_maps[2].filter.gen_channels[1].filters.convolve.soma[0][5]$_DFF_P_/QN (DFFHQNx1_ASAP7_75t_R)
   5.78  281.96 v _499995_/Y (INVx1_ASAP7_75t_R)
   0.05  282.01 v gen_feature_maps[2].filter.gen_channels[1].filters.convolve.soma[0][145]$_DFF_P_/D (DFFHQNx1_ASAP7_75t_R)
         282.01   data arrival time

   0.00    0.00   clock core_clk (rise edge)
   0.00    0.00   clock source latency
   0.00    0.00 ^ clk (in)
  30.18   30.18 ^ wire16246/Y (BUFx12f_ASAP7_75t_R)
  38.55   68.73 ^ clkbuf_0_clk/Y (BUFx24_ASAP7_75t_R)
  22.59   91.32 ^ clkbuf_1_1_0_clk/Y (BUFx24_ASAP7_75t_R)
  24.29  115.61 ^ clkbuf_2_2_0_clk/Y (BUFx24_ASAP7_75t_R)
  23.38  138.99 ^ clkbuf_2_2_1_clk/Y (BUFx24_ASAP7_75t_R)
  28.00  166.99 ^ clkbuf_4_8_0_clk/Y (BUFx24_ASAP7_75t_R)
  24.70  191.70 ^ clkbuf_5_17_0_clk/Y (BUFx24_ASAP7_75t_R)
  28.88  220.58 ^ clkbuf_6_35__f_clk/Y (BUFx24_ASAP7_75t_R)
  43.13  263.71 ^ clkbuf_leaf_713_clk/Y (BUFx24_ASAP7_75t_R)
   4.26  267.98 ^ gen_feature_maps[2].filter.gen_channels[1].filters.convolve.soma[0][145]$_DFF_P_/CLK (DFFHQNx1_ASAP7_75t_R)
  -5.23  262.75   clock reconvergence pessimism
  13.19  275.93   library hold time
         275.93   data required time
---------------------------------------------------------
         275.93   data required time
        -282.01   data arrival time
---------------------------------------------------------
           6.08   slack (MET)



==========================================================================
finish critical path target clock latency max path
--------------------------------------------------------------------------
245.4939

==========================================================================
finish critical path target clock latency min path
--------------------------------------------------------------------------
265.3409

==========================================================================
finish critical path source clock latency min path
--------------------------------------------------------------------------
0.0000

==========================================================================
finish critical path delay
--------------------------------------------------------------------------
2692.9651

==========================================================================
finish critical path slack
--------------------------------------------------------------------------
5307.0347

==========================================================================
finish slack div critical path delay
--------------------------------------------------------------------------
197.070311

==========================================================================
finish report_power
--------------------------------------------------------------------------
Group                  Internal  Switching    Leakage      Total
                          Power      Power      Power      Power (Watts)
----------------------------------------------------------------
Sequential             5.20e-03   6.25e-04   2.49e-06   5.83e-03  14.4%
Combinational          1.64e-02   1.57e-02   1.74e-05   3.21e-02  79.1%
Clock                  1.62e-03   1.04e-03   5.84e-07   2.65e-03   6.5%
Macro                  0.00e+00   0.00e+00   0.00e+00   0.00e+00   0.0%
Pad                    0.00e+00   0.00e+00   0.00e+00   0.00e+00   0.0%
----------------------------------------------------------------
Total                  2.32e-02   1.73e-02   2.05e-05   4.05e-02 100.0%
                          57.2%      42.8%       0.1%
