
==========================================================================
global place report_tns
--------------------------------------------------------------------------
tns max 0.00

==========================================================================
global place report_wns
--------------------------------------------------------------------------
wns max 0.00

==========================================================================
global place report_worst_slack
--------------------------------------------------------------------------
worst slack max 9.93

==========================================================================
global place report_clock_min_period
--------------------------------------------------------------------------
virtual_clk period_min = 0.07 fmax = 14689892.27

==========================================================================
global place report_checks -path_delay min
--------------------------------------------------------------------------
Startpoint: features_in[0] (input port clocked by virtual_clk)
Endpoint: flat_out[0] (output port clocked by virtual_clk)
Path Group: virtual_clk
Path Type: min

Fanout     Cap    Slew   Delay    Time   Description
-----------------------------------------------------------------------------
                  0.00    0.00    0.00   clock virtual_clk (rise edge)
                          0.00    0.00   clock network delay (ideal)
                          0.00    0.00 ^ input external delay
     1    0.02    0.00    0.00    0.00 ^ features_in[0] (in)
                                         features_in[0] (net)
                  0.00    0.00    0.00 ^ flat_out[0] (out)
                                  0.00   data arrival time

                  0.00    0.00    0.00   clock virtual_clk (rise edge)
                          0.00    0.00   clock network delay (ideal)
                          0.00    0.00   clock reconvergence pessimism
                          0.00    0.00   output external delay
                                  0.00   data required time
-----------------------------------------------------------------------------
                                  0.00   data required time
                                 -0.00   data arrival time
-----------------------------------------------------------------------------
                                  0.00   slack (MET)



==========================================================================
global place report_checks -path_delay max
--------------------------------------------------------------------------
Startpoint: features_in[31] (input port clocked by virtual_clk)
Endpoint: flat_out[31] (output port clocked by virtual_clk)
Path Group: virtual_clk
Path Type: max

Fanout     Cap    Slew   Delay    Time   Description
-----------------------------------------------------------------------------
                  0.00    0.00    0.00   clock virtual_clk (rise edge)
                          0.00    0.00   clock network delay (ideal)
                          0.00    0.00 ^ input external delay
     1    1.03    0.00    0.00    0.00 ^ features_in[31] (in)
                                         features_in[31] (net)
                  0.22    0.07    0.07 ^ flat_out[31] (out)
                                  0.07   data arrival time

                  0.00   10.00   10.00   clock virtual_clk (rise edge)
                          0.00   10.00   clock network delay (ideal)
                          0.00   10.00   clock reconvergence pessimism
                          0.00   10.00   output external delay
                                 10.00   data required time
-----------------------------------------------------------------------------
                                 10.00   data required time
                                 -0.07   data arrival time
-----------------------------------------------------------------------------
                                  9.93   slack (MET)



==========================================================================
global place report_checks -unconstrained
--------------------------------------------------------------------------
Startpoint: features_in[31] (input port clocked by virtual_clk)
Endpoint: flat_out[31] (output port clocked by virtual_clk)
Path Group: virtual_clk
Path Type: max

Fanout     Cap    Slew   Delay    Time   Description
-----------------------------------------------------------------------------
                  0.00    0.00    0.00   clock virtual_clk (rise edge)
                          0.00    0.00   clock network delay (ideal)
                          0.00    0.00 ^ input external delay
     1    1.03    0.00    0.00    0.00 ^ features_in[31] (in)
                                         features_in[31] (net)
                  0.22    0.07    0.07 ^ flat_out[31] (out)
                                  0.07   data arrival time

                  0.00   10.00   10.00   clock virtual_clk (rise edge)
                          0.00   10.00   clock network delay (ideal)
                          0.00   10.00   clock reconvergence pessimism
                          0.00   10.00   output external delay
                                 10.00   data required time
-----------------------------------------------------------------------------
                                 10.00   data required time
                                 -0.07   data arrival time
-----------------------------------------------------------------------------
                                  9.93   slack (MET)



==========================================================================
global place report_power
--------------------------------------------------------------------------
Group                  Internal  Switching    Leakage      Total
                          Power      Power      Power      Power (Watts)
----------------------------------------------------------------
Sequential             0.00e+00   0.00e+00   0.00e+00   0.00e+00   0.0%
Combinational          0.00e+00   0.00e+00   0.00e+00   0.00e+00   0.0%
Clock                  0.00e+00   0.00e+00   0.00e+00   0.00e+00   0.0%
Macro                  0.00e+00   0.00e+00   0.00e+00   0.00e+00   0.0%
Pad                    0.00e+00   0.00e+00   0.00e+00   0.00e+00   0.0%
----------------------------------------------------------------
Total                  0.00e+00   0.00e+00   0.00e+00   0.00e+00   0.0%
                           0.0%       0.0%       0.0%
