
==========================================================================
global route report_tns
--------------------------------------------------------------------------
tns max 0.00

==========================================================================
global route report_wns
--------------------------------------------------------------------------
wns max 0.00

==========================================================================
global route report_worst_slack
--------------------------------------------------------------------------
worst slack max 9.94

==========================================================================
global route report_clock_min_period
--------------------------------------------------------------------------
virtual_clk period_min = 0.06 fmax = 18123707.12

==========================================================================
global route report_clock_skew
--------------------------------------------------------------------------
Clock virtual_clk
No launch/capture paths found.


==========================================================================
global route report_checks -path_delay min
--------------------------------------------------------------------------
Startpoint: features_in[72] (input port clocked by virtual_clk)
Endpoint: flat_out[72] (output port clocked by virtual_clk)
Path Group: virtual_clk
Path Type: min

Fanout     Cap    Slew   Delay    Time   Description
-----------------------------------------------------------------------------
                  0.00    0.00    0.00   clock virtual_clk (rise edge)
                          0.00    0.00   clock network delay (ideal)
                          0.00    0.00 ^ input external delay
     1    0.14    0.00    0.00    0.00 ^ features_in[72] (in)
                                         features_in[72] (net)
                  0.00    0.00    0.00 ^ flat_out[72] (out)
                                  0.00   data arrival time

                  0.00    0.00    0.00   clock virtual_clk (rise edge)
                          0.00    0.00   clock network delay (ideal)
                          0.00    0.00   clock reconvergence pessimism
                          0.00    0.00   output external delay
                                  0.00   data required time
-----------------------------------------------------------------------------
                                  0.00   data required time
                                 -0.00   data arrival time
-----------------------------------------------------------------------------
                                  0.00   slack (MET)



==========================================================================
global route report_checks -path_delay max
--------------------------------------------------------------------------
Startpoint: features_in[23] (input port clocked by virtual_clk)
Endpoint: flat_out[23] (output port clocked by virtual_clk)
Path Group: virtual_clk
Path Type: max

Fanout     Cap    Slew   Delay    Time   Description
-----------------------------------------------------------------------------
                  0.00    0.00    0.00   clock virtual_clk (rise edge)
                          0.00    0.00   clock network delay (ideal)
                          0.00    0.00 ^ input external delay
     1    1.05    0.00    0.00    0.00 ^ features_in[23] (in)
                                         features_in[23] (net)
                  0.17    0.06    0.06 ^ flat_out[23] (out)
                                  0.06   data arrival time

                  0.00   10.00   10.00   clock virtual_clk (rise edge)
                          0.00   10.00   clock network delay (ideal)
                          0.00   10.00   clock reconvergence pessimism
                          0.00   10.00   output external delay
                                 10.00   data required time
-----------------------------------------------------------------------------
                                 10.00   data required time
                                 -0.06   data arrival time
-----------------------------------------------------------------------------
                                  9.94   slack (MET)



==========================================================================
global route report_checks -unconstrained
--------------------------------------------------------------------------
Startpoint: features_in[23] (input port clocked by virtual_clk)
Endpoint: flat_out[23] (output port clocked by virtual_clk)
Path Group: virtual_clk
Path Type: max

Fanout     Cap    Slew   Delay    Time   Description
-----------------------------------------------------------------------------
                  0.00    0.00    0.00   clock virtual_clk (rise edge)
                          0.00    0.00   clock network delay (ideal)
                          0.00    0.00 ^ input external delay
     1    1.05    0.00    0.00    0.00 ^ features_in[23] (in)
                                         features_in[23] (net)
                  0.17    0.06    0.06 ^ flat_out[23] (out)
                                  0.06   data arrival time

                  0.00   10.00   10.00   clock virtual_clk (rise edge)
                          0.00   10.00   clock network delay (ideal)
                          0.00   10.00   clock reconvergence pessimism
                          0.00   10.00   output external delay
                                 10.00   data required time
-----------------------------------------------------------------------------
                                 10.00   data required time
                                 -0.06   data arrival time
-----------------------------------------------------------------------------
                                  9.94   slack (MET)



==========================================================================
global route report_check_types -max_slew -max_cap -max_fanout -violators
--------------------------------------------------------------------------

==========================================================================
global route max_slew_check_slack
--------------------------------------------------------------------------
Inf

==========================================================================
global route max_slew_check_limit
--------------------------------------------------------------------------
-2.1073324194387028e+38

==========================================================================
global route max_slew_check_slack_limit
--------------------------------------------------------------------------
-inf

==========================================================================
global route max_fanout_check_slack
--------------------------------------------------------------------------
1.0000000150474662e+30

==========================================================================
global route max_fanout_check_limit
--------------------------------------------------------------------------
1.0000000150474662e+30

==========================================================================
global route max_capacitance_check_slack
--------------------------------------------------------------------------
Inf

==========================================================================
global route max_capacitance_check_limit
--------------------------------------------------------------------------
Inf

==========================================================================
global route max_slew_violation_count
--------------------------------------------------------------------------
max slew violation count 0

==========================================================================
global route max_fanout_violation_count
--------------------------------------------------------------------------
max fanout violation count 0

==========================================================================
global route max_cap_violation_count
--------------------------------------------------------------------------
max cap violation count 0

==========================================================================
global route setup_violation_count
--------------------------------------------------------------------------
setup violation count 0

==========================================================================
global route hold_violation_count
--------------------------------------------------------------------------
hold violation count 0

==========================================================================
global route critical path delay
--------------------------------------------------------------------------
0.0552

==========================================================================
global route critical path slack
--------------------------------------------------------------------------
9.9448

==========================================================================
global route slack div critical path delay
--------------------------------------------------------------------------
18015.942029

==========================================================================
global route report_power
--------------------------------------------------------------------------
Group                  Internal  Switching    Leakage      Total
                          Power      Power      Power      Power (Watts)
----------------------------------------------------------------
Sequential             0.00e+00   0.00e+00   0.00e+00   0.00e+00   0.0%
Combinational          0.00e+00   0.00e+00   0.00e+00   0.00e+00   0.0%
Clock                  0.00e+00   0.00e+00   0.00e+00   0.00e+00   0.0%
Macro                  0.00e+00   0.00e+00   0.00e+00   0.00e+00   0.0%
Pad                    0.00e+00   0.00e+00   0.00e+00   0.00e+00   0.0%
----------------------------------------------------------------
Total                  0.00e+00   0.00e+00   0.00e+00   0.00e+00   0.0%
                           0.0%       0.0%       0.0%
